mass=40, elapsed=0.1s, failures=0
mass=50, elapsed=0.8s, failures=0
mass=60, elapsed=1.5s, failures=0
mass=70, elapsed=2.2s, failures=0
mass=80, elapsed=2.8s, failures=0
mass=90, elapsed=3.5s, failures=0
mass=100, elapsed=4.3s, failures=0
mass=110, elapsed=5.0s, failures=0
mass=120, elapsed=5.7s, failures=0
mass=130, elapsed=6.4s, failures=0
mass=140, elapsed=7.1s, failures=0
mass=150, elapsed=7.8s, failures=0
mass=160, elapsed=8.5s, failures=0
mass=170, elapsed=9.2s, failures=0
mass=180, elapsed=9.9s, failures=0
{
  "passed": true,
  "elapsed_seconds": 9.869460166000001,
  "support_count_ratio": 0.10220157794390532,
  "lanes": {
    "actual_historical10_observed": {
      "rows": 142,
      "root_min": -2.2465223001442505,
      "root_max": 2.0537792441439375,
      "root_rms": 0.9259073496202791,
      "max_root_mass_MeV": 65,
      "max_score": 1.917426155628732e-07
    },
    "historical10_mass_specific_local_gp_mean": {
      "rows": 142,
      "root_min": -0.37273159709344605,
      "root_max": 0.3342268996492959,
      "root_rms": 0.17539595973310074,
      "max_root_mass_MeV": 47,
      "max_score": 1.8834384821198036e-07
    },
    "parent_full_stress_reference": {
      "rows": 142,
      "root_min": -17.59623317257445,
      "root_max": 13.71229044174458,
      "root_rms": 4.9674153461603385,
      "max_root_mass_MeV": 82,
      "max_score": 1.983781586778477e-07
    },
    "parent_stress_scaled_to_historical10_support_counts": {
      "rows": 142,
      "root_min": -5.332035455194374,
      "root_max": 4.2787995226739,
      "root_rms": 1.6070457444702195,
      "max_root_mass_MeV": 66,
      "max_score": 1.798720150603117e-07
    }
  },
  "failures": []
}
