Loading configuration from study_results/v4p2_followups_20260806/pseudo65/gp_window_ensemble_20260806/configs/config_window_2p25eq2p5_draw_04.yaml
Output directory: study_results/v4p2_followups_20260806/pseudo65/gp_window_ensemble_20260806/runs/window_2p25eq2p5/draw_04/attempt_01
Enabled datasets: ['2021']
  2021: range=[0.050,0.250]  sigma: σ(m)=0.00185*m^0 + -0.00137*m^1 + 0.0859*m^2  frad: f(m)=0.05*m^0  penalty=on(4.6%)

Validating datasets...
[validate] wrote study_results/v4p2_followups_20260806/pseudo65/gp_window_ensemble_20260806/runs/window_2p25eq2p5/draw_04/attempt_01/validation_report.json

Running scan...
[scan] testing mass hypothesis 0.050 GeV
[scan] testing mass hypothesis 0.051 GeV
[scan] testing mass hypothesis 0.052 GeV
[scan] testing mass hypothesis 0.053 GeV
[scan] testing mass hypothesis 0.054 GeV
[scan] testing mass hypothesis 0.055 GeV
[scan] testing mass hypothesis 0.056 GeV
[scan] testing mass hypothesis 0.057 GeV
[scan] testing mass hypothesis 0.058 GeV
[scan] testing mass hypothesis 0.059 GeV
/Users/emryspeets/Library/Python/3.9/lib/python/site-packages/sklearn/gaussian_process/_gpr.py:660: ConvergenceWarning: lbfgs failed to converge (status=2):
ABNORMAL_TERMINATION_IN_LNSRCH.

Increase the number of iterations (max_iter) or scale the data as shown in:
    https://scikit-learn.org/stable/modules/preprocessing.html
  _check_optimize_result("lbfgs", opt_res)
[scan] testing mass hypothesis 0.060 GeV
/Users/emryspeets/Library/Python/3.9/lib/python/site-packages/sklearn/gaussian_process/_gpr.py:660: ConvergenceWarning: lbfgs failed to converge (status=2):
ABNORMAL_TERMINATION_IN_LNSRCH.

Increase the number of iterations (max_iter) or scale the data as shown in:
    https://scikit-learn.org/stable/modules/preprocessing.html
  _check_optimize_result("lbfgs", opt_res)
[scan] testing mass hypothesis 0.061 GeV
[scan] testing mass hypothesis 0.062 GeV
[scan] testing mass hypothesis 0.063 GeV
[scan] testing mass hypothesis 0.064 GeV
[scan] testing mass hypothesis 0.065 GeV
[scan] testing mass hypothesis 0.066 GeV
[scan] testing mass hypothesis 0.067 GeV
[scan] testing mass hypothesis 0.068 GeV
/Users/emryspeets/Library/Python/3.9/lib/python/site-packages/sklearn/gaussian_process/_gpr.py:660: ConvergenceWarning: lbfgs failed to converge (status=2):
ABNORMAL_TERMINATION_IN_LNSRCH.

Increase the number of iterations (max_iter) or scale the data as shown in:
    https://scikit-learn.org/stable/modules/preprocessing.html
  _check_optimize_result("lbfgs", opt_res)
[scan] testing mass hypothesis 0.069 GeV
/Users/emryspeets/Library/Python/3.9/lib/python/site-packages/sklearn/gaussian_process/_gpr.py:660: ConvergenceWarning: lbfgs failed to converge (status=2):
ABNORMAL_TERMINATION_IN_LNSRCH.

Increase the number of iterations (max_iter) or scale the data as shown in:
    https://scikit-learn.org/stable/modules/preprocessing.html
  _check_optimize_result("lbfgs", opt_res)
[scan] testing mass hypothesis 0.070 GeV
[scan] testing mass hypothesis 0.071 GeV
[scan] testing mass hypothesis 0.072 GeV
[scan] testing mass hypothesis 0.073 GeV
[scan] testing mass hypothesis 0.074 GeV
[scan] testing mass hypothesis 0.075 GeV
/Users/emryspeets/Library/Python/3.9/lib/python/site-packages/sklearn/gaussian_process/_gpr.py:660: ConvergenceWarning: lbfgs failed to converge (status=2):
ABNORMAL_TERMINATION_IN_LNSRCH.

Increase the number of iterations (max_iter) or scale the data as shown in:
    https://scikit-learn.org/stable/modules/preprocessing.html
  _check_optimize_result("lbfgs", opt_res)
[scan] testing mass hypothesis 0.076 GeV
[scan] testing mass hypothesis 0.077 GeV
[scan] testing mass hypothesis 0.078 GeV
[scan] testing mass hypothesis 0.079 GeV
/Users/emryspeets/Library/Python/3.9/lib/python/site-packages/sklearn/gaussian_process/_gpr.py:660: ConvergenceWarning: lbfgs failed to converge (status=2):
ABNORMAL_TERMINATION_IN_LNSRCH.

Increase the number of iterations (max_iter) or scale the data as shown in:
    https://scikit-learn.org/stable/modules/preprocessing.html
  _check_optimize_result("lbfgs", opt_res)
[scan] testing mass hypothesis 0.080 GeV
[scan] testing mass hypothesis 0.081 GeV
[scan] testing mass hypothesis 0.082 GeV
[scan] testing mass hypothesis 0.083 GeV
[scan] testing mass hypothesis 0.084 GeV
[scan] testing mass hypothesis 0.085 GeV
[scan] testing mass hypothesis 0.086 GeV
[scan] testing mass hypothesis 0.087 GeV
[scan] testing mass hypothesis 0.088 GeV
[scan] testing mass hypothesis 0.089 GeV
[scan] testing mass hypothesis 0.090 GeV
[scan] testing mass hypothesis 0.091 GeV
/Users/emryspeets/Library/Python/3.9/lib/python/site-packages/sklearn/gaussian_process/_gpr.py:660: ConvergenceWarning: lbfgs failed to converge (status=2):
ABNORMAL_TERMINATION_IN_LNSRCH.

Increase the number of iterations (max_iter) or scale the data as shown in:
    https://scikit-learn.org/stable/modules/preprocessing.html
  _check_optimize_result("lbfgs", opt_res)
[scan] testing mass hypothesis 0.092 GeV
[scan] testing mass hypothesis 0.093 GeV
[scan] testing mass hypothesis 0.094 GeV
[scan] testing mass hypothesis 0.095 GeV
[scan] testing mass hypothesis 0.096 GeV
[scan] testing mass hypothesis 0.097 GeV
[scan] testing mass hypothesis 0.098 GeV
[scan] testing mass hypothesis 0.099 GeV
[scan] testing mass hypothesis 0.100 GeV
[scan] testing mass hypothesis 0.101 GeV
[scan] testing mass hypothesis 0.102 GeV
[scan] testing mass hypothesis 0.103 GeV
[scan] testing mass hypothesis 0.104 GeV
[scan] testing mass hypothesis 0.105 GeV
/Users/emryspeets/Library/Python/3.9/lib/python/site-packages/sklearn/gaussian_process/_gpr.py:660: ConvergenceWarning: lbfgs failed to converge (status=2):
ABNORMAL_TERMINATION_IN_LNSRCH.

Increase the number of iterations (max_iter) or scale the data as shown in:
    https://scikit-learn.org/stable/modules/preprocessing.html
  _check_optimize_result("lbfgs", opt_res)
[scan] testing mass hypothesis 0.106 GeV
[scan] testing mass hypothesis 0.107 GeV
[scan] testing mass hypothesis 0.108 GeV
[scan] testing mass hypothesis 0.109 GeV
/Users/emryspeets/Library/Python/3.9/lib/python/site-packages/sklearn/gaussian_process/_gpr.py:660: ConvergenceWarning: lbfgs failed to converge (status=2):
ABNORMAL_TERMINATION_IN_LNSRCH.

Increase the number of iterations (max_iter) or scale the data as shown in:
    https://scikit-learn.org/stable/modules/preprocessing.html
  _check_optimize_result("lbfgs", opt_res)
[scan] testing mass hypothesis 0.110 GeV
[scan] testing mass hypothesis 0.111 GeV
[scan] testing mass hypothesis 0.112 GeV
[scan] testing mass hypothesis 0.113 GeV
/Users/emryspeets/Library/Python/3.9/lib/python/site-packages/sklearn/gaussian_process/_gpr.py:660: ConvergenceWarning: lbfgs failed to converge (status=2):
ABNORMAL_TERMINATION_IN_LNSRCH.

Increase the number of iterations (max_iter) or scale the data as shown in:
    https://scikit-learn.org/stable/modules/preprocessing.html
  _check_optimize_result("lbfgs", opt_res)
[scan] testing mass hypothesis 0.114 GeV
[scan] testing mass hypothesis 0.115 GeV
[scan] testing mass hypothesis 0.116 GeV
[scan] testing mass hypothesis 0.117 GeV
/Users/emryspeets/Library/Python/3.9/lib/python/site-packages/sklearn/gaussian_process/_gpr.py:660: ConvergenceWarning: lbfgs failed to converge (status=2):
ABNORMAL_TERMINATION_IN_LNSRCH.

Increase the number of iterations (max_iter) or scale the data as shown in:
    https://scikit-learn.org/stable/modules/preprocessing.html
  _check_optimize_result("lbfgs", opt_res)
[scan] testing mass hypothesis 0.118 GeV
[scan] testing mass hypothesis 0.119 GeV
[scan] testing mass hypothesis 0.120 GeV
[scan] testing mass hypothesis 0.121 GeV
[scan] testing mass hypothesis 0.122 GeV
[scan] testing mass hypothesis 0.123 GeV
/Users/emryspeets/Library/Python/3.9/lib/python/site-packages/sklearn/gaussian_process/_gpr.py:660: ConvergenceWarning: lbfgs failed to converge (status=2):
ABNORMAL_TERMINATION_IN_LNSRCH.

Increase the number of iterations (max_iter) or scale the data as shown in:
    https://scikit-learn.org/stable/modules/preprocessing.html
  _check_optimize_result("lbfgs", opt_res)
[scan] testing mass hypothesis 0.124 GeV
/Users/emryspeets/Library/Python/3.9/lib/python/site-packages/sklearn/gaussian_process/_gpr.py:660: ConvergenceWarning: lbfgs failed to converge (status=2):
ABNORMAL_TERMINATION_IN_LNSRCH.

Increase the number of iterations (max_iter) or scale the data as shown in:
    https://scikit-learn.org/stable/modules/preprocessing.html
  _check_optimize_result("lbfgs", opt_res)
[scan] testing mass hypothesis 0.125 GeV
[scan] testing mass hypothesis 0.126 GeV
[scan] testing mass hypothesis 0.127 GeV
[scan] testing mass hypothesis 0.128 GeV
[scan] testing mass hypothesis 0.129 GeV
[scan] testing mass hypothesis 0.130 GeV
[scan] testing mass hypothesis 0.131 GeV
[scan] testing mass hypothesis 0.132 GeV
[scan] testing mass hypothesis 0.133 GeV
[scan] testing mass hypothesis 0.134 GeV
[scan] testing mass hypothesis 0.135 GeV
/Users/emryspeets/Library/Python/3.9/lib/python/site-packages/sklearn/gaussian_process/_gpr.py:660: ConvergenceWarning: lbfgs failed to converge (status=2):
ABNORMAL_TERMINATION_IN_LNSRCH.

Increase the number of iterations (max_iter) or scale the data as shown in:
    https://scikit-learn.org/stable/modules/preprocessing.html
  _check_optimize_result("lbfgs", opt_res)
/Users/emryspeets/Library/Python/3.9/lib/python/site-packages/sklearn/gaussian_process/_gpr.py:660: ConvergenceWarning: lbfgs failed to converge (status=2):
ABNORMAL_TERMINATION_IN_LNSRCH.

Increase the number of iterations (max_iter) or scale the data as shown in:
    https://scikit-learn.org/stable/modules/preprocessing.html
  _check_optimize_result("lbfgs", opt_res)
[scan] testing mass hypothesis 0.136 GeV
[scan] testing mass hypothesis 0.137 GeV
[scan] testing mass hypothesis 0.138 GeV
[scan] testing mass hypothesis 0.139 GeV
[scan] testing mass hypothesis 0.140 GeV
[scan] testing mass hypothesis 0.141 GeV
[scan] testing mass hypothesis 0.142 GeV
[scan] testing mass hypothesis 0.143 GeV
[scan] testing mass hypothesis 0.144 GeV
[scan] testing mass hypothesis 0.145 GeV
[scan] testing mass hypothesis 0.146 GeV
[scan] testing mass hypothesis 0.147 GeV
/Users/emryspeets/Library/Python/3.9/lib/python/site-packages/sklearn/gaussian_process/_gpr.py:660: ConvergenceWarning: lbfgs failed to converge (status=2):
ABNORMAL_TERMINATION_IN_LNSRCH.

Increase the number of iterations (max_iter) or scale the data as shown in:
    https://scikit-learn.org/stable/modules/preprocessing.html
  _check_optimize_result("lbfgs", opt_res)
/Users/emryspeets/Library/Python/3.9/lib/python/site-packages/sklearn/gaussian_process/_gpr.py:660: ConvergenceWarning: lbfgs failed to converge (status=2):
ABNORMAL_TERMINATION_IN_LNSRCH.

Increase the number of iterations (max_iter) or scale the data as shown in:
    https://scikit-learn.org/stable/modules/preprocessing.html
  _check_optimize_result("lbfgs", opt_res)
[scan] testing mass hypothesis 0.148 GeV
[scan] testing mass hypothesis 0.149 GeV
/Users/emryspeets/Library/Python/3.9/lib/python/site-packages/sklearn/gaussian_process/_gpr.py:660: ConvergenceWarning: lbfgs failed to converge (status=2):
ABNORMAL_TERMINATION_IN_LNSRCH.

Increase the number of iterations (max_iter) or scale the data as shown in:
    https://scikit-learn.org/stable/modules/preprocessing.html
  _check_optimize_result("lbfgs", opt_res)
[scan] testing mass hypothesis 0.150 GeV
[scan] testing mass hypothesis 0.151 GeV
/Users/emryspeets/Library/Python/3.9/lib/python/site-packages/sklearn/gaussian_process/_gpr.py:660: ConvergenceWarning: lbfgs failed to converge (status=2):
ABNORMAL_TERMINATION_IN_LNSRCH.

Increase the number of iterations (max_iter) or scale the data as shown in:
    https://scikit-learn.org/stable/modules/preprocessing.html
  _check_optimize_result("lbfgs", opt_res)
[scan] testing mass hypothesis 0.152 GeV
[scan] testing mass hypothesis 0.153 GeV
[scan] testing mass hypothesis 0.154 GeV
[scan] testing mass hypothesis 0.155 GeV
[scan] testing mass hypothesis 0.156 GeV
[scan] testing mass hypothesis 0.157 GeV
[scan] testing mass hypothesis 0.158 GeV
[scan] testing mass hypothesis 0.159 GeV
[scan] testing mass hypothesis 0.160 GeV
/Users/emryspeets/Library/Python/3.9/lib/python/site-packages/sklearn/gaussian_process/_gpr.py:660: ConvergenceWarning: lbfgs failed to converge (status=2):
ABNORMAL_TERMINATION_IN_LNSRCH.

Increase the number of iterations (max_iter) or scale the data as shown in:
    https://scikit-learn.org/stable/modules/preprocessing.html
  _check_optimize_result("lbfgs", opt_res)
[scan] testing mass hypothesis 0.161 GeV
[scan] testing mass hypothesis 0.162 GeV
[scan] testing mass hypothesis 0.163 GeV
[scan] testing mass hypothesis 0.164 GeV
/Users/emryspeets/Library/Python/3.9/lib/python/site-packages/sklearn/gaussian_process/_gpr.py:660: ConvergenceWarning: lbfgs failed to converge (status=2):
ABNORMAL_TERMINATION_IN_LNSRCH.

Increase the number of iterations (max_iter) or scale the data as shown in:
    https://scikit-learn.org/stable/modules/preprocessing.html
  _check_optimize_result("lbfgs", opt_res)
/Users/emryspeets/Library/Python/3.9/lib/python/site-packages/sklearn/gaussian_process/_gpr.py:660: ConvergenceWarning: lbfgs failed to converge (status=2):
ABNORMAL_TERMINATION_IN_LNSRCH.

Increase the number of iterations (max_iter) or scale the data as shown in:
    https://scikit-learn.org/stable/modules/preprocessing.html
  _check_optimize_result("lbfgs", opt_res)
[scan] testing mass hypothesis 0.165 GeV
[scan] testing mass hypothesis 0.166 GeV
[scan] testing mass hypothesis 0.167 GeV
/Users/emryspeets/Library/Python/3.9/lib/python/site-packages/sklearn/gaussian_process/_gpr.py:660: ConvergenceWarning: lbfgs failed to converge (status=2):
ABNORMAL_TERMINATION_IN_LNSRCH.

Increase the number of iterations (max_iter) or scale the data as shown in:
    https://scikit-learn.org/stable/modules/preprocessing.html
  _check_optimize_result("lbfgs", opt_res)
[scan] testing mass hypothesis 0.168 GeV
[scan] testing mass hypothesis 0.169 GeV
/Users/emryspeets/Library/Python/3.9/lib/python/site-packages/sklearn/gaussian_process/_gpr.py:660: ConvergenceWarning: lbfgs failed to converge (status=2):
ABNORMAL_TERMINATION_IN_LNSRCH.

Increase the number of iterations (max_iter) or scale the data as shown in:
    https://scikit-learn.org/stable/modules/preprocessing.html
  _check_optimize_result("lbfgs", opt_res)
[scan] testing mass hypothesis 0.170 GeV
[scan] testing mass hypothesis 0.171 GeV
[scan] testing mass hypothesis 0.172 GeV
[scan] testing mass hypothesis 0.173 GeV
[scan] testing mass hypothesis 0.174 GeV
[scan] testing mass hypothesis 0.175 GeV
[scan] testing mass hypothesis 0.176 GeV
[scan] testing mass hypothesis 0.177 GeV
[scan] testing mass hypothesis 0.178 GeV
[scan] testing mass hypothesis 0.179 GeV
[scan] testing mass hypothesis 0.180 GeV
[scan] testing mass hypothesis 0.181 GeV
[scan] testing mass hypothesis 0.182 GeV
/Users/emryspeets/Library/Python/3.9/lib/python/site-packages/sklearn/gaussian_process/_gpr.py:660: ConvergenceWarning: lbfgs failed to converge (status=2):
ABNORMAL_TERMINATION_IN_LNSRCH.

Increase the number of iterations (max_iter) or scale the data as shown in:
    https://scikit-learn.org/stable/modules/preprocessing.html
  _check_optimize_result("lbfgs", opt_res)
/Users/emryspeets/Library/Python/3.9/lib/python/site-packages/sklearn/gaussian_process/_gpr.py:660: ConvergenceWarning: lbfgs failed to converge (status=2):
ABNORMAL_TERMINATION_IN_LNSRCH.

Increase the number of iterations (max_iter) or scale the data as shown in:
    https://scikit-learn.org/stable/modules/preprocessing.html
  _check_optimize_result("lbfgs", opt_res)
/Users/emryspeets/Library/Python/3.9/lib/python/site-packages/sklearn/gaussian_process/_gpr.py:660: ConvergenceWarning: lbfgs failed to converge (status=2):
ABNORMAL_TERMINATION_IN_LNSRCH.

Increase the number of iterations (max_iter) or scale the data as shown in:
    https://scikit-learn.org/stable/modules/preprocessing.html
  _check_optimize_result("lbfgs", opt_res)
[scan] testing mass hypothesis 0.183 GeV
[scan] testing mass hypothesis 0.184 GeV
[scan] testing mass hypothesis 0.185 GeV
[scan] testing mass hypothesis 0.186 GeV
[scan] testing mass hypothesis 0.187 GeV
[scan] testing mass hypothesis 0.188 GeV
[scan] testing mass hypothesis 0.189 GeV
/Users/emryspeets/Library/Python/3.9/lib/python/site-packages/sklearn/gaussian_process/_gpr.py:660: ConvergenceWarning: lbfgs failed to converge (status=2):
ABNORMAL_TERMINATION_IN_LNSRCH.

Increase the number of iterations (max_iter) or scale the data as shown in:
    https://scikit-learn.org/stable/modules/preprocessing.html
  _check_optimize_result("lbfgs", opt_res)
/Users/emryspeets/Library/Python/3.9/lib/python/site-packages/sklearn/gaussian_process/_gpr.py:660: ConvergenceWarning: lbfgs failed to converge (status=2):
ABNORMAL_TERMINATION_IN_LNSRCH.

Increase the number of iterations (max_iter) or scale the data as shown in:
    https://scikit-learn.org/stable/modules/preprocessing.html
  _check_optimize_result("lbfgs", opt_res)
[scan] testing mass hypothesis 0.190 GeV
[scan] testing mass hypothesis 0.191 GeV
/Users/emryspeets/Library/Python/3.9/lib/python/site-packages/sklearn/gaussian_process/_gpr.py:660: ConvergenceWarning: lbfgs failed to converge (status=2):
ABNORMAL_TERMINATION_IN_LNSRCH.

Increase the number of iterations (max_iter) or scale the data as shown in:
    https://scikit-learn.org/stable/modules/preprocessing.html
  _check_optimize_result("lbfgs", opt_res)
[scan] testing mass hypothesis 0.192 GeV
/Users/emryspeets/Library/Python/3.9/lib/python/site-packages/sklearn/gaussian_process/_gpr.py:660: ConvergenceWarning: lbfgs failed to converge (status=2):
ABNORMAL_TERMINATION_IN_LNSRCH.

Increase the number of iterations (max_iter) or scale the data as shown in:
    https://scikit-learn.org/stable/modules/preprocessing.html
  _check_optimize_result("lbfgs", opt_res)
[scan] testing mass hypothesis 0.193 GeV
[scan] testing mass hypothesis 0.194 GeV
[scan] testing mass hypothesis 0.195 GeV
[scan] testing mass hypothesis 0.196 GeV
/Users/emryspeets/Library/Python/3.9/lib/python/site-packages/sklearn/gaussian_process/_gpr.py:660: ConvergenceWarning: lbfgs failed to converge (status=2):
ABNORMAL_TERMINATION_IN_LNSRCH.

Increase the number of iterations (max_iter) or scale the data as shown in:
    https://scikit-learn.org/stable/modules/preprocessing.html
  _check_optimize_result("lbfgs", opt_res)
/Users/emryspeets/Library/Python/3.9/lib/python/site-packages/sklearn/gaussian_process/_gpr.py:660: ConvergenceWarning: lbfgs failed to converge (status=2):
ABNORMAL_TERMINATION_IN_LNSRCH.

Increase the number of iterations (max_iter) or scale the data as shown in:
    https://scikit-learn.org/stable/modules/preprocessing.html
  _check_optimize_result("lbfgs", opt_res)
[scan] testing mass hypothesis 0.197 GeV
[scan] testing mass hypothesis 0.198 GeV
[scan] testing mass hypothesis 0.199 GeV
[scan] testing mass hypothesis 0.200 GeV
[scan] testing mass hypothesis 0.201 GeV
[scan] testing mass hypothesis 0.202 GeV
/Users/emryspeets/Library/Python/3.9/lib/python/site-packages/sklearn/gaussian_process/_gpr.py:660: ConvergenceWarning: lbfgs failed to converge (status=2):
ABNORMAL_TERMINATION_IN_LNSRCH.

Increase the number of iterations (max_iter) or scale the data as shown in:
    https://scikit-learn.org/stable/modules/preprocessing.html
  _check_optimize_result("lbfgs", opt_res)
[scan] testing mass hypothesis 0.203 GeV
[scan] testing mass hypothesis 0.204 GeV
[scan] testing mass hypothesis 0.205 GeV
[scan] testing mass hypothesis 0.206 GeV
[scan] testing mass hypothesis 0.207 GeV
[scan] testing mass hypothesis 0.208 GeV
/Users/emryspeets/Library/Python/3.9/lib/python/site-packages/sklearn/gaussian_process/_gpr.py:660: ConvergenceWarning: lbfgs failed to converge (status=2):
ABNORMAL_TERMINATION_IN_LNSRCH.

Increase the number of iterations (max_iter) or scale the data as shown in:
    https://scikit-learn.org/stable/modules/preprocessing.html
  _check_optimize_result("lbfgs", opt_res)
[scan] testing mass hypothesis 0.209 GeV
/Users/emryspeets/Library/Python/3.9/lib/python/site-packages/sklearn/gaussian_process/_gpr.py:660: ConvergenceWarning: lbfgs failed to converge (status=2):
ABNORMAL_TERMINATION_IN_LNSRCH.

Increase the number of iterations (max_iter) or scale the data as shown in:
    https://scikit-learn.org/stable/modules/preprocessing.html
  _check_optimize_result("lbfgs", opt_res)
[scan] testing mass hypothesis 0.210 GeV
[scan] testing mass hypothesis 0.211 GeV
[scan] testing mass hypothesis 0.212 GeV
[scan] testing mass hypothesis 0.213 GeV
[scan] testing mass hypothesis 0.214 GeV
/Users/emryspeets/Library/Python/3.9/lib/python/site-packages/sklearn/gaussian_process/_gpr.py:660: ConvergenceWarning: lbfgs failed to converge (status=2):
ABNORMAL_TERMINATION_IN_LNSRCH.

Increase the number of iterations (max_iter) or scale the data as shown in:
    https://scikit-learn.org/stable/modules/preprocessing.html
  _check_optimize_result("lbfgs", opt_res)
[scan] testing mass hypothesis 0.215 GeV
[scan] testing mass hypothesis 0.216 GeV
[scan] testing mass hypothesis 0.217 GeV
/Users/emryspeets/Library/Python/3.9/lib/python/site-packages/sklearn/gaussian_process/_gpr.py:660: ConvergenceWarning: lbfgs failed to converge (status=2):
ABNORMAL_TERMINATION_IN_LNSRCH.

Increase the number of iterations (max_iter) or scale the data as shown in:
    https://scikit-learn.org/stable/modules/preprocessing.html
  _check_optimize_result("lbfgs", opt_res)
[scan] testing mass hypothesis 0.218 GeV
[scan] testing mass hypothesis 0.219 GeV
/Users/emryspeets/Library/Python/3.9/lib/python/site-packages/sklearn/gaussian_process/_gpr.py:660: ConvergenceWarning: lbfgs failed to converge (status=2):
ABNORMAL_TERMINATION_IN_LNSRCH.

Increase the number of iterations (max_iter) or scale the data as shown in:
    https://scikit-learn.org/stable/modules/preprocessing.html
  _check_optimize_result("lbfgs", opt_res)
[scan] testing mass hypothesis 0.220 GeV
[scan] testing mass hypothesis 0.221 GeV
[scan] testing mass hypothesis 0.222 GeV
[scan] testing mass hypothesis 0.223 GeV
/Users/emryspeets/Library/Python/3.9/lib/python/site-packages/sklearn/gaussian_process/_gpr.py:660: ConvergenceWarning: lbfgs failed to converge (status=2):
ABNORMAL_TERMINATION_IN_LNSRCH.

Increase the number of iterations (max_iter) or scale the data as shown in:
    https://scikit-learn.org/stable/modules/preprocessing.html
  _check_optimize_result("lbfgs", opt_res)
[scan] testing mass hypothesis 0.224 GeV
[scan] testing mass hypothesis 0.225 GeV
[scan] testing mass hypothesis 0.226 GeV
[scan] testing mass hypothesis 0.227 GeV
/Users/emryspeets/Library/Python/3.9/lib/python/site-packages/sklearn/gaussian_process/_gpr.py:660: ConvergenceWarning: lbfgs failed to converge (status=2):
ABNORMAL_TERMINATION_IN_LNSRCH.

Increase the number of iterations (max_iter) or scale the data as shown in:
    https://scikit-learn.org/stable/modules/preprocessing.html
  _check_optimize_result("lbfgs", opt_res)
/Users/emryspeets/Library/Python/3.9/lib/python/site-packages/sklearn/gaussian_process/_gpr.py:660: ConvergenceWarning: lbfgs failed to converge (status=2):
ABNORMAL_TERMINATION_IN_LNSRCH.

Increase the number of iterations (max_iter) or scale the data as shown in:
    https://scikit-learn.org/stable/modules/preprocessing.html
  _check_optimize_result("lbfgs", opt_res)
[scan] testing mass hypothesis 0.228 GeV
[scan] testing mass hypothesis 0.229 GeV
[scan] testing mass hypothesis 0.230 GeV
[scan] testing mass hypothesis 0.231 GeV
[scan] testing mass hypothesis 0.232 GeV
[scan] testing mass hypothesis 0.233 GeV
[scan] testing mass hypothesis 0.234 GeV
[scan] testing mass hypothesis 0.235 GeV
[scan] testing mass hypothesis 0.236 GeV
[scan] testing mass hypothesis 0.237 GeV
[scan] testing mass hypothesis 0.238 GeV
/Users/emryspeets/Library/Python/3.9/lib/python/site-packages/sklearn/gaussian_process/_gpr.py:660: ConvergenceWarning: lbfgs failed to converge (status=2):
ABNORMAL_TERMINATION_IN_LNSRCH.

Increase the number of iterations (max_iter) or scale the data as shown in:
    https://scikit-learn.org/stable/modules/preprocessing.html
  _check_optimize_result("lbfgs", opt_res)
/Users/emryspeets/Library/Python/3.9/lib/python/site-packages/sklearn/gaussian_process/_gpr.py:660: ConvergenceWarning: lbfgs failed to converge (status=2):
ABNORMAL_TERMINATION_IN_LNSRCH.

Increase the number of iterations (max_iter) or scale the data as shown in:
    https://scikit-learn.org/stable/modules/preprocessing.html
  _check_optimize_result("lbfgs", opt_res)
[scan] testing mass hypothesis 0.239 GeV
[scan] testing mass hypothesis 0.240 GeV
[scan] testing mass hypothesis 0.241 GeV
[scan] testing mass hypothesis 0.242 GeV
[scan] testing mass hypothesis 0.243 GeV
/Users/emryspeets/Library/Python/3.9/lib/python/site-packages/sklearn/gaussian_process/_gpr.py:660: ConvergenceWarning: lbfgs failed to converge (status=2):
ABNORMAL_TERMINATION_IN_LNSRCH.

Increase the number of iterations (max_iter) or scale the data as shown in:
    https://scikit-learn.org/stable/modules/preprocessing.html
  _check_optimize_result("lbfgs", opt_res)
[scan] testing mass hypothesis 0.244 GeV
/Users/emryspeets/Library/Python/3.9/lib/python/site-packages/sklearn/gaussian_process/_gpr.py:660: ConvergenceWarning: lbfgs failed to converge (status=2):
ABNORMAL_TERMINATION_IN_LNSRCH.

Increase the number of iterations (max_iter) or scale the data as shown in:
    https://scikit-learn.org/stable/modules/preprocessing.html
  _check_optimize_result("lbfgs", opt_res)
[scan] testing mass hypothesis 0.245 GeV
/Users/emryspeets/Library/Python/3.9/lib/python/site-packages/sklearn/gaussian_process/_gpr.py:660: ConvergenceWarning: lbfgs failed to converge (status=2):
ABNORMAL_TERMINATION_IN_LNSRCH.

Increase the number of iterations (max_iter) or scale the data as shown in:
    https://scikit-learn.org/stable/modules/preprocessing.html
  _check_optimize_result("lbfgs", opt_res)
[scan] testing mass hypothesis 0.246 GeV
[scan] testing mass hypothesis 0.247 GeV
[scan] testing mass hypothesis 0.248 GeV
[scan] testing mass hypothesis 0.249 GeV
[scan] testing mass hypothesis 0.250 GeV
/Users/emryspeets/Library/Python/3.9/lib/python/site-packages/sklearn/gaussian_process/_gpr.py:660: ConvergenceWarning: lbfgs failed to converge (status=2):
ABNORMAL_TERMINATION_IN_LNSRCH.

Increase the number of iterations (max_iter) or scale the data as shown in:
    https://scikit-learn.org/stable/modules/preprocessing.html
  _check_optimize_result("lbfgs", opt_res)
Wrote: study_results/v4p2_followups_20260806/pseudo65/gp_window_ensemble_20260806/runs/window_2p25eq2p5/draw_04/attempt_01/results_single.csv
Wrote: study_results/v4p2_followups_20260806/pseudo65/gp_window_ensemble_20260806/runs/window_2p25eq2p5/draw_04/attempt_01/results_combined.csv
Wrote: study_results/v4p2_followups_20260806/pseudo65/gp_window_ensemble_20260806/runs/window_2p25eq2p5/draw_04/attempt_01/combined.csv

Scan complete!
