{
  "calibration_spectra": 134400,
  "counts": {
    "gp": {
      "ntoys_per_proposal": 256,
      "proposal_count": 33
    },
    "stress": {
      "ntoys_per_proposal": 1024,
      "proposal_count": 123
    }
  },
  "estimate_seconds": 814.9944711696203,
  "event": "planned_before_draws",
  "mass_MeV": 55,
  "max_memory_gib": 6.0,
  "memory_estimates": {
    "eigenfeature_rtol_1e-15": {
      "chunk_size": 128,
      "chunk_workspace_bytes": 31242240,
      "conservative_rank": 36,
      "estimated_peak_bytes": 7449684288,
      "estimated_peak_gib": 6.938059151172638,
      "full_bins": 1626,
      "generation_workspace_bytes": 13320192,
      "interpretation": "Both banks, bounded q caches, chunk fit/density copies, retained validation models and 512 MiB runtime reserve; source-derived, not measured RSS",
      "per_truth": {
        "gp": {
          "chunk_workspace_bytes": 30873600,
          "persistent_bytes": 428212224,
          "qcache_bound_bytes": 8650752,
          "qcache_limit": 128,
          "spectra": 8448
        },
        "stress": {
          "chunk_workspace_bytes": 31242240,
          "persistent_bytes": 6384254976,
          "qcache_bound_bytes": 128974848,
          "qcache_limit": 128,
          "spectra": 125952
        }
      },
      "persistent_bytes": 6812467200,
      "proposal_bytes": 6087744,
      "runtime_reserve_bytes": 536870912,
      "validation_retained_bytes": 49696000,
      "window_bins": 109
    },
    "exact_cached_cholesky": {
      "chunk_size": 128,
      "chunk_workspace_bytes": 151742464,
      "conservative_rank": 109,
      "estimated_peak_bytes": 16663648512,
      "estimated_peak_gib": 15.519232034683228,
      "full_bins": 1626,
      "generation_workspace_bytes": 13320192,
      "interpretation": "Both banks, bounded q caches, chunk fit/density copies, retained validation models and 512 MiB runtime reserve; source-derived, not measured RSS",
      "per_truth": {
        "gp": {
          "chunk_workspace_bytes": 151373824,
          "persistent_bytes": 995579904,
          "qcache_bound_bytes": 8650752,
          "qcache_limit": 128,
          "spectra": 8448
        },
        "stress": {
          "chunk_workspace_bytes": 151742464,
          "persistent_bytes": 14843191296,
          "qcache_bound_bytes": 128974848,
          "qcache_limit": 128,
          "spectra": 125952
        }
      },
      "persistent_bytes": 15838771200,
      "proposal_bytes": 6087744,
      "runtime_reserve_bytes": 536870912,
      "validation_retained_bytes": 116856000,
      "window_bins": 109
    }
  },
  "scope_key": "all_2015_2016_2021"
}

{
  "calibration_spectra": 112896,
  "counts": {
    "gp": {
      "ntoys_per_proposal": 256,
      "proposal_count": 33
    },
    "stress": {
      "ntoys_per_proposal": 1024,
      "proposal_count": 102
    }
  },
  "estimate_seconds": 1090.0824975496007,
  "event": "planned_before_draws",
  "mass_MeV": 74,
  "max_memory_gib": 6.0,
  "memory_estimates": {
    "eigenfeature_rtol_1e-15": {
      "chunk_size": 128,
      "chunk_workspace_bytes": 36235264,
      "conservative_rank": 36,
      "estimated_peak_bytes": 7493711376,
      "estimated_peak_gib": 6.97906257212162,
      "full_bins": 1626,
      "generation_workspace_bytes": 13320192,
      "interpretation": "Both banks, bounded q caches, chunk fit/density copies, retained validation models and 512 MiB runtime reserve; source-derived, not measured RSS",
      "per_truth": {
        "gp": {
          "chunk_workspace_bytes": 35952640,
          "persistent_bytes": 512016384,
          "qcache_bound_bytes": 8650752,
          "qcache_limit": 128,
          "spectra": 8448
        },
        "stress": {
          "chunk_workspace_bytes": 36235264,
          "persistent_bytes": 6330384384,
          "qcache_bound_bytes": 106954752,
          "qcache_limit": 128,
          "spectra": 104448
        }
      },
      "persistent_bytes": 6842400768,
      "proposal_bytes": 5268240,
      "runtime_reserve_bytes": 536870912,
      "validation_retained_bytes": 59616000,
      "window_bins": 140
    },
    "exact_cached_cholesky": {
      "chunk_size": 128,
      "chunk_workspace_bytes": 247523328,
      "conservative_rank": 140,
      "estimated_peak_bytes": 21540174352,
      "estimated_peak_gib": 20.060850635170937,
      "full_bins": 1626,
      "generation_workspace_bytes": 13320192,
      "interpretation": "Both banks, bounded q caches, chunk fit/density copies, retained validation models and 512 MiB runtime reserve; source-derived, not measured RSS",
      "per_truth": {
        "gp": {
          "chunk_workspace_bytes": 247240704,
          "persistent_bytes": 1538211840,
          "qcache_bound_bytes": 8650752,
          "qcache_limit": 128,
          "spectra": 8448
        },
        "stress": {
          "chunk_workspace_bytes": 247523328,
          "persistent_bytes": 19017891840,
          "qcache_bound_bytes": 106954752,
          "qcache_limit": 128,
          "spectra": 104448
        }
      },
      "persistent_bytes": 20556103680,
      "proposal_bytes": 5268240,
      "runtime_reserve_bytes": 536870912,
      "validation_retained_bytes": 181088000,
      "window_bins": 140
    }
  },
  "scope_key": "all_2015_2016_2021"
}

{
  "calibration_spectra": 119040,
  "counts": {
    "gp": {
      "ntoys_per_proposal": 256,
      "proposal_count": 33
    },
    "stress": {
      "ntoys_per_proposal": 1024,
      "proposal_count": 108
    }
  },
  "estimate_seconds": 1207.7081560227434,
  "event": "planned_before_draws",
  "mass_MeV": 77,
  "max_memory_gib": 6.0,
  "memory_estimates": {
    "eigenfeature_rtol_1e-15": {
      "chunk_size": 128,
      "chunk_workspace_bytes": 37079040,
      "conservative_rank": 36,
      "estimated_peak_bytes": 8059228848,
      "estimated_peak_gib": 7.505741760134697,
      "full_bins": 1626,
      "generation_workspace_bytes": 13320192,
      "interpretation": "Both banks, bounded q caches, chunk fit/density copies, retained validation models and 512 MiB runtime reserve; source-derived, not measured RSS",
      "per_truth": {
        "gp": {
          "chunk_workspace_bytes": 36771840,
          "persistent_bytes": 525533184,
          "qcache_bound_bytes": 8650752,
          "qcache_limit": 128,
          "spectra": 8448
        },
        "stress": {
          "chunk_workspace_bytes": 37079040,
          "persistent_bytes": 6879707136,
          "qcache_bound_bytes": 113246208,
          "qcache_limit": 128,
          "spectra": 110592
        }
      },
      "persistent_bytes": 7405240320,
      "proposal_bytes": 5502384,
      "runtime_reserve_bytes": 536870912,
      "validation_retained_bytes": 61216000,
      "window_bins": 145
    },
    "exact_cached_cholesky": {
      "chunk_size": 128,
      "chunk_workspace_bytes": 265222144,
      "conservative_rank": 145,
      "estimated_peak_bytes": 24093278832,
      "estimated_peak_gib": 22.43861447274685,
      "full_bins": 1626,
      "generation_workspace_bytes": 13320192,
      "interpretation": "Both banks, bounded q caches, chunk fit/density copies, retained validation models and 512 MiB runtime reserve; source-derived, not measured RSS",
      "per_truth": {
        "gp": {
          "chunk_workspace_bytes": 264914944,
          "persistent_bytes": 1637898240,
          "qcache_bound_bytes": 8650752,
          "qcache_limit": 128,
          "spectra": 8448
        },
        "stress": {
          "chunk_workspace_bytes": 265222144,
          "persistent_bytes": 21441576960,
          "qcache_bound_bytes": 113246208,
          "qcache_limit": 128,
          "spectra": 110592
        }
      },
      "persistent_bytes": 23079475200,
      "proposal_bytes": 5502384,
      "runtime_reserve_bytes": 536870912,
      "validation_retained_bytes": 192888000,
      "window_bins": 145
    }
  },
  "scope_key": "all_2015_2016_2021"
}

