Matplotlib is building the font cache; this may take a moment.
Paired controls complete gp_mean 100
Paired controls complete gp_mean 160
Paired controls complete gp_mean 220
Paired controls complete functional 100
Paired controls complete functional 160
Paired controls complete functional 220
 source  mass_MeV            policy  toys  full_response  full_response_SE  clean_response  clean_response_SE  leakage_loss_fraction  leakage_loss_SE  response_scaling_penalty_percent  penalty95_low  penalty95_high  bootstrap_resamples
gp_mean       100    direct_starter   100       0.959434          0.001058        1.001316           0.001022               0.041882         0.000193                          4.365319       4.323058        4.408332                 2000
gp_mean       100 gaussian_baseline   100       0.788264          0.000833        0.842696           0.000794               0.054432         0.000191                          6.905334       6.854624        6.960239                 2000
gp_mean       160    direct_starter   100       0.949994          0.001491        0.997080           0.001487               0.047086         0.000255                          4.956457       4.899479        5.013480                 2000
gp_mean       160 gaussian_baseline   100       0.814716          0.001218        0.873077           0.001217               0.058361         0.000251                          7.163335       7.096174        7.229868                 2000
gp_mean       220    direct_starter   100       0.908858          0.002016        1.000174           0.001830               0.091316         0.000464                         10.047312       9.921569       10.176516                 2000
gp_mean       220 gaussian_baseline   100       0.661507          0.001402        0.751202           0.001252               0.089695         0.000371                         13.559175      13.414039       13.706513                 2000
 mass_MeV  continuous_width_increase_percent  MC_historical_training_fraction  MC_starter_training_fraction  Gaussian_starter_training_fraction  MC_leakage_reduction_percentage_points
       80                          11.305184                         0.290221                      0.278980                            0.021933                                1.124160
      100                          13.474322                         0.217659                      0.199911                            0.013929                                1.774818
      120                          13.081413                         0.196129                      0.176052                            0.019071                                2.007683
      140                          12.378071                         0.177643                      0.161611                            0.017440                                1.603283
      160                          12.039187                         0.182226                      0.161909                            0.018582                                2.031759
      180                          11.608870                         0.195118                      0.170579                            0.016626                                2.453878
      200                          14.185437                         0.205948                      0.179862                            0.015135                                2.608575
      220                          16.726497                         0.226525                      0.195228                            0.014852                                3.129675
      240                          19.840972                         0.249622                      0.216576                            0.012902                                3.304609
