Observed mass 40 complete
Observed mass 60 complete
Observed mass 80 complete
Observed mass 100 complete
Observed mass 120 complete
Observed mass 140 complete
Observed mass 160 complete
Observed mass 180 complete
Observed mass 200 complete
Observed mass 220 complete
Observed mass 240 complete
{
  "minima": [
    {
      "scope": "2015",
      "method": "gaussian",
      "mass_MeV": 92,
      "p0": 0.004805149248555073,
      "Z": 2.5895445568119766,
      "epsilon2_90": 0.00011597604420336269
    },
    {
      "scope": "2016",
      "method": "gaussian",
      "mass_MeV": 90,
      "p0": 0.0003076808801278963,
      "Z": 3.424751602771314,
      "epsilon2_90": 1.3133374599840403e-05
    },
    {
      "scope": "2016",
      "method": "gaussian_mc_window",
      "mass_MeV": 91,
      "p0": 0.00027462951087459364,
      "Z": 3.45550695463766,
      "epsilon2_90": 1.3845939691939621e-05
    },
    {
      "scope": "2016",
      "method": "mc",
      "mass_MeV": 91,
      "p0": 0.00019617423279176752,
      "Z": 3.545177711328164,
      "epsilon2_90": 1.4630084202069688e-05
    },
    {
      "scope": "2021",
      "method": "gaussian",
      "mass_MeV": 80,
      "p0": 0.0034643773167507496,
      "Z": 2.7002492444417654,
      "epsilon2_90": 6.2008046706180446e-06
    },
    {
      "scope": "2021",
      "method": "mc",
      "mass_MeV": 67,
      "p0": 0.0031088256216178253,
      "Z": 2.736076803012725,
      "epsilon2_90": 1.906530975069318e-05
    },
    {
      "scope": "combined",
      "method": "all_gaussian",
      "mass_MeV": 67,
      "p0": 0.0009328946060190436,
      "Z": 3.1108037063479177,
      "epsilon2_90": 7.0795790188852094e-06
    },
    {
      "scope": "combined",
      "method": "mc2016_2021",
      "mass_MeV": 68,
      "p0": 0.002475005703404914,
      "Z": 2.810268963200306,
      "epsilon2_90": 9.256801457487696e-06
    },
    {
      "scope": "combined",
      "method": "mc2021",
      "mass_MeV": 68,
      "p0": 0.0018057658686949367,
      "Z": 2.910238389232803,
      "epsilon2_90": 9.046464527766055e-06
    }
  ],
  "selected": [
    {
      "region": "excess_1",
      "mass_MeV": 91,
      "scope": "2016",
      "method": "mc",
      "p0_asymptotic": 0.00019617423279176752,
      "Z_local": 3.545177711328164,
      "signed_root": 3.545177711328164,
      "q0": 12.568285004898
    },
    {
      "region": "excess_2",
      "mass_MeV": 69,
      "scope": "2016",
      "method": "mc",
      "p0_asymptotic": 0.011359796036538056,
      "Z_local": 2.2781172615753595,
      "signed_root": 2.2781172615753595,
      "q0": 5.189818257487615
    },
    {
      "region": "excess_1",
      "mass_MeV": 68,
      "scope": "combined",
      "method": "mc2016_2021",
      "p0_asymptotic": 0.002475005703404914,
      "Z_local": 2.810268963200306,
      "signed_root": 2.810268963200306,
      "q0": 7.897611645526923
    },
    {
      "region": "excess_2",
      "mass_MeV": 94,
      "scope": "combined",
      "method": "mc2016_2021",
      "p0_asymptotic": 0.02574962717287484,
      "Z_local": 1.9472960304588536,
      "signed_root": 1.9472960304588536,
      "q0": 3.7919618302408082
    }
  ]
}
Local check batches 5 / 30
Local check batches 10 / 30
Local check batches 15 / 30
Local check batches 20 / 30
Local check batches 25 / 30
Local check batches 30 / 30
[
  {
    "scope": "2016",
    "mass_MeV": 69,
    "method": "mc",
    "null_toys": 1000,
    "tail_count": 5,
    "p_rank": 0.005994005994005994,
    "cp95_low": 0.00162541951756276,
    "cp95_high": 0.011629470559812147,
    "observed_q0": 5.189818257487615,
    "observed_Z": 2.2781172615753595,
    "p0_asymptotic": 0.011359796036538056,
    "background_mean_psi": -51.47155005448936,
    "background_sd_psi": 267.99291211067697,
    "mean_signed_root": -0.18832114566444896,
    "sd_signed_root": 0.9811913955733705
  },
  {
    "scope": "2016",
    "mass_MeV": 91,
    "method": "mc",
    "null_toys": 1000,
    "tail_count": 3,
    "p_rank": 0.003996003996003996,
    "cp95_low": 0.0006190999316495711,
    "cp95_high": 0.008742023238478303,
    "observed_q0": 12.568285004898,
    "observed_Z": 3.545177711328164,
    "p0_asymptotic": 0.00019617423279176752,
    "background_mean_psi": 199.0520135763541,
    "background_sd_psi": 293.7486491778566,
    "mean_signed_root": 0.6563870213818527,
    "sd_signed_root": 0.9685496534194735
  },
  {
    "scope": "combined",
    "mass_MeV": 68,
    "method": "all_gaussian",
    "null_toys": 1000,
    "tail_count": 0,
    "p_rank": 0.000999000999000999,
    "cp95_low": 0.0,
    "cp95_high": 0.003682083896865671,
    "observed_q0": 7.450034268064428,
    "observed_Z": 2.7294750902077176,
    "p0_asymptotic": 0.003171762068365233,
    "background_mean_psi": -39.95983318609748,
    "background_sd_psi": 153.2054614647766,
    "mean_signed_root": -0.2522239936392226,
    "sd_signed_root": 0.9674848648887155
  },
  {
    "scope": "combined",
    "mass_MeV": 68,
    "method": "mc2016_2021",
    "null_toys": 1000,
    "tail_count": 0,
    "p_rank": 0.000999000999000999,
    "cp95_low": 0.0,
    "cp95_high": 0.003682083896865671,
    "observed_q0": 7.897611645526923,
    "observed_Z": 2.810268963200306,
    "p0_asymptotic": 0.002475005703404914,
    "background_mean_psi": -47.839093442972406,
    "background_sd_psi": 222.9124636688987,
    "mean_signed_root": -0.2112932967728564,
    "sd_signed_root": 0.9850709280121144
  },
  {
    "scope": "combined",
    "mass_MeV": 68,
    "method": "mc2021",
    "null_toys": 1000,
    "tail_count": 0,
    "p_rank": 0.000999000999000999,
    "cp95_low": 0.0,
    "cp95_high": 0.003682083896865671,
    "observed_q0": 8.46948748216434,
    "observed_Z": 2.910238389232803,
    "p0_asymptotic": 0.0018057658686949367,
    "background_mean_psi": -48.59064603368012,
    "background_sd_psi": 212.64722365808677,
    "mean_signed_root": -0.22493989252204086,
    "sd_signed_root": 0.9849649247326543
  }
]
Rank-limit batches 5 / 30
Rank-limit batches 10 / 30
Rank-limit batches 15 / 30
Rank-limit batches 20 / 30
Rank-limit batches 25 / 30
Rank-limit batches 30 / 30
[
  {
    "scope": "2016",
    "mass_MeV": 69,
    "method": "gaussian",
    "s0_psi": 254.5896380465361,
    "accepted_z_json": "[0.0, 0.5, 1.0, 2.0, 3.0]",
    "p_rank_json": "[0.9900497512437811, 0.9651741293532339, 0.9203980099502488, 0.6766169154228856, 0.3034825870646766, 0.06965174129353234, 0.014925373134328358, 0.004975124378109453, 0.004975124378109453, 0.004975124378109453, 0.004975124378109453, 0.004975124378109453]",
    "empty": false,
    "holes": false,
    "upper_grid_censored": false,
    "largest_accepted_psi": 763.7689141396083,
    "next_grid_psi": 1018.3585521861444,
    "largest_accepted_epsilon2": 7.637689141396084e-06,
    "next_grid_epsilon2": 1.0183585521861443e-05,
    "largest_accepted_full_yield_2016": 20617.1207970394,
    "next_grid_full_yield_2016": 27489.49439605253
  },
  {
    "scope": "2016",
    "mass_MeV": 69,
    "method": "gaussian_mc_window",
    "s0_psi": 254.5896380465361,
    "accepted_z_json": "[0.0, 0.5, 1.0, 2.0, 3.0]",
    "p_rank_json": "[0.9950248756218906, 0.9651741293532339, 0.9203980099502488, 0.6766169154228856, 0.30845771144278605, 0.06467661691542288, 0.014925373134328358, 0.004975124378109453, 0.004975124378109453, 0.004975124378109453, 0.004975124378109453, 0.004975124378109453]",
    "empty": false,
    "holes": false,
    "upper_grid_censored": false,
    "largest_accepted_psi": 763.7689141396083,
    "next_grid_psi": 1018.3585521861444,
    "largest_accepted_epsilon2": 7.637689141396084e-06,
    "next_grid_epsilon2": 1.0183585521861443e-05,
    "largest_accepted_full_yield_2016": 20617.1207970394,
    "next_grid_full_yield_2016": 27489.49439605253
  },
  {
    "scope": "2016",
    "mass_MeV": 69,
    "method": "mc",
    "s0_psi": 254.5896380465361,
    "accepted_z_json": "[0.0, 0.5, 1.0, 2.0, 3.0]",
    "p_rank_json": "[1.0, 0.9651741293532339, 0.9303482587064676, 0.6965174129353234, 0.30845771144278605, 0.07462686567164178, 0.01990049751243781, 0.004975124378109453, 0.004975124378109453, 0.004975124378109453, 0.004975124378109453, 0.004975124378109453]",
    "empty": false,
    "holes": false,
    "upper_grid_censored": false,
    "largest_accepted_psi": 763.7689141396083,
    "next_grid_psi": 1018.3585521861444,
    "largest_accepted_epsilon2": 7.637689141396084e-06,
    "next_grid_epsilon2": 1.0183585521861443e-05,
    "largest_accepted_full_yield_2016": 20617.1207970394,
    "next_grid_full_yield_2016": 27489.49439605253
  },
  {
    "scope": "2016",
    "mass_MeV": 91,
    "method": "gaussian",
    "s0_psi": 284.6278593472467,
    "accepted_z_json": "[0.0, 0.5, 1.0, 2.0, 3.0, 4.0]",
    "p_rank_json": "[0.9950248756218906, 0.9800995024875622, 0.9651741293532339, 0.8109452736318408, 0.4975124378109453, 0.17412935323383086, 0.03482587064676617, 0.009950248756218905, 0.004975124378109453, 0.004975124378109453, 0.004975124378109453, 0.004975124378109453]",
    "empty": false,
    "holes": false,
    "upper_grid_censored": false,
    "largest_accepted_psi": 1138.511437388987,
    "next_grid_psi": 1423.1392967362335,
    "largest_accepted_epsilon2": 1.1385114373889869e-05,
    "next_grid_epsilon2": 1.4231392967362335e-05,
    "largest_accepted_full_yield_2016": 21404.568488768884,
    "next_grid_full_yield_2016": 26755.7106109611
  },
  {
    "scope": "2016",
    "mass_MeV": 91,
    "method": "gaussian_mc_window",
    "s0_psi": 284.6278593472467,
    "accepted_z_json": "[0.0, 0.5, 1.0, 2.0, 3.0, 4.0]",
    "p_rank_json": "[0.9950248756218906, 0.9900497512437811, 0.9701492537313433, 0.8258706467661692, 0.5124378109452736, 0.18407960199004975, 0.03482587064676617, 0.009950248756218905, 0.004975124378109453, 0.004975124378109453, 0.004975124378109453, 0.004975124378109453]",
    "empty": false,
    "holes": false,
    "upper_grid_censored": false,
    "largest_accepted_psi": 1138.511437388987,
    "next_grid_psi": 1423.1392967362335,
    "largest_accepted_epsilon2": 1.1385114373889869e-05,
    "next_grid_epsilon2": 1.4231392967362335e-05,
    "largest_accepted_full_yield_2016": 21404.568488768884,
    "next_grid_full_yield_2016": 26755.7106109611
  },
  {
    "scope": "2016",
    "mass_MeV": 91,
    "method": "mc",
    "s0_psi": 284.6278593472467,
    "accepted_z_json": "[0.0, 0.5, 1.0, 2.0, 3.0, 4.0]",
    "p_rank_json": "[0.9950248756218906, 0.9900497512437811, 0.9701492537313433, 0.8407960199004975, 0.5373134328358209, 0.1791044776119403, 0.029850746268656716, 0.009950248756218905, 0.004975124378109453, 0.004975124378109453, 0.004975124378109453, 0.004975124378109453]",
    "empty": false,
    "holes": false,
    "upper_grid_censored": false,
    "largest_accepted_psi": 1138.511437388987,
    "next_grid_psi": 1423.1392967362335,
    "largest_accepted_epsilon2": 1.1385114373889869e-05,
    "next_grid_epsilon2": 1.4231392967362335e-05,
    "largest_accepted_full_yield_2016": 21404.568488768884,
    "next_grid_full_yield_2016": 26755.7106109611
  },
  {
    "scope": "combined",
    "mass_MeV": 68,
    "method": "all_gaussian",
    "s0_psi": 158.3494634432782,
    "accepted_z_json": "[0.0, 0.5, 1.0, 2.0, 3.0, 4.0, 5.0, 6.0]",
    "p_rank_json": "[1.0, 1.0, 0.9950248756218906, 0.945273631840796, 0.8606965174129353, 0.6467661691542289, 0.3880597014925373, 0.16417910447761194, 0.014925373134328358, 0.004975124378109453, 0.004975124378109453, 0.004975124378109453]",
    "empty": false,
    "holes": false,
    "upper_grid_censored": false,
    "largest_accepted_psi": 950.0967806596693,
    "next_grid_psi": 1266.7957075462257,
    "largest_accepted_epsilon2": 9.500967806596693e-06,
    "next_grid_epsilon2": 1.2667957075462257e-05,
    "largest_accepted_full_yield_2016": null,
    "next_grid_full_yield_2016": null
  },
  {
    "scope": "combined",
    "mass_MeV": 68,
    "method": "mc2016_2021",
    "s0_psi": 158.3494634432782,
    "accepted_z_json": "[0.0, 0.5, 1.0, 2.0, 3.0, 4.0, 5.0]",
    "p_rank_json": "[1.0, 1.0, 0.9900497512437811, 0.945273631840796, 0.8109452736318408, 0.6019900497512438, 0.31840796019900497, 0.08955223880597014, 0.009950248756218905, 0.004975124378109453, 0.004975124378109453, 0.004975124378109453]",
    "empty": false,
    "holes": false,
    "upper_grid_censored": false,
    "largest_accepted_psi": 791.747317216391,
    "next_grid_psi": 950.0967806596693,
    "largest_accepted_epsilon2": 7.91747317216391e-06,
    "next_grid_epsilon2": 9.500967806596693e-06,
    "largest_accepted_full_yield_2016": null,
    "next_grid_full_yield_2016": null
  },
  {
    "scope": "combined",
    "mass_MeV": 68,
    "method": "mc2021",
    "s0_psi": 158.3494634432782,
    "accepted_z_json": "[0.0, 0.5, 1.0, 2.0, 3.0, 4.0, 5.0, 6.0]",
    "p_rank_json": "[1.0, 1.0, 0.9950248756218906, 0.9601990049751243, 0.8557213930348259, 0.6318407960199005, 0.3582089552238806, 0.14925373134328357, 0.009950248756218905, 0.004975124378109453, 0.004975124378109453, 0.004975124378109453]",
    "empty": false,
    "holes": false,
    "upper_grid_censored": false,
    "largest_accepted_psi": 950.0967806596693,
    "next_grid_psi": 1266.7957075462257,
    "largest_accepted_epsilon2": 9.500967806596693e-06,
    "next_grid_epsilon2": 1.2667957075462257e-05,
    "largest_accepted_full_yield_2016": null,
    "next_grid_full_yield_2016": null
  }
]
{
  "passed": true,
  "method": "Linear center and linear fitted-core width; neighboring full aligned empirical CDFs.",
  "previous_method": "Linear center and log-linear fitted-core width; same anchors and CDF mixture.",
  "cdf_metric": "Maximum absolute CDF difference on the held-out histogram native edges; descriptive, not a p-value.",
  "claim_boundary": "This checks interpolation and geometry, not yield recovery, coverage or detector/data selection equivalence.",
  "native_anchors": 27,
  "held_out_interior_anchors": 25,
  "primary_domain_MeV": [
    40,
    175
  ],
  "missing_native_mass_MeV": 150,
  "native_identity_max_absolute_error": 0.0,
  "full_category_normalization_max_absolute_error": 2.220446049250313e-16,
  "previous_holdout_metric_max_absolute_difference": 9.393870230300916e-13,
  "holdout": {
    "linear_full_cdf_distance_median": 0.0029785004324429654,
    "log_full_cdf_distance_median": 0.002404972684197093,
    "linear_full_cdf_distance_max": {
      "mass_MeV": 45,
      "value": 0.008961218084754363
    },
    "log_full_cdf_distance_max": {
      "mass_MeV": 45,
      "value": 0.007552635286534826
    },
    "full_cdf_change_max": {
      "mass_MeV": 50,
      "value": 0.002548238817405485
    },
    "width_change_max_MeV": {
      "mass_MeV": 145,
      "value": 0.030669427407638672
    },
    "center_error_max_MeV": {
      "mass_MeV": 160,
      "value": 0.26028471300000433
    },
    "linear_width_relative_error_max": 0.10515540067881668
  },
  "production_grid": {
    "mass_step_MeV": 1,
    "masses": 136,
    "full_cdf_change_max": {
      "mass_MeV": 47,
      "value": 0.0010138893901090185
    },
    "width_change_max_MeV": {
      "mass_MeV": 143,
      "value": 0.01094644007708645
    },
    "width_relative_change_max": {
      "mass_MeV": 47,
      "value": 0.003991956123738705
    },
    "cdf_metric_grid": "Archived 2016 observed-spectrum bin edges"
  },
  "geometry": {
    "definition": "u=(reconstructed mass-interpolated fitted-core center)/interpolated fitted-core width; fit and GP exclusion both [-3.5,3.5]; bin centers select whole bins.",
    "minimum_left_training_bins": 18,
    "minimum_left_at_masses_MeV": [
      40
    ],
    "minimum_right_training_bins": 44,
    "minimum_right_at_masses_MeV": [
      175
    ],
    "minimum_fit_bins": 43,
    "maximum_fit_bins": 198,
    "unusable_points": [],
    "spectrum_bins": 720,
    "spectrum_edge_support_MeV": [
      30.0,
      210.0
    ]
  },
  "hashes": {
    "script_sha256": "3adb0d7159ac7a21a47581ab53f5286bac0febb0c38e8c5af78daf1dec36051c",
    "result_sha256": "fa406db8448a30ecd8bdf5e550d4a71e2d3ad6ce97ea73adc16228635122bee9",
    "centers_sha256": "f6b96a54218579c6125a5927e765b1b48a602145d69f5786640e2796a95fb27b",
    "spectrum_sha256": "11bc1b24af6a0aaa2345fe87e83fce60ee8fb45c77d6b1d4e80adc37fa7af176"
  }
}
Validated replay 2016/gaussian/69
Validated replay 2016/gaussian/91
Validated replay 2016/gaussian_mc_window/69
Validated replay 2016/gaussian_mc_window/91
Validated replay 2016/mc/40
Validated replay 2016/mc/69
Validated replay 2016/mc/91
Validated replay 2016/mc/150
Validated replay 2016/mc/175
Validated replay 2021/gaussian/60
Validated replay 2021/gaussian/68
Validated replay 2021/gaussian/80
Validated replay 2021/gaussian/94
Validated replay 2021/gaussian/240
Validated replay 2021/mc/60
Validated replay 2021/mc/68
Validated replay 2021/mc/80
Validated replay 2021/mc/94
Validated replay 2021/mc/240
Validated replay combined/all_gaussian/68
Validated replay combined/all_gaussian/94
Validated replay combined/mc2016_2021/68
Validated replay combined/mc2016_2021/94
Validated replay combined/mc2016_2021/100
Validated replay combined/mc2016_2021/101
Validated replay combined/mc2016_2021/175
Validated replay combined/mc2016_2021/176
Validated replay combined/mc2016_2021/240
Validated replay combined/mc2021/68
Validated replay combined/mc2021/94
{
  "passed": true,
  "checks": 8470
}
{
  "passed": true,
  "checks": 56967
}
Matplotlib is building the font cache; this may take a moment.
Saved shape figure pairs (PDF and PNG).
{"figures": ["extraction_2016_scan", "extraction_combined_comparison", "extraction_campaign_contributions", "extraction_combined_ratios", "extraction_2016_excess_1", "extraction_2016_excess_2"], "toy_file_present": true}
note: using only cached resource files
note: Running TeX ...
note: Rerunning TeX because "report.aux" changed ...
note: Running xdvipdfmx ...
note: Writing `/private/tmp/v641_portable_rebuild/pdf/report.pdf` (698.97 KiB)
note: Writing `/private/tmp/v641_portable_rebuild/pdf/report.log` (20.57 KiB)
note: Skipped writing 2 intermediate files (use --keep-intermediates to keep them)
