{"cohort": "pilot", "source": "nominal", "mass": 60, "start": 0, "cached": false, "rows": 20, "seconds": 0.04}
{"cohort": "pilot", "source": "nominal", "mass": 60, "start": 10, "cached": false, "rows": 20, "seconds": 0.05}
{"cohort": "pilot", "source": "nominal", "mass": 60, "start": 20, "cached": false, "rows": 20, "seconds": 0.04}
{"cohort": "pilot", "source": "nominal", "mass": 60, "start": 30, "cached": false, "rows": 20, "seconds": 0.05}
{"cohort": "pilot", "source": "nominal", "mass": 60, "start": 40, "cached": false, "rows": 20, "seconds": 0.04}
{"cohort": "pilot", "source": "nominal", "mass": 60, "start": 50, "cached": false, "rows": 20, "seconds": 0.04}
{"cohort": "pilot", "source": "nominal", "mass": 60, "start": 60, "cached": false, "rows": 20, "seconds": 0.04}
{"cohort": "pilot", "source": "nominal", "mass": 60, "start": 70, "cached": false, "rows": 20, "seconds": 0.04}
{"cohort": "pilot", "source": "nominal", "mass": 60, "start": 80, "cached": false, "rows": 20, "seconds": 0.04}
{"cohort": "pilot", "source": "nominal", "mass": 60, "start": 90, "cached": false, "rows": 20, "seconds": 0.04}
{"cohort": "pilot", "source": "nominal", "mass": 80, "start": 0, "cached": false, "rows": 20, "seconds": 0.04}
{"cohort": "pilot", "source": "nominal", "mass": 80, "start": 10, "cached": false, "rows": 20, "seconds": 0.04}
{"cohort": "pilot", "source": "nominal", "mass": 80, "start": 20, "cached": false, "rows": 20, "seconds": 0.04}
{"cohort": "pilot", "source": "nominal", "mass": 80, "start": 30, "cached": false, "rows": 20, "seconds": 0.04}
{"cohort": "pilot", "source": "nominal", "mass": 80, "start": 40, "cached": false, "rows": 20, "seconds": 0.04}
{"cohort": "pilot", "source": "nominal", "mass": 80, "start": 50, "cached": false, "rows": 20, "seconds": 0.04}
{"cohort": "pilot", "source": "nominal", "mass": 80, "start": 60, "cached": false, "rows": 20, "seconds": 0.04}
{"cohort": "pilot", "source": "nominal", "mass": 80, "start": 70, "cached": false, "rows": 20, "seconds": 0.04}
{"cohort": "pilot", "source": "nominal", "mass": 80, "start": 80, "cached": false, "rows": 20, "seconds": 0.04}
{"cohort": "pilot", "source": "nominal", "mass": 80, "start": 90, "cached": false, "rows": 20, "seconds": 0.04}
{"cohort": "pilot", "source": "nominal", "mass": 100, "start": 0, "cached": false, "rows": 20, "seconds": 0.04}
{"cohort": "pilot", "source": "nominal", "mass": 100, "start": 10, "cached": false, "rows": 20, "seconds": 0.05}
{"cohort": "pilot", "source": "nominal", "mass": 100, "start": 20, "cached": false, "rows": 20, "seconds": 0.04}
{"cohort": "pilot", "source": "nominal", "mass": 100, "start": 30, "cached": false, "rows": 20, "seconds": 0.04}
{"cohort": "pilot", "source": "nominal", "mass": 100, "start": 40, "cached": false, "rows": 20, "seconds": 0.04}
{"cohort": "pilot", "source": "nominal", "mass": 100, "start": 50, "cached": false, "rows": 20, "seconds": 0.04}
{"cohort": "pilot", "source": "nominal", "mass": 100, "start": 60, "cached": false, "rows": 20, "seconds": 0.04}
{"cohort": "pilot", "source": "nominal", "mass": 100, "start": 70, "cached": false, "rows": 20, "seconds": 0.05}
{"cohort": "pilot", "source": "nominal", "mass": 100, "start": 80, "cached": false, "rows": 20, "seconds": 0.04}
{"cohort": "pilot", "source": "nominal", "mass": 100, "start": 90, "cached": false, "rows": 20, "seconds": 0.04}
{"cohort": "pilot", "source": "nominal", "mass": 120, "start": 0, "cached": false, "rows": 20, "seconds": 0.04}
{"cohort": "pilot", "source": "nominal", "mass": 120, "start": 10, "cached": false, "rows": 20, "seconds": 0.04}
{"cohort": "pilot", "source": "nominal", "mass": 120, "start": 20, "cached": false, "rows": 20, "seconds": 0.04}
{"cohort": "pilot", "source": "nominal", "mass": 120, "start": 30, "cached": false, "rows": 20, "seconds": 0.05}
{"cohort": "pilot", "source": "nominal", "mass": 120, "start": 40, "cached": false, "rows": 20, "seconds": 0.04}
{"cohort": "pilot", "source": "nominal", "mass": 120, "start": 50, "cached": false, "rows": 20, "seconds": 0.05}
{"cohort": "pilot", "source": "nominal", "mass": 120, "start": 60, "cached": false, "rows": 20, "seconds": 0.05}
{"cohort": "pilot", "source": "nominal", "mass": 120, "start": 70, "cached": false, "rows": 20, "seconds": 0.05}
{"cohort": "pilot", "source": "nominal", "mass": 120, "start": 80, "cached": false, "rows": 20, "seconds": 0.04}
{"cohort": "pilot", "source": "nominal", "mass": 120, "start": 90, "cached": false, "rows": 20, "seconds": 0.04}
{"cohort": "pilot", "source": "nominal", "mass": 140, "start": 0, "cached": false, "rows": 20, "seconds": 0.04}
{"cohort": "pilot", "source": "nominal", "mass": 140, "start": 10, "cached": false, "rows": 20, "seconds": 0.04}
{"cohort": "pilot", "source": "nominal", "mass": 140, "start": 20, "cached": false, "rows": 20, "seconds": 0.04}
{"cohort": "pilot", "source": "nominal", "mass": 140, "start": 30, "cached": false, "rows": 20, "seconds": 0.04}
{"cohort": "pilot", "source": "nominal", "mass": 140, "start": 40, "cached": false, "rows": 20, "seconds": 0.05}
{"cohort": "pilot", "source": "nominal", "mass": 140, "start": 50, "cached": false, "rows": 20, "seconds": 0.05}
{"cohort": "pilot", "source": "nominal", "mass": 140, "start": 60, "cached": false, "rows": 20, "seconds": 0.04}
{"cohort": "pilot", "source": "nominal", "mass": 140, "start": 70, "cached": false, "rows": 20, "seconds": 0.04}
{"cohort": "pilot", "source": "nominal", "mass": 140, "start": 80, "cached": false, "rows": 20, "seconds": 0.05}
{"cohort": "pilot", "source": "nominal", "mass": 140, "start": 90, "cached": false, "rows": 20, "seconds": 0.04}
{"cohort": "pilot", "source": "nominal", "mass": 160, "start": 0, "cached": false, "rows": 20, "seconds": 0.04}
{"cohort": "pilot", "source": "nominal", "mass": 160, "start": 10, "cached": false, "rows": 20, "seconds": 0.04}
{"cohort": "pilot", "source": "nominal", "mass": 160, "start": 20, "cached": false, "rows": 20, "seconds": 0.04}
{"cohort": "pilot", "source": "nominal", "mass": 160, "start": 30, "cached": false, "rows": 20, "seconds": 0.05}
{"cohort": "pilot", "source": "nominal", "mass": 160, "start": 40, "cached": false, "rows": 20, "seconds": 0.05}
{"cohort": "pilot", "source": "nominal", "mass": 160, "start": 50, "cached": false, "rows": 20, "seconds": 0.05}
{"cohort": "pilot", "source": "nominal", "mass": 160, "start": 60, "cached": false, "rows": 20, "seconds": 0.05}
{"cohort": "pilot", "source": "nominal", "mass": 160, "start": 70, "cached": false, "rows": 20, "seconds": 0.05}
{"cohort": "pilot", "source": "nominal", "mass": 160, "start": 80, "cached": false, "rows": 20, "seconds": 0.04}
{"cohort": "pilot", "source": "nominal", "mass": 160, "start": 90, "cached": false, "rows": 20, "seconds": 0.05}
{"cohort": "pilot", "source": "nominal", "mass": 180, "start": 0, "cached": false, "rows": 20, "seconds": 0.05}
{"cohort": "pilot", "source": "nominal", "mass": 180, "start": 10, "cached": false, "rows": 20, "seconds": 0.04}
{"cohort": "pilot", "source": "nominal", "mass": 180, "start": 20, "cached": false, "rows": 20, "seconds": 0.05}
{"cohort": "pilot", "source": "nominal", "mass": 180, "start": 30, "cached": false, "rows": 20, "seconds": 0.04}
{"cohort": "pilot", "source": "nominal", "mass": 180, "start": 40, "cached": false, "rows": 20, "seconds": 0.04}
{"cohort": "pilot", "source": "nominal", "mass": 180, "start": 50, "cached": false, "rows": 20, "seconds": 0.05}
{"cohort": "pilot", "source": "nominal", "mass": 180, "start": 60, "cached": false, "rows": 20, "seconds": 0.04}
{"cohort": "pilot", "source": "nominal", "mass": 180, "start": 70, "cached": false, "rows": 20, "seconds": 0.05}
{"cohort": "pilot", "source": "nominal", "mass": 180, "start": 80, "cached": false, "rows": 20, "seconds": 0.05}
{"cohort": "pilot", "source": "nominal", "mass": 180, "start": 90, "cached": false, "rows": 20, "seconds": 0.05}
{"cohort": "pilot", "source": "nominal", "mass": 200, "start": 0, "cached": false, "rows": 20, "seconds": 0.04}
{"cohort": "pilot", "source": "nominal", "mass": 200, "start": 10, "cached": false, "rows": 20, "seconds": 0.05}
{"cohort": "pilot", "source": "nominal", "mass": 200, "start": 20, "cached": false, "rows": 20, "seconds": 0.05}
{"cohort": "pilot", "source": "nominal", "mass": 200, "start": 30, "cached": false, "rows": 20, "seconds": 0.05}
{"cohort": "pilot", "source": "nominal", "mass": 200, "start": 40, "cached": false, "rows": 20, "seconds": 0.05}
{"cohort": "pilot", "source": "nominal", "mass": 200, "start": 50, "cached": false, "rows": 20, "seconds": 0.04}
{"cohort": "pilot", "source": "nominal", "mass": 200, "start": 60, "cached": false, "rows": 20, "seconds": 0.05}
{"cohort": "pilot", "source": "nominal", "mass": 200, "start": 70, "cached": false, "rows": 20, "seconds": 0.05}
{"cohort": "pilot", "source": "nominal", "mass": 200, "start": 80, "cached": false, "rows": 20, "seconds": 0.05}
{"cohort": "pilot", "source": "nominal", "mass": 200, "start": 90, "cached": false, "rows": 20, "seconds": 0.05}
{"cohort": "pilot", "source": "nominal", "mass": 220, "start": 0, "cached": false, "rows": 20, "seconds": 0.05}
{"cohort": "pilot", "source": "nominal", "mass": 220, "start": 10, "cached": false, "rows": 20, "seconds": 0.05}
{"cohort": "pilot", "source": "nominal", "mass": 220, "start": 20, "cached": false, "rows": 20, "seconds": 0.05}
{"cohort": "pilot", "source": "nominal", "mass": 220, "start": 30, "cached": false, "rows": 20, "seconds": 0.04}
{"cohort": "pilot", "source": "nominal", "mass": 220, "start": 40, "cached": false, "rows": 20, "seconds": 0.05}
{"cohort": "pilot", "source": "nominal", "mass": 220, "start": 50, "cached": false, "rows": 20, "seconds": 0.05}
{"cohort": "pilot", "source": "nominal", "mass": 220, "start": 60, "cached": false, "rows": 20, "seconds": 0.05}
{"cohort": "pilot", "source": "nominal", "mass": 220, "start": 70, "cached": false, "rows": 20, "seconds": 0.05}
{"cohort": "pilot", "source": "nominal", "mass": 220, "start": 80, "cached": false, "rows": 20, "seconds": 0.05}
{"cohort": "pilot", "source": "nominal", "mass": 220, "start": 90, "cached": false, "rows": 20, "seconds": 0.05}
{"cohort": "pilot", "source": "nominal", "mass": 240, "start": 0, "cached": false, "rows": 20, "seconds": 0.05}
{"cohort": "pilot", "source": "nominal", "mass": 240, "start": 10, "cached": false, "rows": 20, "seconds": 0.05}
{"cohort": "pilot", "source": "nominal", "mass": 240, "start": 20, "cached": false, "rows": 20, "seconds": 0.05}
{"cohort": "pilot", "source": "nominal", "mass": 240, "start": 30, "cached": false, "rows": 20, "seconds": 0.05}
{"cohort": "pilot", "source": "nominal", "mass": 240, "start": 40, "cached": false, "rows": 20, "seconds": 0.05}
{"cohort": "pilot", "source": "nominal", "mass": 240, "start": 50, "cached": false, "rows": 20, "seconds": 0.05}
{"cohort": "pilot", "source": "nominal", "mass": 240, "start": 60, "cached": false, "rows": 20, "seconds": 0.05}
{"cohort": "pilot", "source": "nominal", "mass": 240, "start": 70, "cached": false, "rows": 20, "seconds": 0.05}
{"cohort": "pilot", "source": "nominal", "mass": 240, "start": 80, "cached": false, "rows": 20, "seconds": 0.05}
{"cohort": "pilot", "source": "nominal", "mass": 240, "start": 90, "cached": false, "rows": 20, "seconds": 0.05}
{"cohort": "calibration", "source": "nominal", "mass": 60, "start": 0, "cached": false, "rows": 260, "seconds": 0.55}
{"cohort": "calibration", "source": "nominal", "mass": 60, "start": 10, "cached": false, "rows": 260, "seconds": 0.55}
{"cohort": "calibration", "source": "nominal", "mass": 60, "start": 20, "cached": false, "rows": 260, "seconds": 0.63}
{"cohort": "calibration", "source": "nominal", "mass": 60, "start": 30, "cached": false, "rows": 260, "seconds": 0.63}
{"cohort": "calibration", "source": "nominal", "mass": 60, "start": 50, "cached": false, "rows": 260, "seconds": 0.53}
{"cohort": "calibration", "source": "nominal", "mass": 60, "start": 40, "cached": false, "rows": 260, "seconds": 0.53}
{"cohort": "calibration", "source": "nominal", "mass": 60, "start": 60, "cached": false, "rows": 260, "seconds": 0.56}
{"cohort": "calibration", "source": "nominal", "mass": 60, "start": 70, "cached": false, "rows": 260, "seconds": 0.56}
{"cohort": "calibration", "source": "nominal", "mass": 60, "start": 90, "cached": false, "rows": 260, "seconds": 0.53}
{"cohort": "calibration", "source": "nominal", "mass": 60, "start": 80, "cached": false, "rows": 260, "seconds": 0.55}
{"cohort": "calibration", "source": "nominal", "mass": 80, "start": 0, "cached": false, "rows": 260, "seconds": 0.57}
{"cohort": "calibration", "source": "nominal", "mass": 80, "start": 10, "cached": false, "rows": 260, "seconds": 0.59}
{"cohort": "calibration", "source": "nominal", "mass": 80, "start": 20, "cached": false, "rows": 260, "seconds": 0.61}
{"cohort": "calibration", "source": "nominal", "mass": 80, "start": 30, "cached": false, "rows": 260, "seconds": 0.6}
{"cohort": "calibration", "source": "nominal", "mass": 80, "start": 40, "cached": false, "rows": 260, "seconds": 0.54}
{"cohort": "calibration", "source": "nominal", "mass": 80, "start": 50, "cached": false, "rows": 260, "seconds": 0.54}
{"cohort": "calibration", "source": "nominal", "mass": 80, "start": 60, "cached": false, "rows": 260, "seconds": 0.53}
{"cohort": "calibration", "source": "nominal", "mass": 80, "start": 70, "cached": false, "rows": 260, "seconds": 0.54}
{"cohort": "calibration", "source": "nominal", "mass": 80, "start": 80, "cached": false, "rows": 260, "seconds": 0.55}
{"cohort": "calibration", "source": "nominal", "mass": 80, "start": 90, "cached": false, "rows": 260, "seconds": 0.54}
{"cohort": "calibration", "source": "nominal", "mass": 100, "start": 0, "cached": false, "rows": 260, "seconds": 0.56}
{"cohort": "calibration", "source": "nominal", "mass": 100, "start": 10, "cached": false, "rows": 260, "seconds": 0.56}
{"cohort": "calibration", "source": "nominal", "mass": 100, "start": 20, "cached": false, "rows": 260, "seconds": 0.56}
{"cohort": "calibration", "source": "nominal", "mass": 100, "start": 30, "cached": false, "rows": 260, "seconds": 0.55}
{"cohort": "calibration", "source": "nominal", "mass": 100, "start": 50, "cached": false, "rows": 260, "seconds": 0.56}
{"cohort": "calibration", "source": "nominal", "mass": 100, "start": 40, "cached": false, "rows": 260, "seconds": 0.56}
{"cohort": "calibration", "source": "nominal", "mass": 100, "start": 60, "cached": false, "rows": 260, "seconds": 0.56}
{"cohort": "calibration", "source": "nominal", "mass": 100, "start": 70, "cached": false, "rows": 260, "seconds": 0.57}
{"cohort": "calibration", "source": "nominal", "mass": 100, "start": 80, "cached": false, "rows": 260, "seconds": 0.58}
{"cohort": "calibration", "source": "nominal", "mass": 100, "start": 90, "cached": false, "rows": 260, "seconds": 0.58}
{"cohort": "calibration", "source": "nominal", "mass": 120, "start": 0, "cached": false, "rows": 260, "seconds": 0.54}
{"cohort": "calibration", "source": "nominal", "mass": 120, "start": 10, "cached": false, "rows": 260, "seconds": 0.55}
{"cohort": "calibration", "source": "nominal", "mass": 120, "start": 20, "cached": false, "rows": 260, "seconds": 0.54}
{"cohort": "calibration", "source": "nominal", "mass": 120, "start": 30, "cached": false, "rows": 260, "seconds": 0.55}
{"cohort": "calibration", "source": "nominal", "mass": 120, "start": 40, "cached": false, "rows": 260, "seconds": 0.55}
{"cohort": "calibration", "source": "nominal", "mass": 120, "start": 50, "cached": false, "rows": 260, "seconds": 0.54}
{"cohort": "calibration", "source": "nominal", "mass": 120, "start": 60, "cached": false, "rows": 260, "seconds": 0.55}
{"cohort": "calibration", "source": "nominal", "mass": 120, "start": 70, "cached": false, "rows": 260, "seconds": 0.55}
{"cohort": "calibration", "source": "nominal", "mass": 120, "start": 80, "cached": false, "rows": 260, "seconds": 0.55}
{"cohort": "calibration", "source": "nominal", "mass": 120, "start": 90, "cached": false, "rows": 260, "seconds": 0.54}
{"cohort": "calibration", "source": "nominal", "mass": 140, "start": 0, "cached": false, "rows": 260, "seconds": 0.55}
{"cohort": "calibration", "source": "nominal", "mass": 140, "start": 10, "cached": false, "rows": 260, "seconds": 0.56}
{"cohort": "calibration", "source": "nominal", "mass": 140, "start": 20, "cached": false, "rows": 260, "seconds": 0.54}
{"cohort": "calibration", "source": "nominal", "mass": 140, "start": 30, "cached": false, "rows": 260, "seconds": 0.55}
{"cohort": "calibration", "source": "nominal", "mass": 140, "start": 40, "cached": false, "rows": 260, "seconds": 0.54}
{"cohort": "calibration", "source": "nominal", "mass": 140, "start": 50, "cached": false, "rows": 260, "seconds": 0.55}
{"cohort": "calibration", "source": "nominal", "mass": 140, "start": 60, "cached": false, "rows": 260, "seconds": 0.57}
{"cohort": "calibration", "source": "nominal", "mass": 140, "start": 70, "cached": false, "rows": 260, "seconds": 0.57}
{"cohort": "calibration", "source": "nominal", "mass": 140, "start": 80, "cached": false, "rows": 260, "seconds": 0.58}
{"cohort": "calibration", "source": "nominal", "mass": 140, "start": 90, "cached": false, "rows": 260, "seconds": 0.58}
{"cohort": "calibration", "source": "nominal", "mass": 160, "start": 0, "cached": false, "rows": 260, "seconds": 0.66}
{"cohort": "calibration", "source": "nominal", "mass": 160, "start": 10, "cached": false, "rows": 260, "seconds": 0.65}
{"cohort": "calibration", "source": "nominal", "mass": 160, "start": 30, "cached": false, "rows": 260, "seconds": 0.56}
{"cohort": "calibration", "source": "nominal", "mass": 160, "start": 20, "cached": false, "rows": 260, "seconds": 0.58}
{"cohort": "calibration", "source": "nominal", "mass": 160, "start": 50, "cached": false, "rows": 260, "seconds": 0.58}
{"cohort": "calibration", "source": "nominal", "mass": 160, "start": 40, "cached": false, "rows": 260, "seconds": 0.59}
{"cohort": "calibration", "source": "nominal", "mass": 160, "start": 60, "cached": false, "rows": 260, "seconds": 0.59}
{"cohort": "calibration", "source": "nominal", "mass": 160, "start": 70, "cached": false, "rows": 260, "seconds": 0.59}
{"cohort": "calibration", "source": "nominal", "mass": 160, "start": 80, "cached": false, "rows": 260, "seconds": 0.59}
{"cohort": "calibration", "source": "nominal", "mass": 160, "start": 90, "cached": false, "rows": 260, "seconds": 0.59}
{"cohort": "calibration", "source": "nominal", "mass": 180, "start": 0, "cached": false, "rows": 260, "seconds": 0.6}
{"cohort": "calibration", "source": "nominal", "mass": 180, "start": 10, "cached": false, "rows": 260, "seconds": 0.6}
{"cohort": "calibration", "source": "nominal", "mass": 180, "start": 30, "cached": false, "rows": 260, "seconds": 0.58}
{"cohort": "calibration", "source": "nominal", "mass": 180, "start": 20, "cached": false, "rows": 260, "seconds": 0.59}
{"cohort": "calibration", "source": "nominal", "mass": 180, "start": 50, "cached": false, "rows": 260, "seconds": 0.59}
{"cohort": "calibration", "source": "nominal", "mass": 180, "start": 40, "cached": false, "rows": 260, "seconds": 0.6}
{"cohort": "calibration", "source": "nominal", "mass": 180, "start": 70, "cached": false, "rows": 260, "seconds": 0.61}
{"cohort": "calibration", "source": "nominal", "mass": 180, "start": 60, "cached": false, "rows": 260, "seconds": 0.62}
{"cohort": "calibration", "source": "nominal", "mass": 180, "start": 80, "cached": false, "rows": 260, "seconds": 0.62}
{"cohort": "calibration", "source": "nominal", "mass": 180, "start": 90, "cached": false, "rows": 260, "seconds": 0.62}
{"cohort": "calibration", "source": "nominal", "mass": 200, "start": 0, "cached": false, "rows": 260, "seconds": 0.64}
{"cohort": "calibration", "source": "nominal", "mass": 200, "start": 10, "cached": false, "rows": 260, "seconds": 0.63}
{"cohort": "calibration", "source": "nominal", "mass": 200, "start": 30, "cached": false, "rows": 260, "seconds": 0.62}
{"cohort": "calibration", "source": "nominal", "mass": 200, "start": 20, "cached": false, "rows": 260, "seconds": 0.62}
{"cohort": "calibration", "source": "nominal", "mass": 200, "start": 40, "cached": false, "rows": 260, "seconds": 0.61}
{"cohort": "calibration", "source": "nominal", "mass": 200, "start": 50, "cached": false, "rows": 260, "seconds": 0.62}
{"cohort": "calibration", "source": "nominal", "mass": 200, "start": 60, "cached": false, "rows": 260, "seconds": 0.63}
{"cohort": "calibration", "source": "nominal", "mass": 200, "start": 70, "cached": false, "rows": 260, "seconds": 0.63}
{"cohort": "calibration", "source": "nominal", "mass": 200, "start": 80, "cached": false, "rows": 260, "seconds": 0.61}
{"cohort": "calibration", "source": "nominal", "mass": 200, "start": 90, "cached": false, "rows": 260, "seconds": 0.62}
{"cohort": "calibration", "source": "nominal", "mass": 220, "start": 0, "cached": false, "rows": 260, "seconds": 0.64}
{"cohort": "calibration", "source": "nominal", "mass": 220, "start": 10, "cached": false, "rows": 260, "seconds": 0.65}
{"cohort": "calibration", "source": "nominal", "mass": 220, "start": 20, "cached": false, "rows": 260, "seconds": 0.62}
{"cohort": "calibration", "source": "nominal", "mass": 220, "start": 30, "cached": false, "rows": 260, "seconds": 0.61}
{"cohort": "calibration", "source": "nominal", "mass": 220, "start": 40, "cached": false, "rows": 260, "seconds": 0.59}
{"cohort": "calibration", "source": "nominal", "mass": 220, "start": 50, "cached": false, "rows": 260, "seconds": 0.6}
{"cohort": "calibration", "source": "nominal", "mass": 220, "start": 60, "cached": false, "rows": 260, "seconds": 0.6}
{"cohort": "calibration", "source": "nominal", "mass": 220, "start": 70, "cached": false, "rows": 260, "seconds": 0.59}
{"cohort": "calibration", "source": "nominal", "mass": 220, "start": 80, "cached": false, "rows": 260, "seconds": 0.6}
{"cohort": "calibration", "source": "nominal", "mass": 220, "start": 90, "cached": false, "rows": 260, "seconds": 0.61}
{"cohort": "calibration", "source": "nominal", "mass": 240, "start": 0, "cached": false, "rows": 260, "seconds": 0.62}
{"cohort": "calibration", "source": "nominal", "mass": 240, "start": 10, "cached": false, "rows": 260, "seconds": 0.62}
{"cohort": "calibration", "source": "nominal", "mass": 240, "start": 20, "cached": false, "rows": 260, "seconds": 0.61}
{"cohort": "calibration", "source": "nominal", "mass": 240, "start": 30, "cached": false, "rows": 260, "seconds": 0.61}
{"cohort": "calibration", "source": "nominal", "mass": 240, "start": 40, "cached": false, "rows": 260, "seconds": 0.61}
{"cohort": "calibration", "source": "nominal", "mass": 240, "start": 50, "cached": false, "rows": 260, "seconds": 0.61}
{"cohort": "calibration", "source": "nominal", "mass": 240, "start": 60, "cached": false, "rows": 260, "seconds": 0.61}
{"cohort": "calibration", "source": "nominal", "mass": 240, "start": 70, "cached": false, "rows": 260, "seconds": 0.61}
{"cohort": "calibration", "source": "nominal", "mass": 240, "start": 80, "cached": false, "rows": 260, "seconds": 0.62}
{"cohort": "calibration", "source": "nominal", "mass": 240, "start": 90, "cached": false, "rows": 260, "seconds": 0.61}
{"cohort": "calibration", "source": "functional", "mass": 60, "start": 0, "cached": false, "rows": 260, "seconds": 0.54}
{"cohort": "calibration", "source": "functional", "mass": 60, "start": 10, "cached": false, "rows": 260, "seconds": 0.55}
{"cohort": "calibration", "source": "functional", "mass": 60, "start": 20, "cached": false, "rows": 260, "seconds": 0.54}
{"cohort": "calibration", "source": "functional", "mass": 60, "start": 30, "cached": false, "rows": 260, "seconds": 0.56}
{"cohort": "calibration", "source": "functional", "mass": 60, "start": 40, "cached": false, "rows": 260, "seconds": 0.54}
{"cohort": "calibration", "source": "functional", "mass": 60, "start": 50, "cached": false, "rows": 260, "seconds": 0.54}
{"cohort": "calibration", "source": "functional", "mass": 60, "start": 60, "cached": false, "rows": 260, "seconds": 0.54}
{"cohort": "calibration", "source": "functional", "mass": 60, "start": 70, "cached": false, "rows": 260, "seconds": 0.54}
{"cohort": "calibration", "source": "functional", "mass": 60, "start": 80, "cached": false, "rows": 260, "seconds": 0.54}
{"cohort": "calibration", "source": "functional", "mass": 60, "start": 90, "cached": false, "rows": 260, "seconds": 0.55}
{"cohort": "calibration", "source": "functional", "mass": 80, "start": 0, "cached": false, "rows": 260, "seconds": 0.56}
{"cohort": "calibration", "source": "functional", "mass": 80, "start": 10, "cached": false, "rows": 260, "seconds": 0.56}
{"cohort": "calibration", "source": "functional", "mass": 80, "start": 20, "cached": false, "rows": 260, "seconds": 0.54}
{"cohort": "calibration", "source": "functional", "mass": 80, "start": 30, "cached": false, "rows": 260, "seconds": 0.55}
{"cohort": "calibration", "source": "functional", "mass": 80, "start": 40, "cached": false, "rows": 260, "seconds": 0.54}
{"cohort": "calibration", "source": "functional", "mass": 80, "start": 50, "cached": false, "rows": 260, "seconds": 0.55}
{"cohort": "calibration", "source": "functional", "mass": 80, "start": 60, "cached": false, "rows": 260, "seconds": 0.53}
{"cohort": "calibration", "source": "functional", "mass": 80, "start": 70, "cached": false, "rows": 260, "seconds": 0.54}
{"cohort": "calibration", "source": "functional", "mass": 80, "start": 80, "cached": false, "rows": 260, "seconds": 0.54}
{"cohort": "calibration", "source": "functional", "mass": 80, "start": 90, "cached": false, "rows": 260, "seconds": 0.55}
{"cohort": "calibration", "source": "functional", "mass": 100, "start": 0, "cached": false, "rows": 260, "seconds": 0.56}
{"cohort": "calibration", "source": "functional", "mass": 100, "start": 10, "cached": false, "rows": 260, "seconds": 0.55}
{"cohort": "calibration", "source": "functional", "mass": 100, "start": 20, "cached": false, "rows": 260, "seconds": 0.56}
{"cohort": "calibration", "source": "functional", "mass": 100, "start": 30, "cached": false, "rows": 260, "seconds": 0.56}
{"cohort": "calibration", "source": "functional", "mass": 100, "start": 40, "cached": false, "rows": 260, "seconds": 0.55}
{"cohort": "calibration", "source": "functional", "mass": 100, "start": 50, "cached": false, "rows": 260, "seconds": 0.55}
{"cohort": "calibration", "source": "functional", "mass": 100, "start": 60, "cached": false, "rows": 260, "seconds": 0.57}
{"cohort": "calibration", "source": "functional", "mass": 100, "start": 70, "cached": false, "rows": 260, "seconds": 0.55}
{"cohort": "calibration", "source": "functional", "mass": 100, "start": 80, "cached": false, "rows": 260, "seconds": 0.59}
{"cohort": "calibration", "source": "functional", "mass": 100, "start": 90, "cached": false, "rows": 260, "seconds": 0.57}
{"cohort": "calibration", "source": "functional", "mass": 120, "start": 0, "cached": false, "rows": 260, "seconds": 0.62}
{"cohort": "calibration", "source": "functional", "mass": 120, "start": 10, "cached": false, "rows": 260, "seconds": 0.62}
{"cohort": "calibration", "source": "functional", "mass": 120, "start": 20, "cached": false, "rows": 260, "seconds": 0.55}
{"cohort": "calibration", "source": "functional", "mass": 120, "start": 30, "cached": false, "rows": 260, "seconds": 0.55}
{"cohort": "calibration", "source": "functional", "mass": 120, "start": 40, "cached": false, "rows": 260, "seconds": 0.55}
{"cohort": "calibration", "source": "functional", "mass": 120, "start": 50, "cached": false, "rows": 260, "seconds": 0.54}
{"cohort": "calibration", "source": "functional", "mass": 120, "start": 60, "cached": false, "rows": 260, "seconds": 0.55}
{"cohort": "calibration", "source": "functional", "mass": 120, "start": 70, "cached": false, "rows": 260, "seconds": 0.55}
{"cohort": "calibration", "source": "functional", "mass": 120, "start": 80, "cached": false, "rows": 260, "seconds": 0.53}
{"cohort": "calibration", "source": "functional", "mass": 120, "start": 90, "cached": false, "rows": 260, "seconds": 0.54}
{"cohort": "calibration", "source": "functional", "mass": 140, "start": 0, "cached": false, "rows": 260, "seconds": 0.55}
{"cohort": "calibration", "source": "functional", "mass": 140, "start": 10, "cached": false, "rows": 260, "seconds": 0.54}
{"cohort": "calibration", "source": "functional", "mass": 140, "start": 20, "cached": false, "rows": 260, "seconds": 0.54}
{"cohort": "calibration", "source": "functional", "mass": 140, "start": 30, "cached": false, "rows": 260, "seconds": 0.57}
{"cohort": "calibration", "source": "functional", "mass": 140, "start": 40, "cached": false, "rows": 260, "seconds": 0.58}
{"cohort": "calibration", "source": "functional", "mass": 140, "start": 50, "cached": false, "rows": 260, "seconds": 0.56}
{"cohort": "calibration", "source": "functional", "mass": 140, "start": 60, "cached": false, "rows": 260, "seconds": 0.56}
{"cohort": "calibration", "source": "functional", "mass": 140, "start": 70, "cached": false, "rows": 260, "seconds": 0.57}
{"cohort": "calibration", "source": "functional", "mass": 140, "start": 80, "cached": false, "rows": 260, "seconds": 0.54}
{"cohort": "calibration", "source": "functional", "mass": 140, "start": 90, "cached": false, "rows": 260, "seconds": 0.56}
{"cohort": "calibration", "source": "functional", "mass": 160, "start": 0, "cached": false, "rows": 260, "seconds": 0.58}
{"cohort": "calibration", "source": "functional", "mass": 160, "start": 10, "cached": false, "rows": 260, "seconds": 0.56}
{"cohort": "calibration", "source": "functional", "mass": 160, "start": 20, "cached": false, "rows": 260, "seconds": 0.58}
{"cohort": "calibration", "source": "functional", "mass": 160, "start": 30, "cached": false, "rows": 260, "seconds": 0.55}
{"cohort": "calibration", "source": "functional", "mass": 160, "start": 40, "cached": false, "rows": 260, "seconds": 0.57}
{"cohort": "calibration", "source": "functional", "mass": 160, "start": 50, "cached": false, "rows": 260, "seconds": 0.57}
{"cohort": "calibration", "source": "functional", "mass": 160, "start": 60, "cached": false, "rows": 260, "seconds": 0.57}
{"cohort": "calibration", "source": "functional", "mass": 160, "start": 70, "cached": false, "rows": 260, "seconds": 0.56}
{"cohort": "calibration", "source": "functional", "mass": 160, "start": 80, "cached": false, "rows": 260, "seconds": 0.58}
{"cohort": "calibration", "source": "functional", "mass": 160, "start": 90, "cached": false, "rows": 260, "seconds": 0.58}
{"cohort": "calibration", "source": "functional", "mass": 180, "start": 0, "cached": false, "rows": 260, "seconds": 0.58}
{"cohort": "calibration", "source": "functional", "mass": 180, "start": 10, "cached": false, "rows": 260, "seconds": 0.58}
{"cohort": "calibration", "source": "functional", "mass": 180, "start": 20, "cached": false, "rows": 260, "seconds": 0.58}
{"cohort": "calibration", "source": "functional", "mass": 180, "start": 30, "cached": false, "rows": 260, "seconds": 0.57}
{"cohort": "calibration", "source": "functional", "mass": 180, "start": 40, "cached": false, "rows": 260, "seconds": 0.57}
{"cohort": "calibration", "source": "functional", "mass": 180, "start": 50, "cached": false, "rows": 260, "seconds": 0.56}
{"cohort": "calibration", "source": "functional", "mass": 180, "start": 60, "cached": false, "rows": 260, "seconds": 0.59}
{"cohort": "calibration", "source": "functional", "mass": 180, "start": 70, "cached": false, "rows": 260, "seconds": 0.59}
{"cohort": "calibration", "source": "functional", "mass": 180, "start": 80, "cached": false, "rows": 260, "seconds": 0.62}
{"cohort": "calibration", "source": "functional", "mass": 180, "start": 90, "cached": false, "rows": 260, "seconds": 0.63}
{"cohort": "calibration", "source": "functional", "mass": 200, "start": 0, "cached": false, "rows": 260, "seconds": 0.65}
{"cohort": "calibration", "source": "functional", "mass": 200, "start": 10, "cached": false, "rows": 260, "seconds": 0.66}
{"cohort": "calibration", "source": "functional", "mass": 200, "start": 20, "cached": false, "rows": 260, "seconds": 0.58}
{"cohort": "calibration", "source": "functional", "mass": 200, "start": 30, "cached": false, "rows": 260, "seconds": 0.58}
{"cohort": "calibration", "source": "functional", "mass": 200, "start": 40, "cached": false, "rows": 260, "seconds": 0.58}
{"cohort": "calibration", "source": "functional", "mass": 200, "start": 50, "cached": false, "rows": 260, "seconds": 0.58}
{"cohort": "calibration", "source": "functional", "mass": 200, "start": 60, "cached": false, "rows": 260, "seconds": 0.59}
{"cohort": "calibration", "source": "functional", "mass": 200, "start": 70, "cached": false, "rows": 260, "seconds": 0.59}
{"cohort": "calibration", "source": "functional", "mass": 200, "start": 80, "cached": false, "rows": 260, "seconds": 0.58}
{"cohort": "calibration", "source": "functional", "mass": 200, "start": 90, "cached": false, "rows": 260, "seconds": 0.58}
{"cohort": "calibration", "source": "functional", "mass": 220, "start": 0, "cached": false, "rows": 260, "seconds": 0.6}
{"cohort": "calibration", "source": "functional", "mass": 220, "start": 10, "cached": false, "rows": 260, "seconds": 0.61}
{"cohort": "calibration", "source": "functional", "mass": 220, "start": 20, "cached": false, "rows": 260, "seconds": 0.6}
{"cohort": "calibration", "source": "functional", "mass": 220, "start": 30, "cached": false, "rows": 260, "seconds": 0.61}
{"cohort": "calibration", "source": "functional", "mass": 220, "start": 40, "cached": false, "rows": 260, "seconds": 0.62}
{"cohort": "calibration", "source": "functional", "mass": 220, "start": 50, "cached": false, "rows": 260, "seconds": 0.63}
{"cohort": "calibration", "source": "functional", "mass": 220, "start": 60, "cached": false, "rows": 260, "seconds": 0.6}
{"cohort": "calibration", "source": "functional", "mass": 220, "start": 70, "cached": false, "rows": 260, "seconds": 0.6}
{"cohort": "calibration", "source": "functional", "mass": 220, "start": 80, "cached": false, "rows": 260, "seconds": 0.61}
{"cohort": "calibration", "source": "functional", "mass": 220, "start": 90, "cached": false, "rows": 260, "seconds": 0.61}
{"cohort": "calibration", "source": "functional", "mass": 240, "start": 0, "cached": false, "rows": 260, "seconds": 0.62}
{"cohort": "calibration", "source": "functional", "mass": 240, "start": 10, "cached": false, "rows": 260, "seconds": 0.62}
{"cohort": "calibration", "source": "functional", "mass": 240, "start": 20, "cached": false, "rows": 260, "seconds": 0.62}
{"cohort": "calibration", "source": "functional", "mass": 240, "start": 30, "cached": false, "rows": 260, "seconds": 0.63}
{"cohort": "calibration", "source": "functional", "mass": 240, "start": 40, "cached": false, "rows": 260, "seconds": 0.62}
{"cohort": "calibration", "source": "functional", "mass": 240, "start": 50, "cached": false, "rows": 260, "seconds": 0.63}
{"cohort": "calibration", "source": "functional", "mass": 240, "start": 60, "cached": false, "rows": 260, "seconds": 0.63}
{"cohort": "calibration", "source": "functional", "mass": 240, "start": 70, "cached": false, "rows": 260, "seconds": 0.63}
{"cohort": "calibration", "source": "functional", "mass": 240, "start": 80, "cached": false, "rows": 260, "seconds": 0.61}
{"cohort": "calibration", "source": "functional", "mass": 240, "start": 90, "cached": false, "rows": 260, "seconds": 0.61}
{"cohort": "evaluation", "source": "nominal", "mass": 60, "start": 0, "cached": false, "rows": 140, "seconds": 0.77}
{"cohort": "evaluation", "source": "nominal", "mass": 60, "start": 10, "cached": false, "rows": 140, "seconds": 0.77}
{"cohort": "evaluation", "source": "nominal", "mass": 60, "start": 20, "cached": false, "rows": 140, "seconds": 0.77}
{"cohort": "evaluation", "source": "nominal", "mass": 60, "start": 30, "cached": false, "rows": 140, "seconds": 0.79}
{"cohort": "evaluation", "source": "nominal", "mass": 60, "start": 40, "cached": false, "rows": 140, "seconds": 0.75}
{"cohort": "evaluation", "source": "nominal", "mass": 60, "start": 50, "cached": false, "rows": 140, "seconds": 0.77}
{"cohort": "evaluation", "source": "nominal", "mass": 60, "start": 60, "cached": false, "rows": 140, "seconds": 0.76}
{"cohort": "evaluation", "source": "nominal", "mass": 60, "start": 70, "cached": false, "rows": 140, "seconds": 0.77}
{"cohort": "evaluation", "source": "nominal", "mass": 60, "start": 80, "cached": false, "rows": 140, "seconds": 0.76}
{"cohort": "evaluation", "source": "nominal", "mass": 60, "start": 90, "cached": false, "rows": 140, "seconds": 0.76}
{"cohort": "evaluation", "source": "nominal", "mass": 80, "start": 0, "cached": false, "rows": 140, "seconds": 0.74}
{"cohort": "evaluation", "source": "nominal", "mass": 80, "start": 10, "cached": false, "rows": 140, "seconds": 0.75}
{"cohort": "evaluation", "source": "nominal", "mass": 80, "start": 20, "cached": false, "rows": 140, "seconds": 0.73}
{"cohort": "evaluation", "source": "nominal", "mass": 80, "start": 30, "cached": false, "rows": 140, "seconds": 0.74}
{"cohort": "evaluation", "source": "nominal", "mass": 80, "start": 40, "cached": false, "rows": 140, "seconds": 0.74}
{"cohort": "evaluation", "source": "nominal", "mass": 80, "start": 50, "cached": false, "rows": 140, "seconds": 0.74}
{"cohort": "evaluation", "source": "nominal", "mass": 80, "start": 60, "cached": false, "rows": 140, "seconds": 0.74}
{"cohort": "evaluation", "source": "nominal", "mass": 80, "start": 70, "cached": false, "rows": 140, "seconds": 0.74}
{"cohort": "evaluation", "source": "nominal", "mass": 80, "start": 80, "cached": false, "rows": 140, "seconds": 0.73}
{"cohort": "evaluation", "source": "nominal", "mass": 80, "start": 90, "cached": false, "rows": 140, "seconds": 0.75}
{"cohort": "evaluation", "source": "nominal", "mass": 100, "start": 0, "cached": false, "rows": 140, "seconds": 0.74}
{"cohort": "evaluation", "source": "nominal", "mass": 100, "start": 10, "cached": false, "rows": 140, "seconds": 0.74}
{"cohort": "evaluation", "source": "nominal", "mass": 100, "start": 20, "cached": false, "rows": 140, "seconds": 0.73}
{"cohort": "evaluation", "source": "nominal", "mass": 100, "start": 30, "cached": false, "rows": 140, "seconds": 0.74}
{"cohort": "evaluation", "source": "nominal", "mass": 100, "start": 40, "cached": false, "rows": 140, "seconds": 0.73}
{"cohort": "evaluation", "source": "nominal", "mass": 100, "start": 50, "cached": false, "rows": 140, "seconds": 0.73}
{"cohort": "evaluation", "source": "nominal", "mass": 100, "start": 60, "cached": false, "rows": 140, "seconds": 0.73}
{"cohort": "evaluation", "source": "nominal", "mass": 100, "start": 70, "cached": false, "rows": 140, "seconds": 0.74}
{"cohort": "evaluation", "source": "nominal", "mass": 100, "start": 80, "cached": false, "rows": 140, "seconds": 0.73}
{"cohort": "evaluation", "source": "nominal", "mass": 100, "start": 90, "cached": false, "rows": 140, "seconds": 0.75}
{"cohort": "evaluation", "source": "nominal", "mass": 120, "start": 0, "cached": false, "rows": 140, "seconds": 0.73}
{"cohort": "evaluation", "source": "nominal", "mass": 120, "start": 10, "cached": false, "rows": 140, "seconds": 0.74}
{"cohort": "evaluation", "source": "nominal", "mass": 120, "start": 20, "cached": false, "rows": 140, "seconds": 0.73}
{"cohort": "evaluation", "source": "nominal", "mass": 120, "start": 30, "cached": false, "rows": 140, "seconds": 0.73}
{"cohort": "evaluation", "source": "nominal", "mass": 120, "start": 40, "cached": false, "rows": 140, "seconds": 0.74}
{"cohort": "evaluation", "source": "nominal", "mass": 120, "start": 50, "cached": false, "rows": 140, "seconds": 0.75}
{"cohort": "evaluation", "source": "nominal", "mass": 120, "start": 60, "cached": false, "rows": 140, "seconds": 0.73}
{"cohort": "evaluation", "source": "nominal", "mass": 120, "start": 70, "cached": false, "rows": 140, "seconds": 0.74}
{"cohort": "evaluation", "source": "nominal", "mass": 120, "start": 80, "cached": false, "rows": 140, "seconds": 0.74}
{"cohort": "evaluation", "source": "nominal", "mass": 120, "start": 90, "cached": false, "rows": 140, "seconds": 0.82}
{"cohort": "evaluation", "source": "nominal", "mass": 140, "start": 0, "cached": false, "rows": 140, "seconds": 0.81}
{"cohort": "evaluation", "source": "nominal", "mass": 140, "start": 10, "cached": false, "rows": 140, "seconds": 0.75}
{"cohort": "evaluation", "source": "nominal", "mass": 140, "start": 20, "cached": false, "rows": 140, "seconds": 0.75}
{"cohort": "evaluation", "source": "nominal", "mass": 140, "start": 30, "cached": false, "rows": 140, "seconds": 0.76}
{"cohort": "evaluation", "source": "nominal", "mass": 140, "start": 40, "cached": false, "rows": 140, "seconds": 0.75}
{"cohort": "evaluation", "source": "nominal", "mass": 140, "start": 50, "cached": false, "rows": 140, "seconds": 0.75}
{"cohort": "evaluation", "source": "nominal", "mass": 140, "start": 60, "cached": false, "rows": 140, "seconds": 0.75}
{"cohort": "evaluation", "source": "nominal", "mass": 140, "start": 70, "cached": false, "rows": 140, "seconds": 0.77}
{"cohort": "evaluation", "source": "nominal", "mass": 140, "start": 80, "cached": false, "rows": 140, "seconds": 0.75}
{"cohort": "evaluation", "source": "nominal", "mass": 140, "start": 90, "cached": false, "rows": 140, "seconds": 0.75}
{"cohort": "evaluation", "source": "nominal", "mass": 160, "start": 0, "cached": false, "rows": 140, "seconds": 0.76}
{"cohort": "evaluation", "source": "nominal", "mass": 160, "start": 10, "cached": false, "rows": 140, "seconds": 0.76}
{"cohort": "evaluation", "source": "nominal", "mass": 160, "start": 20, "cached": false, "rows": 140, "seconds": 0.77}
{"cohort": "evaluation", "source": "nominal", "mass": 160, "start": 30, "cached": false, "rows": 140, "seconds": 0.77}
{"cohort": "evaluation", "source": "nominal", "mass": 160, "start": 40, "cached": false, "rows": 140, "seconds": 0.77}
{"cohort": "evaluation", "source": "nominal", "mass": 160, "start": 50, "cached": false, "rows": 140, "seconds": 0.78}
{"cohort": "evaluation", "source": "nominal", "mass": 160, "start": 60, "cached": false, "rows": 140, "seconds": 0.75}
{"cohort": "evaluation", "source": "nominal", "mass": 160, "start": 70, "cached": false, "rows": 140, "seconds": 0.76}
{"cohort": "evaluation", "source": "nominal", "mass": 160, "start": 80, "cached": false, "rows": 140, "seconds": 0.77}
{"cohort": "evaluation", "source": "nominal", "mass": 160, "start": 90, "cached": false, "rows": 140, "seconds": 0.77}
{"cohort": "evaluation", "source": "nominal", "mass": 180, "start": 0, "cached": false, "rows": 140, "seconds": 0.78}
{"cohort": "evaluation", "source": "nominal", "mass": 180, "start": 10, "cached": false, "rows": 140, "seconds": 0.77}
{"cohort": "evaluation", "source": "nominal", "mass": 180, "start": 20, "cached": false, "rows": 140, "seconds": 0.79}
{"cohort": "evaluation", "source": "nominal", "mass": 180, "start": 30, "cached": false, "rows": 140, "seconds": 0.8}
{"cohort": "evaluation", "source": "nominal", "mass": 180, "start": 40, "cached": false, "rows": 140, "seconds": 0.77}
{"cohort": "evaluation", "source": "nominal", "mass": 180, "start": 50, "cached": false, "rows": 140, "seconds": 0.78}
{"cohort": "evaluation", "source": "nominal", "mass": 180, "start": 60, "cached": false, "rows": 140, "seconds": 0.77}
{"cohort": "evaluation", "source": "nominal", "mass": 180, "start": 70, "cached": false, "rows": 140, "seconds": 0.77}
{"cohort": "evaluation", "source": "nominal", "mass": 180, "start": 80, "cached": false, "rows": 140, "seconds": 0.78}
{"cohort": "evaluation", "source": "nominal", "mass": 180, "start": 90, "cached": false, "rows": 140, "seconds": 0.78}
{"cohort": "evaluation", "source": "nominal", "mass": 200, "start": 0, "cached": false, "rows": 140, "seconds": 0.78}
{"cohort": "evaluation", "source": "nominal", "mass": 200, "start": 10, "cached": false, "rows": 140, "seconds": 0.79}
{"cohort": "evaluation", "source": "nominal", "mass": 200, "start": 20, "cached": false, "rows": 140, "seconds": 0.79}
{"cohort": "evaluation", "source": "nominal", "mass": 200, "start": 30, "cached": false, "rows": 140, "seconds": 0.8}
{"cohort": "evaluation", "source": "nominal", "mass": 200, "start": 40, "cached": false, "rows": 140, "seconds": 0.78}
{"cohort": "evaluation", "source": "nominal", "mass": 200, "start": 50, "cached": false, "rows": 140, "seconds": 0.79}
{"cohort": "evaluation", "source": "nominal", "mass": 200, "start": 60, "cached": false, "rows": 140, "seconds": 0.8}
{"cohort": "evaluation", "source": "nominal", "mass": 200, "start": 70, "cached": false, "rows": 140, "seconds": 0.81}
{"cohort": "evaluation", "source": "nominal", "mass": 200, "start": 80, "cached": false, "rows": 140, "seconds": 0.8}
{"cohort": "evaluation", "source": "nominal", "mass": 200, "start": 90, "cached": false, "rows": 140, "seconds": 0.79}
{"cohort": "evaluation", "source": "nominal", "mass": 220, "start": 0, "cached": false, "rows": 140, "seconds": 0.82}
{"cohort": "evaluation", "source": "nominal", "mass": 220, "start": 10, "cached": false, "rows": 140, "seconds": 0.83}
{"cohort": "evaluation", "source": "nominal", "mass": 220, "start": 20, "cached": false, "rows": 140, "seconds": 0.83}
{"cohort": "evaluation", "source": "nominal", "mass": 220, "start": 30, "cached": false, "rows": 140, "seconds": 0.82}
{"cohort": "evaluation", "source": "nominal", "mass": 220, "start": 40, "cached": false, "rows": 140, "seconds": 0.81}
{"cohort": "evaluation", "source": "nominal", "mass": 220, "start": 50, "cached": false, "rows": 140, "seconds": 0.83}
{"cohort": "evaluation", "source": "nominal", "mass": 220, "start": 60, "cached": false, "rows": 140, "seconds": 0.81}
{"cohort": "evaluation", "source": "nominal", "mass": 220, "start": 70, "cached": false, "rows": 140, "seconds": 0.82}
{"cohort": "evaluation", "source": "nominal", "mass": 220, "start": 80, "cached": false, "rows": 140, "seconds": 0.82}
{"cohort": "evaluation", "source": "nominal", "mass": 220, "start": 90, "cached": false, "rows": 140, "seconds": 0.83}
{"cohort": "evaluation", "source": "nominal", "mass": 240, "start": 0, "cached": false, "rows": 140, "seconds": 0.84}
{"cohort": "evaluation", "source": "nominal", "mass": 240, "start": 10, "cached": false, "rows": 140, "seconds": 0.84}
{"cohort": "evaluation", "source": "nominal", "mass": 240, "start": 20, "cached": false, "rows": 140, "seconds": 0.85}
{"cohort": "evaluation", "source": "nominal", "mass": 240, "start": 30, "cached": false, "rows": 140, "seconds": 0.85}
{"cohort": "evaluation", "source": "nominal", "mass": 240, "start": 40, "cached": false, "rows": 140, "seconds": 0.86}
{"cohort": "evaluation", "source": "nominal", "mass": 240, "start": 50, "cached": false, "rows": 140, "seconds": 0.9}
{"cohort": "evaluation", "source": "nominal", "mass": 240, "start": 60, "cached": false, "rows": 140, "seconds": 0.92}
{"cohort": "evaluation", "source": "nominal", "mass": 240, "start": 70, "cached": false, "rows": 140, "seconds": 0.85}
{"cohort": "evaluation", "source": "nominal", "mass": 240, "start": 80, "cached": false, "rows": 140, "seconds": 0.85}
{"cohort": "evaluation", "source": "nominal", "mass": 240, "start": 90, "cached": false, "rows": 140, "seconds": 0.86}
{"cohort": "evaluation", "source": "functional", "mass": 60, "start": 0, "cached": false, "rows": 80, "seconds": 0.63}
{"cohort": "evaluation", "source": "functional", "mass": 60, "start": 10, "cached": false, "rows": 80, "seconds": 0.63}
{"cohort": "evaluation", "source": "functional", "mass": 60, "start": 20, "cached": false, "rows": 80, "seconds": 0.64}
{"cohort": "evaluation", "source": "functional", "mass": 60, "start": 30, "cached": false, "rows": 80, "seconds": 0.66}
{"cohort": "evaluation", "source": "functional", "mass": 60, "start": 40, "cached": false, "rows": 80, "seconds": 0.63}
{"cohort": "evaluation", "source": "functional", "mass": 60, "start": 50, "cached": false, "rows": 80, "seconds": 0.65}
{"cohort": "evaluation", "source": "functional", "mass": 60, "start": 60, "cached": false, "rows": 80, "seconds": 0.64}
{"cohort": "evaluation", "source": "functional", "mass": 60, "start": 70, "cached": false, "rows": 80, "seconds": 0.65}
{"cohort": "evaluation", "source": "functional", "mass": 60, "start": 80, "cached": false, "rows": 80, "seconds": 0.63}
{"cohort": "evaluation", "source": "functional", "mass": 60, "start": 90, "cached": false, "rows": 80, "seconds": 0.65}
{"cohort": "evaluation", "source": "functional", "mass": 80, "start": 0, "cached": false, "rows": 80, "seconds": 0.61}
{"cohort": "evaluation", "source": "functional", "mass": 80, "start": 10, "cached": false, "rows": 80, "seconds": 0.62}
{"cohort": "evaluation", "source": "functional", "mass": 80, "start": 20, "cached": false, "rows": 80, "seconds": 0.61}
{"cohort": "evaluation", "source": "functional", "mass": 80, "start": 30, "cached": false, "rows": 80, "seconds": 0.63}
{"cohort": "evaluation", "source": "functional", "mass": 80, "start": 40, "cached": false, "rows": 80, "seconds": 0.62}
{"cohort": "evaluation", "source": "functional", "mass": 80, "start": 50, "cached": false, "rows": 80, "seconds": 0.61}
{"cohort": "evaluation", "source": "functional", "mass": 80, "start": 60, "cached": false, "rows": 80, "seconds": 0.61}
{"cohort": "evaluation", "source": "functional", "mass": 80, "start": 70, "cached": false, "rows": 80, "seconds": 0.62}
{"cohort": "evaluation", "source": "functional", "mass": 80, "start": 80, "cached": false, "rows": 80, "seconds": 0.6}
{"cohort": "evaluation", "source": "functional", "mass": 80, "start": 90, "cached": false, "rows": 80, "seconds": 0.62}
{"cohort": "evaluation", "source": "functional", "mass": 100, "start": 0, "cached": false, "rows": 80, "seconds": 0.59}
{"cohort": "evaluation", "source": "functional", "mass": 100, "start": 10, "cached": false, "rows": 80, "seconds": 0.6}
{"cohort": "evaluation", "source": "functional", "mass": 100, "start": 20, "cached": false, "rows": 80, "seconds": 0.58}
{"cohort": "evaluation", "source": "functional", "mass": 100, "start": 30, "cached": false, "rows": 80, "seconds": 0.6}
{"cohort": "evaluation", "source": "functional", "mass": 100, "start": 40, "cached": false, "rows": 80, "seconds": 0.6}
{"cohort": "evaluation", "source": "functional", "mass": 100, "start": 50, "cached": false, "rows": 80, "seconds": 0.6}
{"cohort": "evaluation", "source": "functional", "mass": 100, "start": 60, "cached": false, "rows": 80, "seconds": 0.59}
{"cohort": "evaluation", "source": "functional", "mass": 100, "start": 70, "cached": false, "rows": 80, "seconds": 0.6}
{"cohort": "evaluation", "source": "functional", "mass": 100, "start": 80, "cached": false, "rows": 80, "seconds": 0.59}
{"cohort": "evaluation", "source": "functional", "mass": 100, "start": 90, "cached": false, "rows": 80, "seconds": 0.6}
{"cohort": "evaluation", "source": "functional", "mass": 120, "start": 0, "cached": false, "rows": 80, "seconds": 0.62}
{"cohort": "evaluation", "source": "functional", "mass": 120, "start": 10, "cached": false, "rows": 80, "seconds": 0.62}
{"cohort": "evaluation", "source": "functional", "mass": 120, "start": 20, "cached": false, "rows": 80, "seconds": 0.61}
{"cohort": "evaluation", "source": "functional", "mass": 120, "start": 30, "cached": false, "rows": 80, "seconds": 0.63}
{"cohort": "evaluation", "source": "functional", "mass": 120, "start": 40, "cached": false, "rows": 80, "seconds": 0.62}
{"cohort": "evaluation", "source": "functional", "mass": 120, "start": 50, "cached": false, "rows": 80, "seconds": 0.71}
{"cohort": "evaluation", "source": "functional", "mass": 120, "start": 60, "cached": false, "rows": 80, "seconds": 0.69}
{"cohort": "evaluation", "source": "functional", "mass": 120, "start": 70, "cached": false, "rows": 80, "seconds": 0.62}
{"cohort": "evaluation", "source": "functional", "mass": 120, "start": 80, "cached": false, "rows": 80, "seconds": 0.61}
{"cohort": "evaluation", "source": "functional", "mass": 120, "start": 90, "cached": false, "rows": 80, "seconds": 0.64}
{"cohort": "evaluation", "source": "functional", "mass": 140, "start": 0, "cached": false, "rows": 80, "seconds": 0.62}
{"cohort": "evaluation", "source": "functional", "mass": 140, "start": 10, "cached": false, "rows": 80, "seconds": 0.63}
{"cohort": "evaluation", "source": "functional", "mass": 140, "start": 20, "cached": false, "rows": 80, "seconds": 0.62}
{"cohort": "evaluation", "source": "functional", "mass": 140, "start": 30, "cached": false, "rows": 80, "seconds": 0.63}
{"cohort": "evaluation", "source": "functional", "mass": 140, "start": 40, "cached": false, "rows": 80, "seconds": 0.61}
{"cohort": "evaluation", "source": "functional", "mass": 140, "start": 50, "cached": false, "rows": 80, "seconds": 0.62}
{"cohort": "evaluation", "source": "functional", "mass": 140, "start": 60, "cached": false, "rows": 80, "seconds": 0.62}
{"cohort": "evaluation", "source": "functional", "mass": 140, "start": 70, "cached": false, "rows": 80, "seconds": 0.63}
{"cohort": "evaluation", "source": "functional", "mass": 140, "start": 80, "cached": false, "rows": 80, "seconds": 0.64}
{"cohort": "evaluation", "source": "functional", "mass": 140, "start": 90, "cached": false, "rows": 80, "seconds": 0.65}
{"cohort": "evaluation", "source": "functional", "mass": 160, "start": 0, "cached": false, "rows": 80, "seconds": 0.65}
{"cohort": "evaluation", "source": "functional", "mass": 160, "start": 10, "cached": false, "rows": 80, "seconds": 0.62}
{"cohort": "evaluation", "source": "functional", "mass": 160, "start": 20, "cached": false, "rows": 80, "seconds": 0.62}
{"cohort": "evaluation", "source": "functional", "mass": 160, "start": 30, "cached": false, "rows": 80, "seconds": 0.62}
{"cohort": "evaluation", "source": "functional", "mass": 160, "start": 40, "cached": false, "rows": 80, "seconds": 0.62}
{"cohort": "evaluation", "source": "functional", "mass": 160, "start": 50, "cached": false, "rows": 80, "seconds": 0.62}
{"cohort": "evaluation", "source": "functional", "mass": 160, "start": 60, "cached": false, "rows": 80, "seconds": 0.61}
{"cohort": "evaluation", "source": "functional", "mass": 160, "start": 70, "cached": false, "rows": 80, "seconds": 0.64}
{"cohort": "evaluation", "source": "functional", "mass": 160, "start": 80, "cached": false, "rows": 80, "seconds": 0.63}
{"cohort": "evaluation", "source": "functional", "mass": 160, "start": 90, "cached": false, "rows": 80, "seconds": 0.62}
{"cohort": "evaluation", "source": "functional", "mass": 180, "start": 0, "cached": false, "rows": 80, "seconds": 0.64}
{"cohort": "evaluation", "source": "functional", "mass": 180, "start": 10, "cached": false, "rows": 80, "seconds": 0.65}
{"cohort": "evaluation", "source": "functional", "mass": 180, "start": 20, "cached": false, "rows": 80, "seconds": 0.66}
{"cohort": "evaluation", "source": "functional", "mass": 180, "start": 30, "cached": false, "rows": 80, "seconds": 0.63}
{"cohort": "evaluation", "source": "functional", "mass": 180, "start": 40, "cached": false, "rows": 80, "seconds": 0.64}
{"cohort": "evaluation", "source": "functional", "mass": 180, "start": 50, "cached": false, "rows": 80, "seconds": 0.65}
{"cohort": "evaluation", "source": "functional", "mass": 180, "start": 60, "cached": false, "rows": 80, "seconds": 0.63}
{"cohort": "evaluation", "source": "functional", "mass": 180, "start": 70, "cached": false, "rows": 80, "seconds": 0.65}
{"cohort": "evaluation", "source": "functional", "mass": 180, "start": 80, "cached": false, "rows": 80, "seconds": 0.63}
{"cohort": "evaluation", "source": "functional", "mass": 180, "start": 90, "cached": false, "rows": 80, "seconds": 0.62}
{"cohort": "evaluation", "source": "functional", "mass": 200, "start": 0, "cached": false, "rows": 80, "seconds": 0.64}
{"cohort": "evaluation", "source": "functional", "mass": 200, "start": 10, "cached": false, "rows": 80, "seconds": 0.65}
{"cohort": "evaluation", "source": "functional", "mass": 200, "start": 20, "cached": false, "rows": 80, "seconds": 0.64}
{"cohort": "evaluation", "source": "functional", "mass": 200, "start": 30, "cached": false, "rows": 80, "seconds": 0.64}
{"cohort": "evaluation", "source": "functional", "mass": 200, "start": 40, "cached": false, "rows": 80, "seconds": 0.64}
{"cohort": "evaluation", "source": "functional", "mass": 200, "start": 50, "cached": false, "rows": 80, "seconds": 0.64}
{"cohort": "evaluation", "source": "functional", "mass": 200, "start": 60, "cached": false, "rows": 80, "seconds": 0.63}
{"cohort": "evaluation", "source": "functional", "mass": 200, "start": 70, "cached": false, "rows": 80, "seconds": 0.64}
{"cohort": "evaluation", "source": "functional", "mass": 200, "start": 80, "cached": false, "rows": 80, "seconds": 0.64}
{"cohort": "evaluation", "source": "functional", "mass": 200, "start": 90, "cached": false, "rows": 80, "seconds": 0.65}
{"cohort": "evaluation", "source": "functional", "mass": 220, "start": 0, "cached": false, "rows": 80, "seconds": 0.65}
{"cohort": "evaluation", "source": "functional", "mass": 220, "start": 10, "cached": false, "rows": 80, "seconds": 0.66}
{"cohort": "evaluation", "source": "functional", "mass": 220, "start": 20, "cached": false, "rows": 80, "seconds": 0.65}
{"cohort": "evaluation", "source": "functional", "mass": 220, "start": 30, "cached": false, "rows": 80, "seconds": 0.65}
{"cohort": "evaluation", "source": "functional", "mass": 220, "start": 40, "cached": false, "rows": 80, "seconds": 0.66}
{"cohort": "evaluation", "source": "functional", "mass": 220, "start": 50, "cached": false, "rows": 80, "seconds": 0.65}
{"cohort": "evaluation", "source": "functional", "mass": 220, "start": 60, "cached": false, "rows": 80, "seconds": 0.65}
{"cohort": "evaluation", "source": "functional", "mass": 220, "start": 70, "cached": false, "rows": 80, "seconds": 0.67}
{"cohort": "evaluation", "source": "functional", "mass": 220, "start": 80, "cached": false, "rows": 80, "seconds": 0.65}
{"cohort": "evaluation", "source": "functional", "mass": 220, "start": 90, "cached": false, "rows": 80, "seconds": 0.65}
{"cohort": "evaluation", "source": "functional", "mass": 240, "start": 0, "cached": false, "rows": 80, "seconds": 0.68}
{"cohort": "evaluation", "source": "functional", "mass": 240, "start": 10, "cached": false, "rows": 80, "seconds": 0.69}
{"cohort": "evaluation", "source": "functional", "mass": 240, "start": 20, "cached": false, "rows": 80, "seconds": 0.69}
{"cohort": "evaluation", "source": "functional", "mass": 240, "start": 30, "cached": false, "rows": 80, "seconds": 0.75}
{"cohort": "evaluation", "source": "functional", "mass": 240, "start": 40, "cached": false, "rows": 80, "seconds": 0.76}
{"cohort": "evaluation", "source": "functional", "mass": 240, "start": 50, "cached": false, "rows": 80, "seconds": 0.69}
{"cohort": "evaluation", "source": "functional", "mass": 240, "start": 60, "cached": false, "rows": 80, "seconds": 0.69}
{"cohort": "evaluation", "source": "functional", "mass": 240, "start": 70, "cached": false, "rows": 80, "seconds": 0.69}
{"cohort": "evaluation", "source": "functional", "mass": 240, "start": 80, "cached": false, "rows": 80, "seconds": 0.69}
{"cohort": "evaluation", "source": "functional", "mass": 240, "start": 90, "cached": false, "rows": 80, "seconds": 0.68}
