window   scope
guard    2015      574
         2016      959
         2021     1407
primary  2015      574
         2016      994
         2021     1407
 window scope  kappa  mass_MeV       Z0  p0_fixed_mass  display_epsilon2_90
  guard  2015    1.1        93 3.516680       0.000218             0.000146
  guard  2015    1.2        93 3.511474       0.000223             0.000146
  guard  2015    1.3        93 3.506155       0.000227             0.000146
  guard  2015    1.0        93 3.521789       0.000214             0.000145
  guard  2016    1.1        91 3.466474       0.000264             0.000014
  guard  2016    1.2        91 3.465820       0.000264             0.000014
  guard  2016    1.3        91 3.465130       0.000265             0.000014
  guard  2016    1.0        91 3.467141       0.000263             0.000014
  guard  2021    1.1        78 2.760737       0.002884             0.000006
  guard  2021    1.2        78 2.758279       0.002905             0.000007
  guard  2021    1.3        78 2.755639       0.002929             0.000007
  guard  2021    1.0        78 2.763017       0.002863             0.000006
primary  2015    1.1        51 3.139248       0.000847             0.000026
primary  2015    1.2        51 3.139258       0.000847             0.000026
primary  2015    1.3        51 3.139269       0.000847             0.000027
primary  2015    1.0        51 3.139237       0.000847             0.000026
primary  2016    1.1        90 3.424752       0.000308             0.000013
primary  2016    1.2        90 3.424752       0.000308             0.000013
primary  2016    1.3        90 3.424752       0.000308             0.000013
primary  2016    1.0        90 3.424752       0.000308             0.000013
primary  2021    1.1        78 2.808645       0.002488             0.000006
primary  2021    1.2        78 2.808645       0.002488             0.000006
primary  2021    1.3        78 2.808645       0.002488             0.000006
primary  2021    1.0        78 2.808645       0.002488             0.000006
leakage 2015 51
leakage 2015 92
leakage 2016 90
leakage 2016 92
leakage 2021 78
leakage 2021 92
{
  "passed": true,
  "passed_checks": 102,
  "total_checks": 102,
  "report": "/Users/emryspeets/Desktop/gp_mods/hps-gpr-emrys-validation_workflow/study_results/v5p9_tail_structure_20260921/qa/validation.json",
  "failed": []
}
{"ok": true, "cells": 6}
Created 10 vector/PNG figures and 6 tables.
note: using only cached resource files
note: Running TeX ...
note: Rerunning TeX because "report.out" changed ...
note: Running xdvipdfmx ...
note: Writing `report.pdf` (361.08 KiB)
note: Writing `report.log` (22.13 KiB)
note: Skipped writing 2 intermediate files (use --keep-intermediates to keep them)
{
  "pages": 15,
  "pdf_sha256": "9e59cdcc8d0547133aebde28cbc025e1b79e6103421a283a38aea5fa056794d9",
  "outside_page_blocks": [],
  "minimum_page_text_characters": 730,
  "unresolved_references": false,
  "overfull_boxes": false,
  "all_main_numbers_present": true,
  "manual_visual_review": "Required separately; not inferred from this script.",
  "passed": true
}
