2021 50 new rows 14 seconds 0.1
2021 60 new rows 154 seconds 1.1
2021 70 new rows 294 seconds 2.1
2021 80 new rows 434 seconds 3.1
2021 90 new rows 574 seconds 4.1
2021 100 new rows 714 seconds 5.1
2021 110 new rows 854 seconds 6.1
2021 120 new rows 994 seconds 7.1
2021 130 new rows 1134 seconds 8.0
2021 140 new rows 1274 seconds 9.0
2021 150 new rows 1414 seconds 10.0
2021 160 new rows 1554 seconds 11.0
2021 170 new rows 1694 seconds 12.0
2021 180 new rows 1834 seconds 13.1
2021 190 new rows 1974 seconds 14.1
2021 200 new rows 2114 seconds 15.2
2021 210 new rows 2254 seconds 16.2
2021 220 new rows 2394 seconds 17.3
2021 230 new rows 2534 seconds 18.5
2021 240 new rows 2674 seconds 19.8
2021 250 new rows 2814 seconds 20.9
