   scope  mass_MeV  local_rank_count  local_p   k    N        p  fraction      low     high        Z  independent_empirical_p  correlation_reduction_vs_independent_fraction  N_MC_resolution  N_legacy_resolution  N_toy_equivalent  N_toy_equivalent_low  N_toy_equivalent_high  MC_resolution_linear_p  MC_resolution_sidak_p  legacy_resolution_linear_p  local_map_floor
    2016        91                 2 0.001951  89 1024 0.087805  0.086914 0.070379 0.105867 1.354397                 0.173690                                       0.086776        31.156310            29.332092         47.053483             37.364714              57.293362                0.060793               0.059038                    0.057233            False
    2021        67                 3 0.002927 231 1024 0.226341  0.225586 0.200316 0.252444 0.750950                 0.418189                                       0.192603        65.056314            47.292948         87.551721             76.263947              99.260820                0.190409               0.173610                    0.138418            False
combined        68                 1 0.000976  75 1024 0.074146  0.073242 0.058042 0.090947 1.445588                 0.133050                                       0.059808              NaN                  NaN         78.926544             61.259784              97.688197                     NaN                    NaN                         NaN             True
note: using only cached resource files
note: Running TeX ...
note: Rerunning TeX because "report.aux" changed ...
note: Running xdvipdfmx ...
note: Writing `/private/tmp/v645_portable_t0f9mutj/study/pdf/report.log` (19.28 KiB)
note: Writing `/private/tmp/v645_portable_t0f9mutj/study/pdf/report.pdf` (306.64 KiB)
note: Skipped writing 2 intermediate files (use --keep-intermediates to keep them)
{
  "passed": true,
  "checks": 398,
  "pages": 12,
  "first_nine_parent_pages_preserved_except_date_and_version": true,
  "pdf_sha256": "8d037ba85e4503c20a82323becdeef97f162e40337dccf22ae607d037662354c",
  "failed_checks": [],
  "visual_review_passed": false,
  "visual_review": "Pending inspection of the three new rendered pages; original nine pages verified against the visually reviewed parent."
}
