 30 N=    84 c-m=+1.8189 sd=0.7655 sigma=0.363 F2=0.228 valid=False boot=34/64
 35 N=  2603 c-m=+0.2764 sd=0.0880 sigma=0.913 F2=0.708 valid=True boot=64/64
 40 N= 12196 c-m=-0.1114 sd=0.0616 sigma=1.560 F2=0.900 valid=True boot=64/64
 45 N= 46316 c-m=-0.0805 sd=0.0589 sigma=1.641 F2=0.892 valid=True boot=64/64
 50 N= 91802 c-m=-0.1157 sd=0.0224 sigma=1.967 F2=0.918 valid=True boot=64/64
 55 N=139637 c-m=-0.1115 sd=0.0206 sigma=2.208 F2=0.927 valid=True boot=64/64
 60 N=188657 c-m=-0.1879 sd=0.0284 sigma=2.274 F2=0.916 valid=True boot=64/64
 65 N=221366 c-m=-0.1669 sd=0.0258 sigma=2.500 F2=0.919 valid=True boot=64/64
 70 N=245676 c-m=-0.1615 sd=0.0330 sigma=2.751 F2=0.926 valid=True boot=64/64
 75 N=280200 c-m=-0.2380 sd=0.0242 sigma=2.847 F2=0.918 valid=True boot=64/64
 80 N=277884 c-m=-0.2864 sd=0.0273 sigma=3.094 F2=0.923 valid=True boot=64/64
 85 N=273602 c-m=-0.2650 sd=0.0263 sigma=3.194 F2=0.915 valid=True boot=64/64
 90 N=273665 c-m=-0.2717 sd=0.0350 sigma=3.447 F2=0.919 valid=True boot=64/64
 95 N=309188 c-m=-0.2563 sd=0.0356 sigma=3.670 F2=0.920 valid=True boot=64/64
100 N=290224 c-m=-0.3092 sd=0.0339 sigma=4.055 F2=0.929 valid=True boot=64/64
105 N=172514 c-m=-0.2694 sd=0.0462 sigma=4.145 F2=0.922 valid=True boot=64/64
110 N=148579 c-m=-0.3801 sd=0.0531 sigma=4.317 F2=0.920 valid=True boot=64/64
115 N=124340 c-m=-0.4037 sd=0.0761 sigma=4.510 F2=0.918 valid=True boot=64/64
120 N=114544 c-m=-0.5189 sd=0.0618 sigma=4.683 F2=0.915 valid=True boot=64/64
125 N=108179 c-m=-0.5885 sd=0.0748 sigma=5.209 F2=0.931 valid=True boot=64/64
130 N= 85681 c-m=-0.5731 sd=0.0807 sigma=5.355 F2=0.928 valid=True boot=64/64
135 N= 81070 c-m=-0.4512 sd=0.0734 sigma=5.811 F2=0.937 valid=True boot=64/64
140 N= 70169 c-m=-0.3299 sd=0.1002 sigma=5.398 F2=0.904 valid=True boot=64/64
145 N= 58314 c-m=-0.6456 sd=0.1004 sigma=6.121 F2=0.929 valid=True boot=64/64
155 N= 23967 c-m=-0.7319 sd=0.1910 sigma=6.696 F2=0.935 valid=True boot=64/64
160 N= 30696 c-m=-1.0165 sd=0.1810 sigma=6.574 F2=0.921 valid=True boot=64/64
165 N= 34356 c-m=-0.7805 sd=0.1513 sigma=7.069 F2=0.931 valid=True boot=64/64
170 N= 31571 c-m=-0.7414 sd=0.2152 sigma=6.738 F2=0.916 valid=True boot=64/64
175 N= 33055 c-m=-0.7277 sd=0.1871 sigma=7.056 F2=0.922 valid=True boot=64/64
