Loading configuration from study_results/v4p2_followups_20260806/pseudo65/gp_window_ensemble_20260806/configs/config_window_3p0_draw_01.yaml
Output directory: study_results/v4p2_followups_20260806/pseudo65/gp_window_ensemble_20260806/central_repeat/window_3p0/draw_01/attempt_02
Enabled datasets: ['2021']
  2021: range=[0.050,0.250]  sigma: σ(m)=0.00185*m^0 + -0.00137*m^1 + 0.0859*m^2  frad: f(m)=0.05*m^0  penalty=on(4.6%)

Validating datasets...
[validate] wrote study_results/v4p2_followups_20260806/pseudo65/gp_window_ensemble_20260806/central_repeat/window_3p0/draw_01/attempt_02/validation_report.json

Running scan...
[scan] testing mass hypothesis 0.055 GeV
[scan] testing mass hypothesis 0.056 GeV
[scan] testing mass hypothesis 0.058 GeV
[scan] testing mass hypothesis 0.059 GeV
[scan] testing mass hypothesis 0.057 GeV
[scan] testing mass hypothesis 0.060 GeV
/Users/emryspeets/Library/Python/3.9/lib/python/site-packages/sklearn/gaussian_process/_gpr.py:660: ConvergenceWarning: lbfgs failed to converge (status=2):
ABNORMAL_TERMINATION_IN_LNSRCH.

Increase the number of iterations (max_iter) or scale the data as shown in:
    https://scikit-learn.org/stable/modules/preprocessing.html
  _check_optimize_result("lbfgs", opt_res)
[scan] testing mass hypothesis 0.061 GeV
[scan] testing mass hypothesis 0.062 GeV
[scan] testing mass hypothesis 0.063 GeV
[scan] testing mass hypothesis 0.064 GeV
[scan] testing mass hypothesis 0.065 GeV
[scan] testing mass hypothesis 0.066 GeV
[scan] testing mass hypothesis 0.067 GeV
[scan] testing mass hypothesis 0.068 GeV
[scan] testing mass hypothesis 0.069 GeV
[scan] testing mass hypothesis 0.070 GeV
[scan] testing mass hypothesis 0.071 GeV
[scan] testing mass hypothesis 0.072 GeV
[scan] testing mass hypothesis 0.073 GeV
[scan] testing mass hypothesis 0.074 GeV
[scan] testing mass hypothesis 0.075 GeV
/Users/emryspeets/Library/Python/3.9/lib/python/site-packages/sklearn/gaussian_process/_gpr.py:660: ConvergenceWarning: lbfgs failed to converge (status=2):
ABNORMAL_TERMINATION_IN_LNSRCH.

Increase the number of iterations (max_iter) or scale the data as shown in:
    https://scikit-learn.org/stable/modules/preprocessing.html
  _check_optimize_result("lbfgs", opt_res)
/Users/emryspeets/Library/Python/3.9/lib/python/site-packages/sklearn/gaussian_process/_gpr.py:660: ConvergenceWarning: lbfgs failed to converge (status=2):
ABNORMAL_TERMINATION_IN_LNSRCH.

Increase the number of iterations (max_iter) or scale the data as shown in:
    https://scikit-learn.org/stable/modules/preprocessing.html
  _check_optimize_result("lbfgs", opt_res)
/Users/emryspeets/Library/Python/3.9/lib/python/site-packages/sklearn/gaussian_process/_gpr.py:660: ConvergenceWarning: lbfgs failed to converge (status=2):
ABNORMAL_TERMINATION_IN_LNSRCH.

Increase the number of iterations (max_iter) or scale the data as shown in:
    https://scikit-learn.org/stable/modules/preprocessing.html
  _check_optimize_result("lbfgs", opt_res)
Wrote: study_results/v4p2_followups_20260806/pseudo65/gp_window_ensemble_20260806/central_repeat/window_3p0/draw_01/attempt_02/results_single.csv
Wrote: study_results/v4p2_followups_20260806/pseudo65/gp_window_ensemble_20260806/central_repeat/window_3p0/draw_01/attempt_02/results_combined.csv
Wrote: study_results/v4p2_followups_20260806/pseudo65/gp_window_ensemble_20260806/central_repeat/window_3p0/draw_01/attempt_02/combined.csv

Scan complete!
