{
  "common_grid": [
    155,
    250,
    96
  ],
  "n_both_below_005": 0,
  "n_both_below_01": 0,
  "min_bonferroni": 1.0,
  "competitive": {
    "hps_limit": {
      "central_nodes": [],
      "robust_nodes": [],
      "possible_nodes": [],
      "ratio_min": 1.8352556298735379,
      "ratio_median": 18.79867928112987,
      "ratio_max": 77.68030775812414
    },
    "hps_2021_full_observed_equivalent": {
      "central_nodes": [
        [
          155.0,
          155.0
        ],
        [
          158.0,
          159.0
        ],
        [
          166.0,
          166.0
        ],
        [
          169.0,
          170.0
        ],
        [
          174.0,
          174.0
        ]
      ],
      "robust_nodes": [
        [
          158.0,
          158.0
        ],
        [
          166.0,
          166.0
        ],
        [
          170.0,
          170.0
        ]
      ],
      "possible_nodes": [
        [
          155.0,
          155.0
        ],
        [
          157.0,
          159.0
        ],
        [
          162.0,
          162.0
        ],
        [
          165.0,
          167.0
        ],
        [
          169.0,
          171.0
        ],
        [
          173.0,
          175.0
        ]
      ],
      "ratio_min": 0.5818373648564008,
      "ratio_median": 5.944664353138716,
      "ratio_max": 24.56467018585204
    },
    "hps_combined_full_observed_equivalent": {
      "central_nodes": [
        [
          155.0,
          155.0
        ],
        [
          158.0,
          158.0
        ],
        [
          166.0,
          166.0
        ],
        [
          169.0,
          170.0
        ],
        [
          174.0,
          174.0
        ]
      ],
      "robust_nodes": [
        [
          166.0,
          166.0
        ],
        [
          170.0,
          170.0
        ]
      ],
      "possible_nodes": [
        [
          155.0,
          155.0
        ],
        [
          157.0,
          159.0
        ],
        [
          165.0,
          167.0
        ],
        [
          169.0,
          171.0
        ],
        [
          173.0,
          175.0
        ]
      ],
      "ratio_min": 0.5924316819001815,
      "ratio_median": 5.943200833955622,
      "ratio_max": 24.564675742527733
    },
    "hps_four_current": {
      "central_nodes": [],
      "robust_nodes": [],
      "possible_nodes": [],
      "ratio_min": 1.5967632588250766,
      "ratio_median": 18.2196365127542,
      "ratio_max": 79.29755114359135
    },
    "hps_four_full_equivalent": {
      "central_nodes": [
        [
          155.0,
          159.0
        ],
        [
          162.0,
          162.0
        ],
        [
          165.0,
          167.0
        ],
        [
          169.0,
          171.0
        ],
        [
          174.0,
          175.0
        ]
      ],
      "robust_nodes": [
        [
          155.0,
          155.0
        ],
        [
          157.0,
          159.0
        ],
        [
          166.0,
          166.0
        ],
        [
          170.0,
          170.0
        ],
        [
          174.0,
          175.0
        ]
      ],
      "possible_nodes": [
        [
          155.0,
          162.0
        ],
        [
          165.0,
          167.0
        ],
        [
          169.0,
          171.0
        ],
        [
          173.0,
          176.0
        ]
      ],
      "ratio_min": 0.40800794568285675,
      "ratio_median": 4.530464284053675,
      "ratio_max": 19.048125883065598
    }
  }
}
APEX minima:
   mass_MeV   apex_p  hps_p_interp   apex_limit
229.249157 0.036670      0.499982 6.308452e-07
214.365456 0.050045      0.403087 5.276700e-07
217.900335 0.058032      0.500000 5.172244e-07
251.946802 0.070873           NaN 1.364255e-06
241.900303 0.074643      0.397531 7.678142e-07
263.109577 0.096010           NaN 3.179129e-06
186.830609 0.131514      0.368921 5.796362e-07
245.807275 0.131514      0.238262 8.416112e-07
166.365520 0.141097      0.498734 1.314478e-06
HPS peaks:
            lane  mass_MeV    hps_p    hps_Z  apex_p_same_mass   apex_limit  sigma_hps_MeV  sigma_apex_if_MeV  apex_min_within_one_hps_sigma  apex_window_min_mass_MeV  offset_MeV  offset_over_quadrature_resolution  conditional_full_Z
       combined     160.0 0.040973 1.739502          0.404354 1.225227e-06       3.826650           0.981962                       0.257974                158.923669   -1.076331                           0.272445                 NaN
       combined     182.0 0.058179 1.570247          0.413822 3.781085e-07       4.442524           0.926345                       0.218388                181.435267   -0.564733                           0.124443                 NaN
       combined     208.0 0.079025 1.411657          0.411507 2.703914e-07       5.277546           0.798390                       0.207358                210.086392    2.086392                           0.390886                 NaN
   native_10pct     160.0 0.068171 1.489550          0.404354 1.225227e-06       3.826650           0.981962                       0.257974                158.923669   -1.076331                           0.272445            4.710369
   native_10pct     182.0 0.058044 1.571411          0.413822 3.781085e-07       4.442524           0.926345                       0.218388                181.435267   -0.564733                           0.124443            4.969237
   native_10pct     208.0 0.079242 1.410191          0.411507 2.703914e-07       5.277546           0.798390                       0.207358                210.086392    2.086392                           0.390886            4.459416
historical_1pct     180.0 0.082299 1.389774          0.389068 5.554588e-07       4.383100           0.937605                       0.218388                181.435267    1.435267                           0.320210           13.897739
historical_1pct     203.0 0.045804 1.686975          0.448331 2.829069e-07       5.107948           0.817157                       0.167291                202.272449   -0.727551                           0.140647           16.869753
historical_1pct     244.0 0.002109 2.861373          0.958568 2.830541e-07       6.625404           0.719570                       0.074643                241.900303   -2.099697                           0.315063           28.613727
Signal comparisons:
     scenario lane  mass_MeV  source_p  source_Z  matched_Z  yield_scaled_Z  injected_epsilon2  yield_scaled_epsilon2  projected_limit  background_asimov_limit   apex_limit   apex_p  injection_over_apex_limit  yield_scaled_over_apex_limit
     ten_160  ten     160.0  0.068171  1.489550   4.710369        4.536047           0.000003               0.000003         0.000004                 0.000001 1.225227e-06 0.404354                   2.418297                      2.326716
     ten_210  ten     208.0  0.079242  1.410191   4.459416        4.159801           0.000005               0.000005         0.000007                 0.000002 2.703914e-07 0.411507                  19.386158                     18.068918
     one_210  one     203.0  0.045804  1.686975  16.869753       15.502950           0.000018               0.000017         0.000019                 0.000002 2.829069e-07 0.448331                  63.505098                     58.334021
one_extra244  one     244.0  0.002109  2.861373  28.613727       25.313476           0.000101               0.000089         0.000100                 0.000006 2.830541e-07 0.958568                 356.442207                    315.152422
