 mass_MeV     policy  MC_fraction_in_guard  MC_fraction_training  feasible
       60   baseline              0.395762              0.602475      True
       60    equal95              0.952593              0.045644      True
       60 shortest95              0.950433              0.047805      True
       80   baseline              0.708819              0.290226      True
       80    equal95              0.950385              0.048660      True
       80 shortest95              0.951026              0.048020      True
      100   baseline              0.781430              0.217655      True
      100    equal95              0.950705              0.048380      True
      100 shortest95              0.950666              0.048420      True
      120   baseline              0.802856              0.196125      True
      120    equal95              0.950549              0.048431      True
      120 shortest95              0.950363              0.048617      True
      140   baseline              0.821214              0.177642      True
      140    equal95              0.950392              0.048464      True
      140 shortest95              0.950317              0.048538      True
      160   baseline              0.816493              0.182217      True
      160    equal95              0.950222              0.048489      True
      160 shortest95              0.950309              0.048401      True
      180   baseline              0.803476              0.195110      True
      180    equal95              0.950944              0.047642      True
      180 shortest95              0.950239              0.048347      True
      200   baseline              0.792362              0.205935      True
      200    equal95              0.951046              0.047251      True
      200 shortest95              0.950277              0.048020      True
      220   baseline              0.771400              0.226508      True
      220    equal95              0.951526              0.046383      True
      220 shortest95              0.950580              0.047329      True
      240   baseline              0.747728              0.249599      True
      240    equal95              0.950403              0.046924      True
      240 shortest95              0.950440              0.046887      True
      260   baseline              0.721546              0.273405      True
      260    equal95              0.950777              0.044174      True
      260 shortest95              0.950640              0.044311      True
window pilot 60 0.3
window pilot 80 0.5
window pilot 100 0.7
window pilot 120 0.9
window pilot 140 1.1
window pilot 160 1.3
window pilot 180 1.6
window pilot 200 1.8
window pilot 220 2.0
window pilot 240 2.3
window evaluation 60 4.2
window evaluation 80 6.0
window evaluation 100 7.9
window evaluation 120 9.7
window evaluation 140 11.6
window evaluation 160 13.5
window evaluation 180 15.4
window evaluation 200 17.3
window evaluation 220 19.3
window evaluation 240 21.3
