{
  "passed": true,
  "checks": {
    "all_positive": true,
    "sphere_refinement": true,
    "slope_refinement": true,
    "direction_benchmark": true,
    "orthant_benchmark": true,
    "inner_convergence": true
  },
  "rows": 34,
  "method": "For z~N(0,I3), integrate chi3 radial tail over sphere of max positive standardized rate-direction projection; no simulation",
  "sphere_polar_nodes": 64,
  "sphere_azimuth_nodes": 256,
  "slope_nodes": 513,
  "max_sphere_fractional_change": 1.5698785952498848e-05,
  "max_slope_fractional_change": 0.00010505270742586662,
  "max_single_direction_relative_error": 1.1196380987448747e-14,
  "max_orthant_relative_error": 2.1920295607510933e-15,
  "gaussian_covariance": "diag(null-fit lambda)+L L^T",
  "conditional_fixed_mass_and_scaled_width": true,
  "global_calibration": false
}
 mass_MeV       model   Q_exact  sqrtQ_exact     slope  amplitude_2p3_epsilon2  Q_gaussian  gaussian_slope  p_reference_at_exact_Q  Z_reference_at_exact_Q  p_gaussian_statistic  Z_gaussian_statistic  sphere_fractional_change  slope_grid_fractional_change  max_inner_score
     92.0       power 17.474411     4.180241 -2.986913                0.000009   17.492874       -2.988168                0.000070                3.809417              0.000069              3.811724                  0.000002                      0.000102     1.144087e-08
     92.0 exponential 17.188103     4.145854  1.680574                0.000010   17.205031        1.681858                0.000078                3.780140              0.000078              3.782271                  0.000010                      0.000088     1.122420e-08
