**
(analysis_note.tex
LaTeX2e <2021-11-15> patch level 1
L3 programming layer <2022-02-24> (article.cls
Document Class: article 2021/10/04 v1.4n Standard LaTeX document class
(size11.clo
File: size11.clo 2021/10/04 v1.4n Standard LaTeX file (size option)
)
\c@part=\count181
\c@section=\count182
\c@subsection=\count183
\c@subsubsection=\count184
\c@paragraph=\count185
\c@subparagraph=\count186
\c@figure=\count187
\c@table=\count188
\abovecaptionskip=\skip47
\belowcaptionskip=\skip48
\bibindent=\dimen138
) (geometry.sty
Package: geometry 2020/01/02 v5.9 Page Geometry
 (keyval.sty
Package: keyval 2014/10/28 v1.15 key=value parser (DPC)
\KV@toks@=\toks16
) (ifvtex.sty
Package: ifvtex 2019/10/25 v1.7 ifvtex legacy package. Use iftex instead.
 (iftex.sty
Package: iftex 2022/02/03 v1.0f TeX engine tests
))
\Gm@cnth=\count189
\Gm@cntv=\count190
\c@Gm@tempcnt=\count191
\Gm@bindingoffset=\dimen139
\Gm@wd@mp=\dimen140
\Gm@odd@mp=\dimen141
\Gm@even@mp=\dimen142
\Gm@layoutwidth=\dimen143
\Gm@layoutheight=\dimen144
\Gm@layouthoffset=\dimen145
\Gm@layoutvoffset=\dimen146
\Gm@dimlist=\toks17
)
(graphicx.sty
Package: graphicx 2021/09/16 v1.2d Enhanced LaTeX Graphics (DPC,SPQR)
 (graphics.sty
Package: graphics 2021/03/04 v1.4d Standard LaTeX Graphics (DPC,SPQR)
 (trig.sty
Package: trig 2021/08/11 v1.11 sin cos tan (DPC)
) (graphics.cfg
File: graphics.cfg 2016/06/04 v1.11 sample graphics configuration
)
Package graphics Info: Driver file: xetex.def on input line 107.
 (xetex.def
File: xetex.def 2021/03/18 v5.0k Graphics/color driver for xetex
))
\Gin@req@height=\dimen147
\Gin@req@width=\dimen148
)
(booktabs.sty
Package: booktabs 2020/01/12 v1.61803398 Publication quality tables
\heavyrulewidth=\dimen149
\lightrulewidth=\dimen150
\cmidrulewidth=\dimen151
\belowrulesep=\dimen152
\belowbottomsep=\dimen153
\aboverulesep=\dimen154
\abovetopsep=\dimen155
\cmidrulesep=\dimen156
\cmidrulekern=\dimen157
\defaultaddspace=\dimen158
\@cmidla=\count192
\@cmidlb=\count193
\@aboverulesep=\dimen159
\@belowrulesep=\dimen160
\@thisruleclass=\count194
\@lastruleclass=\count195
\@thisrulewidth=\dimen161
) (amsmath.sty
Package: amsmath 2021/10/15 v2.17l AMS math features
\@mathmargin=\skip49

For additional information on amsmath, use the `?' option.
(amstext.sty
Package: amstext 2021/08/26 v2.01 AMS text
 (amsgen.sty
File: amsgen.sty 1999/11/30 v2.0 generic functions
\@emptytoks=\toks18
\ex@=\dimen162
)) (amsbsy.sty
Package: amsbsy 1999/11/29 v1.2d Bold Symbols
\pmbraise@=\dimen163
) (amsopn.sty
Package: amsopn 2021/08/26 v2.02 operator names
)
\inf@bad=\count196
LaTeX Info: Redefining \frac on input line 234.
\uproot@=\count197
\leftroot@=\count198
LaTeX Info: Redefining \overline on input line 399.
\classnum@=\count199
\DOTSCASE@=\count266
LaTeX Info: Redefining \ldots on input line 496.
LaTeX Info: Redefining \dots on input line 499.
LaTeX Info: Redefining \cdots on input line 620.
\Mathstrutbox@=\box50
\strutbox@=\box51
\big@size=\dimen164
LaTeX Font Info:    Redeclaring font encoding OML on input line 743.
LaTeX Font Info:    Redeclaring font encoding OMS on input line 744.
\macc@depth=\count267
\c@MaxMatrixCols=\count268
\dotsspace@=\muskip16
\c@parentequation=\count269
\dspbrk@lvl=\count270
\tag@help=\toks19
\row@=\count271
\column@=\count272
\maxfields@=\count273
\andhelp@=\toks20
\eqnshift@=\dimen165
\alignsep@=\dimen166
\tagshift@=\dimen167
\tagwidth@=\dimen168
\totwidth@=\dimen169
\lineht@=\dimen170
\@envbody=\toks21
\multlinegap=\skip50
\multlinetaggap=\skip51
\mathdisplay@stack=\toks22
LaTeX Info: Redefining \[ on input line 2938.
LaTeX Info: Redefining \] on input line 2939.
) (amssymb.sty
Package: amssymb 2013/01/14 v3.01 AMS font symbols

(amsfonts.sty
Package: amsfonts 2013/01/14 v3.01 Basic AMSFonts support
\symAMSa=\mathgroup4
\symAMSb=\mathgroup5
LaTeX Font Info:    Redeclaring math symbol \hbar on input line 98.
LaTeX Font Info:    Overwriting math alphabet `\mathfrak' in version `bold'
(Font)                  U/euf/m/n --> U/euf/b/n on input line 106.
)) (xcolor.sty
Package: xcolor 2021/10/31 v2.13 LaTeX color extensions (UK)
 (color.cfg
File: color.cfg 2016/01/02 v1.6 sample color configuration
)
Package xcolor Info: Driver file: xetex.def on input line 227.
Package xcolor Info: Model `cmy' substituted by `cmy0' on input line 1352.
Package xcolor Info: Model `RGB' extended on input line 1368.
Package xcolor Info: Model `HTML' substituted by `rgb' on input line 1370.
Package xcolor Info: Model `Hsb' substituted by `hsb' on input line 1371.
Package xcolor Info: Model `tHsb' substituted by `hsb' on input line 1372.
Package xcolor Info: Model `HSB' substituted by `hsb' on input line 1373.
Package xcolor Info: Model `Gray' substituted by `gray' on input line 1374.
Package xcolor Info: Model `wave' substituted by `hsb' on input line 1375.
) (xurl.sty
Package: xurl 2022/01/09 v 0.10 modify URL breaks
 (url.sty
\Urlmuskip=\muskip17
Package: url 2013/09/16  ver 3.4  Verb mode for urls, etc.
)) (float.sty
Package: float 2001/11/08 v1.3d Float enhancements (AL)
\c@float@type=\count274
\float@exts=\toks23
\float@box=\box52
\@float@everytoks=\toks24
\@floatcapt=\box53
)
(hyperref.sty
Package: hyperref 2022-02-21 v7.00n Hypertext links for LaTeX
 (ltxcmds.sty
Package: ltxcmds 2020-05-10 v1.25 LaTeX kernel commands for general use (HO)
) (pdftexcmds.sty
Package: pdftexcmds 2020-06-27 v0.33 Utility functions of pdfTeX for LuaTeX (HO
)
 (infwarerr.sty
Package: infwarerr 2019/12/03 v1.5 Providing info/warning/error messages (HO)
)
Package pdftexcmds Info: \pdf@primitive is available.
Package pdftexcmds Info: \pdf@ifprimitive is available.
Package pdftexcmds Info: \pdfdraftmode not found.
) (kvsetkeys.sty
Package: kvsetkeys 2019/12/15 v1.18 Key value parser (HO)
)
(kvdefinekeys.sty
Package: kvdefinekeys 2019-12-19 v1.6 Define keys (HO)
) (pdfescape.sty
Package: pdfescape 2019/12/09 v1.15 Implements pdfTeX's escape features (HO)
) (hycolor.sty
Package: hycolor 2020-01-27 v1.10 Color options for hyperref/bookmark (HO)
) (letltxmacro.sty
Package: letltxmacro 2019/12/03 v1.6 Let assignment for LaTeX macros (HO)
) (auxhook.sty
Package: auxhook 2019-12-17 v1.6 Hooks for auxiliary files (HO)
) (kvoptions.sty
Package: kvoptions 2020-10-07 v3.14 Key value format for package options (HO)
)
\@linkdim=\dimen171
\Hy@linkcounter=\count275
\Hy@pagecounter=\count276
 (pd1enc.def
File: pd1enc.def 2022-02-21 v7.00n Hyperref: PDFDocEncoding definition (HO)
) (intcalc.sty
Package: intcalc 2019/12/15 v1.3 Expandable calculations with integers (HO)
) (etexcmds.sty
Package: etexcmds 2019/12/15 v1.7 Avoid name clashes with e-TeX commands (HO)
)
\Hy@SavedSpaceFactor=\count277
 (puenc.def
File: puenc.def 2022-02-21 v7.00n Hyperref: PDF Unicode definition (HO)
)
Package hyperref Info: Hyper figures OFF on input line 4137.
Package hyperref Info: Link nesting OFF on input line 4142.
Package hyperref Info: Hyper index ON on input line 4145.
Package hyperref Info: Plain pages OFF on input line 4152.
Package hyperref Info: Backreferencing OFF on input line 4157.
Package hyperref Info: Implicit mode ON; LaTeX internals redefined.
Package hyperref Info: Bookmarks ON on input line 4390.
\c@Hy@tempcnt=\count278
LaTeX Info: Redefining \url on input line 4749.
\XeTeXLinkMargin=\dimen172

(bitset.sty
Package: bitset 2019/12/09 v1.3 Handle bit-vector datatype (HO)
 (bigintcalc.sty
Package: bigintcalc 2019/12/15 v1.5 Expandable calculations on big integers (HO
)
))
\Fld@menulength=\count279
\Field@Width=\dimen173
\Fld@charsize=\dimen174
Package hyperref Info: Hyper figures OFF on input line 6027.
Package hyperref Info: Link nesting OFF on input line 6032.
Package hyperref Info: Hyper index ON on input line 6035.
Package hyperref Info: backreferencing OFF on input line 6042.
Package hyperref Info: Link coloring OFF on input line 6047.
Package hyperref Info: Link coloring with OCG OFF on input line 6052.
Package hyperref Info: PDF/A mode OFF on input line 6057.
LaTeX Info: Redefining \ref on input line 6097.
LaTeX Info: Redefining \pageref on input line 6101.
 (atbegshi-ltx.sty
Package: atbegshi-ltx 2021/01/10 v1.0c Emulation of the original atbegshi
package with kernel methods
)
\Hy@abspage=\count280
\c@Item=\count281
\c@Hfootnote=\count282
)
Package hyperref Info: Driver (autodetected): hxetex.
 (hxetex.def
File: hxetex.def 2022-02-21 v7.00n Hyperref driver for XeTeX
 (stringenc.sty
Package: stringenc 2019/11/29 v1.12 Convert strings between diff. encodings (HO
)
)
\pdfm@box=\box54
\c@Hy@AnnotLevel=\count283
\HyField@AnnotCount=\count284
\Fld@listcount=\count285
\c@bookmark@seq@number=\count286

(rerunfilecheck.sty
Package: rerunfilecheck 2019/12/05 v1.9 Rerun checks for auxiliary files (HO)
 (atveryend-ltx.sty
Package: atveryend-ltx 2020/08/19 v1.0a Emulation of the original atveryend pac
kage
with kernel methods
) (uniquecounter.sty
Package: uniquecounter 2019/12/15 v1.4 Provide unlimited unique counter (HO)
)
Package uniquecounter Info: New unique counter `rerunfilecheck' on input line 2
86.
)
\Hy@SectionHShift=\skip52
) (microtype.sty
Package: microtype 2022/03/14 v3.0d Micro-typographical refinements (RS)

(etoolbox.sty
Package: etoolbox 2020/10/05 v2.5k e-TeX tools for LaTeX (JAW)
\etb@tempcnta=\count287
)
\MT@toks=\toks25
\MT@tempbox=\box55
\MT@count=\count288
LaTeX Info: Redefining \noprotrusionifhmode on input line 1027.
LaTeX Info: Redefining \leftprotrusion on input line 1028.
LaTeX Info: Redefining \rightprotrusion on input line 1036.
LaTeX Info: Redefining \textls on input line 1195.
\MT@outer@kern=\dimen175
LaTeX Info: Redefining \textmicrotypecontext on input line 1781.
\MT@listname@count=\count289
 (microtype-xetex.def
File: microtype-xetex.def 2022/03/14 v3.0d Definitions specific to xetex (RS)
LaTeX Info: Redefining \lsstyle on input line 236.
)
Package microtype Info: Loading configuration file microtype.cfg.
 (microtype.cfg
File: microtype.cfg 2022/03/14 v3.0d microtype main configuration file (RS)
)) (pdflscape.sty
Package: pdflscape 2019/12/05 v0.12 Display of landscape pages in PDF (HO)

(lscape.sty
Package: lscape 2020/05/28 v3.02 Landscape Pages (DPC)
)
Package pdflscape Info: Auto-detected driver: dvipdfm (xetex) on input line 98.

) (caption.sty
Package: caption 2022/03/01 v3.6b Customizing captions (AR)
 (caption3.sty
Package: caption3 2022/03/17 v2.3b caption3 kernel (AR)
\caption@tempdima=\dimen176
\captionmargin=\dimen177
\caption@leftmargin=\dimen178
\caption@rightmargin=\dimen179
\caption@width=\dimen180
\caption@indent=\dimen181
\caption@parindent=\dimen182
\caption@hangindent=\dimen183
Package caption Info: Standard document class detected.
)
\c@caption@flags=\count290
\c@continuedfloat=\count291
Package caption Info: float package is loaded.
Package caption Info: hyperref package is loaded.
) (l3backend-xetex.def
File: l3backend-xetex.def 2022-02-07 L3 backend support: XeTeX
\c__kernel_sys_dvipdfmx_version_int=\count292
\l__color_backend_stack_int=\count293
\g__color_backend_stack_int=\count294
\g__graphics_track_int=\count295
\l__pdf_internal_box=\box56
\g__pdf_backend_object_int=\count296
\g__pdf_backend_annotation_int=\count297
\g__pdf_backend_link_int=\count298
)
(analysis_note.aux)
\openout1 = `analysis_note.aux'.

LaTeX Font Info:    Checking defaults for OML/cmm/m/it on input line 13.
LaTeX Font Info:    ... okay on input line 13.
LaTeX Font Info:    Checking defaults for OMS/cmsy/m/n on input line 13.
LaTeX Font Info:    ... okay on input line 13.
LaTeX Font Info:    Checking defaults for OT1/cmr/m/n on input line 13.
LaTeX Font Info:    ... okay on input line 13.
LaTeX Font Info:    Checking defaults for T1/cmr/m/n on input line 13.
LaTeX Font Info:    ... okay on input line 13.
LaTeX Font Info:    Checking defaults for TS1/cmr/m/n on input line 13.
LaTeX Font Info:    Trying to load font information for TS1+cmr on input line 1
3.
 (ts1cmr.fd
File: ts1cmr.fd 2019/12/16 v2.5j Standard LaTeX font definitions
)
LaTeX Font Info:    ... okay on input line 13.
LaTeX Font Info:    Checking defaults for TU/lmr/m/n on input line 13.
LaTeX Font Info:    ... okay on input line 13.
LaTeX Font Info:    Checking defaults for OMX/cmex/m/n on input line 13.
LaTeX Font Info:    ... okay on input line 13.
LaTeX Font Info:    Checking defaults for U/cmr/m/n on input line 13.
LaTeX Font Info:    ... okay on input line 13.
LaTeX Font Info:    Checking defaults for PD1/pdf/m/n on input line 13.
LaTeX Font Info:    ... okay on input line 13.
LaTeX Font Info:    Checking defaults for PU/pdf/m/n on input line 13.
LaTeX Font Info:    ... okay on input line 13.

*geometry* driver: auto-detecting
*geometry* detected driver: xetex
*geometry* verbose mode - [ preamble ] result:
* driver: xetex
* paper: <default>
* layout: <same size as paper>
* layoutoffset:(h,v)=(0.0pt,0.0pt)
* modes: 
* h-part:(L,W,R)=(56.3705pt, 501.554pt, 56.3705pt)
* v-part:(T,H,B)=(56.3705pt, 682.22899pt, 56.3705pt)
* \paperwidth=614.295pt
* \paperheight=794.96999pt
* \textwidth=501.554pt
* \textheight=682.22899pt
* \oddsidemargin=-15.89949pt
* \evensidemargin=-15.89949pt
* \topmargin=-52.89949pt
* \headheight=12.0pt
* \headsep=25.0pt
* \topskip=11.0pt
* \footskip=30.0pt
* \marginparwidth=59.0pt
* \marginparsep=10.0pt
* \columnsep=10.0pt
* \skip\footins=10.0pt plus 4.0pt minus 2.0pt
* \hoffset=0.0pt
* \voffset=0.0pt
* \mag=1000
* \@twocolumnfalse
* \@twosidefalse
* \@mparswitchfalse
* \@reversemarginfalse
* (1in=72.27pt=25.4mm, 1cm=28.453pt)

Package hyperref Info: Link coloring OFF on input line 13.
(nameref.sty
Package: nameref 2021-04-02 v2.47 Cross-referencing by name of section
 (refcount.sty
Package: refcount 2019/12/15 v3.6 Data extraction from label references (HO)
) (gettitlestring.sty
Package: gettitlestring 2019/12/15 v1.6 Cleanup title references (HO)
)
\c@section@level=\count299
)
LaTeX Info: Redefining \ref on input line 13.
LaTeX Info: Redefining \pageref on input line 13.
LaTeX Info: Redefining \nameref on input line 13.
 (analysis_note.out)
(analysis_note.out)
\@outlinefile=\write3
\openout3 = `analysis_note.out'.

LaTeX Info: Redefining \microtypecontext on input line 13.
Package microtype Info: Applying patch `item' on input line 13.
Package microtype Info: Applying patch `toc' on input line 13.
Package microtype Info: Applying patch `eqnum' on input line 13.
Package microtype Info: Applying patch `footnote' on input line 13.
Package microtype Info: Character protrusion enabled (level 2).
Package microtype Info: Using default protrusion set `alltext'.
Package microtype Info: No adjustment of tracking.
Package microtype Info: No adjustment of spacing.
Package microtype Info: No adjustment of kerning.
 (mt-LatinModernRoman.cfg
File: mt-LatinModernRoman.cfg 2021/02/21 v1.1 microtype config. file: Latin Mod
ern Roman (RS)
)
Package caption Info: Begin \AtBeginDocument code.
Package caption Info: End \AtBeginDocument code.
 (mt-cmr.cfg
File: mt-cmr.cfg 2013/05/19 v2.2 microtype config. file: Computer Modern Roman 
(RS)
)
LaTeX Font Info:    Trying to load font information for U+msa on input line 15.

 (umsa.fd
File: umsa.fd 2013/01/14 v3.01 AMS symbols A
)
(mt-msa.cfg
File: mt-msa.cfg 2006/02/04 v1.1 microtype config. file: AMS symbols (a) (RS)
)
LaTeX Font Info:    Trying to load font information for U+msb on input line 15.

 (umsb.fd
File: umsb.fd 2013/01/14 v3.01 AMS symbols B
) (mt-msb.cfg
File: mt-msb.cfg 2005/06/01 v1.0 microtype config. file: AMS symbols (b) (RS)
) (headline.tex) (scope_table.tex) [1

]
File: ../../v4p9p16_probability_echo_review_20260906/figures/combined_observed_
limit_and_pvalues.pdf Graphic file (type pdf)
<use ../../v4p9p16_probability_echo_review_20260906/figures/combined_observed_l
imit_and_pvalues.pdf>

[2

] (probability_audit_section.tex [3

] [4]
File: ../../v4p9p16_probability_echo_review_20260906/figures/probability_refere
nce_full.pdf Graphic file (type pdf)
<use ../../v4p9p16_probability_echo_review_20260906/figures/probability_referen
ce_full.pdf>
 [5

]
File: ../../v4p9p16_probability_echo_review_20260906/figures/probability_refere
nce_zoom.pdf Graphic file (type pdf)
<use ../../v4p9p16_probability_echo_review_20260906/figures/probability_referen
ce_zoom.pdf>
 [6

]) [7

]
(signal_echo_section.tex [8

]
File: ../../v4p9p16_probability_echo_review_20260906/figures/signal_echo_dense_
replay.pdf Graphic file (type pdf)
<use ../../v4p9p16_probability_echo_review_20260906/figures/signal_echo_dense_r
eplay.pdf>
 [9

]) [10

] (candidate_removal_section.tex [11

]
File: ../figures/observed_candidate_removal.pdf Graphic file (type pdf)
<use ../figures/observed_candidate_removal.pdf>

[12

] [13

]
File: ../figures/replacement_model_comparison.pdf Graphic file (type pdf)
<use ../figures/replacement_model_comparison.pdf>
 [14

] [15

]
File: ../traditional/figures/traditional_2015_display.pdf Graphic file (type pd
f)
<use ../traditional/figures/traditional_2015_display.pdf>
 [16

]
File: ../traditional/figures/traditional_2016_display.pdf Graphic file (type pd
f)
<use ../traditional/figures/traditional_2016_display.pdf>
 [17

]
File: ../traditional/figures/traditional_2021_display.pdf Graphic file (type pd
f)
<use ../traditional/figures/traditional_2021_display.pdf>
 [18

] [19

]
Package microtype Info: Loading generic protrusion settings for font family
(microtype)             `lmtt' (encoding: TU).
(microtype)             For optimal results, create family-specific settings.
(microtype)             See the microtype manual for details.
) [20] (deficit_section.tex
File: ../../v4p9p16_deficit_extension_20260906/figures/combined_deficit_scan.pd
f Graphic file (type pdf)
<use ../../v4p9p16_deficit_extension_20260906/figures/combined_deficit_scan.pdf
>
) [21

]
(extraction_section.tex [22

]
File: ../../v4p9p16_presentation_extractions_20260906/figures/extraction_combin
ed_66.pdf Graphic file (type pdf)
<use ../../v4p9p16_presentation_extractions_20260906/figures/extraction_combine
d_66.pdf>
 [23


]
File: ../../v4p9p16_presentation_extractions_20260906/figures/extraction_combin
ed_92.pdf Graphic file (type pdf)
<use ../../v4p9p16_presentation_extractions_20260906/figures/extraction_combine
d_92.pdf>
 [24



]
File: ../../v4p9p16_presentation_extractions_20260906/figures/extraction_combin
ed_72.pdf Graphic file (type pdf)
<use ../../v4p9p16_presentation_extractions_20260906/figures/extraction_combine
d_72.pdf>
 [25



]
File: ../../v4p9p16_presentation_extractions_20260906/figures/extraction_2015_p
eaks.pdf Graphic file (type pdf)
<use ../../v4p9p16_presentation_extractions_20260906/figures/extraction_2015_pe
aks.pdf>
 [26


]
File: ../../v4p9p16_presentation_extractions_20260906/figures/extraction_2016_p
eaks.pdf Graphic file (type pdf)
<use ../../v4p9p16_presentation_extractions_20260906/figures/extraction_2016_pe
aks.pdf>
 [27

]
File: ../../v4p9p16_presentation_extractions_20260906/figures/extraction_2021_p
eaks.pdf Graphic file (type pdf)
<use ../../v4p9p16_presentation_extractions_20260906/figures/extraction_2021_pe
aks.pdf>
 [28

]
File: ../../v4p9p16_presentation_extractions_20260906/figures/extraction_indivi
dual_deficits.pdf Graphic file (type pdf)
<use ../../v4p9p16_presentation_extractions_20260906/figures/extraction_individ
ual_deficits.pdf>
 [29


]
File: ../../v4p9p16_presentation_extractions_20260906/figures/dataset_amplitude
_consistency.pdf Graphic file (type pdf)
<use ../../v4p9p16_presentation_extractions_20260906/figures/dataset_amplitude_
consistency.pdf>
 [30



]
File: ../../v4p9p16_presentation_extractions_20260906/figures/extraction_stress
_extrema.pdf Graphic file (type pdf)
<use ../../v4p9p16_presentation_extractions_20260906/figures/extraction_stress_
extrema.pdf>
 [31


]
Package microtype Info: Loading generic protrusion settings for font family
(microtype)             `cmss' (encoding: OT1).
(microtype)             For optimal results, create family-specific settings.
(microtype)             See the microtype manual for details.

[32

]
File: ../../v4p9p16_presentation_extractions_20260906/figures/exposure_2021_10_
30_100.pdf Graphic file (type pdf)
<use ../../v4p9p16_presentation_extractions_20260906/figures/exposure_2021_10_3
0_100.pdf>
 [33


] [34


]) [35

] [36

]
File: ../../v4p9p16_combined_global_20260906/figures/combined_null_response.pdf
 Graphic file (type pdf)
<use ../../v4p9p16_combined_global_20260906/figures/combined_null_response.pdf>

 (marginal_table.tex) [37

]
File: ../../v4p9p16_combined_global_20260906/figures/combined_correlations.pdf 
Graphic file (type pdf)
<use ../../v4p9p16_combined_global_20260906/figures/combined_correlations.pdf>
File: ../../v4p9p16_combined_global_20260906/figures/combined_tail_validation.p
df Graphic file (type pdf)
<use ../../v4p9p16_combined_global_20260906/figures/combined_tail_validation.pd
f>
 (tail_diagnostics.tex)
[38

] (representative_table.tex) (peak_table.tex) (peak_interpretation.tex)
(grid_table.tex) [39

]
File: ../../v4p9p16_combined_global_20260906/figures/observed_limit_v12_compari
son.pdf Graphic file (type pdf)
<use ../../v4p9p16_combined_global_20260906/figures/observed_limit_v12_comparis
on.pdf>
 (limit_comparison.tex) [40

] (numerical_summary.tex)
[41

] (../../v4p9p16_2015_lowmass_side_study_20260906/note/lowmass_section.tex
File: ../../v4p9p16_2015_lowmass_side_study_20260906/figures/rising_edge_suppor
t.pdf Graphic file (type pdf)
<use ../../v4p9p16_2015_lowmass_side_study_20260906/figures/rising_edge_support
.pdf>

[42

]
File: ../../v4p9p16_2015_lowmass_side_study_20260906/figures/local_pvalues_and_
supports.pdf Graphic file (type pdf)
<use ../../v4p9p16_2015_lowmass_side_study_20260906/figures/local_pvalues_and_s
upports.pdf>
 [43

]
File: ../../v4p9p16_2015_lowmass_side_study_20260906/figures/extractions_15_17.
pdf Graphic file (type pdf)
<use ../../v4p9p16_2015_lowmass_side_study_20260906/figures/extractions_15_17.p
df>
 [44

]
File: ../../v4p9p16_2015_lowmass_side_study_20260906/figures/extractions_peak_2
0.pdf Graphic file (type pdf)
<use ../../v4p9p16_2015_lowmass_side_study_20260906/figures/extractions_peak_20
.pdf>
 [45

]
File: ../../v4p9p16_2015_lowmass_side_study_20260906/figures/conditional_toy_ch
ecks.pdf Graphic file (type pdf)
<use ../../v4p9p16_2015_lowmass_side_study_20260906/figures/conditional_toy_che
cks.pdf>
) [46

] [47

] (analysis_note.aux)
Package rerunfilecheck Info: File `analysis_note.out' has not changed.
(rerunfilecheck)             Checksum: 6AF29959B98E4B46624FEA2A9410431A;3533.
 )
Output written on analysis_note.xdv (47 pages, 791268 bytes).
