COMMAND: ['/Applications/Xcode.app/Contents/Developer/usr/bin/python3', 'gpr/summarize_grid.py']
 region  step_MeV  hypotheses  observed_raw_max  observed_raw_max_mass  observed_centered_max  observed_centered_max_mass  stress_offset_at_raw_max  direct_mean_max  gaussian_mean_max  gaussian_q95
    low      1.00          12          1.588582                   45.0               9.568109                       42.00                 -2.845323         1.372321           1.406978      2.518124
    low      0.50          23          1.588582                   45.0               9.763556                       42.50                 -2.845323         1.406281           1.442850      2.564249
 stress      1.00          12          1.797478                   70.0              15.720051                       74.00                  0.615266         1.196089           1.187373      2.356623
 stress      0.50          23          1.797478                   70.0              15.825379                       74.50                  0.615266         1.208754           1.199281      2.374544
quarter      1.00           6         -0.572124                   79.0              15.720051                       74.00                  2.463073         0.682979           0.695294      2.103103
quarter      0.50          11         -0.572124                   79.0              15.825379                       74.50                  2.463073         0.691326           0.702223      2.115121
quarter      0.25          21         -0.572124                   79.0              15.868914                       74.25                  2.463073         0.695618           0.707235      2.122632
   high      1.00          16          3.424751                   90.0               5.650111                       92.00                 -1.713105         1.219377           1.226170      2.390706
   high      0.50          31          3.452500                   90.5               5.698691                       91.50                 -1.986600         1.230330           1.237937      2.404469
   full      1.00         142          3.424751                   90.0              15.720051                       74.00                 -1.713105         2.190858           2.183636      3.123083
   full      0.50         283          3.452500                   90.5              15.825379                       74.50                 -1.986600         2.210755           2.206848      3.146926
 region  step_MeV  mean_max_increase  q95_max_increase  fraction_max_increase_gt0p01  largest_max_increase  same_spectrum_direct_mean_increase
    low      1.00           0.000000          0.000000                       0.00000              0.000000                            0.000000
    low      0.50           0.035872          0.167301                       0.39259              0.633389                            0.033960
 stress      1.00           0.000000          0.000000                       0.00000              0.000000                            0.000000
 stress      0.50           0.011907          0.066923                       0.26166              0.219199                            0.012666
quarter      1.00           0.000000          0.000000                       0.00000              0.000000                            0.000000
quarter      0.50           0.006929          0.050413                       0.15719              0.208366                            0.008348
quarter      0.25           0.011941          0.065826                       0.26691              0.208366                            0.012639
   high      1.00           0.000000          0.000000                       0.00000              0.000000                            0.000000
   high      0.50           0.011767          0.061281                       0.28750              0.195118                            0.010953
   full      1.00           0.000000          0.000000                       0.00000              0.000000                            0.000000
   full      0.50           0.023211          0.104241                       0.39763              0.633389                            0.019897
COMMAND: ['/Applications/Xcode.app/Contents/Developer/usr/bin/python3', 'scripts/make_artifacts.py']
historical local columns ['mass_MeV', 'truth', 'truth_id', 'seed_base', 'n_generated', 'n_finite', 'observed_signed_root', 'observed_q0', 'nominal_asymptotic_local_p', 'q0_tail_count', 'empirical_q0_inclusive_p', 'empirical_q0_CI95_low', 'empirical_q0_CI95_high', 'q0_boundary_exact_p_one', 'deterministic_root', 'toy_root_mean', 'toy_root_sd', 'toy_mean_minus_deterministic', 'mean_se', 'raw_nominal05_rejection_count', 'raw_nominal05_rejection_rate', 'raw_nominal05_CI95_low', 'raw_nominal05_CI95_high', 'max_optimizer_score', 'max_covariance_load', 'checkpoint', 'conditional_only', 'full_scan_calibrated']
COMMAND: ['tectonic', '-X', 'compile', 'source/report.tex', '--keep-logs']
note: "version 2" Tectonic command-line interface activated
note: Running TeX ...
note: Rerunning TeX because "report.aux" changed ...
note: Running xdvipdfmx ...
note: Writing `source/report.pdf` (184.27 KiB)
note: Writing `source/report.log` (19.61 KiB)
note: Skipped writing 2 intermediate files (use --keep-intermediates to keep them)
