\BOOKMARK [1][-]{section.1}{\376\377\000I\000n\000t\000r\000o\000d\000u\000c\000t\000i\000o\000n}{}% 1
\BOOKMARK [1][-]{section.2}{\376\377\000H\000P\000S\000\040\000a\000p\000p\000a\000r\000a\000t\000u\000s\000\040\000a\000n\000d\000\040\000d\000a\000t\000a\000s\000e\000t\000s}{}% 2
\BOOKMARK [1][-]{section.3}{\376\377\000E\000v\000e\000n\000t\000\040\000s\000e\000l\000e\000c\000t\000i\000o\000n\000,\000\040\000m\000a\000s\000s\000\040\000r\000e\000s\000o\000l\000u\000t\000i\000o\000n\000,\000\040\000a\000n\000d\000\040\000r\000a\000d\000i\000a\000t\000i\000v\000e\000\040\000f\000r\000a\000c\000t\000i\000o\000n}{}% 3
\BOOKMARK [1][-]{section.4}{\376\377\000M\000e\000t\000h\000o\000d\000o\000l\000o\000g\000y}{}% 4
\BOOKMARK [1][-]{section.5}{\376\377\000B\000a\000c\000k\000g\000r\000o\000u\000n\000d\000\040\000m\000o\000d\000e\000l\000\040\000v\000a\000l\000i\000d\000a\000t\000i\000o\000n\000\040\000w\000i\000t\000h\000\040\000p\000s\000e\000u\000d\000o\000-\000e\000x\000p\000e\000r\000i\000m\000e\000n\000t\000s}{}% 5
\BOOKMARK [1][-]{section.6}{\376\377\000R\000e\000s\000u\000l\000t\000s}{}% 6
\BOOKMARK [1][-]{section.7}{\376\377\000C\000o\000n\000d\000i\000t\000i\000o\000n\000a\000l\000\040\000e\000x\000p\000e\000c\000t\000a\000t\000i\000o\000n\000s\000\040\000f\000o\000r\000\040\000t\000h\000e\000\040\000f\000u\000l\000l\000\040\0002\0000\0002\0001\000\040\000s\000a\000m\000p\000l\000e}{}% 7
\BOOKMARK [1][-]{section.8}{\376\377\000S\000t\000a\000t\000u\000s\000\040\000f\000o\000r\000\040\000t\000h\000e\000\040\000f\000u\000l\000l\000-\000d\000a\000t\000a\000\040\000u\000n\000b\000l\000i\000n\000d\000i\000n\000g\000\040\000r\000e\000v\000i\000e\000w}{}% 8
\BOOKMARK [1][-]{appendix.A}{\376\377\000C\000h\000a\000n\000g\000e\000\040\000l\000o\000g\000\040\000a\000n\000d\000\040\000s\000t\000u\000d\000y\000\040\000h\000i\000s\000t\000o\000r\000y}{}% 9
\BOOKMARK [1][-]{appendix.B}{\376\377\000T\000h\000e\000\040\0002\0000\0001\0005\000\040\000e\000x\000t\000e\000n\000s\000i\000o\000n\000\040\000f\000r\000o\000m\000\040\0009\0000\000\040\000t\000o\000\040\0001\0000\0000\000\040\000M\000e\000V}{}% 10
\BOOKMARK [2][-]{subsection.B.1}{\376\377\000T\000a\000r\000g\000e\000t\000e\000d\000\040\000c\000o\000n\000d\000i\000t\000i\000o\000n\000a\000l\000\040\000c\000a\000l\000c\000u\000l\000a\000t\000i\000o\000n\000s}{appendix.B}% 11
\BOOKMARK [2][-]{subsection.B.2}{\376\377\000A\000d\000d\000i\000t\000i\000o\000n\000a\000l\000\040\000t\000o\000y\000s\000\040\000f\000o\000r\000\040\000u\000p\000p\000e\000r\000-\000l\000i\000m\000i\000t\000\040\000t\000a\000i\000l\000s}{appendix.B}% 12
\BOOKMARK [2][-]{subsection.B.3}{\376\377\000T\000r\000i\000a\000l\000s\000\040\000f\000a\000c\000t\000o\000r\000s\000\040\000a\000n\000d\000\040\000w\000h\000a\000t\000\040\000c\000h\000a\000n\000g\000e\000s\000\040\000i\000n\000\040\000t\000h\000e\000\040\000r\000e\000s\000u\000l\000t}{appendix.B}% 13
\BOOKMARK [1][-]{appendix.C}{\376\377\000C\000o\000n\000d\000i\000t\000i\000o\000n\000a\000l\000\040\000g\000l\000o\000b\000a\000l\000\040\000p\000r\000o\000b\000a\000b\000i\000l\000i\000t\000i\000e\000s\000:\000\040\000i\000m\000p\000l\000e\000m\000e\000n\000t\000a\000t\000i\000o\000n\000\040\000a\000n\000d\000\040\000d\000i\000a\000g\000n\000o\000s\000t\000i\000c\000s}{}% 14
\BOOKMARK [2][-]{subsection.C.1}{\376\377\000C\000o\000m\000p\000a\000r\000i\000s\000o\000n\000\040\000w\000i\000t\000h\000\040\000t\000h\000e\000\040\000p\000a\000p\000e\000r\000\040\000a\000n\000d\000\040\000s\000i\000g\000c\000o\000r\000r}{appendix.C}% 15
\BOOKMARK [2][-]{subsection.C.2}{\376\377\000L\000a\000r\000g\000e\000\040\000s\000t\000r\000e\000s\000s\000-\000r\000e\000f\000e\000r\000e\000n\000c\000e\000\040\000o\000f\000f\000s\000e\000t\000s}{appendix.C}% 16
\BOOKMARK [2][-]{subsection.C.3}{\376\377\000R\000e\000s\000o\000l\000v\000i\000n\000g\000\040\000e\000m\000p\000t\000y\000\040\000G\000a\000u\000s\000s\000i\000a\000n\000\040\000t\000a\000i\000l\000s}{appendix.C}% 17
\BOOKMARK [2][-]{subsection.C.4}{\376\377\000F\000i\000x\000e\000d\000-\000m\000a\000s\000s\000\040\000i\000n\000j\000e\000c\000t\000i\000o\000n\000\040\000r\000e\000c\000o\000v\000e\000r\000y\000\040\000a\000t\000\040\0007\0006\000\040\000M\000e\000V}{appendix.C}% 18
\BOOKMARK [2][-]{subsection.C.5}{\376\377\000C\000a\000n\000\040\000t\000h\000e\000\040\0002\0000\0001\0006\000\040\000r\000e\000f\000e\000r\000e\000n\000c\000e\000\040\000b\000e\000\040\000i\000m\000p\000r\000o\000v\000e\000d\000?}{appendix.C}% 19
\BOOKMARK [2][-]{subsection.C.6}{\376\377\000C\000o\000v\000a\000r\000i\000a\000n\000c\000e\000\040\000a\000n\000d\000\040\000s\000c\000a\000n\000-\000g\000r\000i\000d\000\040\000c\000h\000e\000c\000k\000s}{appendix.C}% 20
\BOOKMARK [2][-]{subsection.C.7}{\376\377\000P\000a\000i\000r\000e\000d\000\040\000P\000o\000i\000s\000s\000o\000n\000\040\000i\000n\000j\000e\000c\000t\000i\000o\000n\000\040\000d\000i\000s\000t\000r\000i\000b\000u\000t\000i\000o\000n\000s}{appendix.C}% 21
\BOOKMARK [2][-]{subsection.C.8}{\376\377\000W\000h\000y\000\040\000t\000h\000e\000\040\0007\0006\000\040\000M\000e\000V\000\040\000p\000r\000o\000b\000a\000b\000i\000l\000i\000t\000y\000\040\000s\000p\000i\000k\000e\000\040\000i\000s\000\040\000n\000o\000t\000\040\000a\000\040\000n\000a\000r\000r\000o\000w\000\040\000m\000a\000s\000s\000\040\000p\000e\000a\000k}{appendix.C}% 22
\BOOKMARK [2][-]{subsection.C.9}{\376\377\000J\000o\000i\000n\000t\000\040\000b\000i\000n\000n\000i\000n\000g\000\040\000c\000h\000e\000c\000k\000\040\000a\000r\000o\000u\000n\000d\000\040\000t\000h\000e\000\040\0007\0006\000\040\000M\000e\000V\000\040\000g\000a\000t\000e\000\040\000c\000r\000o\000s\000s\000i\000n\000g}{appendix.C}% 23
\BOOKMARK [1][-]{appendix.D}{\376\377\000A\000l\000t\000e\000r\000n\000a\000t\000i\000v\000e\000\040\000b\000a\000c\000k\000g\000r\000o\000u\000n\000d\000\040\000m\000o\000d\000e\000l\000i\000n\000g\000\040\000t\000h\000r\000o\000u\000g\000h\000\040\000c\000a\000l\000i\000b\000r\000a\000t\000i\000o\000n}{}% 24
\BOOKMARK [2][-]{subsection.D.1}{\376\377\000W\000h\000i\000c\000h\000\040\000b\000a\000c\000k\000g\000r\000o\000u\000n\000d\000\040\000s\000h\000a\000p\000e\000s\000\040\000a\000r\000e\000\040\000b\000e\000i\000n\000g\000\040\000t\000e\000s\000t\000e\000d\000?}{appendix.D}% 25
\BOOKMARK [2][-]{subsection.D.2}{\376\377\000W\000h\000a\000t\000\040\000i\000s\000\040\000r\000e\000p\000e\000a\000t\000e\000d\000,\000\040\000a\000n\000d\000\040\000w\000h\000a\000t\000\040\000r\000e\000m\000a\000i\000n\000s\000\040\000f\000i\000x\000e\000d\000?}{appendix.D}% 26
\BOOKMARK [2][-]{subsection.D.3}{\376\377\000F\000r\000o\000m\000\040\000l\000i\000k\000e\000l\000i\000h\000o\000o\000d\000\040\000r\000a\000t\000i\000o\000s\000\040\000t\000o\000\040\000a\000\040\000c\000a\000l\000i\000b\000r\000a\000t\000e\000d\000\040\000l\000i\000m\000i\000t}{appendix.D}% 27
\BOOKMARK [2][-]{subsection.D.4}{\376\377\000W\000h\000y\000\040\000s\000o\000m\000e\000\040\000o\000b\000s\000e\000r\000v\000e\000d\000\040\000l\000i\000m\000i\000t\000s\000\040\000a\000n\000d\000\040\000p\000r\000o\000b\000a\000b\000i\000l\000i\000t\000i\000e\000s\000\040\000c\000h\000a\000n\000g\000e\000\040\000s\000t\000r\000o\000n\000g\000l\000y}{appendix.D}% 28
\BOOKMARK [2][-]{subsection.D.5}{\376\377\000I\000n\000t\000e\000r\000p\000o\000l\000a\000t\000i\000o\000n\000\040\000o\000f\000f\000s\000e\000t\000s\000\040\000a\000n\000d\000\040\000a\000\040\000u\000s\000e\000f\000u\000l\000\040\000d\000i\000a\000g\000n\000o\000s\000t\000i\000c}{appendix.D}% 29
\BOOKMARK [2][-]{subsection.D.6}{\376\377\000I\000n\000d\000e\000p\000e\000n\000d\000e\000n\000t\000\040\000v\000a\000l\000i\000d\000a\000t\000i\000o\000n\000\040\000i\000n\000\040\000p\000l\000a\000i\000n\000\040\000l\000a\000n\000g\000u\000a\000g\000e}{appendix.D}% 30
\BOOKMARK [2][-]{subsection.D.7}{\376\377\000T\000h\000e\000\040\000t\000a\000r\000g\000e\000t\000e\000d\000\040\0007\0001\000\040\000M\000e\000V\000\040\000f\000o\000l\000l\000o\000w\000-\000u\000p\000\040\000a\000n\000d\000\040\000r\000e\000m\000a\000i\000n\000i\000n\000g\000\040\000q\000u\000a\000l\000i\000f\000i\000c\000a\000t\000i\000o\000n}{appendix.D}% 31
\BOOKMARK [1][-]{appendix.E}{\376\377\000C\000a\000n\000d\000i\000d\000a\000t\000e\000\040\000r\000e\000m\000o\000v\000a\000l\000\040\000a\000n\000d\000\040\000t\000r\000a\000d\000i\000t\000i\000o\000n\000a\000l\000\040\000b\000a\000c\000k\000g\000r\000o\000u\000n\000d\000\040\000f\000i\000t\000s}{}% 32
\BOOKMARK [2][-]{subsection.E.1}{\376\377\000W\000h\000a\000t\000\040\000w\000a\000s\000\040\000r\000e\000m\000o\000v\000e\000d\000\040\000a\000n\000d\000\040\000h\000o\000w\000\040\000i\000t\000\040\000w\000a\000s\000\040\000r\000e\000p\000l\000a\000c\000e\000d}{appendix.E}% 33
\BOOKMARK [2][-]{subsection.E.2}{\376\377\000W\000h\000a\000t\000\040\000c\000h\000a\000n\000g\000e\000s\000\040\000l\000o\000c\000a\000l\000l\000y\000,\000\040\000a\000n\000d\000\040\000w\000h\000a\000t\000\040\000p\000e\000r\000s\000i\000s\000t\000s\000\040\000f\000a\000r\000t\000h\000e\000r\000\040\000a\000w\000a\000y}{appendix.E}% 34
\BOOKMARK [2][-]{subsection.E.3}{\376\377\000D\000e\000p\000e\000n\000d\000e\000n\000c\000e\000\040\000o\000n\000\040\000t\000h\000e\000\040\000r\000e\000p\000l\000a\000c\000e\000m\000e\000n\000t\000\040\000m\000o\000d\000e\000l}{appendix.E}% 35
\BOOKMARK [2][-]{subsection.E.4}{\376\377\000T\000r\000a\000d\000i\000t\000i\000o\000n\000a\000l\000\040\000l\000o\000c\000a\000l\000\040\000f\000i\000t\000s\000\040\000o\000n\000\040\000t\000h\000e\000\040\000o\000r\000i\000g\000i\000n\000a\000l\000\040\000d\000a\000t\000a}{appendix.E}% 36
\BOOKMARK [2][-]{subsection.E.5}{\376\377\000H\000o\000w\000\040\000t\000o\000\040\000i\000n\000t\000e\000r\000p\000r\000e\000t\000\040\000t\000h\000e\000\040\000s\000t\000r\000o\000n\000g\000e\000s\000t\000-\000l\000o\000o\000k\000i\000n\000g\000\040\000c\000o\000n\000v\000e\000n\000t\000i\000o\000n\000a\000l\000\040\000o\000u\000t\000c\000o\000m\000e\000s}{appendix.E}% 37
\BOOKMARK [2][-]{subsection.E.6}{\376\377\000W\000h\000a\000t\000\040\000t\000h\000i\000s\000\040\000i\000m\000p\000l\000i\000e\000s\000\040\000f\000o\000r\000\040\000p\000r\000e\000s\000e\000n\000t\000a\000t\000i\000o\000n\000\040\000a\000n\000d\000\040\000t\000h\000e\000\040\000n\000e\000x\000t\000\040\000d\000a\000t\000a\000\040\000s\000t\000e\000p}{appendix.E}% 38
\BOOKMARK [2][-]{subsection.E.7}{\376\377\000R\000e\000p\000r\000o\000d\000u\000c\000i\000b\000i\000l\000i\000t\000y\000\040\000a\000n\000d\000\040\000n\000u\000m\000e\000r\000i\000c\000a\000l\000\040\000c\000h\000e\000c\000k\000s}{appendix.E}% 39
\BOOKMARK [1][-]{appendix.F}{\376\377\000J\000o\000i\000n\000t\000\040\000s\000c\000a\000n\000\040\000o\000f\000\040\000d\000e\000f\000i\000c\000i\000t\000s}{}% 40
\BOOKMARK [1][-]{appendix.G}{\376\377\000H\000i\000s\000t\000o\000r\000i\000c\000a\000l\000\040\000v\000a\000l\000i\000d\000a\000t\000i\000o\000n\000\040\000s\000t\000u\000d\000i\000e\000s\000\040\000a\000n\000d\000\040\000t\000h\000e\000i\000r\000\040\000r\000o\000l\000e\000\040\000i\000n\000\040\000v\0005}{}% 41
\BOOKMARK [2][-]{subsection.G.1}{\376\377\000K\000e\000r\000n\000e\000l\000,\000\040\000w\000i\000n\000d\000o\000w\000\040\000a\000n\000d\000\040\000n\000o\000r\000m\000a\000l\000i\000z\000a\000t\000i\000o\000n\000\040\000d\000e\000v\000e\000l\000o\000p\000m\000e\000n\000t\000:\000\040\000J\000u\000n\000e\040\023\000A\000u\000g\000u\000s\000t\000\040\0002\0000\0002\0006}{appendix.G}% 42
\BOOKMARK [2][-]{subsection.G.2}{\376\377\000S\000o\000u\000r\000c\000e\000,\000\040\000e\000x\000p\000o\000s\000u\000r\000e\000\040\000a\000n\000d\000\040\000t\000h\000r\000e\000s\000h\000o\000l\000d\000\040\000t\000e\000s\000t\000s\000:\000\040\000A\000u\000g\000u\000s\000t\000\040\0002\0000\0002\0006}{appendix.G}% 43
\BOOKMARK [2][-]{subsection.G.3}{\376\377\000T\000h\000e\000\040\0002\0000\0001\0006\000\040\000s\000u\000p\000p\000o\000r\000t\000\040\000a\000n\000d\000\040\000f\000i\000t\000-\000r\000e\000p\000r\000o\000d\000u\000c\000i\000b\000i\000l\000i\000t\000y\000\040\000c\000h\000e\000c\000k\000s\000:\000\040\000S\000e\000p\000t\000e\000m\000b\000e\000r\000\040\0002\0000\0002\0006}{appendix.G}% 44
\BOOKMARK [1][-]{appendix.H}{\376\377\000H\000i\000s\000t\000o\000r\000i\000c\000a\000l\000\040\000p\000s\000e\000u\000d\000o\000e\000x\000p\000e\000r\000i\000m\000e\000n\000t\000\040\000r\000e\000g\000i\000m\000e\000s\000\040\000a\000n\000d\000\040\000m\000o\000d\000e\000l\000\040\000d\000e\000c\000i\000s\000i\000o\000n\000s}{}% 45
\BOOKMARK [2][-]{subsection.H.1}{\376\377\000T\000h\000r\000e\000e\000\040\000t\000o\000y\000-\000g\000e\000n\000e\000r\000a\000t\000i\000o\000n\000\040\000r\000e\000g\000i\000m\000e\000s}{appendix.H}% 46
\BOOKMARK [2][-]{subsection.H.2}{\376\377\000H\000i\000s\000t\000o\000r\000i\000c\000a\000l\000\040\000f\000u\000l\000l\000-\0001\0000\0000\000\040\0002\0000\0002\0001\000\040\000s\000o\000u\000r\000c\000e\000-\000a\000n\000d\000-\000e\000x\000p\000o\000s\000u\000r\000e\000\040\000c\000l\000o\000s\000u\000r\000e}{appendix.H}% 47
\BOOKMARK [2][-]{subsection.H.3}{\376\377\000W\000h\000y\000\040\000t\000h\000r\000e\000s\000h\000o\000l\000d\000\040\000m\000o\000d\000e\000l\000i\000n\000g\000\040\000w\000a\000s\000\040\000t\000e\000s\000t\000e\000d\000\040\000a\000t\000\040\0006\0005\000\040\000M\000e\000V}{appendix.H}% 48
\BOOKMARK [2][-]{subsection.H.4}{\376\377\000C\000o\000n\000t\000r\000o\000l\000l\000e\000d\000\040\0002\0000\0001\0006\000\040\000u\000p\000p\000e\000r\000\040\000l\000e\000n\000g\000t\000h\000-\000s\000c\000a\000l\000e\000\040\000r\000a\000n\000g\000e}{appendix.H}% 49
\BOOKMARK [1][-]{appendix.I}{\376\377\000H\000i\000s\000t\000o\000r\000i\000c\000a\000l\000\040\000c\000o\000m\000p\000a\000r\000i\000s\000o\000n\000s\000\040\000w\000i\000t\000h\000\040\000t\000h\000e\000\040\0002\0000\0001\0005\000\040\000a\000n\000d\000\040\0002\0000\0001\0006\000\040\000r\000e\000s\000o\000n\000a\000n\000c\000e\000\040\000s\000e\000a\000r\000c\000h\000e\000s}{}% 50
\BOOKMARK [2][-]{subsection.I.1}{\376\377\000T\000h\000e\000\040\000o\000r\000i\000g\000i\000n\000a\000l\000\040\000a\000n\000d\000\040\000c\000o\000r\000r\000e\000c\000t\000e\000d\000\040\0002\0000\0001\0005\000\040\000p\000o\000l\000y\000n\000o\000m\000i\000a\000l\000\040\000a\000n\000a\000l\000y\000s\000e\000s}{appendix.I}% 51
\BOOKMARK [2][-]{subsection.I.2}{\376\377\000T\000h\000e\000\040\000h\000i\000s\000t\000o\000r\000i\000c\000a\000l\000\040\0002\0000\0001\0005\000\040\000G\000P\000R\000\040\000c\000o\000m\000p\000a\000r\000i\000s\000o\000n}{appendix.I}% 52
\BOOKMARK [2][-]{subsection.I.3}{\376\377\000T\000h\000e\000\040\000p\000u\000b\000l\000i\000s\000h\000e\000d\000\040\0002\0000\0001\0006\000\040\000m\000e\000t\000h\000o\000d\000\040\000a\000n\000d\000\040\000t\000h\000e\000\040\000s\000a\000v\000e\000d\000\040\000G\000P\000R\000\040\000c\000o\000m\000p\000a\000r\000i\000s\000o\000n}{appendix.I}% 53
\BOOKMARK [1][-]{appendix.J}{\376\377\000D\000i\000s\000p\000l\000a\000y\000s\000\040\000b\000e\000f\000o\000r\000e\000\040\000t\000h\000e\000\040\0002\0000\0001\0005\000\040\0009\0000\040\023\0001\0000\0000\000\040\000M\000e\000V\000\040\000e\000x\000t\000e\000n\000s\000i\000o\000n}{}% 54
\BOOKMARK [1][-]{appendix.K}{\376\377\000E\000x\000p\000l\000o\000r\000a\000t\000o\000r\000y\000\040\0002\0000\0001\0005\000\040\000s\000e\000a\000r\000c\000h\000\040\000o\000n\000\040\000t\000h\000e\000\040\0001\0005\040\023\0002\0000\000\040\000M\000e\000V\000\040\000r\000i\000s\000i\000n\000g\000\040\000e\000d\000g\000e}{}% 55
\BOOKMARK [2][-]{subsection.K.1}{\376\377\000W\000h\000y\000\040\000a\000\040\000s\000e\000p\000a\000r\000a\000t\000e\000\040\000s\000u\000p\000p\000o\000r\000t\000\040\000i\000s\000\040\000u\000s\000e\000f\000u\000l}{appendix.K}% 56
\BOOKMARK [2][-]{subsection.K.2}{\376\377\000L\000o\000c\000a\000l\000\040\000p\000r\000o\000b\000a\000b\000i\000l\000i\000t\000i\000e\000s\000\040\000a\000n\000d\000\040\000d\000e\000p\000e\000n\000d\000e\000n\000c\000e\000\040\000o\000n\000\040\000t\000h\000e\000\040\000b\000a\000c\000k\000g\000r\000o\000u\000n\000d}{appendix.K}% 57
\BOOKMARK [2][-]{subsection.K.3}{\376\377\000S\000i\000g\000n\000a\000l\000\040\000e\000x\000t\000r\000a\000c\000t\000i\000o\000n\000\040\000a\000t\000\040\000f\000i\000x\000e\000d\000\040\000l\000o\000w\000-\000m\000a\000s\000s\000\040\000a\000n\000c\000h\000o\000r\000s}{appendix.K}% 58
\BOOKMARK [2][-]{subsection.K.4}{\376\377\000T\000h\000e\000\040\000l\000e\000a\000d\000i\000n\000g\000\040\000f\000l\000u\000c\000t\000u\000a\000t\000i\000o\000n\000\040\000a\000n\000d\000\040\000t\000h\000e\000\040\000u\000p\000p\000e\000r\000\040\000e\000d\000g\000e\000\040\000o\000f\000\040\000t\000h\000e\000\040\000r\000e\000q\000u\000e\000s\000t\000e\000d\000\040\000i\000n\000t\000e\000r\000v\000a\000l}{appendix.K}% 59
\BOOKMARK [2][-]{subsection.K.5}{\376\377\000S\000m\000a\000l\000l\000\040\000c\000o\000n\000d\000i\000t\000i\000o\000n\000a\000l\000\040\000t\000o\000y\000\040\000c\000h\000e\000c\000k\000s\000\040\000a\000n\000d\000\040\000w\000h\000a\000t\000\040\000r\000e\000m\000a\000i\000n\000s\000\040\000t\000o\000\040\000e\000s\000t\000a\000b\000l\000i\000s\000h}{appendix.K}% 60
\BOOKMARK [1][-]{appendix.L}{\376\377\000C\000o\000n\000s\000t\000r\000u\000c\000t\000i\000o\000n\000\040\000o\000f\000\040\000t\000h\000e\000\040\000F\000i\000g\000u\000r\000e\000\040\0002\000\040\000p\000r\000o\000j\000e\000c\000t\000i\000o\000n\000s}{}% 61
\BOOKMARK [2][-]{subsection.L.1}{\376\377\000D\000i\000s\000p\000l\000a\000y\000\040\000u\000p\000d\000a\000t\000e\000\040\000i\000n\000\040\000v\0005\000.\0000\000.\0005}{appendix.L}% 62
\BOOKMARK [1][-]{appendix.M}{\376\377\000H\000i\000s\000t\000o\000r\000i\000c\000a\000l\000\040\0001\000\045\000\040\000p\000r\000o\000j\000e\000c\000t\000i\000o\000n\000s\000\040\000a\000n\000d\000\040\000f\000i\000t\000\040\000c\000a\000t\000a\000l\000o\000g\000u\000e\000s}{}% 63
\BOOKMARK [1][-]{appendix.N}{\376\377\000G\000e\000o\000m\000e\000t\000r\000y\000\040\000a\000n\000d\000\040\000m\000a\000g\000n\000e\000t\000i\000c\000-\000t\000r\000a\000n\000s\000p\000o\000r\000t\000\040\000c\000a\000l\000c\000u\000l\000a\000t\000i\000o\000n}{}% 64
\BOOKMARK [2][-]{subsection.N.1}{\376\377\000T\000w\000o\000-\000b\000o\000d\000y\000\040\000d\000e\000c\000a\000y\000\040\000a\000n\000d\000\040\000l\000a\000b\000o\000r\000a\000t\000o\000r\000y\000\040\000a\000c\000c\000e\000p\000t\000a\000n\000c\000e}{appendix.N}% 65
\BOOKMARK [2][-]{subsection.N.2}{\376\377\000D\000e\000t\000e\000c\000t\000o\000r\000\040\000g\000e\000o\000m\000e\000t\000r\000y\000,\000\040\000f\000i\000e\000l\000d\000s\000\040\000a\000n\000d\000\040\000h\000i\000t\000\040\000s\000e\000l\000e\000c\000t\000i\000o\000n}{appendix.N}% 66
\BOOKMARK [2][-]{subsection.N.3}{\376\377\000A\000c\000c\000e\000p\000t\000a\000n\000c\000e\000\040\000c\000u\000r\000v\000e\000s\000\040\000a\000n\000d\000\040\000s\000e\000l\000e\000c\000t\000e\000d\000\040\000m\000a\000s\000s\000\040\000s\000p\000e\000c\000t\000r\000a}{appendix.N}% 67
\BOOKMARK [1][-]{appendix.O}{\376\377\000B\000e\000a\000m\000-\000e\000n\000e\000r\000g\000y\000\040\000a\000n\000d\000\040\000r\000a\000t\000e\000\040\000h\000y\000p\000o\000t\000h\000e\000s\000e\000s\000\040\000n\000e\000a\000r\000\040\0009\0002\000\040\000M\000e\000V}{}% 68
\BOOKMARK [2][-]{subsection.O.1}{\376\377\000A\000\040\000c\000o\000m\000m\000o\000n\000\040\000e\000x\000p\000e\000r\000i\000m\000e\000n\000t\000\040\000f\000o\000r\000\040\000t\000h\000e\000\040\000r\000a\000t\000e\000\040\000c\000o\000m\000p\000a\000r\000i\000s\000o\000n}{appendix.O}% 69
\BOOKMARK [2][-]{subsection.O.2}{\376\377\000F\000i\000t\000\040\000i\000m\000p\000r\000o\000v\000e\000m\000e\000n\000t\000\040\000a\000n\000d\000\040\000t\000h\000e\000\040\000c\000o\000s\000t\000\040\000o\000f\000\040\000a\000d\000d\000i\000t\000i\000o\000n\000a\000l\000\040\000f\000r\000e\000e\000d\000o\000m}{appendix.O}% 70
\BOOKMARK [2][-]{subsection.O.3}{\376\377\000C\000o\000m\000b\000i\000n\000i\000n\000g\000\040\000e\000x\000t\000r\000a\000c\000t\000e\000d\000\040\000a\000m\000p\000l\000i\000t\000u\000d\000e\000s\000\040\000a\000n\000d\000\040\000c\000o\000u\000n\000t\000\040\000s\000p\000e\000c\000t\000r\000a}{appendix.O}% 71
