{
  "calibration_spectra": 56064,
  "counts": {
    "gp": {
      "ntoys_per_proposal": 256,
      "proposal_count": 33
    },
    "stress": {
      "ntoys_per_proposal": 512,
      "proposal_count": 93
    }
  },
  "estimate_seconds": 398.8773048677736,
  "event": "planned_before_draws",
  "mass_MeV": 74,
  "max_memory_gib": 4.0,
  "memory_estimates": {
    "eigenfeature_rtol_1e-15": {
      "chunk_size": 128,
      "chunk_workspace_bytes": 36198400,
      "conservative_rank": 36,
      "estimated_peak_bytes": 4042189344,
      "estimated_peak_gib": 3.764582186937332,
      "full_bins": 1626,
      "generation_workspace_bytes": 6660096,
      "interpretation": "Both banks, bounded q caches, chunk fit/density copies, retained validation models and 512 MiB runtime reserve; source-derived, not measured RSS",
      "per_truth": {
        "gp": {
          "chunk_workspace_bytes": 35952640,
          "persistent_bytes": 512016384,
          "qcache_bound_bytes": 8650752,
          "qcache_limit": 128,
          "spectra": 8448
        },
        "stress": {
          "chunk_workspace_bytes": 36198400,
          "persistent_bytes": 2885910528,
          "qcache_bound_bytes": 48758784,
          "qcache_limit": 128,
          "spectra": 47616
        }
      },
      "persistent_bytes": 3397926912,
      "proposal_bytes": 4917024,
      "runtime_reserve_bytes": 536870912,
      "validation_retained_bytes": 59616000,
      "window_bins": 140
    },
    "exact_cached_cholesky": {
      "chunk_size": 128,
      "chunk_workspace_bytes": 247486464,
      "conservative_rank": 140,
      "estimated_peak_bytes": 11185155616,
      "estimated_peak_gib": 10.416987925767899,
      "full_bins": 1626,
      "generation_workspace_bytes": 6660096,
      "interpretation": "Both banks, bounded q caches, chunk fit/density copies, retained validation models and 512 MiB runtime reserve; source-derived, not measured RSS",
      "per_truth": {
        "gp": {
          "chunk_workspace_bytes": 247240704,
          "persistent_bytes": 1538211840,
          "qcache_bound_bytes": 8650752,
          "qcache_limit": 128,
          "spectra": 8448
        },
        "stress": {
          "chunk_workspace_bytes": 247486464,
          "persistent_bytes": 8669921280,
          "qcache_bound_bytes": 48758784,
          "qcache_limit": 128,
          "spectra": 47616
        }
      },
      "persistent_bytes": 10208133120,
      "proposal_bytes": 4917024,
      "runtime_reserve_bytes": 536870912,
      "validation_retained_bytes": 181088000,
      "window_bins": 140
    }
  },
  "scope_key": "all_2015_2016_2021"
}

{
  "chunked_equivalence_passed": true,
  "elapsed_seconds": 196.89369033399998,
  "event": "point_completed",
  "mass_MeV": 74,
  "scope_key": "all_2015_2016_2021"
}

