{
  "center_best_model": "logarithmic",
  "center_LOO_RMS_MeV": 0.0651848854142371,
  "core_LOO_CDF_range": [
    0.0067269578029918176,
    0.044992977722570715
  ],
  "full_LOO_CDF_range": [
    0.022948922575789843,
    0.46105550704041764
  ],
  "shared_UL_ratio_range": [
    0.4429830004882185,
    1.1910585982415127
  ],
  "end_to_end_UL_ratio_range": [
    0.41921768634183076,
    1.17186361238545
  ],
  "left_tail_dominant_masses": [
    120,
    140,
    160,
    180,
    200,
    220,
    240
  ],
  "asymmetric_windows": {
    "symmetric": [
      2.25,
      2.25
    ],
    "left_redistributed": [
      2.5,
      2.0
    ],
    "right_redistributed": [
      2.0,
      2.5
    ],
    "left_expanded": [
      2.75,
      2.25
    ],
    "right_expanded": [
      2.25,
      2.75
    ]
  },
  "conditional_common_shape": true
}
[
  {
    "model": "proportional",
    "parameters": 1,
    "coefficients": [
      -1.9751006157464843
    ],
    "train_RMS_MeV": 0.25522235245785274,
    "LOO_RMS_MeV": 0.2885384164087379,
    "LOO_max_abs_MeV": 0.4601585490890274,
    "LOO_RMS_nominal_sigma": 0.08520611431808198
  },
  {
    "model": "affine",
    "parameters": 2,
    "coefficients": [
      -3.035042699968641,
      -1.646047086887784
    ],
    "train_RMS_MeV": 0.15545650745217682,
    "LOO_RMS_MeV": 0.21535562221386317,
    "LOO_max_abs_MeV": 0.5287299439975328,
    "LOO_RMS_nominal_sigma": 0.08815297396440502
  },
  {
    "model": "quadratic",
    "parameters": 3,
    "coefficients": [
      -3.1938315318387565,
      -1.646047086887784,
      0.4811782783942882
    ],
    "train_RMS_MeV": 0.06787383223207753,
    "LOO_RMS_MeV": 0.13986937090636978,
    "LOO_max_abs_MeV": 0.30148435401438034,
    "LOO_RMS_nominal_sigma": 0.05234078900064502
  },
  {
    "model": "logarithmic",
    "parameters": 2,
    "coefficients": [
      -3.2243308692909953,
      -2.213992811446465
    ],
    "train_RMS_MeV": 0.049708511902231814,
    "LOO_RMS_MeV": 0.0651848854142371,
    "LOO_max_abs_MeV": 0.16044413649768607,
    "LOO_RMS_nominal_sigma": 0.01692178576911897
  }
]
