{
  "native_points": 10,
  "valid_centers": 201,
  "failed_centers": [],
  "native_shift_range_MeV": [
    -4.382816000127065,
    -1.2075225402439784
  ],
  "median_new_MC_Gaussian_ratio": 1.1783043636489743,
  "median_abs_new_MC_Gaussian_difference": 0.17830436364897417,
  "new_MC_Gaussian_ratio_range": [
    0.9968478270577941,
    2.5478029232991832
  ],
  "median_new_to_old_MC_ratio": 1.0242356300497357,
  "new_to_old_MC_ratio_range": [
    0.8215170529031456,
    1.2007701893429437
  ],
  "peaks": {
    "pole_centered_gaussian": {
      "mass_MeV": 78.0,
      "p0": 0.0024875238350738,
      "Z": 2.808644975197213,
      "limit": 6.329902657829994e-06
    },
    "pole_centered_mc_direct": {
      "mass_MeV": 80.0,
      "p0": 0.0247714648554729,
      "Z": 1.963889310969472,
      "limit": 6.36154165999062e-06
    },
    "pole_centered_mc_all": {
      "mass_MeV": 79.0,
      "p0": 0.00832147224916,
      "Z": 2.3945021803147344,
      "limit": 7.306031236306125e-06
    },
    "core_centered_gaussian": {
      "mass_MeV": 80.0,
      "p0": 0.003477934597171371,
      "Z": 2.6989496852152453,
      "limit": 6.202613745658862e-06
    },
    "core_centered_mc_direct": {
      "mass_MeV": 80.0,
      "p0": 0.007874961439562969,
      "Z": 2.414659560605762,
      "limit": 7.63874958357996e-06
    },
    "core_centered_mc_all": {
      "mass_MeV": 50.0,
      "p0": 0.003797910204911016,
      "Z": 2.669526830921053,
      "limit": 0.0001712518062605793
    }
  }
}
