observed 60 elapsed 0.2
observed 80 elapsed 0.4
observed 100 elapsed 0.7
observed 120 elapsed 0.9
observed 140 elapsed 1.2
observed 160 elapsed 1.5
observed 180 elapsed 1.8
observed 200 elapsed 2.0
observed 220 elapsed 2.3
observed 240 elapsed 2.6
{
  "native_points": 10,
  "median_limit_ratio": 0.9876005546492641,
  "descriptive_q16": 0.7890036936920805,
  "descriptive_q84": 1.824404858388235,
  "min_ratio": 0.5332194655237659,
  "min_ratio_mass_MeV": 180,
  "max_ratio": 3.758957027872415,
  "max_ratio_mass_MeV": 60,
  "median_absolute_fractional_difference": 0.22054509865305555,
  "rms_log_ratio": 0.5490209063649727,
  "fractions_within": {
    "0.01": 0.1,
    "0.05": 0.2,
    "0.1": 0.2
  },
  "max_abs_delta_r": 2.1939800522361184,
  "loo_all_pass": false,
  "loo_max_cdf_distance": 0.139500256110889,
  "bootstrap_toys_per_mass": 32,
  "scope": "Native MC coordinates only; descriptive correlated-curve agreement, not a goodness-of-fit probability.",
  "dense_scope": "Exploratory standardized-residual CDF interpolation between supplied MC points; not an independently validated dense response model."
}
