{
  "calibration_spectra": 79872,
  "counts": {
    "gp": {
      "ntoys_per_proposal": 512,
      "proposal_count": 84
    },
    "stress": {
      "ntoys_per_proposal": 512,
      "proposal_count": 72
    }
  },
  "estimate_seconds": 136.2015576054569,
  "event": "planned_before_draws",
  "mass_MeV": 65,
  "max_memory_gib": 4.0,
  "memory_estimates": {
    "eigenfeature_rtol_1e-15": {
      "conservative_rank": 12,
      "estimated_peak_bytes": 2749080064,
      "estimated_peak_gib": 2.5602803230285645,
      "full_bins": 720,
      "interpretation": "Explicit array bound with factor/padding copies, Hessian workspaces, mixture matrices and both retained banks; not measured host memory",
      "per_truth": {
        "gp": {
          "persistent_bytes": 560824320,
          "spectra": 43008,
          "transient_bytes": 1637744640
        },
        "stress": {
          "persistent_bytes": 480706560,
          "spectra": 36864,
          "transient_bytes": 1389625344
        }
      },
      "window_bins": 48
    },
    "exact_cached_cholesky": {
      "conservative_rank": 48,
      "estimated_peak_bytes": 12513026560,
      "estimated_peak_gib": 11.653664112091064,
      "full_bins": 720,
      "interpretation": "Explicit array bound with factor/padding copies, Hessian workspaces, mixture matrices and both retained banks; not measured host memory",
      "per_truth": {
        "gp": {
          "persistent_bytes": 1229684736,
          "spectra": 43008,
          "transient_bytes": 10159521792
        },
        "stress": {
          "persistent_bytes": 1054015488,
          "spectra": 36864,
          "transient_bytes": 8694005760
        }
      },
      "window_bins": 48
    }
  },
  "scope_key": "individual_2016_full"
}

{
  "calibration_spectra": 59136,
  "counts": {
    "gp": {
      "ntoys_per_proposal": 512,
      "proposal_count": 99
    },
    "stress": {
      "ntoys_per_proposal": 256,
      "proposal_count": 33
    }
  },
  "estimate_seconds": 93.46405249840909,
  "event": "planned_before_draws",
  "mass_MeV": 50,
  "max_memory_gib": 4.0,
  "memory_estimates": {
    "eigenfeature_rtol_1e-15": {
      "conservative_rank": 12,
      "estimated_peak_bytes": 2615612800,
      "estimated_peak_gib": 2.4359792470932007,
      "full_bins": 484,
      "interpretation": "Explicit array bound with factor/padding copies, Hessian workspaces, mixture matrices and both retained banks; not measured host memory",
      "per_truth": {
        "gp": {
          "persistent_bytes": 552296448,
          "spectra": 50688,
          "transient_bytes": 1902624768
        },
        "stress": {
          "persistent_bytes": 92049408,
          "spectra": 8448,
          "transient_bytes": 299261952
        }
      },
      "window_bins": 46
    },
    "exact_cached_cholesky": {
      "conservative_rank": 46,
      "estimated_peak_bytes": 12606690688,
      "estimated_peak_gib": 11.740895628929138,
      "full_bins": 484,
      "interpretation": "Explicit array bound with factor/padding copies, Hessian workspaces, mixture matrices and both retained banks; not measured host memory",
      "per_truth": {
        "gp": {
          "persistent_bytes": 1269227520,
          "spectra": 50688,
          "transient_bytes": 11057283072
        },
        "stress": {
          "persistent_bytes": 211537920,
          "spectra": 8448,
          "transient_bytes": 1825038336
        }
      },
      "window_bins": 46
    }
  },
  "scope_key": "individual_2015_full"
}

{
  "calibration_spectra": 81408,
  "counts": {
    "gp": {
      "ntoys_per_proposal": 512,
      "proposal_count": 81
    },
    "stress": {
      "ntoys_per_proposal": 512,
      "proposal_count": 78
    }
  },
  "estimate_seconds": 521.3661836496788,
  "event": "planned_before_draws",
  "mass_MeV": 66,
  "max_memory_gib": 4.0,
  "memory_estimates": {
    "eigenfeature_rtol_1e-15": {
      "conservative_rank": 36,
      "estimated_peak_bytes": 15030611344,
      "estimated_peak_gib": 13.998347654938698,
      "full_bins": 1626,
      "interpretation": "Explicit array bound with factor/padding copies, Hessian workspaces, mixture matrices and both retained banks; not measured host memory",
      "per_truth": {
        "gp": {
          "persistent_bytes": 2306506752,
          "spectra": 41472,
          "transient_bytes": 10429710336
        },
        "stress": {
          "persistent_bytes": 2221080576,
          "spectra": 39936,
          "transient_bytes": 10039590912
        }
      },
      "window_bins": 126
    },
    "exact_cached_cholesky": {
      "conservative_rank": 126,
      "estimated_peak_bytes": 76993097104,
      "estimated_peak_gib": 71.70540942251682,
      "full_bins": 1626,
      "interpretation": "Explicit array bound with factor/padding copies, Hessian workspaces, mixture matrices and both retained banks; not measured host memory",
      "per_truth": {
        "gp": {
          "persistent_bytes": 6248005632,
          "spectra": 41472,
          "transient_bytes": 64655179776
        },
        "stress": {
          "persistent_bytes": 6016598016,
          "spectra": 39936,
          "transient_bytes": 62256709632
        }
      },
      "window_bins": 126
    }
  },
  "scope_key": "all_2015_2016_2021"
}

{
  "calibration_spectra": 52992,
  "counts": {
    "gp": {
      "ntoys_per_proposal": 256,
      "proposal_count": 33
    },
    "stress": {
      "ntoys_per_proposal": 512,
      "proposal_count": 87
    }
  },
  "estimate_seconds": 82.70377903524728,
  "event": "planned_before_draws",
  "mass_MeV": 54,
  "max_memory_gib": 4.0,
  "memory_estimates": {
    "eigenfeature_rtol_1e-15": {
      "conservative_rank": 12,
      "estimated_peak_bytes": 2223993856,
      "estimated_peak_gib": 2.071255683898926,
      "full_bins": 720,
      "interpretation": "Explicit array bound with factor/padding copies, Hessian workspaces, mixture matrices and both retained banks; not measured host memory",
      "per_truth": {
        "gp": {
          "persistent_bytes": 101511168,
          "spectra": 8448,
          "transient_bytes": 273309696
        },
        "stress": {
          "persistent_bytes": 535240704,
          "spectra": 44544,
          "transient_bytes": 1518059520
        }
      },
      "window_bins": 40
    },
    "exact_cached_cholesky": {
      "conservative_rank": 40,
      "estimated_peak_bytes": 8676914176,
      "estimated_peak_gib": 8.081006050109863,
      "full_bins": 720,
      "interpretation": "Explicit array bound with factor/padding copies, Hessian workspaces, mixture matrices and both retained banks; not measured host memory",
      "per_truth": {
        "gp": {
          "persistent_bytes": 188559360,
          "spectra": 8448,
          "transient_bytes": 1393582080
        },
        "stress": {
          "persistent_bytes": 994222080,
          "spectra": 44544,
          "transient_bytes": 7424950272
        }
      },
      "window_bins": 40
    }
  },
  "scope_key": "individual_2016_full"
}

{
  "calibration_spectra": 96768,
  "counts": {
    "gp": {
      "ntoys_per_proposal": 512,
      "proposal_count": 84
    },
    "stress": {
      "ntoys_per_proposal": 512,
      "proposal_count": 105
    }
  },
  "estimate_seconds": 86.48609604530577,
  "event": "planned_before_draws",
  "mass_MeV": 19,
  "max_memory_gib": 4.0,
  "memory_estimates": {
    "eigenfeature_rtol_1e-15": {
      "conservative_rank": 12,
      "estimated_peak_bytes": 1954602976,
      "estimated_peak_gib": 1.8203658759593964,
      "full_bins": 484,
      "interpretation": "Explicit array bound with factor/padding copies, Hessian workspaces, mixture matrices and both retained banks; not measured host memory",
      "per_truth": {
        "gp": {
          "persistent_bytes": 303464448,
          "spectra": 43008,
          "transient_bytes": 933101568
        },
        "stress": {
          "persistent_bytes": 379330560,
          "spectra": 53760,
          "transient_bytes": 1202503680
        }
      },
      "window_bins": 16
    },
    "exact_cached_cholesky": {
      "conservative_rank": 16,
      "estimated_peak_bytes": 2545704928,
      "estimated_peak_gib": 2.3708724677562714,
      "full_bins": 484,
      "interpretation": "Explicit array bound with factor/padding copies, Hessian workspaces, mixture matrices and both retained banks; not measured host memory",
      "per_truth": {
        "gp": {
          "persistent_bytes": 333742080,
          "spectra": 43008,
          "transient_bytes": 1351483392
        },
        "stress": {
          "persistent_bytes": 417177600,
          "spectra": 53760,
          "transient_bytes": 1725480960
        }
      },
      "window_bins": 16
    }
  },
  "scope_key": "individual_2015_full"
}

{
  "calibration_spectra": 78336,
  "counts": {
    "gp": {
      "ntoys_per_proposal": 512,
      "proposal_count": 72
    },
    "stress": {
      "ntoys_per_proposal": 512,
      "proposal_count": 81
    }
  },
  "estimate_seconds": 2097.4447590804816,
  "event": "planned_before_draws",
  "mass_MeV": 62,
  "max_memory_gib": 4.0,
  "memory_estimates": {
    "eigenfeature_rtol_1e-15": {
      "conservative_rank": 12,
      "estimated_peak_bytes": 2604005248,
      "estimated_peak_gib": 2.4251688718795776,
      "full_bins": 720,
      "interpretation": "Explicit array bound with factor/padding copies, Hessian workspaces, mixture matrices and both retained banks; not measured host memory",
      "per_truth": {
        "gp": {
          "persistent_bytes": 471269376,
          "spectra": 36864,
          "transient_bytes": 1351876608
        },
        "stress": {
          "persistent_bytes": 530178048,
          "spectra": 41472,
          "transient_bytes": 1532805120
        }
      },
      "window_bins": 46
    },
    "exact_cached_cholesky": {
      "conservative_rank": 46,
      "estimated_peak_bytes": 11202164608,
      "estimated_peak_gib": 10.432828783988953,
      "full_bins": 720,
      "interpretation": "Explicit array bound with factor/padding copies, Hessian workspaces, mixture matrices and both retained banks; not measured host memory",
      "per_truth": {
        "gp": {
          "persistent_bytes": 992673792,
          "spectra": 36864,
          "transient_bytes": 8009809920
        },
        "stress": {
          "persistent_bytes": 1116758016,
          "spectra": 41472,
          "transient_bytes": 9022980096
        }
      },
      "window_bins": 46
    }
  },
  "scope_key": "individual_2016_full"
}

{
  "calibration_spectra": 49920,
  "counts": {
    "gp": {
      "ntoys_per_proposal": 256,
      "proposal_count": 33
    },
    "stress": {
      "ntoys_per_proposal": 512,
      "proposal_count": 81
    }
  },
  "estimate_seconds": 381.40413543657115,
  "event": "planned_before_draws",
  "mass_MeV": 73,
  "max_memory_gib": 4.0,
  "memory_estimates": {
    "eigenfeature_rtol_1e-15": {
      "conservative_rank": 36,
      "estimated_peak_bytes": 14106321376,
      "estimated_peak_gib": 13.13753554224968,
      "full_bins": 1626,
      "interpretation": "Explicit array bound with factor/padding copies, Hessian workspaces, mixture matrices and both retained banks; not measured host memory",
      "per_truth": {
        "gp": {
          "persistent_bytes": 502284288,
          "spectra": 8448,
          "transient_bytes": 2241355776
        },
        "stress": {
          "persistent_bytes": 2465759232,
          "spectra": 41472,
          "transient_bytes": 11066720256
        }
      },
      "window_bins": 138
    },
    "exact_cached_cholesky": {
      "conservative_rank": 138,
      "estimated_peak_bytes": 86300778976,
      "estimated_peak_gib": 80.37386366724968,
      "full_bins": 1626,
      "interpretation": "Explicit array bound with factor/padding copies, Hessian workspaces, mixture matrices and both retained banks; not measured host memory",
      "per_truth": {
        "gp": {
          "persistent_bytes": 1494958080,
          "spectra": 8448,
          "transient_bytes": 15752749056
        },
        "stress": {
          "persistent_bytes": 7338885120,
          "spectra": 41472,
          "transient_bytes": 77395378176
        }
      },
      "window_bins": 138
    }
  },
  "scope_key": "all_2015_2016_2021"
}

{
  "calibration_spectra": 78336,
  "counts": {
    "gp": {
      "ntoys_per_proposal": 512,
      "proposal_count": 72
    },
    "stress": {
      "ntoys_per_proposal": 512,
      "proposal_count": 81
    }
  },
  "estimate_seconds": 307.52416973521326,
  "event": "planned_before_draws",
  "mass_MeV": 103,
  "max_memory_gib": 4.0,
  "memory_estimates": {
    "eigenfeature_rtol_1e-15": {
      "conservative_rank": 12,
      "estimated_peak_bytes": 3604346752,
      "estimated_peak_gib": 3.3568094968795776,
      "full_bins": 720,
      "interpretation": "Explicit array bound with factor/padding copies, Hessian workspaces, mixture matrices and both retained banks; not measured host memory",
      "per_truth": {
        "gp": {
          "persistent_bytes": 622264320,
          "spectra": 36864,
          "transient_bytes": 1955856384
        },
        "stress": {
          "persistent_bytes": 700047360,
          "spectra": 41472,
          "transient_bytes": 2212282368
        }
      },
      "window_bins": 78
    },
    "exact_cached_cholesky": {
      "conservative_rank": 78,
      "estimated_peak_bytes": 30026987392,
      "estimated_peak_gib": 27.964811205863953,
      "full_bins": 720,
      "interpretation": "Explicit array bound with factor/padding copies, Hessian workspaces, mixture matrices and both retained banks; not measured host memory",
      "per_truth": {
        "gp": {
          "persistent_bytes": 2257256448,
          "spectra": 36864,
          "transient_bytes": 22354329600
        },
        "stress": {
          "persistent_bytes": 2539413504,
          "spectra": 41472,
          "transient_bytes": 25160564736
        }
      },
      "window_bins": 78
    }
  },
  "scope_key": "individual_2016_full"
}

{
  "calibration_spectra": 54528,
  "counts": {
    "gp": {
      "ntoys_per_proposal": 256,
      "proposal_count": 33
    },
    "stress": {
      "ntoys_per_proposal": 512,
      "proposal_count": 90
    }
  },
  "estimate_seconds": 265.657691118282,
  "event": "planned_before_draws",
  "mass_MeV": 58,
  "max_memory_gib": 4.0,
  "memory_estimates": {
    "eigenfeature_rtol_1e-15": {
      "conservative_rank": 36,
      "estimated_peak_bytes": 13712768464,
      "estimated_peak_gib": 12.77101083099842,
      "full_bins": 1626,
      "interpretation": "Explicit array bound with factor/padding copies, Hessian workspaces, mixture matrices and both retained banks; not measured host memory",
      "per_truth": {
        "gp": {
          "persistent_bytes": 434700288,
          "spectra": 8448,
          "transient_bytes": 1971019776
        },
        "stress": {
          "persistent_bytes": 2371092480,
          "spectra": 46080,
          "transient_bytes": 10835066880
        }
      },
      "window_bins": 113
    },
    "exact_cached_cholesky": {
      "conservative_rank": 113,
      "estimated_peak_bytes": 64829453776,
      "estimated_peak_gib": 60.377133801579475,
      "full_bins": 1626,
      "interpretation": "Explicit array bound with factor/padding copies, Hessian workspaces, mixture matrices and both retained banks; not measured host memory",
      "per_truth": {
        "gp": {
          "persistent_bytes": 1053972480,
          "spectra": 8448,
          "transient_bytes": 10609606656
        },
        "stress": {
          "persistent_bytes": 5748940800,
          "spectra": 46080,
          "transient_bytes": 57954631680
        }
      },
      "window_bins": 113
    }
  },
  "scope_key": "all_2015_2016_2021"
}

{
  "calibration_spectra": 49920,
  "counts": {
    "gp": {
      "ntoys_per_proposal": 256,
      "proposal_count": 33
    },
    "stress": {
      "ntoys_per_proposal": 512,
      "proposal_count": 81
    }
  },
  "estimate_seconds": 91.77916181559934,
  "event": "planned_before_draws",
  "mass_MeV": 71,
  "max_memory_gib": 4.0,
  "memory_estimates": {
    "eigenfeature_rtol_1e-15": {
      "conservative_rank": 12,
      "estimated_peak_bytes": 2405801728,
      "estimated_peak_gib": 2.240577459335327,
      "full_bins": 720,
      "interpretation": "Explicit array bound with factor/padding copies, Hessian workspaces, mixture matrices and both retained banks; not measured host memory",
      "per_truth": {
        "gp": {
          "persistent_bytes": 114487296,
          "spectra": 8448,
          "transient_bytes": 325214208
        },
        "stress": {
          "persistent_bytes": 562028544,
          "spectra": 41472,
          "transient_bytes": 1660207104
        }
      },
      "window_bins": 52
    },
    "exact_cached_cholesky": {
      "conservative_rank": 52,
      "estimated_peak_bytes": 13099802368,
      "estimated_peak_gib": 12.200141668319702,
      "full_bins": 720,
      "interpretation": "Explicit array bound with factor/padding copies, Hessian workspaces, mixture matrices and both retained banks; not measured host memory",
      "per_truth": {
        "gp": {
          "persistent_bytes": 271282176,
          "spectra": 8448,
          "transient_bytes": 2314887168
        },
        "stress": {
          "persistent_bytes": 1331748864,
          "spectra": 41472,
          "transient_bytes": 11427692544
        }
      },
      "window_bins": 52
    }
  },
  "scope_key": "individual_2016_full"
}

{
  "calibration_spectra": 98304,
  "counts": {
    "gp": {
      "ntoys_per_proposal": 512,
      "proposal_count": 96
    },
    "stress": {
      "ntoys_per_proposal": 512,
      "proposal_count": 96
    }
  },
  "estimate_seconds": 141.08266079947126,
  "event": "planned_before_draws",
  "mass_MeV": 45,
  "max_memory_gib": 4.0,
  "memory_estimates": {
    "eigenfeature_rtol_1e-15": {
      "conservative_rank": 12,
      "estimated_peak_bytes": 2829715456,
      "estimated_peak_gib": 2.635377883911133,
      "full_bins": 484,
      "interpretation": "Explicit array bound with factor/padding copies, Hessian workspaces, mixture matrices and both retained banks; not measured host memory",
      "per_truth": {
        "gp": {
          "persistent_bytes": 510394368,
          "spectra": 49152,
          "transient_bytes": 1739587584
        },
        "stress": {
          "persistent_bytes": 510394368,
          "spectra": 49152,
          "transient_bytes": 1739587584
        }
      },
      "window_bins": 42
    },
    "exact_cached_cholesky": {
      "conservative_rank": 42,
      "estimated_peak_bytes": 11228809216,
      "estimated_peak_gib": 10.457643508911133,
      "full_bins": 484,
      "interpretation": "Explicit array bound with factor/padding copies, Hessian workspaces, mixture matrices and both retained banks; not measured host memory",
      "per_truth": {
        "gp": {
          "persistent_bytes": 1076625408,
          "spectra": 49152,
          "transient_bytes": 9006219264
        },
        "stress": {
          "persistent_bytes": 1076625408,
          "spectra": 49152,
          "transient_bytes": 9006219264
        }
      },
      "window_bins": 42
    }
  },
  "scope_key": "individual_2015_full"
}

{
  "calibration_spectra": 73728,
  "counts": {
    "gp": {
      "ntoys_per_proposal": 512,
      "proposal_count": 72
    },
    "stress": {
      "ntoys_per_proposal": 512,
      "proposal_count": 72
    }
  },
  "estimate_seconds": 233.28338195226146,
  "event": "planned_before_draws",
  "mass_MeV": 104,
  "max_memory_gib": 4.0,
  "memory_estimates": {
    "eigenfeature_rtol_1e-15": {
      "conservative_rank": 12,
      "estimated_peak_bytes": 3269982208,
      "estimated_peak_gib": 3.045408248901367,
      "full_bins": 720,
      "interpretation": "Explicit array bound with factor/padding copies, Hessian workspaces, mixture matrices and both retained banks; not measured host memory",
      "per_truth": {
        "gp": {
          "persistent_bytes": 622264320,
          "spectra": 36864,
          "transient_bytes": 1955856384
        },
        "stress": {
          "persistent_bytes": 622264320,
          "spectra": 36864,
          "transient_bytes": 1955856384
        }
      },
      "window_bins": 78
    },
    "exact_cached_cholesky": {
      "conservative_rank": 78,
      "estimated_peak_bytes": 26938439680,
      "estimated_peak_gib": 25.088376998901367,
      "full_bins": 720,
      "interpretation": "Explicit array bound with factor/padding copies, Hessian workspaces, mixture matrices and both retained banks; not measured host memory",
      "per_truth": {
        "gp": {
          "persistent_bytes": 2257256448,
          "spectra": 36864,
          "transient_bytes": 22354329600
        },
        "stress": {
          "persistent_bytes": 2257256448,
          "spectra": 36864,
          "transient_bytes": 22354329600
        }
      },
      "window_bins": 78
    }
  },
  "scope_key": "individual_2016_full"
}

{
  "calibration_spectra": 56064,
  "counts": {
    "gp": {
      "ntoys_per_proposal": 256,
      "proposal_count": 33
    },
    "stress": {
      "ntoys_per_proposal": 512,
      "proposal_count": 93
    }
  },
  "estimate_seconds": 256.0806186565913,
  "event": "planned_before_draws",
  "mass_MeV": 54,
  "max_memory_gib": 4.0,
  "memory_estimates": {
    "eigenfeature_rtol_1e-15": {
      "conservative_rank": 36,
      "estimated_peak_bytes": 13447661344,
      "estimated_peak_gib": 12.524110585451126,
      "full_bins": 1626,
      "interpretation": "Explicit array bound with factor/padding copies, Hessian workspaces, mixture matrices and both retained banks; not measured host memory",
      "per_truth": {
        "gp": {
          "persistent_bytes": 410370048,
          "spectra": 8448,
          "transient_bytes": 1873698816
        },
        "stress": {
          "persistent_bytes": 2312994816,
          "spectra": 47616,
          "transient_bytes": 10652270592
        }
      },
      "window_bins": 104
    },
    "exact_cached_cholesky": {
      "conservative_rank": 104,
      "estimated_peak_bytes": 57004148512,
      "estimated_peak_gib": 53.08925035595894,
      "full_bins": 1626,
      "interpretation": "Explicit array bound with factor/padding copies, Hessian workspaces, mixture matrices and both retained banks; not measured host memory",
      "per_truth": {
        "gp": {
          "persistent_bytes": 915898368,
          "spectra": 8448,
          "transient_bytes": 9006243840
        },
        "stress": {
          "persistent_bytes": 5162336256,
          "spectra": 47616,
          "transient_bytes": 50853888000
        }
      },
      "window_bins": 104
    }
  },
  "scope_key": "all_2015_2016_2021"
}

{
  "calibration_spectra": 51456,
  "counts": {
    "gp": {
      "ntoys_per_proposal": 256,
      "proposal_count": 33
    },
    "stress": {
      "ntoys_per_proposal": 512,
      "proposal_count": 84
    }
  },
  "estimate_seconds": 140.8493432281321,
  "event": "planned_before_draws",
  "mass_MeV": 77,
  "max_memory_gib": 4.0,
  "memory_estimates": {
    "eigenfeature_rtol_1e-15": {
      "conservative_rank": 12,
      "estimated_peak_bytes": 2966605024,
      "estimated_peak_gib": 2.7628662288188934,
      "full_bins": 484,
      "interpretation": "Explicit array bound with factor/padding copies, Hessian workspaces, mixture matrices and both retained banks; not measured host memory",
      "per_truth": {
        "gp": {
          "persistent_bytes": 120164352,
          "spectra": 8448,
          "transient_bytes": 411721728
        },
        "stress": {
          "persistent_bytes": 611745792,
          "spectra": 43008,
          "transient_bytes": 2166226944
        }
      },
      "window_bins": 72
    },
    "exact_cached_cholesky": {
      "conservative_rank": 72,
      "estimated_peak_bytes": 25041505504,
      "estimated_peak_gib": 23.321719378232956,
      "full_bins": 484,
      "interpretation": "Explicit array bound with factor/padding copies, Hessian workspaces, mixture matrices and both retained banks; not measured host memory",
      "per_truth": {
        "gp": {
          "persistent_bytes": 436457472,
          "spectra": 8448,
          "transient_bytes": 4369440768
        },
        "stress": {
          "persistent_bytes": 2221965312,
          "spectra": 43008,
          "transient_bytes": 22314614784
        }
      },
      "window_bins": 72
    }
  },
  "scope_key": "individual_2015_full"
}

{
  "calibration_spectra": 46848,
  "counts": {
    "gp": {
      "ntoys_per_proposal": 256,
      "proposal_count": 33
    },
    "stress": {
      "ntoys_per_proposal": 512,
      "proposal_count": 75
    }
  },
  "estimate_seconds": 266.4496191875231,
  "event": "planned_before_draws",
  "mass_MeV": 142,
  "max_memory_gib": 4.0,
  "memory_estimates": {
    "eigenfeature_rtol_1e-15": {
      "conservative_rank": 12,
      "estimated_peak_bytes": 3773155840,
      "estimated_peak_gib": 3.5140252113342285,
      "full_bins": 720,
      "interpretation": "Explicit array bound with factor/padding copies, Hessian workspaces, mixture matrices and both retained banks; not measured host memory",
      "per_truth": {
        "gp": {
          "persistent_bytes": 179367936,
          "spectra": 8448,
          "transient_bytes": 584736768
        },
        "stress": {
          "persistent_bytes": 815308800,
          "spectra": 38400,
          "transient_bytes": 2709504000
        }
      },
      "window_bins": 112
    },
    "exact_cached_cholesky": {
      "conservative_rank": 112,
      "estimated_peak_bytes": 52923927040,
      "estimated_peak_gib": 49.28924798965454,
      "full_bins": 720,
      "interpretation": "Explicit array bound with factor/padding copies, Hessian workspaces, mixture matrices and both retained banks; not measured host memory",
      "per_truth": {
        "gp": {
          "persistent_bytes": 976859136,
          "spectra": 8448,
          "transient_bytes": 10424967168
        },
        "stress": {
          "persistent_bytes": 4440268800,
          "spectra": 38400,
          "transient_bytes": 47437824000
        }
      },
      "window_bins": 112
    }
  },
  "scope_key": "individual_2016_full"
}

{
  "calibration_spectra": 56064,
  "counts": {
    "gp": {
      "ntoys_per_proposal": 512,
      "proposal_count": 93
    },
    "stress": {
      "ntoys_per_proposal": 256,
      "proposal_count": 33
    }
  },
  "estimate_seconds": 43.5847734876471,
  "event": "planned_before_draws",
  "mass_MeV": 50,
  "max_memory_gib": 4.0,
  "memory_estimates": {
    "eigenfeature_rtol_1e-15": {
      "conservative_rank": 12,
      "estimated_peak_bytes": 1451399392,
      "estimated_peak_gib": 1.3517210185527802,
      "full_bins": 422,
      "interpretation": "Explicit array bound with factor/padding copies, Hessian workspaces, mixture matrices and both retained banks; not measured host memory",
      "per_truth": {
        "gp": {
          "persistent_bytes": 306266112,
          "spectra": 47616,
          "transient_bytes": 1022410752
        },
        "stress": {
          "persistent_bytes": 54337536,
          "spectra": 8448,
          "transient_bytes": 165175296
        }
      },
      "window_bins": 15
    },
    "exact_cached_cholesky": {
      "conservative_rank": 15,
      "estimated_peak_bytes": 1813348576,
      "estimated_peak_gib": 1.6888124644756317,
      "full_bins": 422,
      "interpretation": "Explicit array bound with factor/padding copies, Hessian workspaces, mixture matrices and both retained banks; not measured host memory",
      "per_truth": {
        "gp": {
          "persistent_bytes": 330264576,
          "spectra": 47616,
          "transient_bytes": 1356103680
        },
        "stress": {
          "persistent_bytes": 58595328,
          "spectra": 8448,
          "transient_bytes": 224378880
        }
      },
      "window_bins": 15
    }
  },
  "scope_key": "individual_2021_10pct"
}

{
  "calibration_spectra": 48384,
  "counts": {
    "gp": {
      "ntoys_per_proposal": 512,
      "proposal_count": 78
    },
    "stress": {
      "ntoys_per_proposal": 256,
      "proposal_count": 33
    }
  },
  "estimate_seconds": 49.208574979338884,
  "event": "planned_before_draws",
  "mass_MeV": 34,
  "max_memory_gib": 4.0,
  "memory_estimates": {
    "eigenfeature_rtol_1e-15": {
      "conservative_rank": 12,
      "estimated_peak_bytes": 1641544864,
      "estimated_peak_gib": 1.5288077890872955,
      "full_bins": 484,
      "interpretation": "Explicit array bound with factor/padding copies, Hessian workspaces, mixture matrices and both retained banks; not measured host memory",
      "per_truth": {
        "gp": {
          "persistent_bytes": 353353728,
          "spectra": 39936,
          "transient_bytes": 1145044992
        },
        "stress": {
          "persistent_bytes": 74747904,
          "spectra": 8448,
          "transient_bytes": 230055936
        }
      },
      "window_bins": 30
    },
    "exact_cached_cholesky": {
      "conservative_rank": 30,
      "estimated_peak_bytes": 4606737568,
      "estimated_peak_gib": 4.290358692407608,
      "full_bins": 484,
      "interpretation": "Explicit array bound with factor/padding copies, Hessian workspaces, mixture matrices and both retained banks; not measured host memory",
      "per_truth": {
        "gp": {
          "persistent_bytes": 560381952,
          "spectra": 39936,
          "transient_bytes": 3859415040
        },
        "stress": {
          "persistent_bytes": 118542336,
          "spectra": 8448,
          "transient_bytes": 804249600
        }
      },
      "window_bins": 30
    }
  },
  "scope_key": "individual_2015_full"
}

{
  "calibration_spectra": 52992,
  "counts": {
    "gp": {
      "ntoys_per_proposal": 512,
      "proposal_count": 87
    },
    "stress": {
      "ntoys_per_proposal": 256,
      "proposal_count": 33
    }
  },
  "estimate_seconds": 374.15915461376363,
  "event": "planned_before_draws",
  "mass_MeV": 157,
  "max_memory_gib": 4.0,
  "memory_estimates": {
    "eigenfeature_rtol_1e-15": {
      "conservative_rank": 12,
      "estimated_peak_bytes": 4709512192,
      "estimated_peak_gib": 4.386075019836426,
      "full_bins": 720,
      "interpretation": "Explicit array bound with factor/padding copies, Hessian workspaces, mixture matrices and both retained banks; not measured host memory",
      "per_truth": {
        "gp": {
          "persistent_bytes": 1014177792,
          "spectra": 44544,
          "transient_bytes": 3433807872
        },
        "stress": {
          "persistent_bytes": 192344064,
          "spectra": 8448,
          "transient_bytes": 636641280
        }
      },
      "window_bins": 124
    },
    "exact_cached_cholesky": {
      "conservative_rank": 124,
      "estimated_peak_bytes": 74740298752,
      "estimated_peak_gib": 69.60732746124268,
      "full_bins": 720,
      "interpretation": "Explicit array bound with factor/padding copies, Hessian workspaces, mixture matrices and both retained banks; not measured host memory",
      "per_truth": {
        "gp": {
          "persistent_bytes": 6202662912,
          "spectra": 44544,
          "transient_bytes": 67292086272
        },
        "stress": {
          "persistent_bytes": 1176367104,
          "spectra": 8448,
          "transient_bytes": 12747694080
        }
      },
      "window_bins": 124
    }
  },
  "scope_key": "individual_2016_full"
}

{
  "calibration_spectra": 49920,
  "counts": {
    "gp": {
      "ntoys_per_proposal": 256,
      "proposal_count": 33
    },
    "stress": {
      "ntoys_per_proposal": 512,
      "proposal_count": 81
    }
  },
  "estimate_seconds": 38.239658304547056,
  "event": "planned_before_draws",
  "mass_MeV": 77,
  "max_memory_gib": 4.0,
  "memory_estimates": {
    "eigenfeature_rtol_1e-15": {
      "conservative_rank": 12,
      "estimated_peak_bytes": 1319157280,
      "estimated_peak_gib": 1.2285609543323517,
      "full_bins": 422,
      "interpretation": "Explicit array bound with factor/padding copies, Hessian workspaces, mixture matrices and both retained banks; not measured host memory",
      "per_truth": {
        "gp": {
          "persistent_bytes": 56500224,
          "spectra": 8448,
          "transient_bytes": 173826048
        },
        "stress": {
          "persistent_bytes": 277364736,
          "spectra": 41472,
          "transient_bytes": 917028864
        }
      },
      "window_bins": 17
    },
    "exact_cached_cholesky": {
      "conservative_rank": 17,
      "estimated_peak_bytes": 1889289760,
      "estimated_peak_gib": 1.7595382034778595,
      "full_bins": 422,
      "interpretation": "Explicit array bound with factor/padding copies, Hessian workspaces, mixture matrices and both retained banks; not measured host memory",
      "per_truth": {
        "gp": {
          "persistent_bytes": 64272384,
          "spectra": 8448,
          "transient_bytes": 280608768
        },
        "stress": {
          "persistent_bytes": 315518976,
          "spectra": 41472,
          "transient_bytes": 1441234944
        }
      },
      "window_bins": 17
    }
  },
  "scope_key": "individual_2021_10pct"
}

{
  "calibration_spectra": 52992,
  "counts": {
    "gp": {
      "ntoys_per_proposal": 512,
      "proposal_count": 87
    },
    "stress": {
      "ntoys_per_proposal": 256,
      "proposal_count": 33
    }
  },
  "estimate_seconds": 407.2385262319255,
  "event": "planned_before_draws",
  "mass_MeV": 156,
  "max_memory_gib": 4.0,
  "memory_estimates": {
    "eigenfeature_rtol_1e-15": {
      "conservative_rank": 12,
      "estimated_peak_bytes": 4709512192,
      "estimated_peak_gib": 4.386075019836426,
      "full_bins": 720,
      "interpretation": "Explicit array bound with factor/padding copies, Hessian workspaces, mixture matrices and both retained banks; not measured host memory",
      "per_truth": {
        "gp": {
          "persistent_bytes": 1014177792,
          "spectra": 44544,
          "transient_bytes": 3433807872
        },
        "stress": {
          "persistent_bytes": 192344064,
          "spectra": 8448,
          "transient_bytes": 636641280
        }
      },
      "window_bins": 124
    },
    "exact_cached_cholesky": {
      "conservative_rank": 124,
      "estimated_peak_bytes": 74740298752,
      "estimated_peak_gib": 69.60732746124268,
      "full_bins": 720,
      "interpretation": "Explicit array bound with factor/padding copies, Hessian workspaces, mixture matrices and both retained banks; not measured host memory",
      "per_truth": {
        "gp": {
          "persistent_bytes": 6202662912,
          "spectra": 44544,
          "transient_bytes": 67292086272
        },
        "stress": {
          "persistent_bytes": 1176367104,
          "spectra": 8448,
          "transient_bytes": 12747694080
        }
      },
      "window_bins": 124
    }
  },
  "scope_key": "individual_2016_full"
}

{
  "calibration_spectra": 52992,
  "counts": {
    "gp": {
      "ntoys_per_proposal": 512,
      "proposal_count": 87
    },
    "stress": {
      "ntoys_per_proposal": 256,
      "proposal_count": 33
    }
  },
  "estimate_seconds": 66.43715253099174,
  "event": "planned_before_draws",
  "mass_MeV": 37,
  "max_memory_gib": 4.0,
  "memory_estimates": {
    "eigenfeature_rtol_1e-15": {
      "conservative_rank": 12,
      "estimated_peak_bytes": 1945728256,
      "estimated_peak_gib": 1.8121006488800049,
      "full_bins": 484,
      "interpretation": "Explicit array bound with factor/padding copies, Hessian workspaces, mixture matrices and both retained banks; not measured host memory",
      "per_truth": {
        "gp": {
          "persistent_bytes": 416931840,
          "spectra": 44544,
          "transient_bytes": 1381220352
        },
        "stress": {
          "persistent_bytes": 79073280,
          "spectra": 8448,
          "transient_bytes": 247357440
        }
      },
      "window_bins": 34
    },
    "exact_cached_cholesky": {
      "conservative_rank": 34,
      "estimated_peak_bytes": 6395458816,
      "estimated_peak_gib": 5.95623517036438,
      "full_bins": 484,
      "interpretation": "Explicit array bound with factor/padding copies, Hessian workspaces, mixture matrices and both retained banks; not measured host memory",
      "per_truth": {
        "gp": {
          "persistent_bytes": 730521600,
          "spectra": 44544,
          "transient_bytes": 5457887232
        },
        "stress": {
          "persistent_bytes": 138547200,
          "spectra": 8448,
          "transient_bytes": 1020518400
        }
      },
      "window_bins": 34
    }
  },
  "scope_key": "individual_2015_full"
}

{
  "calibration_spectra": 43776,
  "counts": {
    "gp": {
      "ntoys_per_proposal": 512,
      "proposal_count": 69
    },
    "stress": {
      "ntoys_per_proposal": 256,
      "proposal_count": 33
    }
  },
  "estimate_seconds": 60.03530389986008,
  "event": "planned_before_draws",
  "mass_MeV": 223,
  "max_memory_gib": 4.0,
  "memory_estimates": {
    "eigenfeature_rtol_1e-15": {
      "conservative_rank": 12,
      "estimated_peak_bytes": 1720804192,
      "estimated_peak_gib": 1.6026237905025482,
      "full_bins": 422,
      "interpretation": "Explicit array bound with factor/padding copies, Hessian workspaces, mixture matrices and both retained banks; not measured host memory",
      "per_truth": {
        "gp": {
          "persistent_bytes": 349323264,
          "spectra": 35328,
          "transient_bytes": 1219805184
        },
        "stress": {
          "persistent_bytes": 83533824,
          "spectra": 8448,
          "transient_bytes": 281960448
        }
      },
      "window_bins": 42
    },
    "exact_cached_cholesky": {
      "conservative_rank": 42,
      "estimated_peak_bytes": 7447995232,
      "estimated_peak_gib": 6.936486095190048,
      "full_bins": 422,
      "interpretation": "Explicit array bound with factor/padding copies, Hessian workspaces, mixture matrices and both retained banks; not measured host memory",
      "per_truth": {
        "gp": {
          "persistent_bytes": 756301824,
          "spectra": 35328,
          "transient_bytes": 6442696704
        },
        "stress": {
          "persistent_bytes": 180854784,
          "spectra": 8448,
          "transient_bytes": 1530912768
        }
      },
      "window_bins": 42
    }
  },
  "scope_key": "individual_2021_10pct"
}

{
  "calibration_spectra": 45312,
  "counts": {
    "gp": {
      "ntoys_per_proposal": 512,
      "proposal_count": 72
    },
    "stress": {
      "ntoys_per_proposal": 256,
      "proposal_count": 33
    }
  },
  "estimate_seconds": 49.204398893594814,
  "event": "planned_before_draws",
  "mass_MeV": 171,
  "max_memory_gib": 4.0,
  "memory_estimates": {
    "eigenfeature_rtol_1e-15": {
      "conservative_rank": 12,
      "estimated_peak_bytes": 1496504848,
      "estimated_peak_gib": 1.3937287479639053,
      "full_bins": 422,
      "interpretation": "Explicit array bound with factor/padding copies, Hessian workspaces, mixture matrices and both retained banks; not measured host memory",
      "per_truth": {
        "gp": {
          "persistent_bytes": 307888128,
          "spectra": 36864,
          "transient_bytes": 1049886720
        },
        "stress": {
          "persistent_bytes": 70557696,
          "spectra": 8448,
          "transient_bytes": 230055936
        }
      },
      "window_bins": 30
    },
    "exact_cached_cholesky": {
      "conservative_rank": 30,
      "estimated_peak_bytes": 4236974608,
      "estimated_peak_gib": 3.945990100502968,
      "full_bins": 422,
      "interpretation": "Explicit array bound with factor/padding copies, Hessian workspaces, mixture matrices and both retained banks; not measured host memory",
      "per_truth": {
        "gp": {
          "persistent_bytes": 498991104,
          "spectra": 36864,
          "transient_bytes": 3555459072
        },
        "stress": {
          "persistent_bytes": 114352128,
          "spectra": 8448,
          "transient_bytes": 804249600
        }
      },
      "window_bins": 30
    }
  },
  "scope_key": "individual_2021_10pct"
}

{
  "calibration_spectra": 48384,
  "counts": {
    "gp": {
      "ntoys_per_proposal": 256,
      "proposal_count": 33
    },
    "stress": {
      "ntoys_per_proposal": 512,
      "proposal_count": 78
    }
  },
  "estimate_seconds": 256.8263608822335,
  "event": "planned_before_draws",
  "mass_MeV": 134,
  "max_memory_gib": 4.0,
  "memory_estimates": {
    "eigenfeature_rtol_1e-15": {
      "conservative_rank": 12,
      "estimated_peak_bytes": 3758191744,
      "estimated_peak_gib": 3.5000888109207153,
      "full_bins": 720,
      "interpretation": "Explicit array bound with factor/padding copies, Hessian workspaces, mixture matrices and both retained banks; not measured host memory",
      "per_truth": {
        "gp": {
          "persistent_bytes": 172879872,
          "spectra": 8448,
          "transient_bytes": 558784512
        },
        "stress": {
          "persistent_bytes": 817250304,
          "spectra": 39936,
          "transient_bytes": 2699034624
        }
      },
      "window_bins": 106
    },
    "exact_cached_cholesky": {
      "conservative_rank": 106,
      "estimated_peak_bytes": 49397396608,
      "estimated_peak_gib": 46.004910588264465,
      "full_bins": 720,
      "interpretation": "Explicit array bound with factor/padding copies, Hessian workspaces, mixture matrices and both retained banks; not measured host memory",
      "per_truth": {
        "gp": {
          "persistent_bytes": 884404224,
          "spectra": 8448,
          "transient_bytes": 9351192576
        },
        "stress": {
          "persistent_bytes": 4180819968,
          "spectra": 39936,
          "transient_bytes": 44263145472
        }
      },
      "window_bins": 106
    }
  },
  "scope_key": "individual_2016_full"
}

