 width_sigma    scope  domain  mass_MeV  local_Z  global_p  global_Z
        2.25     2015    full        51 3.358609  0.019380  2.066730
        2.25     2016    full        91 2.822881  0.116309  1.193643
        2.25     2021    full        66 2.489239  0.366996  0.339819
        2.25 combined    full        66 2.829003  0.208488  0.811679
        2.25 combined overlap        66 2.829003  0.065479  1.510332
        2.25   fisher    full        92 3.722665  0.011310  2.279796
        2.25   fisher overlap        92 3.722665  0.003160  2.730703
        2.25 stouffer    full        92 3.933676  0.004940  2.580005
        2.25 stouffer overlap        92 3.933676  0.001290  3.013800
        2.40     2015    full        50 3.249600  0.027710  1.915573
        2.40     2016    full        91 2.923283  0.088379  1.350804
        2.40     2021    full        66 2.489238  0.362196  0.352594
        2.40 combined    full        66 2.833274  0.205738  0.821299
        2.40 combined overlap        66 2.833274  0.064239  1.520128
        2.40   fisher    full        92 3.651381  0.014540  2.182404
        2.40   fisher overlap        92 3.651381  0.004230  2.633141
        2.40 stouffer    full        92 3.858600  0.006490  2.484321
        2.40 stouffer overlap        92 3.858600  0.001910  2.892659
        2.50     2015    full        51 3.284706  0.024870  1.962197
        2.50     2016    full        91 2.894631  0.095219  1.309284
        2.50     2021    full        66 2.412904  0.416336  0.211276
        2.50 combined    full        66 2.770405  0.240838  0.703611
        2.50 combined overlap        66 2.770405  0.077039  1.425272
        2.50   fisher    full        92 3.687469  0.012170  2.251723
        2.50   fisher overlap        92 3.687469  0.003470  2.699713
        2.50 stouffer    full        92 3.889677  0.005520  2.541434
        2.50 stouffer overlap        92 3.889677  0.001550  2.957647
        2.60     2015    full        51 3.249915  0.027080  1.925559
        2.60     2016    full        91 2.882772  0.095469  1.307809
        2.60     2021    full        66 2.412904  0.419086  0.204233
        2.60 combined    full        66 2.787198  0.230998  0.735565
        2.60 combined overlap        66 2.787198  0.074089  1.445995
        2.60   fisher    full        92 3.749681  0.010040  2.324853
        2.60   fisher overlap        92 3.749681  0.002880  2.761143
        2.60 stouffer    full        92 3.948951  0.004420  2.618184
        2.60 stouffer overlap        92 3.948951  0.001260  3.020933
Figures 12
