{
  "calibration_spectra": 92928,
  "counts": {
    "gp": {
      "ntoys_per_proposal": 256,
      "proposal_count": 33
    },
    "stress": {
      "ntoys_per_proposal": 512,
      "proposal_count": 165
    }
  },
  "estimate_seconds": 144.24985279449834,
  "event": "planned_before_draws",
  "mass_MeV": 43,
  "max_memory_gib": 4.0,
  "memory_estimates": {
    "eigenfeature_rtol_1e-15": {
      "conservative_rank": 12,
      "estimated_peak_bytes": 3946202368,
      "estimated_peak_gib": 3.675187349319458,
      "full_bins": 720,
      "interpretation": "Explicit array bound with factor/padding copies, Hessian workspaces, mixture matrices and both retained banks; not measured host memory",
      "per_truth": {
        "gp": {
          "persistent_bytes": 95023104,
          "spectra": 8448,
          "transient_bytes": 247357440
        },
        "stress": {
          "persistent_bytes": 950231040,
          "spectra": 84480,
          "transient_bytes": 2830417920
        }
      },
      "window_bins": 34
    },
    "exact_cached_cholesky": {
      "conservative_rank": 34,
      "estimated_peak_bytes": 12332025088,
      "estimated_peak_gib": 11.485093355178833,
      "full_bins": 720,
      "interpretation": "Explicit array bound with factor/padding copies, Hessian workspaces, mixture matrices and both retained banks; not measured host memory",
      "per_truth": {
        "gp": {
          "persistent_bytes": 154497024,
          "spectra": 8448,
          "transient_bytes": 1020518400
        },
        "stress": {
          "persistent_bytes": 1544970240,
          "spectra": 84480,
          "transient_bytes": 10562027520
        }
      },
      "window_bins": 34
    }
  },
  "scope_key": "individual_2016_full"
}

{
  "calibration_spectra": 63744,
  "counts": {
    "gp": {
      "ntoys_per_proposal": 256,
      "proposal_count": 33
    },
    "stress": {
      "ntoys_per_proposal": 512,
      "proposal_count": 108
    }
  },
  "estimate_seconds": 82.33805316071019,
  "event": "planned_before_draws",
  "mass_MeV": 44,
  "max_memory_gib": 4.0,
  "memory_estimates": {
    "eigenfeature_rtol_1e-15": {
      "conservative_rank": 12,
      "estimated_peak_bytes": 2538315136,
      "estimated_peak_gib": 2.3639901876449585,
      "full_bins": 720,
      "interpretation": "Explicit array bound with factor/padding copies, Hessian workspaces, mixture matrices and both retained banks; not measured host memory",
      "per_truth": {
        "gp": {
          "persistent_bytes": 95023104,
          "spectra": 8448,
          "transient_bytes": 247357440
        },
        "stress": {
          "persistent_bytes": 621969408,
          "spectra": 55296,
          "transient_bytes": 1751777280
        }
      },
      "window_bins": 34
    },
    "exact_cached_cholesky": {
      "conservative_rank": 34,
      "estimated_peak_bytes": 8047762816,
      "estimated_peak_gib": 7.4950631856918335,
      "full_bins": 720,
      "interpretation": "Explicit array bound with factor/padding copies, Hessian workspaces, mixture matrices and both retained banks; not measured host memory",
      "per_truth": {
        "gp": {
          "persistent_bytes": 154497024,
          "spectra": 8448,
          "transient_bytes": 1020518400
        },
        "stress": {
          "persistent_bytes": 1011253248,
          "spectra": 55296,
          "transient_bytes": 6812467200
        }
      },
      "window_bins": 34
    }
  },
  "scope_key": "individual_2016_full"
}

{
  "calibration_spectra": 83712,
  "counts": {
    "gp": {
      "ntoys_per_proposal": 256,
      "proposal_count": 33
    },
    "stress": {
      "ntoys_per_proposal": 512,
      "proposal_count": 147
    }
  },
  "estimate_seconds": 163.60888762190098,
  "event": "planned_before_draws",
  "mass_MeV": 55,
  "max_memory_gib": 4.0,
  "memory_estimates": {
    "eigenfeature_rtol_1e-15": {
      "conservative_rank": 12,
      "estimated_peak_bytes": 3884107264,
      "estimated_peak_gib": 3.617356777191162,
      "full_bins": 720,
      "interpretation": "Explicit array bound with factor/padding copies, Hessian workspaces, mixture matrices and both retained banks; not measured host memory",
      "per_truth": {
        "gp": {
          "persistent_bytes": 103673856,
          "spectra": 8448,
          "transient_bytes": 281960448
        },
        "stress": {
          "persistent_bytes": 923639808,
          "spectra": 75264,
          "transient_bytes": 2786574336
        }
      },
      "window_bins": 42
    },
    "exact_cached_cholesky": {
      "conservative_rank": 42,
      "estimated_peak_bytes": 15975499264,
      "estimated_peak_gib": 14.878343105316162,
      "full_bins": 720,
      "interpretation": "Explicit array bound with factor/padding copies, Hessian workspaces, mixture matrices and both retained banks; not measured host memory",
      "per_truth": {
        "gp": {
          "persistent_bytes": 200994816,
          "spectra": 8448,
          "transient_bytes": 1530912768
        },
        "stress": {
          "persistent_bytes": 1790681088,
          "spectra": 75264,
          "transient_bytes": 13913604096
        }
      },
      "window_bins": 42
    }
  },
  "scope_key": "individual_2016_full"
}

{
  "calibration_spectra": 80640,
  "counts": {
    "gp": {
      "ntoys_per_proposal": 256,
      "proposal_count": 33
    },
    "stress": {
      "ntoys_per_proposal": 512,
      "proposal_count": 141
    }
  },
  "estimate_seconds": 150.09804318452456,
  "event": "planned_before_draws",
  "mass_MeV": 56,
  "max_memory_gib": 4.0,
  "memory_estimates": {
    "eigenfeature_rtol_1e-15": {
      "conservative_rank": 12,
      "estimated_peak_bytes": 3718705408,
      "estimated_peak_gib": 3.4633142948150635,
      "full_bins": 720,
      "interpretation": "Explicit array bound with factor/padding copies, Hessian workspaces, mixture matrices and both retained banks; not measured host memory",
      "per_truth": {
        "gp": {
          "persistent_bytes": 103673856,
          "spectra": 8448,
          "transient_bytes": 281960448
        },
        "stress": {
          "persistent_bytes": 885940224,
          "spectra": 72192,
          "transient_bytes": 2658975744
        }
      },
      "window_bins": 42
    },
    "exact_cached_cholesky": {
      "conservative_rank": 42,
      "estimated_peak_bytes": 15320543488,
      "estimated_peak_gib": 14.268368005752563,
      "full_bins": 720,
      "interpretation": "Explicit array bound with factor/padding copies, Hessian workspaces, mixture matrices and both retained banks; not measured host memory",
      "per_truth": {
        "gp": {
          "persistent_bytes": 200994816,
          "spectra": 8448,
          "transient_bytes": 1530912768
        },
        "stress": {
          "persistent_bytes": 1717592064,
          "spectra": 72192,
          "transient_bytes": 13331841024
        }
      },
      "window_bins": 42
    }
  },
  "scope_key": "individual_2016_full"
}

{
  "calibration_spectra": 77568,
  "counts": {
    "gp": {
      "ntoys_per_proposal": 256,
      "proposal_count": 33
    },
    "stress": {
      "ntoys_per_proposal": 512,
      "proposal_count": 135
    }
  },
  "estimate_seconds": 153.77974821074193,
  "event": "planned_before_draws",
  "mass_MeV": 57,
  "max_memory_gib": 4.0,
  "memory_estimates": {
    "eigenfeature_rtol_1e-15": {
      "conservative_rank": 12,
      "estimated_peak_bytes": 3554483200,
      "estimated_peak_gib": 3.310370445251465,
      "full_bins": 720,
      "interpretation": "Explicit array bound with factor/padding copies, Hessian workspaces, mixture matrices and both retained banks; not measured host memory",
      "per_truth": {
        "gp": {
          "persistent_bytes": 103673856,
          "spectra": 8448,
          "transient_bytes": 281960448
        },
        "stress": {
          "persistent_bytes": 848240640,
          "spectra": 69120,
          "transient_bytes": 2532556800
        }
      },
      "window_bins": 42
    },
    "exact_cached_cholesky": {
      "conservative_rank": 42,
      "estimated_peak_bytes": 14666767360,
      "estimated_peak_gib": 13.659491539001465,
      "full_bins": 720,
      "interpretation": "Explicit array bound with factor/padding copies, Hessian workspaces, mixture matrices and both retained banks; not measured host memory",
      "per_truth": {
        "gp": {
          "persistent_bytes": 200994816,
          "spectra": 8448,
          "transient_bytes": 1530912768
        },
        "stress": {
          "persistent_bytes": 1644503040,
          "spectra": 69120,
          "transient_bytes": 12751257600
        }
      },
      "window_bins": 42
    }
  },
  "scope_key": "individual_2016_full"
}

{
  "calibration_spectra": 59136,
  "counts": {
    "gp": {
      "ntoys_per_proposal": 256,
      "proposal_count": 33
    },
    "stress": {
      "ntoys_per_proposal": 512,
      "proposal_count": 99
    }
  },
  "estimate_seconds": 94.08058428936242,
  "event": "planned_before_draws",
  "mass_MeV": 58,
  "max_memory_gib": 4.0,
  "memory_estimates": {
    "eigenfeature_rtol_1e-15": {
      "conservative_rank": 12,
      "estimated_peak_bytes": 2660965888,
      "estimated_peak_gib": 2.478217601776123,
      "full_bins": 720,
      "interpretation": "Explicit array bound with factor/padding copies, Hessian workspaces, mixture matrices and both retained banks; not measured host memory",
      "per_truth": {
        "gp": {
          "persistent_bytes": 105836544,
          "spectra": 8448,
          "transient_bytes": 290611200
        },
        "stress": {
          "persistent_bytes": 635019264,
          "spectra": 50688,
          "transient_bytes": 1850720256
        }
      },
      "window_bins": 44
    },
    "exact_cached_cholesky": {
      "conservative_rank": 44,
      "estimated_peak_bytes": 11722628608,
      "estimated_peak_gib": 10.917548656463623,
      "full_bins": 720,
      "interpretation": "Explicit array bound with factor/padding copies, Hessian workspaces, mixture matrices and both retained banks; not measured host memory",
      "per_truth": {
        "gp": {
          "persistent_bytes": 213970944,
          "spectra": 8448,
          "transient_bytes": 1674731520
        },
        "stress": {
          "persistent_bytes": 1283825664,
          "spectra": 50688,
          "transient_bytes": 10155442176
        }
      },
      "window_bins": 44
    }
  },
  "scope_key": "individual_2016_full"
}

{
  "calibration_spectra": 59136,
  "counts": {
    "gp": {
      "ntoys_per_proposal": 256,
      "proposal_count": 33
    },
    "stress": {
      "ntoys_per_proposal": 512,
      "proposal_count": 99
    }
  },
  "estimate_seconds": 116.06008909090981,
  "event": "planned_before_draws",
  "mass_MeV": 73,
  "max_memory_gib": 4.0,
  "memory_estimates": {
    "eigenfeature_rtol_1e-15": {
      "conservative_rank": 12,
      "estimated_peak_bytes": 2996182528,
      "estimated_peak_gib": 2.790412425994873,
      "full_bins": 720,
      "interpretation": "Explicit array bound with factor/padding copies, Hessian workspaces, mixture matrices and both retained banks; not measured host memory",
      "per_truth": {
        "gp": {
          "persistent_bytes": 116649984,
          "spectra": 8448,
          "transient_bytes": 333864960
        },
        "stress": {
          "persistent_bytes": 699899904,
          "spectra": 50688,
          "transient_bytes": 2110242816
        }
      },
      "window_bins": 54
    },
    "exact_cached_cholesky": {
      "conservative_rank": 54,
      "estimated_peak_bytes": 17132051968,
      "estimated_peak_gib": 15.955466747283936,
      "full_bins": 720,
      "interpretation": "Explicit array bound with factor/padding copies, Hessian workspaces, mixture matrices and both retained banks; not measured host memory",
      "per_truth": {
        "gp": {
          "persistent_bytes": 286961664,
          "spectra": 8448,
          "transient_bytes": 2491146240
        },
        "stress": {
          "persistent_bytes": 1721769984,
          "spectra": 50688,
          "transient_bytes": 15053930496
        }
      },
      "window_bins": 54
    }
  },
  "scope_key": "individual_2016_full"
}

{
  "calibration_spectra": 74496,
  "counts": {
    "gp": {
      "ntoys_per_proposal": 256,
      "proposal_count": 33
    },
    "stress": {
      "ntoys_per_proposal": 512,
      "proposal_count": 129
    }
  },
  "estimate_seconds": 138.6628455262811,
  "event": "planned_before_draws",
  "mass_MeV": 74,
  "max_memory_gib": 4.0,
  "memory_estimates": {
    "eigenfeature_rtol_1e-15": {
      "conservative_rank": 12,
      "estimated_peak_bytes": 3911665408,
      "estimated_peak_gib": 3.643022298812866,
      "full_bins": 720,
      "interpretation": "Explicit array bound with factor/padding copies, Hessian workspaces, mixture matrices and both retained banks; not measured host memory",
      "per_truth": {
        "gp": {
          "persistent_bytes": 116649984,
          "spectra": 8448,
          "transient_bytes": 333864960
        },
        "stress": {
          "persistent_bytes": 911990784,
          "spectra": 66048,
          "transient_bytes": 2813116416
        }
      },
      "window_bins": 54
    },
    "exact_cached_cholesky": {
      "conservative_rank": 54,
      "estimated_peak_bytes": 22279522048,
      "estimated_peak_gib": 20.74942183494568,
      "full_bins": 720,
      "interpretation": "Explicit array bound with factor/padding copies, Hessian workspaces, mixture matrices and both retained banks; not measured host memory",
      "per_truth": {
        "gp": {
          "persistent_bytes": 286961664,
          "spectra": 8448,
          "transient_bytes": 2491146240
        },
        "stress": {
          "persistent_bytes": 2243518464,
          "spectra": 66048,
          "transient_bytes": 19679133696
        }
      },
      "window_bins": 54
    }
  },
  "scope_key": "individual_2016_full"
}

{
  "calibration_spectra": 63744,
  "counts": {
    "gp": {
      "ntoys_per_proposal": 256,
      "proposal_count": 33
    },
    "stress": {
      "ntoys_per_proposal": 512,
      "proposal_count": 108
    }
  },
  "estimate_seconds": 3018.956638403058,
  "event": "planned_before_draws",
  "mass_MeV": 75,
  "max_memory_gib": 4.0,
  "memory_estimates": {
    "eigenfeature_rtol_1e-15": {
      "conservative_rank": 12,
      "estimated_peak_bytes": 3340672384,
      "estimated_peak_gib": 3.1112436056137085,
      "full_bins": 720,
      "interpretation": "Explicit array bound with factor/padding copies, Hessian workspaces, mixture matrices and both retained banks; not measured host memory",
      "per_truth": {
        "gp": {
          "persistent_bytes": 118812672,
          "spectra": 8448,
          "transient_bytes": 342515712
        },
        "stress": {
          "persistent_bytes": 777682944,
          "spectra": 55296,
          "transient_bytes": 2374631424
        }
      },
      "window_bins": 56
    },
    "exact_cached_cholesky": {
      "conservative_rank": 56,
      "estimated_peak_bytes": 19991747968,
      "estimated_peak_gib": 18.61876618862152,
      "full_bins": 720,
      "interpretation": "Explicit array bound with factor/padding copies, Hessian workspaces, mixture matrices and both retained banks; not measured host memory",
      "per_truth": {
        "gp": {
          "persistent_bytes": 303181824,
          "spectra": 8448,
          "transient_bytes": 2673893376
        },
        "stress": {
          "persistent_bytes": 1984462848,
          "spectra": 55296,
          "transient_bytes": 17634557952
        }
      },
      "window_bins": 56
    }
  },
  "scope_key": "individual_2016_full"
}

{
  "calibration_spectra": 57600,
  "counts": {
    "gp": {
      "ntoys_per_proposal": 256,
      "proposal_count": 33
    },
    "stress": {
      "ntoys_per_proposal": 512,
      "proposal_count": 96
    }
  },
  "estimate_seconds": 2613.4359626807845,
  "event": "planned_before_draws",
  "mass_MeV": 76,
  "max_memory_gib": 4.0,
  "memory_estimates": {
    "eigenfeature_rtol_1e-15": {
      "conservative_rank": 12,
      "estimated_peak_bytes": 2971333504,
      "estimated_peak_gib": 2.7672699689865112,
      "full_bins": 720,
      "interpretation": "Explicit array bound with factor/padding copies, Hessian workspaces, mixture matrices and both retained banks; not measured host memory",
      "per_truth": {
        "gp": {
          "persistent_bytes": 118812672,
          "spectra": 8448,
          "transient_bytes": 342515712
        },
        "stress": {
          "persistent_bytes": 691273728,
          "spectra": 49152,
          "transient_bytes": 2091909120
        }
      },
      "window_bins": 56
    },
    "exact_cached_cholesky": {
      "conservative_rank": 56,
      "estimated_peak_bytes": 17792775040,
      "estimated_peak_gib": 16.570813059806824,
      "full_bins": 720,
      "interpretation": "Explicit array bound with factor/padding copies, Hessian workspaces, mixture matrices and both retained banks; not measured host memory",
      "per_truth": {
        "gp": {
          "persistent_bytes": 303181824,
          "spectra": 8448,
          "transient_bytes": 2673893376
        },
        "stress": {
          "persistent_bytes": 1763966976,
          "spectra": 49152,
          "transient_bytes": 15656288256
        }
      },
      "window_bins": 56
    }
  },
  "scope_key": "individual_2016_full"
}

{
  "calibration_spectra": 56064,
  "counts": {
    "gp": {
      "ntoys_per_proposal": 256,
      "proposal_count": 33
    },
    "stress": {
      "ntoys_per_proposal": 512,
      "proposal_count": 93
    }
  },
  "estimate_seconds": 398.8773048677736,
  "event": "planned_before_draws",
  "mass_MeV": 74,
  "max_memory_gib": 4.0,
  "memory_estimates": {
    "eigenfeature_rtol_1e-15": {
      "conservative_rank": 36,
      "estimated_peak_bytes": 16287663904,
      "estimated_peak_gib": 15.169069081544876,
      "full_bins": 1626,
      "interpretation": "Explicit array bound with factor/padding copies, Hessian workspaces, mixture matrices and both retained banks; not measured host memory",
      "per_truth": {
        "gp": {
          "persistent_bytes": 507691008,
          "spectra": 8448,
          "transient_bytes": 2262982656
        },
        "stress": {
          "persistent_bytes": 2861531136,
          "spectra": 47616,
          "transient_bytes": 12846415872
        }
      },
      "window_bins": 140
    },
    "exact_cached_cholesky": {
      "conservative_rank": 140,
      "estimated_peak_bytes": 101697029920,
      "estimated_peak_gib": 94.71273973584175,
      "full_bins": 1626,
      "interpretation": "Explicit array bound with factor/padding copies, Hessian workspaces, mixture matrices and both retained banks; not measured host memory",
      "per_truth": {
        "gp": {
          "persistent_bytes": 1533886464,
          "spectra": 8448,
          "transient_bytes": 16207994880
        },
        "stress": {
          "persistent_bytes": 8645541888,
          "spectra": 47616,
          "transient_bytes": 91445575680
        }
      },
      "window_bins": 140
    }
  },
  "scope_key": "all_2015_2016_2021"
}

{
  "calibration_spectra": 57600,
  "counts": {
    "gp": {
      "ntoys_per_proposal": 256,
      "proposal_count": 33
    },
    "stress": {
      "ntoys_per_proposal": 512,
      "proposal_count": 96
    }
  },
  "estimate_seconds": 932.2793542097106,
  "event": "planned_before_draws",
  "mass_MeV": 41,
  "max_memory_gib": 4.0,
  "memory_estimates": {
    "eigenfeature_rtol_1e-15": {
      "conservative_rank": 12,
      "estimated_peak_bytes": 2190406528,
      "estimated_peak_gib": 2.0399750471115112,
      "full_bins": 720,
      "interpretation": "Explicit array bound with factor/padding copies, Hessian workspaces, mixture matrices and both retained banks; not measured host memory",
      "per_truth": {
        "gp": {
          "persistent_bytes": 92860416,
          "spectra": 8448,
          "transient_bytes": 238706688
        },
        "stress": {
          "persistent_bytes": 540278784,
          "spectra": 49152,
          "transient_bytes": 1487929344
        }
      },
      "window_bins": 32
    },
    "exact_cached_cholesky": {
      "conservative_rank": 32,
      "estimated_peak_bytes": 6441317248,
      "estimated_peak_gib": 5.998944163322449,
      "full_bins": 720,
      "interpretation": "Explicit array bound with factor/padding copies, Hessian workspaces, mixture matrices and both retained banks; not measured host memory",
      "per_truth": {
        "gp": {
          "persistent_bytes": 144224256,
          "spectra": 8448,
          "transient_bytes": 909139968
        },
        "stress": {
          "persistent_bytes": 839122944,
          "spectra": 49152,
          "transient_bytes": 5388632064
        }
      },
      "window_bins": 32
    }
  },
  "scope_key": "individual_2016_full"
}

{
  "calibration_spectra": 54528,
  "counts": {
    "gp": {
      "ntoys_per_proposal": 256,
      "proposal_count": 33
    },
    "stress": {
      "ntoys_per_proposal": 512,
      "proposal_count": 90
    }
  },
  "estimate_seconds": 71.80146824380239,
  "event": "planned_before_draws",
  "mass_MeV": 45,
  "max_memory_gib": 4.0,
  "memory_estimates": {
    "eigenfeature_rtol_1e-15": {
      "conservative_rank": 12,
      "estimated_peak_bytes": 2176982656,
      "estimated_peak_gib": 2.0274730920791626,
      "full_bins": 720,
      "interpretation": "Explicit array bound with factor/padding copies, Hessian workspaces, mixture matrices and both retained banks; not measured host memory",
      "per_truth": {
        "gp": {
          "persistent_bytes": 97185792,
          "spectra": 8448,
          "transient_bytes": 256008192
        },
        "stress": {
          "persistent_bytes": 530104320,
          "spectra": 46080,
          "transient_bytes": 1480458240
        }
      },
      "window_bins": 36
    },
    "exact_cached_cholesky": {
      "conservative_rank": 36,
      "estimated_peak_bytes": 7429660288,
      "estimated_peak_gib": 6.919410347938538,
      "full_bins": 720,
      "interpretation": "Explicit array bound with factor/padding copies, Hessian workspaces, mixture matrices and both retained banks; not measured host memory",
      "per_truth": {
        "gp": {
          "persistent_bytes": 165310464,
          "spectra": 8448,
          "transient_bytes": 1138384896
        },
        "stress": {
          "persistent_bytes": 901693440,
          "spectra": 46080,
          "transient_bytes": 6293422080
        }
      },
      "window_bins": 36
    }
  },
  "scope_key": "individual_2016_full"
}

{
  "calibration_spectra": 71424,
  "counts": {
    "gp": {
      "ntoys_per_proposal": 256,
      "proposal_count": 33
    },
    "stress": {
      "ntoys_per_proposal": 512,
      "proposal_count": 123
    }
  },
  "estimate_seconds": 436.5775891024089,
  "event": "planned_before_draws",
  "mass_MeV": 57,
  "max_memory_gib": 4.0,
  "memory_estimates": {
    "eigenfeature_rtol_1e-15": {
      "conservative_rank": 36,
      "estimated_peak_bytes": 18208957504,
      "estimated_peak_gib": 16.958413183689117,
      "full_bins": 1626,
      "interpretation": "Explicit array bound with factor/padding copies, Hessian workspaces, mixture matrices and both retained banks; not measured host memory",
      "per_truth": {
        "gp": {
          "persistent_bytes": 423886848,
          "spectra": 8448,
          "transient_bytes": 1927766016
        },
        "stress": {
          "persistent_bytes": 3159883776,
          "spectra": 62976,
          "transient_bytes": 14551990272
        }
      },
      "window_bins": 109
    },
    "exact_cached_cholesky": {
      "conservative_rank": 109,
      "estimated_peak_bytes": 82291903552,
      "estimated_peak_gib": 76.64030748605728,
      "full_bins": 1626,
      "interpretation": "Explicit array bound with factor/padding copies, Hessian workspaces, mixture matrices and both retained banks; not measured host memory",
      "per_truth": {
        "gp": {
          "persistent_bytes": 991254528,
          "spectra": 8448,
          "transient_bytes": 9880780800
        },
        "stress": {
          "persistent_bytes": 7389351936,
          "spectra": 62976,
          "transient_bytes": 73838100480
        }
      },
      "window_bins": 109
    }
  },
  "scope_key": "all_2015_2016_2021"
}

{
  "calibration_spectra": 56064,
  "counts": {
    "gp": {
      "ntoys_per_proposal": 256,
      "proposal_count": 33
    },
    "stress": {
      "ntoys_per_proposal": 512,
      "proposal_count": 93
    }
  },
  "estimate_seconds": 550.9152200470072,
  "event": "planned_before_draws",
  "mass_MeV": 76,
  "max_memory_gib": 4.0,
  "memory_estimates": {
    "eigenfeature_rtol_1e-15": {
      "conservative_rank": 36,
      "estimated_peak_bytes": 16603219744,
      "estimated_peak_gib": 15.462953358888626,
      "full_bins": 1626,
      "interpretation": "Explicit array bound with factor/padding copies, Hessian workspaces, mixture matrices and both retained banks; not measured host memory",
      "per_truth": {
        "gp": {
          "persistent_bytes": 518504448,
          "spectra": 8448,
          "transient_bytes": 2306236416
        },
        "stress": {
          "persistent_bytes": 2922479616,
          "spectra": 47616,
          "transient_bytes": 13090209792
        }
      },
      "window_bins": 144
    },
    "exact_cached_cholesky": {
      "conservative_rank": 144,
      "estimated_peak_bytes": 107466049312,
      "estimated_peak_gib": 100.08555772900581,
      "full_bins": 1626,
      "interpretation": "Explicit array bound with factor/padding copies, Hessian workspaces, mixture matrices and both retained banks; not measured host memory",
      "per_truth": {
        "gp": {
          "persistent_bytes": 1613365248,
          "spectra": 8448,
          "transient_bytes": 17137950720
        },
        "stress": {
          "persistent_bytes": 9093513216,
          "spectra": 47616,
          "transient_bytes": 96687144960
        }
      },
      "window_bins": 144
    }
  },
  "scope_key": "all_2015_2016_2021"
}

{
  "calibration_spectra": 74496,
  "counts": {
    "gp": {
      "ntoys_per_proposal": 256,
      "proposal_count": 33
    },
    "stress": {
      "ntoys_per_proposal": 512,
      "proposal_count": 129
    }
  },
  "estimate_seconds": 454.185016320378,
  "event": "planned_before_draws",
  "mass_MeV": 56,
  "max_memory_gib": 4.0,
  "memory_estimates": {
    "eigenfeature_rtol_1e-15": {
      "conservative_rank": 36,
      "estimated_peak_bytes": 18977486560,
      "estimated_peak_gib": 17.67416164278984,
      "full_bins": 1626,
      "interpretation": "Explicit array bound with factor/padding copies, Hessian workspaces, mixture matrices and both retained banks; not measured host memory",
      "per_truth": {
        "gp": {
          "persistent_bytes": 421183488,
          "spectra": 8448,
          "transient_bytes": 1916952576
        },
        "stress": {
          "persistent_bytes": 3292889088,
          "spectra": 66048,
          "transient_bytes": 15189983232
        }
      },
      "window_bins": 108
    },
    "exact_cached_cholesky": {
      "conservative_rank": 108,
      "estimated_peak_bytes": 84739028704,
      "estimated_peak_gib": 78.91937038302422,
      "full_bins": 1626,
      "interpretation": "Explicit array bound with factor/padding copies, Hessian workspaces, mixture matrices and both retained banks; not measured host memory",
      "per_truth": {
        "gp": {
          "persistent_bytes": 975912960,
          "spectra": 8448,
          "transient_bytes": 9702629376
        },
        "stress": {
          "persistent_bytes": 7629864960,
          "spectra": 66048,
          "transient_bytes": 76059820032
        }
      },
      "window_bins": 108
    }
  },
  "scope_key": "all_2015_2016_2021"
}

{
  "calibration_spectra": 49920,
  "counts": {
    "gp": {
      "ntoys_per_proposal": 256,
      "proposal_count": 33
    },
    "stress": {
      "ntoys_per_proposal": 512,
      "proposal_count": 81
    }
  },
  "estimate_seconds": 136.32511256188252,
  "event": "planned_before_draws",
  "mass_MeV": 93,
  "max_memory_gib": 4.0,
  "memory_estimates": {
    "eigenfeature_rtol_1e-15": {
      "conservative_rank": 12,
      "estimated_peak_bytes": 2903023360,
      "estimated_peak_gib": 2.703651189804077,
      "full_bins": 720,
      "interpretation": "Explicit array bound with factor/padding copies, Hessian workspaces, mixture matrices and both retained banks; not measured host memory",
      "per_truth": {
        "gp": {
          "persistent_bytes": 133951488,
          "spectra": 8448,
          "transient_bytes": 403070976
        },
        "stress": {
          "persistent_bytes": 657580032,
          "spectra": 41472,
          "transient_bytes": 2042413056
        }
      },
      "window_bins": 70
    },
    "exact_cached_cholesky": {
      "conservative_rank": 70,
      "estimated_peak_bytes": 22982745856,
      "estimated_peak_gib": 21.40435004234314,
      "full_bins": 720,
      "interpretation": "Explicit array bound with factor/padding copies, Hessian workspaces, mixture matrices and both retained banks; not measured host memory",
      "per_truth": {
        "gp": {
          "persistent_bytes": 431861760,
          "spectra": 8448,
          "transient_bytes": 4134789120
        },
        "stress": {
          "persistent_bytes": 2120048640,
          "spectra": 41472,
          "transient_bytes": 20361756672
        }
      },
      "window_bins": 70
    }
  },
  "scope_key": "individual_2016_full"
}

{
  "calibration_spectra": 49920,
  "counts": {
    "gp": {
      "ntoys_per_proposal": 256,
      "proposal_count": 33
    },
    "stress": {
      "ntoys_per_proposal": 512,
      "proposal_count": 81
    }
  },
  "estimate_seconds": 399.83546761364164,
  "event": "planned_before_draws",
  "mass_MeV": 77,
  "max_memory_gib": 4.0,
  "memory_estimates": {
    "eigenfeature_rtol_1e-15": {
      "conservative_rank": 36,
      "estimated_peak_bytes": 14589731296,
      "estimated_peak_gib": 13.587746113538742,
      "full_bins": 1626,
      "interpretation": "Explicit array bound with factor/padding copies, Hessian workspaces, mixture matrices and both retained banks; not measured host memory",
      "per_truth": {
        "gp": {
          "persistent_bytes": 521207808,
          "spectra": 8448,
          "transient_bytes": 2317049856
        },
        "stress": {
          "persistent_bytes": 2558656512,
          "spectra": 41472,
          "transient_bytes": 11438309376
        }
      },
      "window_bins": 145
    },
    "exact_cached_cholesky": {
      "conservative_rank": 145,
      "estimated_peak_bytes": 95081163232,
      "estimated_peak_gib": 88.55123373866081,
      "full_bins": 1626,
      "interpretation": "Explicit array bound with factor/padding copies, Hessian workspaces, mixture matrices and both retained banks; not measured host memory",
      "per_truth": {
        "gp": {
          "persistent_bytes": 1633572864,
          "spectra": 8448,
          "transient_bytes": 17374494720
        },
        "stress": {
          "persistent_bytes": 8019357696,
          "spectra": 41472,
          "transient_bytes": 85356675072
        }
      },
      "window_bins": 145
    }
  },
  "scope_key": "all_2015_2016_2021"
}

{
  "calibration_spectra": 56064,
  "counts": {
    "gp": {
      "ntoys_per_proposal": 256,
      "proposal_count": 33
    },
    "stress": {
      "ntoys_per_proposal": 512,
      "proposal_count": 93
    }
  },
  "estimate_seconds": 164.155580910125,
  "event": "planned_before_draws",
  "mass_MeV": 77,
  "max_memory_gib": 4.0,
  "memory_estimates": {
    "eigenfeature_rtol_1e-15": {
      "conservative_rank": 12,
      "estimated_peak_bytes": 2879736064,
      "estimated_peak_gib": 2.6819632053375244,
      "full_bins": 720,
      "interpretation": "Explicit array bound with factor/padding copies, Hessian workspaces, mixture matrices and both retained banks; not measured host memory",
      "per_truth": {
        "gp": {
          "persistent_bytes": 118812672,
          "spectra": 8448,
          "transient_bytes": 342515712
        },
        "stress": {
          "persistent_bytes": 669671424,
          "spectra": 47616,
          "transient_bytes": 2021965824
        }
      },
      "window_bins": 56
    },
    "exact_cached_cholesky": {
      "conservative_rank": 56,
      "estimated_peak_bytes": 17243769088,
      "estimated_peak_gib": 16.059511423110962,
      "full_bins": 720,
      "interpretation": "Explicit array bound with factor/padding copies, Hessian workspaces, mixture matrices and both retained banks; not measured host memory",
      "per_truth": {
        "gp": {
          "persistent_bytes": 303181824,
          "spectra": 8448,
          "transient_bytes": 2673893376
        },
        "stress": {
          "persistent_bytes": 1708843008,
          "spectra": 47616,
          "transient_bytes": 15162458112
        }
      },
      "window_bins": 56
    }
  },
  "scope_key": "individual_2016_full"
}

{
  "calibration_spectra": 62208,
  "counts": {
    "gp": {
      "ntoys_per_proposal": 256,
      "proposal_count": 33
    },
    "stress": {
      "ntoys_per_proposal": 512,
      "proposal_count": 105
    }
  },
  "estimate_seconds": 51.13711663921486,
  "event": "planned_before_draws",
  "mass_MeV": 22,
  "max_memory_gib": 4.0,
  "memory_estimates": {
    "eigenfeature_rtol_1e-15": {
      "conservative_rank": 12,
      "estimated_peak_bytes": 1852106176,
      "estimated_peak_gib": 1.7249082922935486,
      "full_bins": 484,
      "interpretation": "Explicit array bound with factor/padding copies, Hessian workspaces, mixture matrices and both retained banks; not measured host memory",
      "per_truth": {
        "gp": {
          "persistent_bytes": 63934464,
          "spectra": 8448,
          "transient_bytes": 186802176
        },
        "stress": {
          "persistent_bytes": 406855680,
          "spectra": 53760,
          "transient_bytes": 1312604160
        }
      },
      "window_bins": 20
    },
    "exact_cached_cholesky": {
      "conservative_rank": 20,
      "estimated_peak_bytes": 3166725568,
      "estimated_peak_gib": 2.9492430090904236,
      "full_bins": 484,
      "interpretation": "Explicit array bound with factor/padding copies, Hessian workspaces, mixture matrices and both retained banks; not measured host memory",
      "per_truth": {
        "gp": {
          "persistent_bytes": 77991936,
          "spectra": 8448,
          "transient_bytes": 377118720
        },
        "stress": {
          "persistent_bytes": 496312320,
          "spectra": 53760,
          "transient_bytes": 2523709440
        }
      },
      "window_bins": 20
    }
  },
  "scope_key": "individual_2015_full"
}

{
  "calibration_spectra": 52992,
  "counts": {
    "gp": {
      "ntoys_per_proposal": 256,
      "proposal_count": 33
    },
    "stress": {
      "ntoys_per_proposal": 512,
      "proposal_count": 87
    }
  },
  "estimate_seconds": 94.19408315999979,
  "event": "planned_before_draws",
  "mass_MeV": 59,
  "max_memory_gib": 4.0,
  "memory_estimates": {
    "eigenfeature_rtol_1e-15": {
      "conservative_rank": 12,
      "estimated_peak_bytes": 2342351872,
      "estimated_peak_gib": 2.181485176086426,
      "full_bins": 720,
      "interpretation": "Explicit array bound with factor/padding copies, Hessian workspaces, mixture matrices and both retained banks; not measured host memory",
      "per_truth": {
        "gp": {
          "persistent_bytes": 105836544,
          "spectra": 8448,
          "transient_bytes": 290611200
        },
        "stress": {
          "persistent_bytes": 558047232,
          "spectra": 44544,
          "transient_bytes": 1609285632
        }
      },
      "window_bins": 44
    },
    "exact_cached_cholesky": {
      "conservative_rank": 44,
      "estimated_peak_bytes": 10318738432,
      "estimated_peak_gib": 9.610074043273926,
      "full_bins": 720,
      "interpretation": "Explicit array bound with factor/padding copies, Hessian workspaces, mixture matrices and both retained banks; not measured host memory",
      "per_truth": {
        "gp": {
          "persistent_bytes": 213970944,
          "spectra": 8448,
          "transient_bytes": 1674731520
        },
        "stress": {
          "persistent_bytes": 1128210432,
          "spectra": 44544,
          "transient_bytes": 8907374592
        }
      },
      "window_bins": 44
    }
  },
  "scope_key": "individual_2016_full"
}

{
  "calibration_spectra": 48384,
  "counts": {
    "gp": {
      "ntoys_per_proposal": 256,
      "proposal_count": 33
    },
    "stress": {
      "ntoys_per_proposal": 512,
      "proposal_count": 78
    }
  },
  "estimate_seconds": 90.54794719655044,
  "event": "planned_before_draws",
  "mass_MeV": 72,
  "max_memory_gib": 4.0,
  "memory_estimates": {
    "eigenfeature_rtol_1e-15": {
      "conservative_rank": 12,
      "estimated_peak_bytes": 2319611008,
      "estimated_peak_gib": 2.1603060960769653,
      "full_bins": 720,
      "interpretation": "Explicit array bound with factor/padding copies, Hessian workspaces, mixture matrices and both retained banks; not measured host memory",
      "per_truth": {
        "gp": {
          "persistent_bytes": 114487296,
          "spectra": 8448,
          "transient_bytes": 325214208
        },
        "stress": {
          "persistent_bytes": 541212672,
          "spectra": 39936,
          "transient_bytes": 1594884096
        }
      },
      "window_bins": 52
    },
    "exact_cached_cholesky": {
      "conservative_rank": 52,
      "estimated_peak_bytes": 12623344768,
      "estimated_peak_gib": 11.75640594959259,
      "full_bins": 720,
      "interpretation": "Explicit array bound with factor/padding copies, Hessian workspaces, mixture matrices and both retained banks; not measured host memory",
      "per_truth": {
        "gp": {
          "persistent_bytes": 271282176,
          "spectra": 8448,
          "transient_bytes": 2314887168
        },
        "stress": {
          "persistent_bytes": 1282424832,
          "spectra": 39936,
          "transient_bytes": 11000610816
        }
      },
      "window_bins": 52
    }
  },
  "scope_key": "individual_2016_full"
}

{
  "calibration_spectra": 57600,
  "counts": {
    "gp": {
      "ntoys_per_proposal": 256,
      "proposal_count": 33
    },
    "stress": {
      "ntoys_per_proposal": 512,
      "proposal_count": 96
    }
  },
  "estimate_seconds": 275.75000904235264,
  "event": "planned_before_draws",
  "mass_MeV": 55,
  "max_memory_gib": 4.0,
  "memory_estimates": {
    "eigenfeature_rtol_1e-15": {
      "conservative_rank": 36,
      "estimated_peak_bytes": 14277464176,
      "estimated_peak_gib": 13.296924695372581,
      "full_bins": 1626,
      "interpretation": "Explicit array bound with factor/padding copies, Hessian workspaces, mixture matrices and both retained banks; not measured host memory",
      "per_truth": {
        "gp": {
          "persistent_bytes": 423886848,
          "spectra": 8448,
          "transient_bytes": 1927766016
        },
        "stress": {
          "persistent_bytes": 2466250752,
          "spectra": 49152,
          "transient_bytes": 11315183616
        }
      },
      "window_bins": 109
    },
    "exact_cached_cholesky": {
      "conservative_rank": 109,
      "estimated_peak_bytes": 64417966192,
      "estimated_peak_gib": 59.99390612542629,
      "full_bins": 1626,
      "interpretation": "Explicit array bound with factor/padding copies, Hessian workspaces, mixture matrices and both retained banks; not measured host memory",
      "per_truth": {
        "gp": {
          "persistent_bytes": 991254528,
          "spectra": 8448,
          "transient_bytes": 9880780800
        },
        "stress": {
          "persistent_bytes": 5767299072,
          "spectra": 49152,
          "transient_bytes": 57587269632
        }
      },
      "window_bins": 109
    }
  },
  "scope_key": "all_2015_2016_2021"
}

{
  "calibration_spectra": 49920,
  "counts": {
    "gp": {
      "ntoys_per_proposal": 256,
      "proposal_count": 33
    },
    "stress": {
      "ntoys_per_proposal": 512,
      "proposal_count": 81
    }
  },
  "estimate_seconds": 129.8497892330581,
  "event": "planned_before_draws",
  "mass_MeV": 92,
  "max_memory_gib": 4.0,
  "memory_estimates": {
    "eigenfeature_rtol_1e-15": {
      "conservative_rank": 12,
      "estimated_peak_bytes": 2847776512,
      "estimated_peak_gib": 2.652198553085327,
      "full_bins": 720,
      "interpretation": "Explicit array bound with factor/padding copies, Hessian workspaces, mixture matrices and both retained banks; not measured host memory",
      "per_truth": {
        "gp": {
          "persistent_bytes": 131788800,
          "spectra": 8448,
          "transient_bytes": 394420224
        },
        "stress": {
          "persistent_bytes": 646963200,
          "spectra": 41472,
          "transient_bytes": 1999945728
        }
      },
      "window_bins": 68
    },
    "exact_cached_cholesky": {
      "conservative_rank": 68,
      "estimated_peak_bytes": 21744459520,
      "estimated_peak_gib": 20.251106023788452,
      "full_bins": 720,
      "interpretation": "Explicit array bound with factor/padding copies, Hessian workspaces, mixture matrices and both retained banks; not measured host memory",
      "per_truth": {
        "gp": {
          "persistent_bytes": 411856896,
          "spectra": 8448,
          "transient_bytes": 3906625536
        },
        "stress": {
          "persistent_bytes": 2021842944,
          "spectra": 41472,
          "transient_bytes": 19241680896
        }
      },
      "window_bins": 68
    }
  },
  "scope_key": "individual_2016_full"
}

