{
  "calibration_spectra": 119040,
  "counts": {
    "gp": {
      "ntoys_per_proposal": 256,
      "proposal_count": 33
    },
    "stress": {
      "ntoys_per_proposal": 1024,
      "proposal_count": 108
    }
  },
  "estimate_seconds": 1207.7081560227434,
  "event": "planned_before_draws",
  "mass_MeV": 77,
  "max_memory_gib": 8.0,
  "memory_estimates": {
    "eigenfeature_rtol_1e-15": {
      "chunk_size": 128,
      "chunk_workspace_bytes": 37079040,
      "conservative_rank": 36,
      "estimated_peak_bytes": 8059228848,
      "estimated_peak_gib": 7.505741760134697,
      "full_bins": 1626,
      "generation_workspace_bytes": 13320192,
      "interpretation": "Both banks, bounded q caches, chunk fit/density copies, retained validation models and 512 MiB runtime reserve; source-derived, not measured RSS",
      "per_truth": {
        "gp": {
          "chunk_workspace_bytes": 36771840,
          "persistent_bytes": 525533184,
          "qcache_bound_bytes": 8650752,
          "qcache_limit": 128,
          "spectra": 8448
        },
        "stress": {
          "chunk_workspace_bytes": 37079040,
          "persistent_bytes": 6879707136,
          "qcache_bound_bytes": 113246208,
          "qcache_limit": 128,
          "spectra": 110592
        }
      },
      "persistent_bytes": 7405240320,
      "proposal_bytes": 5502384,
      "runtime_reserve_bytes": 536870912,
      "validation_retained_bytes": 61216000,
      "window_bins": 145
    },
    "exact_cached_cholesky": {
      "chunk_size": 128,
      "chunk_workspace_bytes": 265222144,
      "conservative_rank": 145,
      "estimated_peak_bytes": 24093278832,
      "estimated_peak_gib": 22.43861447274685,
      "full_bins": 1626,
      "generation_workspace_bytes": 13320192,
      "interpretation": "Both banks, bounded q caches, chunk fit/density copies, retained validation models and 512 MiB runtime reserve; source-derived, not measured RSS",
      "per_truth": {
        "gp": {
          "chunk_workspace_bytes": 264914944,
          "persistent_bytes": 1637898240,
          "qcache_bound_bytes": 8650752,
          "qcache_limit": 128,
          "spectra": 8448
        },
        "stress": {
          "chunk_workspace_bytes": 265222144,
          "persistent_bytes": 21441576960,
          "qcache_bound_bytes": 113246208,
          "qcache_limit": 128,
          "spectra": 110592
        }
      },
      "persistent_bytes": 23079475200,
      "proposal_bytes": 5502384,
      "runtime_reserve_bytes": 536870912,
      "validation_retained_bytes": 192888000,
      "window_bins": 145
    }
  },
  "scope_key": "all_2015_2016_2021"
}

{
  "chunked_equivalence_passed": true,
  "elapsed_seconds": 420.949136167,
  "event": "point_completed",
  "mass_MeV": 77,
  "scope_key": "all_2015_2016_2021"
}

