{
  "passed": true,
  "checks": 2736,
  "failures": [],
  "sentinel_correlations": {
    "profiled": {
      "masses": [
        39,
        49,
        50,
        90,
        91,
        180
      ],
      "max_absolute_error": 3.832956296662138e-07
    },
    "fixed": {
      "masses": [
        39,
        49,
        50,
        90,
        91,
        180
      ],
      "max_absolute_error": 4.653211970531701e-07
    }
  }
}
{
  "version": "4.9.16",
  "scope": "One common stress scenario, independent datasets, finite union grid",
  "masses_MeV": [
    19,
    20,
    21,
    22,
    23,
    24,
    25,
    26,
    27,
    28,
    29,
    30,
    31,
    32,
    33,
    34,
    35,
    36,
    37,
    38,
    39,
    40,
    41,
    42,
    43,
    44,
    45,
    46,
    47,
    48,
    49,
    50,
    51,
    52,
    53,
    54,
    55,
    56,
    57,
    58,
    59,
    60,
    61,
    62,
    63,
    64,
    65,
    66,
    67,
    68,
    69,
    70,
    71,
    72,
    73,
    74,
    75,
    76,
    77,
    78,
    79,
    80,
    81,
    82,
    83,
    84,
    85,
    86,
    87,
    88,
    89,
    90,
    91,
    92,
    93,
    94,
    95,
    96,
    97,
    98,
    99,
    100,
    101,
    102,
    103,
    104,
    105,
    106,
    107,
    108,
    109,
    110,
    111,
    112,
    113,
    114,
    115,
    116,
    117,
    118,
    119,
    120,
    121,
    122,
    123,
    124,
    125,
    126,
    127,
    128,
    129,
    130,
    131,
    132,
    133,
    134,
    135,
    136,
    137,
    138,
    139,
    140,
    141,
    142,
    143,
    144,
    145,
    146,
    147,
    148,
    149,
    150,
    151,
    152,
    153,
    154,
    155,
    156,
    157,
    158,
    159,
    160,
    161,
    162,
    163,
    164,
    165,
    166,
    167,
    168,
    169,
    170,
    171,
    172,
    173,
    174,
    175,
    176,
    177,
    178,
    179,
    180,
    181,
    182,
    183,
    184,
    185,
    186,
    187,
    188,
    189,
    190,
    191,
    192,
    193,
    194,
    195,
    196,
    197,
    198,
    199,
    200,
    201,
    202,
    203,
    204,
    205,
    206,
    207,
    208,
    209,
    210,
    211,
    212,
    213,
    214,
    215,
    216,
    217,
    218,
    219,
    220,
    221,
    222,
    223,
    224,
    225,
    226,
    227,
    228,
    229,
    230,
    231,
    232,
    233,
    234,
    235,
    236,
    237,
    238,
    239,
    240,
    241,
    242,
    243,
    244,
    245,
    246,
    247,
    248,
    249,
    250
  ],
  "gp_samples": 200000,
  "validation_scans": 1000,
  "numerical_audit_passed": true,
  "methods": {
    "profiled": {
      "peak_mass_MeV": 76,
      "observed_raw_r": 0.1655686465492273,
      "asimov_r": -8.700091018061123,
      "response_sd": 0.9793535499525367,
      "observed_standardized_r": 9.052562953429856,
      "local_common_truth_p": 6.982564722193575e-20,
      "local_asymptotic_p": 0.43424821155712423,
      "global_gp": {
        "k": 0,
        "n": 200000,
        "p": 0.0,
        "interval95": [
          0.0,
          1.8444227173720117e-05
        ],
        "upper95_one_sided": 1.4978549188181866e-05
      },
      "global_direct": {
        "k": 0,
        "n": 1000,
        "p": 0.0,
        "interval95": [
          0.0,
          0.003682083896865671
        ],
        "upper95_one_sided": 0.002991249545095295
      },
      "raw_ordering": {
        "peak_mass_MeV": 66,
        "raw_r": 2.7601586408223695,
        "global_gp": {
          "k": 200000,
          "n": 200000,
          "p": 1.0,
          "interval95": [
            0.9999815557728263,
            1.0
          ],
          "upper95_one_sided": 1.0
        },
        "global_direct": {
          "k": 1000,
          "n": 1000,
          "p": 1.0,
          "interval95": [
            0.9963179161031344,
            1.0
          ],
          "upper95_one_sided": 1.0
        }
      },
      "asimov_offset_range": [
        -11.43844229479664,
        8.987000526031471
      ],
      "response_sd_range": [
        0.9485359142613653,
        0.9875066702783423
      ],
      "valid_z_mean_range": [
        -0.0789359058903639,
        0.07649324812807781
      ],
      "valid_z_sd_range": [
        0.9574872963919344,
        1.0738380615329546
      ],
      "marginal_normality_holm_flags": 0,
      "correlation_rms_difference": 0.031136360757342756,
      "correlation_min_eigenvalue": 0.00022145154525808657,
      "coarse_2MeV_global_at_fine_peak": [
        {
          "k": 0,
          "n": 200000,
          "p": 0.0,
          "interval95": [
            0.0,
            1.8444227173720117e-05
          ],
          "upper95_one_sided": 1.4978549188181866e-05
        },
        {
          "k": 0,
          "n": 200000,
          "p": 0.0,
          "interval95": [
            0.0,
            1.8444227173720117e-05
          ],
          "upper95_one_sided": 1.4978549188181866e-05
        }
      ],
      "boundary_correlations": {
        "38": 0.6843761062528309,
        "49": 0.7684305194940164,
        "90": 0.9037925801264267,
        "180": 0.9628020688046279
      },
      "principal_maximum_KS": {
        "statistic": 0.018900000000000028,
        "pvalue": 0.8624863575988385,
        "interpretation": "nominal diagnostic; two methods per ordering; not a data significance"
      },
      "raw_maximum_KS": {
        "statistic": 0.023390000000000022,
        "pvalue": 0.6389365170350723,
        "interpretation": "nominal diagnostic; two methods per ordering; not a data significance"
      },
      "gp_inside_direct_interval95": true
    },
    "fixed": {
      "peak_mass_MeV": 76,
      "observed_raw_r": 0.1754778379064665,
      "asimov_r": -15.348100149837027,
      "response_sd": 2.164128638042845,
      "observed_standardized_r": 7.173130891970646,
      "local_common_truth_p": 3.6650853464530003e-13,
      "local_asymptotic_p": 0.4303520916873128,
      "global_gp": {
        "k": 0,
        "n": 200000,
        "p": 0.0,
        "interval95": [
          0.0,
          1.8444227173720117e-05
        ],
        "upper95_one_sided": 1.4978549188181866e-05
      },
      "global_direct": {
        "k": 0,
        "n": 1000,
        "p": 0.0,
        "interval95": [
          0.0,
          0.003682083896865671
        ],
        "upper95_one_sided": 0.002991249545095295
      },
      "raw_ordering": {
        "peak_mass_MeV": 22,
        "raw_r": 11.359991684426843,
        "global_gp": {
          "k": 200000,
          "n": 200000,
          "p": 1.0,
          "interval95": [
            0.9999815557728263,
            1.0
          ],
          "upper95_one_sided": 1.0
        },
        "global_direct": {
          "k": 1000,
          "n": 1000,
          "p": 1.0,
          "interval95": [
            0.9963179161031344,
            1.0
          ],
          "upper95_one_sided": 1.0
        }
      },
      "asimov_offset_range": [
        -23.087276352863597,
        22.87980330306691
      ],
      "response_sd_range": [
        1.7175125242036284,
        3.5606222789913966
      ],
      "valid_z_mean_range": [
        -0.09254858762167628,
        0.07984810231064364
      ],
      "valid_z_sd_range": [
        0.9427249172098595,
        1.050249027662264
      ],
      "marginal_normality_holm_flags": 0,
      "correlation_rms_difference": 0.030334877911486972,
      "correlation_min_eigenvalue": 0.005904209360371267,
      "coarse_2MeV_global_at_fine_peak": [
        {
          "k": 0,
          "n": 200000,
          "p": 0.0,
          "interval95": [
            0.0,
            1.8444227173720117e-05
          ],
          "upper95_one_sided": 1.4978549188181866e-05
        },
        {
          "k": 0,
          "n": 200000,
          "p": 0.0,
          "interval95": [
            0.0,
            1.8444227173720117e-05
          ],
          "upper95_one_sided": 1.4978549188181866e-05
        }
      ],
      "boundary_correlations": {
        "38": 0.4808487024370305,
        "49": 0.5336353577624992,
        "90": 0.8367632890546267,
        "180": 0.8917299200989371
      },
      "principal_maximum_KS": {
        "statistic": 0.012440000000000007,
        "pvalue": 0.9974349672404723,
        "interpretation": "nominal diagnostic; two methods per ordering; not a data significance"
      },
      "raw_maximum_KS": {
        "statistic": 0.033714999999999995,
        "pvalue": 0.20341926462747628,
        "interpretation": "nominal diagnostic; two methods per ordering; not a data significance"
      },
      "gp_inside_direct_interval95": true
    }
  },
  "representative_masses_MeV": [
    30,
    65,
    66,
    76,
    120,
    220
  ],
  "v12_comparison": {
    "max_absolute_relative_limit_difference": 0.025016908138056,
    "max_absolute_bounded_root_difference": 0.0267385586646102,
    "observed_limit_min": 8.018627086689273e-07,
    "observed_limit_max": 3.2226112664797426e-05,
    "limit_best_mass_MeV": 72
  },
  "input_sha256": {
    "study_results/v4p9p16_combined_global_20260906/analyze_combined.py": "778de2599e0d97e5ea263f28b3fa86be8bd790fd4d127822b2374c92e5c98451",
    "study_results/v4p9p16_combined_global_20260906/verify_combined.py": "41807ba8c89cfd33994a4efd4b867053d695bd79fac7224b6ceeb93ca30c4862",
    "study_results/v4p9p16_combined_global_20260906/qa/numerical_validation.json": "dd3ee518e0f88f3c81f695ad6a46a8adee34fe5019fa021714d01ae12a96ebec",
    "study_results/v4p9p16_combined_global_20260906/provenance/observed_reference.json": "cfb2162781a668e3c7c9ff8f1d87a8bf1e1afcbf8cfb80f0ff1521137b81af69",
    "study_results/v4p9p16_combined_global_20260906/global/contract.json": "2aeb18982bbed02f9a2c2cb2ca3c01a55eeb0600854e74b1f475507ac6dd2ad0",
    "study_results/v4p9p16_combined_global_20260906/global/summary.json": "8fb5fd45009f7256712bb8896a7a61b53a7180a43f9abf84713531c306e3990d",
    "study_results/v4p9p16_combined_global_20260906/global/scan_vectors.npz": "b55bd1889eebc7c57558a54f19a136a6e77c0faf33781cd3aa22ac89a20f22dd",
    "study_results/v4p9p16_combined_global_20260906/global/observed.csv": "a4510dc3adf89a59fd08c410e17a7510306871a473c5b3d4e03ff2909c1fe4c8"
  },
  "analysis_seconds": 8.179918375
}
