{"mass": 19, "scope": "individual_2015_full", "backend": "reused_validated_single_dataset", "seconds": 0.01, "elapsed_seconds": 0.13}
{"mass": 20, "scope": "individual_2015_full", "backend": "reused_validated_single_dataset", "seconds": 0.01, "elapsed_seconds": 0.14}
{"mass": 21, "scope": "individual_2015_full", "backend": "reused_validated_single_dataset", "seconds": 0.0, "elapsed_seconds": 0.14}
{"mass": 22, "scope": "individual_2015_full", "backend": "reused_validated_single_dataset", "seconds": 0.0, "elapsed_seconds": 0.15}
{"mass": 23, "scope": "individual_2015_full", "backend": "reused_validated_single_dataset", "seconds": 0.0, "elapsed_seconds": 0.15}
{"mass": 24, "scope": "individual_2015_full", "backend": "reused_validated_single_dataset", "seconds": 0.0, "elapsed_seconds": 0.16}
{"mass": 25, "scope": "individual_2015_full", "backend": "reused_validated_single_dataset", "seconds": 0.0, "elapsed_seconds": 0.16}
{"mass": 26, "scope": "individual_2015_full", "backend": "reused_validated_single_dataset", "seconds": 0.0, "elapsed_seconds": 0.16}
{"mass": 27, "scope": "individual_2015_full", "backend": "reused_validated_single_dataset", "seconds": 0.0, "elapsed_seconds": 0.17}
{"mass": 28, "scope": "individual_2015_full", "backend": "reused_validated_single_dataset", "seconds": 0.0, "elapsed_seconds": 0.17}
{"mass": 29, "scope": "individual_2015_full", "backend": "reused_validated_single_dataset", "seconds": 0.0, "elapsed_seconds": 0.18}
{"mass": 30, "scope": "individual_2015_full", "backend": "reused_validated_single_dataset", "seconds": 0.0, "elapsed_seconds": 0.18}
{"mass": 31, "scope": "individual_2015_full", "backend": "reused_validated_single_dataset", "seconds": 0.0, "elapsed_seconds": 0.19}
{"mass": 32, "scope": "individual_2015_full", "backend": "reused_validated_single_dataset", "seconds": 0.0, "elapsed_seconds": 0.19}
{"mass": 33, "scope": "individual_2015_full", "backend": "reused_validated_single_dataset", "seconds": 0.01, "elapsed_seconds": 0.2}
{"mass": 34, "scope": "individual_2015_full", "backend": "reused_validated_single_dataset", "seconds": 0.0, "elapsed_seconds": 0.2}
{"mass": 35, "scope": "individual_2015_full", "backend": "reused_validated_single_dataset", "seconds": 0.0, "elapsed_seconds": 0.2}
{"mass": 36, "scope": "individual_2015_full", "backend": "reused_validated_single_dataset", "seconds": 0.0, "elapsed_seconds": 0.21}
{"mass": 37, "scope": "individual_2015_full", "backend": "reused_validated_single_dataset", "seconds": 0.0, "elapsed_seconds": 0.21}
{"mass": 38, "scope": "individual_2015_full", "backend": "reused_validated_single_dataset", "seconds": 0.0, "elapsed_seconds": 0.22}
{"mass": 39, "scope": "pair_2015_2016", "backend": "eigenfeature_rtol_1e-15", "seconds": 9.86, "elapsed_seconds": 0.22}
{"mass": 40, "scope": "pair_2015_2016", "backend": "eigenfeature_rtol_1e-15", "seconds": 3.5, "elapsed_seconds": 3.73}
{"mass": 41, "scope": "pair_2015_2016", "backend": "exact_cached_cholesky", "seconds": 17.84, "elapsed_seconds": 21.58}
{"mass": 42, "scope": "pair_2015_2016", "backend": "eigenfeature_rtol_1e-15", "seconds": 4.01, "elapsed_seconds": 25.6}
{"mass": 43, "scope": "pair_2015_2016", "backend": "eigenfeature_rtol_1e-15", "seconds": 4.11, "elapsed_seconds": 29.72}
{"mass": 44, "scope": "pair_2015_2016", "backend": "eigenfeature_rtol_1e-15", "seconds": 4.08, "elapsed_seconds": 33.82}
{"mass": 45, "scope": "pair_2015_2016", "backend": "eigenfeature_rtol_1e-15", "seconds": 4.23, "elapsed_seconds": 38.06}
{"mass": 46, "scope": "pair_2015_2016", "backend": "eigenfeature_rtol_1e-15", "seconds": 4.19, "elapsed_seconds": 42.26}
{"mass": 47, "scope": "pair_2015_2016", "backend": "eigenfeature_rtol_1e-15", "seconds": 4.27, "elapsed_seconds": 46.54}
{"mass": 48, "scope": "pair_2015_2016", "backend": "eigenfeature_rtol_1e-15", "seconds": 4.25, "elapsed_seconds": 50.8}
{"mass": 49, "scope": "pair_2015_2016", "backend": "eigenfeature_rtol_1e-15", "seconds": 12.59, "elapsed_seconds": 63.4}
{"mass": 50, "scope": "all_2015_2016_2021", "backend": "eigenfeature_rtol_1e-15", "seconds": 16.58, "elapsed_seconds": 80.0}
{"mass": 51, "scope": "all_2015_2016_2021", "backend": "eigenfeature_rtol_1e-15", "seconds": 6.14, "elapsed_seconds": 86.15}
{"mass": 52, "scope": "all_2015_2016_2021", "backend": "eigenfeature_rtol_1e-15", "seconds": 6.09, "elapsed_seconds": 92.26}
{"mass": 53, "scope": "all_2015_2016_2021", "backend": "eigenfeature_rtol_1e-15", "seconds": 6.4, "elapsed_seconds": 98.67}
{"mass": 54, "scope": "all_2015_2016_2021", "backend": "eigenfeature_rtol_1e-15", "seconds": 6.55, "elapsed_seconds": 105.24}
{"mass": 55, "scope": "all_2015_2016_2021", "backend": "eigenfeature_rtol_1e-15", "seconds": 6.91, "elapsed_seconds": 112.16}
{"mass": 56, "scope": "all_2015_2016_2021", "backend": "eigenfeature_rtol_1e-15", "seconds": 6.86, "elapsed_seconds": 119.03}
{"mass": 57, "scope": "all_2015_2016_2021", "backend": "eigenfeature_rtol_1e-15", "seconds": 6.97, "elapsed_seconds": 126.02}
{"mass": 58, "scope": "all_2015_2016_2021", "backend": "eigenfeature_rtol_1e-15", "seconds": 7.53, "elapsed_seconds": 133.56}
{"mass": 59, "scope": "all_2015_2016_2021", "backend": "eigenfeature_rtol_1e-15", "seconds": 7.24, "elapsed_seconds": 140.81}
{"mass": 60, "scope": "all_2015_2016_2021", "backend": "eigenfeature_rtol_1e-15", "seconds": 7.28, "elapsed_seconds": 148.1}
{"mass": 61, "scope": "all_2015_2016_2021", "backend": "eigenfeature_rtol_1e-15", "seconds": 7.67, "elapsed_seconds": 155.79}
{"mass": 62, "scope": "all_2015_2016_2021", "backend": "eigenfeature_rtol_1e-15", "seconds": 7.45, "elapsed_seconds": 163.25}
{"mass": 63, "scope": "all_2015_2016_2021", "backend": "eigenfeature_rtol_1e-15", "seconds": 7.6, "elapsed_seconds": 170.87}
{"mass": 64, "scope": "all_2015_2016_2021", "backend": "eigenfeature_rtol_1e-15", "seconds": 8.19, "elapsed_seconds": 179.07}
{"mass": 65, "scope": "all_2015_2016_2021", "backend": "eigenfeature_rtol_1e-15", "seconds": 8.33, "elapsed_seconds": 187.41}
{"mass": 66, "scope": "all_2015_2016_2021", "backend": "eigenfeature_rtol_1e-15", "seconds": 8.38, "elapsed_seconds": 195.8}
{"mass": 67, "scope": "all_2015_2016_2021", "backend": "eigenfeature_rtol_1e-15", "seconds": 8.47, "elapsed_seconds": 204.28}
{"mass": 68, "scope": "all_2015_2016_2021", "backend": "eigenfeature_rtol_1e-15", "seconds": 8.77, "elapsed_seconds": 213.06}
{"mass": 69, "scope": "all_2015_2016_2021", "backend": "eigenfeature_rtol_1e-15", "seconds": 8.53, "elapsed_seconds": 221.61}
{"mass": 70, "scope": "all_2015_2016_2021", "backend": "eigenfeature_rtol_1e-15", "seconds": 8.96, "elapsed_seconds": 230.58}
{"mass": 71, "scope": "all_2015_2016_2021", "backend": "eigenfeature_rtol_1e-15", "seconds": 9.26, "elapsed_seconds": 239.86}
{"mass": 72, "scope": "all_2015_2016_2021", "backend": "eigenfeature_rtol_1e-15", "seconds": 9.57, "elapsed_seconds": 249.44}
{"mass": 73, "scope": "all_2015_2016_2021", "backend": "eigenfeature_rtol_1e-15", "seconds": 10.15, "elapsed_seconds": 259.6}
{"mass": 74, "scope": "all_2015_2016_2021", "backend": "eigenfeature_rtol_1e-15", "seconds": 10.44, "elapsed_seconds": 270.05}
{"mass": 75, "scope": "all_2015_2016_2021", "backend": "eigenfeature_rtol_1e-15", "seconds": 10.5, "elapsed_seconds": 280.57}
{"mass": 76, "scope": "all_2015_2016_2021", "backend": "eigenfeature_rtol_1e-15", "seconds": 11.1, "elapsed_seconds": 291.68}
{"mass": 77, "scope": "all_2015_2016_2021", "backend": "eigenfeature_rtol_1e-15", "seconds": 10.81, "elapsed_seconds": 302.5}
{"mass": 78, "scope": "all_2015_2016_2021", "backend": "eigenfeature_rtol_1e-15", "seconds": 11.18, "elapsed_seconds": 313.7}
{"mass": 79, "scope": "all_2015_2016_2021", "backend": "eigenfeature_rtol_1e-15", "seconds": 11.15, "elapsed_seconds": 324.86}
{"mass": 80, "scope": "all_2015_2016_2021", "backend": "eigenfeature_rtol_1e-15", "seconds": 11.01, "elapsed_seconds": 335.89}
{"mass": 81, "scope": "all_2015_2016_2021", "backend": "eigenfeature_rtol_1e-15", "seconds": 11.68, "elapsed_seconds": 347.58}
{"mass": 82, "scope": "all_2015_2016_2021", "backend": "eigenfeature_rtol_1e-15", "seconds": 11.58, "elapsed_seconds": 359.18}
{"mass": 83, "scope": "all_2015_2016_2021", "backend": "eigenfeature_rtol_1e-15", "seconds": 12.54, "elapsed_seconds": 371.73}
{"mass": 84, "scope": "all_2015_2016_2021", "backend": "eigenfeature_rtol_1e-15", "seconds": 12.22, "elapsed_seconds": 383.96}
{"mass": 85, "scope": "all_2015_2016_2021", "backend": "eigenfeature_rtol_1e-15", "seconds": 12.45, "elapsed_seconds": 396.42}
{"mass": 86, "scope": "all_2015_2016_2021", "backend": "eigenfeature_rtol_1e-15", "seconds": 13.02, "elapsed_seconds": 409.45}
{"mass": 87, "scope": "all_2015_2016_2021", "backend": "eigenfeature_rtol_1e-15", "seconds": 13.22, "elapsed_seconds": 422.69}
{"mass": 88, "scope": "all_2015_2016_2021", "backend": "eigenfeature_rtol_1e-15", "seconds": 13.18, "elapsed_seconds": 435.88}
{"mass": 89, "scope": "all_2015_2016_2021", "backend": "eigenfeature_rtol_1e-15", "seconds": 13.81, "elapsed_seconds": 449.71}
{"mass": 90, "scope": "all_2015_2016_2021", "backend": "eigenfeature_rtol_1e-15", "seconds": 38.64, "elapsed_seconds": 488.36}
{"mass": 91, "scope": "pair_2016_2021", "backend": "eigenfeature_rtol_1e-15", "seconds": 13.91, "elapsed_seconds": 502.29}
{"mass": 92, "scope": "pair_2016_2021", "backend": "eigenfeature_rtol_1e-15", "seconds": 4.48, "elapsed_seconds": 506.78}
{"mass": 93, "scope": "pair_2016_2021", "backend": "eigenfeature_rtol_1e-15", "seconds": 4.85, "elapsed_seconds": 511.64}
{"mass": 94, "scope": "pair_2016_2021", "backend": "eigenfeature_rtol_1e-15", "seconds": 4.72, "elapsed_seconds": 516.37}
{"mass": 95, "scope": "pair_2016_2021", "backend": "eigenfeature_rtol_1e-15", "seconds": 4.85, "elapsed_seconds": 521.23}
{"mass": 96, "scope": "pair_2016_2021", "backend": "eigenfeature_rtol_1e-15", "seconds": 4.94, "elapsed_seconds": 526.18}
{"mass": 97, "scope": "pair_2016_2021", "backend": "eigenfeature_rtol_1e-15", "seconds": 5.03, "elapsed_seconds": 531.22}
{"mass": 98, "scope": "pair_2016_2021", "backend": "eigenfeature_rtol_1e-15", "seconds": 5.31, "elapsed_seconds": 536.54}
{"mass": 99, "scope": "pair_2016_2021", "backend": "eigenfeature_rtol_1e-15", "seconds": 5.19, "elapsed_seconds": 541.74}
{"mass": 100, "scope": "pair_2016_2021", "backend": "eigenfeature_rtol_1e-15", "seconds": 5.41, "elapsed_seconds": 547.17}
{"mass": 101, "scope": "pair_2016_2021", "backend": "eigenfeature_rtol_1e-15", "seconds": 5.32, "elapsed_seconds": 552.5}
{"mass": 102, "scope": "pair_2016_2021", "backend": "eigenfeature_rtol_1e-15", "seconds": 5.54, "elapsed_seconds": 558.06}
{"mass": 103, "scope": "pair_2016_2021", "backend": "eigenfeature_rtol_1e-15", "seconds": 5.52, "elapsed_seconds": 563.59}
{"mass": 104, "scope": "pair_2016_2021", "backend": "eigenfeature_rtol_1e-15", "seconds": 5.59, "elapsed_seconds": 569.18}
{"mass": 105, "scope": "pair_2016_2021", "backend": "eigenfeature_rtol_1e-15", "seconds": 5.82, "elapsed_seconds": 575.02}
{"mass": 106, "scope": "pair_2016_2021", "backend": "eigenfeature_rtol_1e-15", "seconds": 5.93, "elapsed_seconds": 580.96}
{"mass": 107, "scope": "pair_2016_2021", "backend": "eigenfeature_rtol_1e-15", "seconds": 5.79, "elapsed_seconds": 586.76}
{"mass": 108, "scope": "pair_2016_2021", "backend": "eigenfeature_rtol_1e-15", "seconds": 6.08, "elapsed_seconds": 592.85}
{"mass": 109, "scope": "pair_2016_2021", "backend": "eigenfeature_rtol_1e-15", "seconds": 6.1, "elapsed_seconds": 598.96}
{"mass": 110, "scope": "pair_2016_2021", "backend": "eigenfeature_rtol_1e-15", "seconds": 6.29, "elapsed_seconds": 605.26}
{"mass": 111, "scope": "pair_2016_2021", "backend": "eigenfeature_rtol_1e-15", "seconds": 6.37, "elapsed_seconds": 611.64}
{"mass": 112, "scope": "pair_2016_2021", "backend": "eigenfeature_rtol_1e-15", "seconds": 6.59, "elapsed_seconds": 618.24}
{"mass": 113, "scope": "pair_2016_2021", "backend": "eigenfeature_rtol_1e-15", "seconds": 6.43, "elapsed_seconds": 624.68}
{"mass": 114, "scope": "pair_2016_2021", "backend": "eigenfeature_rtol_1e-15", "seconds": 7.17, "elapsed_seconds": 631.86}
{"mass": 115, "scope": "pair_2016_2021", "backend": "eigenfeature_rtol_1e-15", "seconds": 6.69, "elapsed_seconds": 638.56}
{"mass": 116, "scope": "pair_2016_2021", "backend": "eigenfeature_rtol_1e-15", "seconds": 6.61, "elapsed_seconds": 645.18}
{"mass": 117, "scope": "pair_2016_2021", "backend": "eigenfeature_rtol_1e-15", "seconds": 6.88, "elapsed_seconds": 652.07}
{"mass": 118, "scope": "pair_2016_2021", "backend": "eigenfeature_rtol_1e-15", "seconds": 6.89, "elapsed_seconds": 658.97}
{"mass": 119, "scope": "pair_2016_2021", "backend": "eigenfeature_rtol_1e-15", "seconds": 7.07, "elapsed_seconds": 666.06}
{"mass": 120, "scope": "pair_2016_2021", "backend": "eigenfeature_rtol_1e-15", "seconds": 7.5, "elapsed_seconds": 673.57}
{"mass": 121, "scope": "pair_2016_2021", "backend": "eigenfeature_rtol_1e-15", "seconds": 7.72, "elapsed_seconds": 681.31}
{"mass": 122, "scope": "pair_2016_2021", "backend": "eigenfeature_rtol_1e-15", "seconds": 7.56, "elapsed_seconds": 688.88}
{"mass": 123, "scope": "pair_2016_2021", "backend": "eigenfeature_rtol_1e-15", "seconds": 7.69, "elapsed_seconds": 696.58}
{"mass": 124, "scope": "pair_2016_2021", "backend": "eigenfeature_rtol_1e-15", "seconds": 7.63, "elapsed_seconds": 704.23}
{"mass": 125, "scope": "pair_2016_2021", "backend": "eigenfeature_rtol_1e-15", "seconds": 8.1, "elapsed_seconds": 712.33}
{"mass": 126, "scope": "pair_2016_2021", "backend": "eigenfeature_rtol_1e-15", "seconds": 7.97, "elapsed_seconds": 720.31}
{"mass": 127, "scope": "pair_2016_2021", "backend": "eigenfeature_rtol_1e-15", "seconds": 8.04, "elapsed_seconds": 728.36}
{"mass": 128, "scope": "pair_2016_2021", "backend": "eigenfeature_rtol_1e-15", "seconds": 8.09, "elapsed_seconds": 736.47}
{"mass": 129, "scope": "pair_2016_2021", "backend": "eigenfeature_rtol_1e-15", "seconds": 8.18, "elapsed_seconds": 744.66}
{"mass": 130, "scope": "pair_2016_2021", "backend": "eigenfeature_rtol_1e-15", "seconds": 8.85, "elapsed_seconds": 753.52}
{"mass": 131, "scope": "pair_2016_2021", "backend": "eigenfeature_rtol_1e-15", "seconds": 8.41, "elapsed_seconds": 761.95}
{"mass": 132, "scope": "pair_2016_2021", "backend": "eigenfeature_rtol_1e-15", "seconds": 8.82, "elapsed_seconds": 770.78}
{"mass": 133, "scope": "pair_2016_2021", "backend": "eigenfeature_rtol_1e-15", "seconds": 9.16, "elapsed_seconds": 779.95}
{"mass": 134, "scope": "pair_2016_2021", "backend": "eigenfeature_rtol_1e-15", "seconds": 9.4, "elapsed_seconds": 789.36}
{"mass": 135, "scope": "pair_2016_2021", "backend": "eigenfeature_rtol_1e-15", "seconds": 9.06, "elapsed_seconds": 798.43}
{"mass": 136, "scope": "pair_2016_2021", "backend": "eigenfeature_rtol_1e-15", "seconds": 9.24, "elapsed_seconds": 807.69}
{"mass": 137, "scope": "pair_2016_2021", "backend": "eigenfeature_rtol_1e-15", "seconds": 9.46, "elapsed_seconds": 817.16}
{"mass": 138, "scope": "pair_2016_2021", "backend": "eigenfeature_rtol_1e-15", "seconds": 9.53, "elapsed_seconds": 826.7}
{"mass": 139, "scope": "pair_2016_2021", "backend": "eigenfeature_rtol_1e-15", "seconds": 9.68, "elapsed_seconds": 836.39}
{"mass": 140, "scope": "pair_2016_2021", "backend": "eigenfeature_rtol_1e-15", "seconds": 9.97, "elapsed_seconds": 846.37}
{"mass": 141, "scope": "pair_2016_2021", "backend": "eigenfeature_rtol_1e-15", "seconds": 10.79, "elapsed_seconds": 857.17}
{"mass": 142, "scope": "pair_2016_2021", "backend": "eigenfeature_rtol_1e-15", "seconds": 10.3, "elapsed_seconds": 867.48}
{"mass": 143, "scope": "pair_2016_2021", "backend": "eigenfeature_rtol_1e-15", "seconds": 10.99, "elapsed_seconds": 878.48}
{"mass": 144, "scope": "pair_2016_2021", "backend": "eigenfeature_rtol_1e-15", "seconds": 10.68, "elapsed_seconds": 889.17}
{"mass": 145, "scope": "pair_2016_2021", "backend": "eigenfeature_rtol_1e-15", "seconds": 10.93, "elapsed_seconds": 900.11}
{"mass": 146, "scope": "pair_2016_2021", "backend": "eigenfeature_rtol_1e-15", "seconds": 11.48, "elapsed_seconds": 911.61}
{"mass": 147, "scope": "pair_2016_2021", "backend": "eigenfeature_rtol_1e-15", "seconds": 11.08, "elapsed_seconds": 922.69}
{"mass": 148, "scope": "pair_2016_2021", "backend": "eigenfeature_rtol_1e-15", "seconds": 11.58, "elapsed_seconds": 934.29}
{"mass": 149, "scope": "pair_2016_2021", "backend": "eigenfeature_rtol_1e-15", "seconds": 12.65, "elapsed_seconds": 946.94}
{"mass": 150, "scope": "pair_2016_2021", "backend": "eigenfeature_rtol_1e-15", "seconds": 11.55, "elapsed_seconds": 958.5}
{"mass": 151, "scope": "pair_2016_2021", "backend": "eigenfeature_rtol_1e-15", "seconds": 11.73, "elapsed_seconds": 970.25}
{"mass": 152, "scope": "pair_2016_2021", "backend": "eigenfeature_rtol_1e-15", "seconds": 12.07, "elapsed_seconds": 982.33}
{"mass": 153, "scope": "pair_2016_2021", "backend": "eigenfeature_rtol_1e-15", "seconds": 12.28, "elapsed_seconds": 994.63}
{"mass": 154, "scope": "pair_2016_2021", "backend": "eigenfeature_rtol_1e-15", "seconds": 12.68, "elapsed_seconds": 1007.32}
{"mass": 155, "scope": "pair_2016_2021", "backend": "eigenfeature_rtol_1e-15", "seconds": 12.56, "elapsed_seconds": 1019.89}
{"mass": 156, "scope": "pair_2016_2021", "backend": "eigenfeature_rtol_1e-15", "seconds": 13.46, "elapsed_seconds": 1033.36}
{"mass": 157, "scope": "pair_2016_2021", "backend": "eigenfeature_rtol_1e-15", "seconds": 12.68, "elapsed_seconds": 1046.05}
{"mass": 158, "scope": "pair_2016_2021", "backend": "eigenfeature_rtol_1e-15", "seconds": 13.48, "elapsed_seconds": 1059.54}
{"mass": 159, "scope": "pair_2016_2021", "backend": "eigenfeature_rtol_1e-15", "seconds": 12.94, "elapsed_seconds": 1072.49}
{"mass": 160, "scope": "pair_2016_2021", "backend": "eigenfeature_rtol_1e-15", "seconds": 13.13, "elapsed_seconds": 1085.63}
{"mass": 161, "scope": "pair_2016_2021", "backend": "eigenfeature_rtol_1e-15", "seconds": 14.38, "elapsed_seconds": 1100.02}
{"mass": 162, "scope": "pair_2016_2021", "backend": "eigenfeature_rtol_1e-15", "seconds": 13.24, "elapsed_seconds": 1113.27}
{"mass": 163, "scope": "pair_2016_2021", "backend": "eigenfeature_rtol_1e-15", "seconds": 13.67, "elapsed_seconds": 1126.95}
{"mass": 164, "scope": "pair_2016_2021", "backend": "eigenfeature_rtol_1e-15", "seconds": 14.8, "elapsed_seconds": 1141.76}
{"mass": 165, "scope": "pair_2016_2021", "backend": "eigenfeature_rtol_1e-15", "seconds": 14.77, "elapsed_seconds": 1156.55}
{"mass": 166, "scope": "pair_2016_2021", "backend": "eigenfeature_rtol_1e-15", "seconds": 13.85, "elapsed_seconds": 1170.4}
{"mass": 167, "scope": "pair_2016_2021", "backend": "eigenfeature_rtol_1e-15", "seconds": 14.93, "elapsed_seconds": 1185.34}
{"mass": 168, "scope": "pair_2016_2021", "backend": "eigenfeature_rtol_1e-15", "seconds": 14.72, "elapsed_seconds": 1200.08}
{"mass": 169, "scope": "pair_2016_2021", "backend": "eigenfeature_rtol_1e-15", "seconds": 14.48, "elapsed_seconds": 1214.57}
{"mass": 170, "scope": "pair_2016_2021", "backend": "eigenfeature_rtol_1e-15", "seconds": 15.45, "elapsed_seconds": 1230.03}
{"mass": 171, "scope": "pair_2016_2021", "backend": "eigenfeature_rtol_1e-15", "seconds": 15.14, "elapsed_seconds": 1245.19}
{"mass": 172, "scope": "pair_2016_2021", "backend": "eigenfeature_rtol_1e-15", "seconds": 15.77, "elapsed_seconds": 1260.98}
{"mass": 173, "scope": "pair_2016_2021", "backend": "eigenfeature_rtol_1e-15", "seconds": 15.29, "elapsed_seconds": 1276.28}
{"mass": 174, "scope": "pair_2016_2021", "backend": "eigenfeature_rtol_1e-15", "seconds": 15.02, "elapsed_seconds": 1291.31}
{"mass": 175, "scope": "pair_2016_2021", "backend": "eigenfeature_rtol_1e-15", "seconds": 15.35, "elapsed_seconds": 1306.68}
{"mass": 176, "scope": "pair_2016_2021", "backend": "eigenfeature_rtol_1e-15", "seconds": 15.66, "elapsed_seconds": 1322.35}
{"mass": 177, "scope": "pair_2016_2021", "backend": "eigenfeature_rtol_1e-15", "seconds": 17.34, "elapsed_seconds": 1339.7}
{"mass": 178, "scope": "pair_2016_2021", "backend": "eigenfeature_rtol_1e-15", "seconds": 16.65, "elapsed_seconds": 1356.36}
{"mass": 179, "scope": "pair_2016_2021", "backend": "eigenfeature_rtol_1e-15", "seconds": 16.69, "elapsed_seconds": 1373.07}
{"mass": 180, "scope": "pair_2016_2021", "backend": "eigenfeature_rtol_1e-15", "seconds": 66.46, "elapsed_seconds": 1439.55}
{"mass": 181, "scope": "individual_2021_10pct", "backend": "reused_validated_single_dataset", "seconds": 0.01, "elapsed_seconds": 1439.55}
{"mass": 182, "scope": "individual_2021_10pct", "backend": "reused_validated_single_dataset", "seconds": 0.01, "elapsed_seconds": 1439.56}
{"mass": 183, "scope": "individual_2021_10pct", "backend": "reused_validated_single_dataset", "seconds": 0.01, "elapsed_seconds": 1439.56}
{"mass": 184, "scope": "individual_2021_10pct", "backend": "reused_validated_single_dataset", "seconds": 0.0, "elapsed_seconds": 1439.57}
{"mass": 185, "scope": "individual_2021_10pct", "backend": "reused_validated_single_dataset", "seconds": 0.01, "elapsed_seconds": 1439.57}
{"mass": 186, "scope": "individual_2021_10pct", "backend": "reused_validated_single_dataset", "seconds": 0.01, "elapsed_seconds": 1439.58}
{"mass": 187, "scope": "individual_2021_10pct", "backend": "reused_validated_single_dataset", "seconds": 0.0, "elapsed_seconds": 1439.58}
{"mass": 188, "scope": "individual_2021_10pct", "backend": "reused_validated_single_dataset", "seconds": 0.0, "elapsed_seconds": 1439.59}
{"mass": 189, "scope": "individual_2021_10pct", "backend": "reused_validated_single_dataset", "seconds": 0.01, "elapsed_seconds": 1439.6}
{"mass": 190, "scope": "individual_2021_10pct", "backend": "reused_validated_single_dataset", "seconds": 0.01, "elapsed_seconds": 1439.6}
{"mass": 191, "scope": "individual_2021_10pct", "backend": "reused_validated_single_dataset", "seconds": 0.01, "elapsed_seconds": 1439.61}
{"mass": 192, "scope": "individual_2021_10pct", "backend": "reused_validated_single_dataset", "seconds": 0.0, "elapsed_seconds": 1439.61}
{"mass": 193, "scope": "individual_2021_10pct", "backend": "reused_validated_single_dataset", "seconds": 0.0, "elapsed_seconds": 1439.62}
{"mass": 194, "scope": "individual_2021_10pct", "backend": "reused_validated_single_dataset", "seconds": 0.0, "elapsed_seconds": 1439.62}
{"mass": 195, "scope": "individual_2021_10pct", "backend": "reused_validated_single_dataset", "seconds": 0.01, "elapsed_seconds": 1439.63}
{"mass": 196, "scope": "individual_2021_10pct", "backend": "reused_validated_single_dataset", "seconds": 0.0, "elapsed_seconds": 1439.63}
{"mass": 197, "scope": "individual_2021_10pct", "backend": "reused_validated_single_dataset", "seconds": 0.0, "elapsed_seconds": 1439.64}
{"mass": 198, "scope": "individual_2021_10pct", "backend": "reused_validated_single_dataset", "seconds": 0.01, "elapsed_seconds": 1439.64}
{"mass": 199, "scope": "individual_2021_10pct", "backend": "reused_validated_single_dataset", "seconds": 0.01, "elapsed_seconds": 1439.65}
{"mass": 200, "scope": "individual_2021_10pct", "backend": "reused_validated_single_dataset", "seconds": 0.01, "elapsed_seconds": 1439.66}
{"mass": 201, "scope": "individual_2021_10pct", "backend": "reused_validated_single_dataset", "seconds": 0.0, "elapsed_seconds": 1439.66}
{"mass": 202, "scope": "individual_2021_10pct", "backend": "reused_validated_single_dataset", "seconds": 0.0, "elapsed_seconds": 1439.67}
{"mass": 203, "scope": "individual_2021_10pct", "backend": "reused_validated_single_dataset", "seconds": 0.01, "elapsed_seconds": 1439.67}
{"mass": 204, "scope": "individual_2021_10pct", "backend": "reused_validated_single_dataset", "seconds": 0.01, "elapsed_seconds": 1439.68}
{"mass": 205, "scope": "individual_2021_10pct", "backend": "reused_validated_single_dataset", "seconds": 0.0, "elapsed_seconds": 1439.68}
{"mass": 206, "scope": "individual_2021_10pct", "backend": "reused_validated_single_dataset", "seconds": 0.0, "elapsed_seconds": 1439.69}
{"mass": 207, "scope": "individual_2021_10pct", "backend": "reused_validated_single_dataset", "seconds": 0.0, "elapsed_seconds": 1439.69}
{"mass": 208, "scope": "individual_2021_10pct", "backend": "reused_validated_single_dataset", "seconds": 0.0, "elapsed_seconds": 1439.7}
{"mass": 209, "scope": "individual_2021_10pct", "backend": "reused_validated_single_dataset", "seconds": 0.0, "elapsed_seconds": 1439.7}
{"mass": 210, "scope": "individual_2021_10pct", "backend": "reused_validated_single_dataset", "seconds": 0.01, "elapsed_seconds": 1439.71}
{"mass": 211, "scope": "individual_2021_10pct", "backend": "reused_validated_single_dataset", "seconds": 0.01, "elapsed_seconds": 1439.72}
{"mass": 212, "scope": "individual_2021_10pct", "backend": "reused_validated_single_dataset", "seconds": 0.01, "elapsed_seconds": 1439.72}
{"mass": 213, "scope": "individual_2021_10pct", "backend": "reused_validated_single_dataset", "seconds": 0.01, "elapsed_seconds": 1439.73}
{"mass": 214, "scope": "individual_2021_10pct", "backend": "reused_validated_single_dataset", "seconds": 0.0, "elapsed_seconds": 1439.73}
{"mass": 215, "scope": "individual_2021_10pct", "backend": "reused_validated_single_dataset", "seconds": 0.0, "elapsed_seconds": 1439.74}
{"mass": 216, "scope": "individual_2021_10pct", "backend": "reused_validated_single_dataset", "seconds": 0.0, "elapsed_seconds": 1439.74}
{"mass": 217, "scope": "individual_2021_10pct", "backend": "reused_validated_single_dataset", "seconds": 0.01, "elapsed_seconds": 1439.75}
{"mass": 218, "scope": "individual_2021_10pct", "backend": "reused_validated_single_dataset", "seconds": 0.01, "elapsed_seconds": 1439.75}
{"mass": 219, "scope": "individual_2021_10pct", "backend": "reused_validated_single_dataset", "seconds": 0.0, "elapsed_seconds": 1439.76}
{"mass": 220, "scope": "individual_2021_10pct", "backend": "reused_validated_single_dataset", "seconds": 0.0, "elapsed_seconds": 1439.77}
{"mass": 221, "scope": "individual_2021_10pct", "backend": "reused_validated_single_dataset", "seconds": 0.0, "elapsed_seconds": 1439.77}
{"mass": 222, "scope": "individual_2021_10pct", "backend": "reused_validated_single_dataset", "seconds": 0.0, "elapsed_seconds": 1439.77}
{"mass": 223, "scope": "individual_2021_10pct", "backend": "reused_validated_single_dataset", "seconds": 0.0, "elapsed_seconds": 1439.78}
{"mass": 224, "scope": "individual_2021_10pct", "backend": "reused_validated_single_dataset", "seconds": 0.01, "elapsed_seconds": 1439.78}
{"mass": 225, "scope": "individual_2021_10pct", "backend": "reused_validated_single_dataset", "seconds": 0.01, "elapsed_seconds": 1439.79}
{"mass": 226, "scope": "individual_2021_10pct", "backend": "reused_validated_single_dataset", "seconds": 0.0, "elapsed_seconds": 1439.8}
{"mass": 227, "scope": "individual_2021_10pct", "backend": "reused_validated_single_dataset", "seconds": 0.0, "elapsed_seconds": 1439.8}
{"mass": 228, "scope": "individual_2021_10pct", "backend": "reused_validated_single_dataset", "seconds": 0.01, "elapsed_seconds": 1439.81}
{"mass": 229, "scope": "individual_2021_10pct", "backend": "reused_validated_single_dataset", "seconds": 0.01, "elapsed_seconds": 1439.81}
{"mass": 230, "scope": "individual_2021_10pct", "backend": "reused_validated_single_dataset", "seconds": 0.0, "elapsed_seconds": 1439.82}
{"mass": 231, "scope": "individual_2021_10pct", "backend": "reused_validated_single_dataset", "seconds": 0.0, "elapsed_seconds": 1439.82}
{"mass": 232, "scope": "individual_2021_10pct", "backend": "reused_validated_single_dataset", "seconds": 0.01, "elapsed_seconds": 1439.83}
{"mass": 233, "scope": "individual_2021_10pct", "backend": "reused_validated_single_dataset", "seconds": 0.01, "elapsed_seconds": 1439.84}
{"mass": 234, "scope": "individual_2021_10pct", "backend": "reused_validated_single_dataset", "seconds": 0.0, "elapsed_seconds": 1439.84}
{"mass": 235, "scope": "individual_2021_10pct", "backend": "reused_validated_single_dataset", "seconds": 0.0, "elapsed_seconds": 1439.85}
{"mass": 236, "scope": "individual_2021_10pct", "backend": "reused_validated_single_dataset", "seconds": 0.01, "elapsed_seconds": 1439.85}
{"mass": 237, "scope": "individual_2021_10pct", "backend": "reused_validated_single_dataset", "seconds": 0.0, "elapsed_seconds": 1439.86}
{"mass": 238, "scope": "individual_2021_10pct", "backend": "reused_validated_single_dataset", "seconds": 0.0, "elapsed_seconds": 1439.86}
{"mass": 239, "scope": "individual_2021_10pct", "backend": "reused_validated_single_dataset", "seconds": 0.0, "elapsed_seconds": 1439.87}
{"mass": 240, "scope": "individual_2021_10pct", "backend": "reused_validated_single_dataset", "seconds": 0.0, "elapsed_seconds": 1439.87}
{"mass": 241, "scope": "individual_2021_10pct", "backend": "reused_validated_single_dataset", "seconds": 0.0, "elapsed_seconds": 1439.87}
{"mass": 242, "scope": "individual_2021_10pct", "backend": "reused_validated_single_dataset", "seconds": 0.0, "elapsed_seconds": 1439.88}
{"mass": 243, "scope": "individual_2021_10pct", "backend": "reused_validated_single_dataset", "seconds": 0.0, "elapsed_seconds": 1439.88}
{"mass": 244, "scope": "individual_2021_10pct", "backend": "reused_validated_single_dataset", "seconds": 0.01, "elapsed_seconds": 1439.89}
{"mass": 245, "scope": "individual_2021_10pct", "backend": "reused_validated_single_dataset", "seconds": 0.0, "elapsed_seconds": 1439.89}
{"mass": 246, "scope": "individual_2021_10pct", "backend": "reused_validated_single_dataset", "seconds": 0.0, "elapsed_seconds": 1439.9}
{"mass": 247, "scope": "individual_2021_10pct", "backend": "reused_validated_single_dataset", "seconds": 0.01, "elapsed_seconds": 1439.91}
{"mass": 248, "scope": "individual_2021_10pct", "backend": "reused_validated_single_dataset", "seconds": 0.0, "elapsed_seconds": 1439.91}
{"mass": 249, "scope": "individual_2021_10pct", "backend": "reused_validated_single_dataset", "seconds": 0.0, "elapsed_seconds": 1439.92}
{"mass": 250, "scope": "individual_2021_10pct", "backend": "reused_validated_single_dataset", "seconds": 0.01, "elapsed_seconds": 1439.92}
{"complete": true, "seconds_this_invocation": 1440.700567959}
