{
  "calibration_spectra": 71424,
  "counts": {
    "gp": {
      "ntoys_per_proposal": 256,
      "proposal_count": 33
    },
    "stress": {
      "ntoys_per_proposal": 512,
      "proposal_count": 123
    }
  },
  "estimate_seconds": 436.5775891024089,
  "event": "planned_before_draws",
  "mass_MeV": 57,
  "max_memory_gib": 4.0,
  "memory_estimates": {
    "eigenfeature_rtol_1e-15": {
      "chunk_size": 128,
      "chunk_workspace_bytes": 31242240,
      "conservative_rank": 36,
      "estimated_peak_bytes": 4250896704,
      "estimated_peak_gib": 3.9589560627937317,
      "full_bins": 1626,
      "generation_workspace_bytes": 6660096,
      "interpretation": "Both banks, bounded q caches, chunk fit/density copies, retained validation models and 512 MiB runtime reserve; source-derived, not measured RSS",
      "per_truth": {
        "gp": {
          "chunk_workspace_bytes": 30873600,
          "persistent_bytes": 428212224,
          "qcache_bound_bytes": 8650752,
          "qcache_limit": 128,
          "spectra": 8448
        },
        "stress": {
          "chunk_workspace_bytes": 31242240,
          "persistent_bytes": 3192127488,
          "qcache_bound_bytes": 64487424,
          "qcache_limit": 128,
          "spectra": 62976
        }
      },
      "persistent_bytes": 3620339712,
      "proposal_bytes": 6087744,
      "runtime_reserve_bytes": 536870912,
      "validation_retained_bytes": 49696000,
      "window_bins": 109
    },
    "exact_cached_cholesky": {
      "chunk_size": 128,
      "chunk_workspace_bytes": 151742464,
      "conservative_rank": 109,
      "estimated_peak_bytes": 9235392768,
      "estimated_peak_gib": 8.60112977027893,
      "full_bins": 1626,
      "generation_workspace_bytes": 6660096,
      "interpretation": "Both banks, bounded q caches, chunk fit/density copies, retained validation models and 512 MiB runtime reserve; source-derived, not measured RSS",
      "per_truth": {
        "gp": {
          "chunk_workspace_bytes": 151373824,
          "persistent_bytes": 995579904,
          "qcache_bound_bytes": 8650752,
          "qcache_limit": 128,
          "spectra": 8448
        },
        "stress": {
          "chunk_workspace_bytes": 151742464,
          "persistent_bytes": 7421595648,
          "qcache_bound_bytes": 64487424,
          "qcache_limit": 128,
          "spectra": 62976
        }
      },
      "persistent_bytes": 8417175552,
      "proposal_bytes": 6087744,
      "runtime_reserve_bytes": 536870912,
      "validation_retained_bytes": 116856000,
      "window_bins": 109
    }
  },
  "scope_key": "all_2015_2016_2021"
}

{
  "chunked_equivalence_passed": true,
  "elapsed_seconds": 226.630577958,
  "event": "point_completed",
  "mass_MeV": 57,
  "scope_key": "all_2015_2016_2021"
}

{
  "calibration_spectra": 56064,
  "counts": {
    "gp": {
      "ntoys_per_proposal": 256,
      "proposal_count": 33
    },
    "stress": {
      "ntoys_per_proposal": 512,
      "proposal_count": 93
    }
  },
  "estimate_seconds": 550.9152200470072,
  "event": "planned_before_draws",
  "mass_MeV": 76,
  "max_memory_gib": 4.0,
  "memory_estimates": {
    "eigenfeature_rtol_1e-15": {
      "chunk_size": 128,
      "chunk_workspace_bytes": 36853760,
      "conservative_rank": 36,
      "estimated_peak_bytes": 4115886624,
      "estimated_peak_gib": 3.83321812748909,
      "full_bins": 1626,
      "generation_workspace_bytes": 6660096,
      "interpretation": "Both banks, bounded q caches, chunk fit/density copies, retained validation models and 512 MiB runtime reserve; source-derived, not measured RSS",
      "per_truth": {
        "gp": {
          "chunk_workspace_bytes": 36608000,
          "persistent_bytes": 522829824,
          "qcache_bound_bytes": 8650752,
          "qcache_limit": 128,
          "spectra": 8448
        },
        "stress": {
          "chunk_workspace_bytes": 36853760,
          "persistent_bytes": 2946859008,
          "qcache_bound_bytes": 48758784,
          "qcache_limit": 128,
          "spectra": 47616
        }
      },
      "persistent_bytes": 3469688832,
      "proposal_bytes": 4917024,
      "runtime_reserve_bytes": 536870912,
      "validation_retained_bytes": 60896000,
      "window_bins": 144
    },
    "exact_cached_cholesky": {
      "chunk_size": 128,
      "chunk_workspace_bytes": 261576704,
      "conservative_rank": 144,
      "estimated_peak_bytes": 11736103968,
      "estimated_peak_gib": 10.930098563432693,
      "full_bins": 1626,
      "generation_workspace_bytes": 6660096,
      "interpretation": "Both banks, bounded q caches, chunk fit/density copies, retained validation models and 512 MiB runtime reserve; source-derived, not measured RSS",
      "per_truth": {
        "gp": {
          "chunk_workspace_bytes": 261330944,
          "persistent_bytes": 1617690624,
          "qcache_bound_bytes": 8650752,
          "qcache_limit": 128,
          "spectra": 8448
        },
        "stress": {
          "chunk_workspace_bytes": 261576704,
          "persistent_bytes": 9117892608,
          "qcache_bound_bytes": 48758784,
          "qcache_limit": 128,
          "spectra": 47616
        }
      },
      "persistent_bytes": 10735583232,
      "proposal_bytes": 4917024,
      "runtime_reserve_bytes": 536870912,
      "validation_retained_bytes": 190496000,
      "window_bins": 144
    }
  },
  "scope_key": "all_2015_2016_2021"
}

{
  "chunked_equivalence_passed": true,
  "elapsed_seconds": 224.1224105,
  "event": "point_completed",
  "mass_MeV": 76,
  "scope_key": "all_2015_2016_2021"
}

{
  "calibration_spectra": 74496,
  "counts": {
    "gp": {
      "ntoys_per_proposal": 256,
      "proposal_count": 33
    },
    "stress": {
      "ntoys_per_proposal": 512,
      "proposal_count": 129
    }
  },
  "estimate_seconds": 454.185016320378,
  "event": "planned_before_draws",
  "mass_MeV": 56,
  "max_memory_gib": 4.0,
  "memory_estimates": {
    "eigenfeature_rtol_1e-15": {
      "chunk_size": 128,
      "chunk_workspace_bytes": 31102976,
      "conservative_rank": 36,
      "estimated_peak_bytes": 4382546400,
      "estimated_peak_gib": 4.081564396619797,
      "full_bins": 1626,
      "generation_workspace_bytes": 6660096,
      "interpretation": "Both banks, bounded q caches, chunk fit/density copies, retained validation models and 512 MiB runtime reserve; source-derived, not measured RSS",
      "per_truth": {
        "gp": {
          "chunk_workspace_bytes": 30709760,
          "persistent_bytes": 425508864,
          "qcache_bound_bytes": 8650752,
          "qcache_limit": 128,
          "spectra": 8448
        },
        "stress": {
          "chunk_workspace_bytes": 31102976,
          "persistent_bytes": 3326705664,
          "qcache_bound_bytes": 67633152,
          "qcache_limit": 128,
          "spectra": 66048
        }
      },
      "persistent_bytes": 3752214528,
      "proposal_bytes": 6321888,
      "runtime_reserve_bytes": 536870912,
      "validation_retained_bytes": 49376000,
      "window_bins": 108
    },
    "exact_cached_cholesky": {
      "chunk_size": 128,
      "chunk_workspace_bytes": 149067776,
      "conservative_rank": 108,
      "estimated_peak_bytes": 9457880544,
      "estimated_peak_gib": 8.808337658643723,
      "full_bins": 1626,
      "generation_workspace_bytes": 6660096,
      "interpretation": "Both banks, bounded q caches, chunk fit/density copies, retained validation models and 512 MiB runtime reserve; source-derived, not measured RSS",
      "per_truth": {
        "gp": {
          "chunk_workspace_bytes": 148674560,
          "persistent_bytes": 980238336,
          "qcache_bound_bytes": 8650752,
          "qcache_limit": 128,
          "spectra": 8448
        },
        "stress": {
          "chunk_workspace_bytes": 149067776,
          "persistent_bytes": 7663681536,
          "qcache_bound_bytes": 67633152,
          "qcache_limit": 128,
          "spectra": 66048
        }
      },
      "persistent_bytes": 8643919872,
      "proposal_bytes": 6321888,
      "runtime_reserve_bytes": 536870912,
      "validation_retained_bytes": 115040000,
      "window_bins": 108
    }
  },
  "scope_key": "all_2015_2016_2021"
}

{
  "calibration_spectra": 49920,
  "counts": {
    "gp": {
      "ntoys_per_proposal": 256,
      "proposal_count": 33
    },
    "stress": {
      "ntoys_per_proposal": 512,
      "proposal_count": 81
    }
  },
  "estimate_seconds": 399.83546761364164,
  "event": "planned_before_draws",
  "mass_MeV": 77,
  "max_memory_gib": 4.0,
  "memory_estimates": {
    "eigenfeature_rtol_1e-15": {
      "chunk_size": 128,
      "chunk_workspace_bytes": 36968448,
      "conservative_rank": 36,
      "estimated_peak_bytes": 3751587552,
      "estimated_peak_gib": 3.4939381778240204,
      "full_bins": 1626,
      "generation_workspace_bytes": 6660096,
      "interpretation": "Both banks, bounded q caches, chunk fit/density copies, retained validation models and 512 MiB runtime reserve; source-derived, not measured RSS",
      "per_truth": {
        "gp": {
          "chunk_workspace_bytes": 36771840,
          "persistent_bytes": 525533184,
          "qcache_bound_bytes": 8650752,
          "qcache_limit": 128,
          "spectra": 8448
        },
        "stress": {
          "chunk_workspace_bytes": 36968448,
          "persistent_bytes": 2579890176,
          "qcache_bound_bytes": 42467328,
          "qcache_limit": 128,
          "spectra": 41472
        }
      },
      "persistent_bytes": 3105423360,
      "proposal_bytes": 4448736,
      "runtime_reserve_bytes": 536870912,
      "validation_retained_bytes": 61216000,
      "window_bins": 145
    },
    "exact_cached_cholesky": {
      "chunk_size": 128,
      "chunk_workspace_bytes": 265111552,
      "conservative_rank": 145,
      "estimated_peak_bytes": 10684468896,
      "estimated_peak_gib": 9.95068708062172,
      "full_bins": 1626,
      "generation_workspace_bytes": 6660096,
      "interpretation": "Both banks, bounded q caches, chunk fit/density copies, retained validation models and 512 MiB runtime reserve; source-derived, not measured RSS",
      "per_truth": {
        "gp": {
          "chunk_workspace_bytes": 264914944,
          "persistent_bytes": 1637898240,
          "qcache_bound_bytes": 8650752,
          "qcache_limit": 128,
          "spectra": 8448
        },
        "stress": {
          "chunk_workspace_bytes": 265111552,
          "persistent_bytes": 8040591360,
          "qcache_bound_bytes": 42467328,
          "qcache_limit": 128,
          "spectra": 41472
        }
      },
      "persistent_bytes": 9678489600,
      "proposal_bytes": 4448736,
      "runtime_reserve_bytes": 536870912,
      "validation_retained_bytes": 192888000,
      "window_bins": 145
    }
  },
  "scope_key": "all_2015_2016_2021"
}

{
  "chunked_equivalence_passed": true,
  "elapsed_seconds": 178.739306,
  "event": "point_completed",
  "mass_MeV": 77,
  "scope_key": "all_2015_2016_2021"
}

{
  "calibration_spectra": 57600,
  "counts": {
    "gp": {
      "ntoys_per_proposal": 256,
      "proposal_count": 33
    },
    "stress": {
      "ntoys_per_proposal": 512,
      "proposal_count": 96
    }
  },
  "estimate_seconds": 275.75000904235264,
  "event": "planned_before_draws",
  "mass_MeV": 55,
  "max_memory_gib": 4.0,
  "memory_estimates": {
    "eigenfeature_rtol_1e-15": {
      "chunk_size": 128,
      "chunk_workspace_bytes": 31131648,
      "conservative_rank": 36,
      "estimated_peak_bytes": 3549021552,
      "estimated_peak_gib": 3.3052838891744614,
      "full_bins": 1626,
      "generation_workspace_bytes": 6660096,
      "interpretation": "Both banks, bounded q caches, chunk fit/density copies, retained validation models and 512 MiB runtime reserve; source-derived, not measured RSS",
      "per_truth": {
        "gp": {
          "chunk_workspace_bytes": 30873600,
          "persistent_bytes": 428212224,
          "qcache_bound_bytes": 8650752,
          "qcache_limit": 128,
          "spectra": 8448
        },
        "stress": {
          "chunk_workspace_bytes": 31131648,
          "persistent_bytes": 2491416576,
          "qcache_bound_bytes": 50331648,
          "qcache_limit": 128,
          "spectra": 49152
        }
      },
      "persistent_bytes": 2919628800,
      "proposal_bytes": 5034096,
      "runtime_reserve_bytes": 536870912,
      "validation_retained_bytes": 49696000,
      "window_bins": 109
    },
    "exact_cached_cholesky": {
      "chunk_size": 128,
      "chunk_workspace_bytes": 151631872,
      "conservative_rank": 109,
      "estimated_peak_bytes": 7605097776,
      "estimated_peak_gib": 7.08279924094677,
      "full_bins": 1626,
      "generation_workspace_bytes": 6660096,
      "interpretation": "Both banks, bounded q caches, chunk fit/density copies, retained validation models and 512 MiB runtime reserve; source-derived, not measured RSS",
      "per_truth": {
        "gp": {
          "chunk_workspace_bytes": 151373824,
          "persistent_bytes": 995579904,
          "qcache_bound_bytes": 8650752,
          "qcache_limit": 128,
          "spectra": 8448
        },
        "stress": {
          "chunk_workspace_bytes": 151631872,
          "persistent_bytes": 5792464896,
          "qcache_bound_bytes": 50331648,
          "qcache_limit": 128,
          "spectra": 49152
        }
      },
      "persistent_bytes": 6788044800,
      "proposal_bytes": 5034096,
      "runtime_reserve_bytes": 536870912,
      "validation_retained_bytes": 116856000,
      "window_bins": 109
    }
  },
  "scope_key": "all_2015_2016_2021"
}

{
  "chunked_equivalence_passed": true,
  "elapsed_seconds": 177.61793675,
  "event": "point_completed",
  "mass_MeV": 55,
  "scope_key": "all_2015_2016_2021"
}

{
  "calibration_spectra": 81408,
  "counts": {
    "gp": {
      "ntoys_per_proposal": 512,
      "proposal_count": 81
    },
    "stress": {
      "ntoys_per_proposal": 512,
      "proposal_count": 78
    }
  },
  "estimate_seconds": 521.3661836496788,
  "event": "planned_before_draws",
  "mass_MeV": 66,
  "max_memory_gib": 4.0,
  "memory_estimates": {
    "eigenfeature_rtol_1e-15": {
      "chunk_size": 128,
      "chunk_workspace_bytes": 33855488,
      "conservative_rank": 36,
      "estimated_peak_bytes": 5207995536,
      "estimated_peak_gib": 4.850323811173439,
      "full_bins": 1626,
      "generation_workspace_bytes": 6660096,
      "interpretation": "Both banks, bounded q caches, chunk fit/density copies, retained validation models and 512 MiB runtime reserve; source-derived, not measured RSS",
      "per_truth": {
        "gp": {
          "chunk_workspace_bytes": 33855488,
          "persistent_bytes": 2327740416,
          "qcache_bound_bytes": 42467328,
          "qcache_limit": 128,
          "spectra": 41472
        },
        "stress": {
          "chunk_workspace_bytes": 33843200,
          "persistent_bytes": 2241527808,
          "qcache_bound_bytes": 40894464,
          "qcache_limit": 128,
          "spectra": 39936
        }
      },
      "persistent_bytes": 4569268224,
      "proposal_bytes": 6204816,
      "runtime_reserve_bytes": 536870912,
      "validation_retained_bytes": 55136000,
      "window_bins": 126
    },
    "exact_cached_cholesky": {
      "chunk_size": 128,
      "chunk_workspace_bytes": 201218048,
      "conservative_rank": 126,
      "estimated_peak_bytes": 13207414416,
      "estimated_peak_gib": 12.300363197922707,
      "full_bins": 1626,
      "generation_workspace_bytes": 6660096,
      "interpretation": "Both banks, bounded q caches, chunk fit/density copies, retained validation models and 512 MiB runtime reserve; source-derived, not measured RSS",
      "per_truth": {
        "gp": {
          "chunk_workspace_bytes": 201218048,
          "persistent_bytes": 6269239296,
          "qcache_bound_bytes": 42467328,
          "qcache_limit": 128,
          "spectra": 41472
        },
        "stress": {
          "chunk_workspace_bytes": 201205760,
          "persistent_bytes": 6037045248,
          "qcache_bound_bytes": 40894464,
          "qcache_limit": 128,
          "spectra": 39936
        }
      },
      "persistent_bytes": 12306284544,
      "proposal_bytes": 6204816,
      "runtime_reserve_bytes": 536870912,
      "validation_retained_bytes": 150176000,
      "window_bins": 126
    }
  },
  "scope_key": "all_2015_2016_2021"
}

{
  "calibration_spectra": 49920,
  "counts": {
    "gp": {
      "ntoys_per_proposal": 256,
      "proposal_count": 33
    },
    "stress": {
      "ntoys_per_proposal": 512,
      "proposal_count": 81
    }
  },
  "estimate_seconds": 381.40413543657115,
  "event": "planned_before_draws",
  "mass_MeV": 73,
  "max_memory_gib": 4.0,
  "memory_estimates": {
    "eigenfeature_rtol_1e-15": {
      "chunk_size": 128,
      "chunk_workspace_bytes": 35821568,
      "conservative_rank": 36,
      "estimated_peak_bytes": 3636379872,
      "estimated_peak_gib": 3.386642664670944,
      "full_bins": 1626,
      "generation_workspace_bytes": 6660096,
      "interpretation": "Both banks, bounded q caches, chunk fit/density copies, retained validation models and 512 MiB runtime reserve; source-derived, not measured RSS",
      "per_truth": {
        "gp": {
          "chunk_workspace_bytes": 35624960,
          "persistent_bytes": 506609664,
          "qcache_bound_bytes": 8650752,
          "qcache_limit": 128,
          "spectra": 8448
        },
        "stress": {
          "chunk_workspace_bytes": 35821568,
          "persistent_bytes": 2486992896,
          "qcache_bound_bytes": 42467328,
          "qcache_limit": 128,
          "spectra": 41472
        }
      },
      "persistent_bytes": 2993602560,
      "proposal_bytes": 4448736,
      "runtime_reserve_bytes": 536870912,
      "validation_retained_bytes": 58976000,
      "window_bins": 138
    },
    "exact_cached_cholesky": {
      "chunk_size": 128,
      "chunk_workspace_bytes": 240539648,
      "conservative_rank": 138,
      "estimated_peak_bytes": 9824401632,
      "estimated_peak_gib": 9.149687021970749,
      "full_bins": 1626,
      "generation_workspace_bytes": 6660096,
      "interpretation": "Both banks, bounded q caches, chunk fit/density copies, retained validation models and 512 MiB runtime reserve; source-derived, not measured RSS",
      "per_truth": {
        "gp": {
          "chunk_workspace_bytes": 240343040,
          "persistent_bytes": 1499283456,
          "qcache_bound_bytes": 8650752,
          "qcache_limit": 128,
          "spectra": 8448
        },
        "stress": {
          "chunk_workspace_bytes": 240539648,
          "persistent_bytes": 7360118784,
          "qcache_bound_bytes": 42467328,
          "qcache_limit": 128,
          "spectra": 41472
        }
      },
      "persistent_bytes": 8859402240,
      "proposal_bytes": 4448736,
      "runtime_reserve_bytes": 536870912,
      "validation_retained_bytes": 176480000,
      "window_bins": 138
    }
  },
  "scope_key": "all_2015_2016_2021"
}

{
  "chunked_equivalence_passed": true,
  "elapsed_seconds": 189.26348658300003,
  "event": "point_completed",
  "mass_MeV": 73,
  "scope_key": "all_2015_2016_2021"
}

{
  "calibration_spectra": 54528,
  "counts": {
    "gp": {
      "ntoys_per_proposal": 256,
      "proposal_count": 33
    },
    "stress": {
      "ntoys_per_proposal": 512,
      "proposal_count": 90
    }
  },
  "estimate_seconds": 265.657691118282,
  "event": "planned_before_draws",
  "mass_MeV": 58,
  "max_memory_gib": 4.0,
  "memory_estimates": {
    "eigenfeature_rtol_1e-15": {
      "chunk_size": 128,
      "chunk_workspace_bytes": 31762432,
      "conservative_rank": 36,
      "estimated_peak_bytes": 3464780496,
      "estimated_peak_gib": 3.2268282920122147,
      "full_bins": 1626,
      "generation_workspace_bytes": 6660096,
      "interpretation": "Both banks, bounded q caches, chunk fit/density copies, retained validation models and 512 MiB runtime reserve; source-derived, not measured RSS",
      "per_truth": {
        "gp": {
          "chunk_workspace_bytes": 31528960,
          "persistent_bytes": 439025664,
          "qcache_bound_bytes": 8650752,
          "qcache_limit": 128,
          "spectra": 8448
        },
        "stress": {
          "chunk_workspace_bytes": 31762432,
          "persistent_bytes": 2394685440,
          "qcache_bound_bytes": 47185920,
          "qcache_limit": 128,
          "spectra": 46080
        }
      },
      "persistent_bytes": 2833711104,
      "proposal_bytes": 4799952,
      "runtime_reserve_bytes": 536870912,
      "validation_retained_bytes": 50976000,
      "window_bins": 113
    },
    "exact_cached_cholesky": {
      "chunk_size": 128,
      "chunk_workspace_bytes": 162650112,
      "conservative_rank": 113,
      "estimated_peak_bytes": 7666092688,
      "estimated_peak_gib": 7.139605179429054,
      "full_bins": 1626,
      "generation_workspace_bytes": 6660096,
      "interpretation": "Both banks, bounded q caches, chunk fit/density copies, retained validation models and 512 MiB runtime reserve; source-derived, not measured RSS",
      "per_truth": {
        "gp": {
          "chunk_workspace_bytes": 162416640,
          "persistent_bytes": 1058297856,
          "qcache_bound_bytes": 8650752,
          "qcache_limit": 128,
          "spectra": 8448
        },
        "stress": {
          "chunk_workspace_bytes": 162650112,
          "persistent_bytes": 5772533760,
          "qcache_bound_bytes": 47185920,
          "qcache_limit": 128,
          "spectra": 46080
        }
      },
      "persistent_bytes": 6830831616,
      "proposal_bytes": 4799952,
      "runtime_reserve_bytes": 536870912,
      "validation_retained_bytes": 124280000,
      "window_bins": 113
    }
  },
  "scope_key": "all_2015_2016_2021"
}

{
  "chunked_equivalence_passed": true,
  "elapsed_seconds": 168.47689475000004,
  "event": "point_completed",
  "mass_MeV": 58,
  "scope_key": "all_2015_2016_2021"
}

{
  "calibration_spectra": 56064,
  "counts": {
    "gp": {
      "ntoys_per_proposal": 256,
      "proposal_count": 33
    },
    "stress": {
      "ntoys_per_proposal": 512,
      "proposal_count": 93
    }
  },
  "estimate_seconds": 256.0806186565913,
  "event": "planned_before_draws",
  "mass_MeV": 54,
  "max_memory_gib": 4.0,
  "memory_estimates": {
    "eigenfeature_rtol_1e-15": {
      "chunk_size": 128,
      "chunk_workspace_bytes": 30300160,
      "conservative_rank": 36,
      "estimated_peak_bytes": 3378913824,
      "estimated_peak_gib": 3.146858721971512,
      "full_bins": 1626,
      "generation_workspace_bytes": 6660096,
      "interpretation": "Both banks, bounded q caches, chunk fit/density copies, retained validation models and 512 MiB runtime reserve; source-derived, not measured RSS",
      "per_truth": {
        "gp": {
          "chunk_workspace_bytes": 30054400,
          "persistent_bytes": 414695424,
          "qcache_bound_bytes": 8650752,
          "qcache_limit": 128,
          "spectra": 8448
        },
        "stress": {
          "chunk_workspace_bytes": 30300160,
          "persistent_bytes": 2337374208,
          "qcache_bound_bytes": 48758784,
          "qcache_limit": 128,
          "spectra": 47616
        }
      },
      "persistent_bytes": 2752069632,
      "proposal_bytes": 4917024,
      "runtime_reserve_bytes": 536870912,
      "validation_retained_bytes": 48096000,
      "window_bins": 104
    },
    "exact_cached_cholesky": {
      "chunk_size": 128,
      "chunk_workspace_bytes": 138369024,
      "conservative_rank": 104,
      "estimated_peak_bytes": 6901692448,
      "estimated_peak_gib": 6.427701979875565,
      "full_bins": 1626,
      "generation_workspace_bytes": 6660096,
      "interpretation": "Both banks, bounded q caches, chunk fit/density copies, retained validation models and 512 MiB runtime reserve; source-derived, not measured RSS",
      "per_truth": {
        "gp": {
          "chunk_workspace_bytes": 138123264,
          "persistent_bytes": 920223744,
          "qcache_bound_bytes": 8650752,
          "qcache_limit": 128,
          "spectra": 8448
        },
        "stress": {
          "chunk_workspace_bytes": 138369024,
          "persistent_bytes": 5186715648,
          "qcache_bound_bytes": 48758784,
          "qcache_limit": 128,
          "spectra": 47616
        }
      },
      "persistent_bytes": 6106939392,
      "proposal_bytes": 4917024,
      "runtime_reserve_bytes": 536870912,
      "validation_retained_bytes": 107936000,
      "window_bins": 104
    }
  },
  "scope_key": "all_2015_2016_2021"
}

{
  "chunked_equivalence_passed": true,
  "elapsed_seconds": 164.70894562500007,
  "event": "point_completed",
  "mass_MeV": 54,
  "scope_key": "all_2015_2016_2021"
}

{
  "calibration_spectra": 57600,
  "counts": {
    "gp": {
      "ntoys_per_proposal": 256,
      "proposal_count": 33
    },
    "stress": {
      "ntoys_per_proposal": 512,
      "proposal_count": 96
    }
  },
  "estimate_seconds": 218.50708589876047,
  "event": "planned_before_draws",
  "mass_MeV": 50,
  "max_memory_gib": 4.0,
  "memory_estimates": {
    "eigenfeature_rtol_1e-15": {
      "chunk_size": 128,
      "chunk_workspace_bytes": 29493248,
      "conservative_rank": 36,
      "estimated_peak_bytes": 3359863152,
      "estimated_peak_gib": 3.129116401076317,
      "full_bins": 1626,
      "generation_workspace_bytes": 6660096,
      "interpretation": "Both banks, bounded q caches, chunk fit/density copies, retained validation models and 512 MiB runtime reserve; source-derived, not measured RSS",
      "per_truth": {
        "gp": {
          "chunk_workspace_bytes": 29235200,
          "persistent_bytes": 401178624,
          "qcache_bound_bytes": 8650752,
          "qcache_limit": 128,
          "spectra": 8448
        },
        "stress": {
          "chunk_workspace_bytes": 29493248,
          "persistent_bytes": 2334130176,
          "qcache_bound_bytes": 50331648,
          "qcache_limit": 128,
          "spectra": 49152
        }
      },
      "persistent_bytes": 2735308800,
      "proposal_bytes": 5034096,
      "runtime_reserve_bytes": 536870912,
      "validation_retained_bytes": 46496000,
      "window_bins": 99
    },
    "exact_cached_cholesky": {
      "chunk_size": 128,
      "chunk_workspace_bytes": 125745152,
      "conservative_rank": 99,
      "estimated_peak_bytes": 6557227056,
      "estimated_peak_gib": 6.1068935841321945,
      "full_bins": 1626,
      "generation_workspace_bytes": 6660096,
      "interpretation": "Both banks, bounded q caches, chunk fit/density copies, retained validation models and 512 MiB runtime reserve; source-derived, not measured RSS",
      "per_truth": {
        "gp": {
          "chunk_workspace_bytes": 125487104,
          "persistent_bytes": 848246784,
          "qcache_bound_bytes": 8650752,
          "qcache_limit": 128,
          "spectra": 8448
        },
        "stress": {
          "chunk_workspace_bytes": 125745152,
          "persistent_bytes": 4935254016,
          "qcache_bound_bytes": 50331648,
          "qcache_limit": 128,
          "spectra": 49152
        }
      },
      "persistent_bytes": 5783500800,
      "proposal_bytes": 5034096,
      "runtime_reserve_bytes": 536870912,
      "validation_retained_bytes": 99416000,
      "window_bins": 99
    }
  },
  "scope_key": "all_2015_2016_2021"
}

{
  "chunked_equivalence_passed": true,
  "elapsed_seconds": 142.02304750000008,
  "event": "point_completed",
  "mass_MeV": 50,
  "scope_key": "all_2015_2016_2021"
}

{
  "calibration_spectra": 51456,
  "counts": {
    "gp": {
      "ntoys_per_proposal": 256,
      "proposal_count": 33
    },
    "stress": {
      "ntoys_per_proposal": 512,
      "proposal_count": 84
    }
  },
  "estimate_seconds": 501.32809427891414,
  "event": "planned_before_draws",
  "mass_MeV": 82,
  "max_memory_gib": 4.0,
  "memory_estimates": {
    "eigenfeature_rtol_1e-15": {
      "chunk_size": 128,
      "chunk_workspace_bytes": 38291456,
      "conservative_rank": 36,
      "estimated_peak_bytes": 3982866480,
      "estimated_peak_gib": 3.7093334645032883,
      "full_bins": 1626,
      "generation_workspace_bytes": 6660096,
      "interpretation": "Both banks, bounded q caches, chunk fit/density copies, retained validation models and 512 MiB runtime reserve; source-derived, not measured RSS",
      "per_truth": {
        "gp": {
          "chunk_workspace_bytes": 38082560,
          "persistent_bytes": 547160064,
          "qcache_bound_bytes": 8650752,
          "qcache_limit": 128,
          "spectra": 8448
        },
        "stress": {
          "chunk_workspace_bytes": 38291456,
          "persistent_bytes": 2785542144,
          "qcache_bound_bytes": 44040192,
          "qcache_limit": 128,
          "spectra": 43008
        }
      },
      "persistent_bytes": 3332702208,
      "proposal_bytes": 4565808,
      "runtime_reserve_bytes": 536870912,
      "validation_retained_bytes": 63776000,
      "window_bins": 153
    },
    "exact_cached_cholesky": {
      "chunk_size": 128,
      "chunk_workspace_bytes": 294680576,
      "conservative_rank": 153,
      "estimated_peak_bytes": 12045967344,
      "estimated_peak_gib": 11.218681320548058,
      "full_bins": 1626,
      "generation_workspace_bytes": 6660096,
      "interpretation": "Both banks, bounded q caches, chunk fit/density copies, retained validation models and 512 MiB runtime reserve; source-derived, not measured RSS",
      "per_truth": {
        "gp": {
          "chunk_workspace_bytes": 294471680,
          "persistent_bytes": 1804425216,
          "qcache_bound_bytes": 8650752,
          "qcache_limit": 128,
          "spectra": 8448
        },
        "stress": {
          "chunk_workspace_bytes": 294680576,
          "persistent_bytes": 9186164736,
          "qcache_bound_bytes": 44040192,
          "qcache_limit": 128,
          "spectra": 43008
        }
      },
      "persistent_bytes": 10990589952,
      "proposal_bytes": 4565808,
      "runtime_reserve_bytes": 536870912,
      "validation_retained_bytes": 212600000,
      "window_bins": 153
    }
  },
  "scope_key": "all_2015_2016_2021"
}

{
  "chunked_equivalence_passed": true,
  "elapsed_seconds": 229.26671495799997,
  "event": "point_completed",
  "mass_MeV": 82,
  "scope_key": "all_2015_2016_2021"
}

{
  "calibration_spectra": 59136,
  "counts": {
    "gp": {
      "ntoys_per_proposal": 256,
      "proposal_count": 33
    },
    "stress": {
      "ntoys_per_proposal": 512,
      "proposal_count": 99
    }
  },
  "estimate_seconds": 425.47100950008706,
  "event": "planned_before_draws",
  "mass_MeV": 65,
  "max_memory_gib": 4.0,
  "memory_estimates": {
    "eigenfeature_rtol_1e-15": {
      "chunk_size": 128,
      "chunk_workspace_bytes": 33437696,
      "conservative_rank": 36,
      "estimated_peak_bytes": 3898710720,
      "estimated_peak_gib": 3.630957305431366,
      "full_bins": 1626,
      "generation_workspace_bytes": 6660096,
      "interpretation": "Both banks, bounded q caches, chunk fit/density copies, retained validation models and 512 MiB runtime reserve; source-derived, not measured RSS",
      "per_truth": {
        "gp": {
          "chunk_workspace_bytes": 33167360,
          "persistent_bytes": 466059264,
          "qcache_bound_bytes": 8650752,
          "qcache_limit": 128,
          "spectra": 8448
        },
        "stress": {
          "chunk_workspace_bytes": 33437696,
          "persistent_bytes": 2796355584,
          "qcache_bound_bytes": 51904512,
          "qcache_limit": 128,
          "spectra": 50688
        }
      },
      "persistent_bytes": 3262414848,
      "proposal_bytes": 5151168,
      "runtime_reserve_bytes": 536870912,
      "validation_retained_bytes": 54176000,
      "window_bins": 123
    },
    "exact_cached_cholesky": {
      "chunk_size": 128,
      "chunk_workspace_bytes": 192014336,
      "conservative_rank": 123,
      "estimated_peak_bytes": 9456537984,
      "estimated_peak_gib": 8.807087302207947,
      "full_bins": 1626,
      "generation_workspace_bytes": 6660096,
      "interpretation": "Both banks, bounded q caches, chunk fit/density copies, retained validation models and 512 MiB runtime reserve; source-derived, not measured RSS",
      "per_truth": {
        "gp": {
          "chunk_workspace_bytes": 191744000,
          "persistent_bytes": 1224554496,
          "qcache_bound_bytes": 8650752,
          "qcache_limit": 128,
          "spectra": 8448
        },
        "stress": {
          "chunk_workspace_bytes": 192014336,
          "persistent_bytes": 7347326976,
          "qcache_bound_bytes": 51904512,
          "qcache_limit": 128,
          "spectra": 50688
        }
      },
      "persistent_bytes": 8571881472,
      "proposal_bytes": 5151168,
      "runtime_reserve_bytes": 536870912,
      "validation_retained_bytes": 143960000,
      "window_bins": 123
    }
  },
  "scope_key": "all_2015_2016_2021"
}

{
  "chunked_equivalence_passed": true,
  "elapsed_seconds": 173.11816195799997,
  "event": "point_completed",
  "mass_MeV": 65,
  "scope_key": "all_2015_2016_2021"
}

{
  "calibration_spectra": 51456,
  "counts": {
    "gp": {
      "ntoys_per_proposal": 256,
      "proposal_count": 33
    },
    "stress": {
      "ntoys_per_proposal": 512,
      "proposal_count": 84
    }
  },
  "estimate_seconds": 520.8643095489265,
  "event": "planned_before_draws",
  "mass_MeV": 84,
  "max_memory_gib": 4.0,
  "memory_estimates": {
    "eigenfeature_rtol_1e-15": {
      "chunk_size": 128,
      "chunk_workspace_bytes": 38946816,
      "conservative_rank": 36,
      "estimated_peak_bytes": 4050665520,
      "estimated_peak_gib": 3.772476240992546,
      "full_bins": 1626,
      "generation_workspace_bytes": 6660096,
      "interpretation": "Both banks, bounded q caches, chunk fit/density copies, retained validation models and 512 MiB runtime reserve; source-derived, not measured RSS",
      "per_truth": {
        "gp": {
          "chunk_workspace_bytes": 38737920,
          "persistent_bytes": 557973504,
          "qcache_bound_bytes": 8650752,
          "qcache_limit": 128,
          "spectra": 8448
        },
        "stress": {
          "chunk_workspace_bytes": 38946816,
          "persistent_bytes": 2840592384,
          "qcache_bound_bytes": 44040192,
          "qcache_limit": 128,
          "spectra": 43008
        }
      },
      "persistent_bytes": 3398565888,
      "proposal_bytes": 4565808,
      "runtime_reserve_bytes": 536870912,
      "validation_retained_bytes": 65056000,
      "window_bins": 157
    },
    "exact_cached_cholesky": {
      "chunk_size": 128,
      "chunk_workspace_bytes": 310048768,
      "conservative_rank": 157,
      "estimated_peak_bytes": 12598484976,
      "estimated_peak_gib": 11.733253464102745,
      "full_bins": 1626,
      "generation_workspace_bytes": 6660096,
      "interpretation": "Both banks, bounded q caches, chunk fit/density copies, retained validation models and 512 MiB runtime reserve; source-derived, not measured RSS",
      "per_truth": {
        "gp": {
          "chunk_workspace_bytes": 309839872,
          "persistent_bytes": 1890932736,
          "qcache_bound_bytes": 8650752,
          "qcache_limit": 128,
          "spectra": 8448
        },
        "stress": {
          "chunk_workspace_bytes": 310048768,
          "persistent_bytes": 9626566656,
          "qcache_bound_bytes": 44040192,
          "qcache_limit": 128,
          "spectra": 43008
        }
      },
      "persistent_bytes": 11517499392,
      "proposal_bytes": 4565808,
      "runtime_reserve_bytes": 536870912,
      "validation_retained_bytes": 222840000,
      "window_bins": 157
    }
  },
  "scope_key": "all_2015_2016_2021"
}

{
  "chunked_equivalence_passed": true,
  "elapsed_seconds": 242.2331462499999,
  "event": "point_completed",
  "mass_MeV": 84,
  "scope_key": "all_2015_2016_2021"
}

{
  "calibration_spectra": 51456,
  "counts": {
    "gp": {
      "ntoys_per_proposal": 256,
      "proposal_count": 33
    },
    "stress": {
      "ntoys_per_proposal": 512,
      "proposal_count": 84
    }
  },
  "estimate_seconds": 513.3914499744749,
  "event": "planned_before_draws",
  "mass_MeV": 83,
  "max_memory_gib": 4.0,
  "memory_estimates": {
    "eigenfeature_rtol_1e-15": {
      "chunk_size": 128,
      "chunk_workspace_bytes": 38946816,
      "conservative_rank": 36,
      "estimated_peak_bytes": 4050665520,
      "estimated_peak_gib": 3.772476240992546,
      "full_bins": 1626,
      "generation_workspace_bytes": 6660096,
      "interpretation": "Both banks, bounded q caches, chunk fit/density copies, retained validation models and 512 MiB runtime reserve; source-derived, not measured RSS",
      "per_truth": {
        "gp": {
          "chunk_workspace_bytes": 38737920,
          "persistent_bytes": 557973504,
          "qcache_bound_bytes": 8650752,
          "qcache_limit": 128,
          "spectra": 8448
        },
        "stress": {
          "chunk_workspace_bytes": 38946816,
          "persistent_bytes": 2840592384,
          "qcache_bound_bytes": 44040192,
          "qcache_limit": 128,
          "spectra": 43008
        }
      },
      "persistent_bytes": 3398565888,
      "proposal_bytes": 4565808,
      "runtime_reserve_bytes": 536870912,
      "validation_retained_bytes": 65056000,
      "window_bins": 157
    },
    "exact_cached_cholesky": {
      "chunk_size": 128,
      "chunk_workspace_bytes": 310048768,
      "conservative_rank": 157,
      "estimated_peak_bytes": 12598484976,
      "estimated_peak_gib": 11.733253464102745,
      "full_bins": 1626,
      "generation_workspace_bytes": 6660096,
      "interpretation": "Both banks, bounded q caches, chunk fit/density copies, retained validation models and 512 MiB runtime reserve; source-derived, not measured RSS",
      "per_truth": {
        "gp": {
          "chunk_workspace_bytes": 309839872,
          "persistent_bytes": 1890932736,
          "qcache_bound_bytes": 8650752,
          "qcache_limit": 128,
          "spectra": 8448
        },
        "stress": {
          "chunk_workspace_bytes": 310048768,
          "persistent_bytes": 9626566656,
          "qcache_bound_bytes": 44040192,
          "qcache_limit": 128,
          "spectra": 43008
        }
      },
      "persistent_bytes": 11517499392,
      "proposal_bytes": 4565808,
      "runtime_reserve_bytes": 536870912,
      "validation_retained_bytes": 222840000,
      "window_bins": 157
    }
  },
  "scope_key": "all_2015_2016_2021"
}

{
  "chunked_equivalence_passed": true,
  "elapsed_seconds": 231.57250420800028,
  "event": "point_completed",
  "mass_MeV": 83,
  "scope_key": "all_2015_2016_2021"
}

{
  "calibration_spectra": 45312,
  "counts": {
    "gp": {
      "ntoys_per_proposal": 256,
      "proposal_count": 33
    },
    "stress": {
      "ntoys_per_proposal": 512,
      "proposal_count": 72
    }
  },
  "estimate_seconds": 258.68957057334524,
  "event": "planned_before_draws",
  "mass_MeV": 64,
  "max_memory_gib": 4.0,
  "memory_estimates": {
    "eigenfeature_rtol_1e-15": {
      "chunk_size": 128,
      "chunk_workspace_bytes": 33327104,
      "conservative_rank": 36,
      "estimated_peak_bytes": 3134904048,
      "estimated_peak_gib": 2.9196069091558456,
      "full_bins": 1626,
      "generation_workspace_bytes": 6660096,
      "interpretation": "Both banks, bounded q caches, chunk fit/density copies, retained validation models and 512 MiB runtime reserve; source-derived, not measured RSS",
      "per_truth": {
        "gp": {
          "chunk_workspace_bytes": 33167360,
          "persistent_bytes": 466059264,
          "qcache_bound_bytes": 8650752,
          "qcache_limit": 128,
          "spectra": 8448
        },
        "stress": {
          "chunk_workspace_bytes": 33327104,
          "persistent_bytes": 2033713152,
          "qcache_bound_bytes": 37748736,
          "qcache_limit": 128,
          "spectra": 36864
        }
      },
      "persistent_bytes": 2499772416,
      "proposal_bytes": 4097520,
      "runtime_reserve_bytes": 536870912,
      "validation_retained_bytes": 54176000,
      "window_bins": 123
    },
    "exact_cached_cholesky": {
      "chunk_size": 128,
      "chunk_workspace_bytes": 191903744,
      "conservative_rank": 123,
      "estimated_peak_bytes": 7451557296,
      "estimated_peak_gib": 6.939803525805473,
      "full_bins": 1626,
      "generation_workspace_bytes": 6660096,
      "interpretation": "Both banks, bounded q caches, chunk fit/density copies, retained validation models and 512 MiB runtime reserve; source-derived, not measured RSS",
      "per_truth": {
        "gp": {
          "chunk_workspace_bytes": 191744000,
          "persistent_bytes": 1224554496,
          "qcache_bound_bytes": 8650752,
          "qcache_limit": 128,
          "spectra": 8448
        },
        "stress": {
          "chunk_workspace_bytes": 191903744,
          "persistent_bytes": 5343510528,
          "qcache_bound_bytes": 37748736,
          "qcache_limit": 128,
          "spectra": 36864
        }
      },
      "persistent_bytes": 6568065024,
      "proposal_bytes": 4097520,
      "runtime_reserve_bytes": 536870912,
      "validation_retained_bytes": 143960000,
      "window_bins": 123
    }
  },
  "scope_key": "all_2015_2016_2021"
}

{
  "chunked_equivalence_passed": true,
  "elapsed_seconds": 134.91139500000008,
  "event": "point_completed",
  "mass_MeV": 64,
  "scope_key": "all_2015_2016_2021"
}

{
  "calibration_spectra": 49920,
  "counts": {
    "gp": {
      "ntoys_per_proposal": 256,
      "proposal_count": 33
    },
    "stress": {
      "ntoys_per_proposal": 512,
      "proposal_count": 81
    }
  },
  "estimate_seconds": 503.4793461776944,
  "event": "planned_before_draws",
  "mass_MeV": 85,
  "max_memory_gib": 4.0,
  "memory_estimates": {
    "eigenfeature_rtol_1e-15": {
      "chunk_size": 128,
      "chunk_workspace_bytes": 39262208,
      "conservative_rank": 36,
      "estimated_peak_bytes": 3982002912,
      "estimated_peak_gib": 3.7085292041301727,
      "full_bins": 1626,
      "generation_workspace_bytes": 6660096,
      "interpretation": "Both banks, bounded q caches, chunk fit/density copies, retained validation models and 512 MiB runtime reserve; source-derived, not measured RSS",
      "per_truth": {
        "gp": {
          "chunk_workspace_bytes": 39065600,
          "persistent_bytes": 563380224,
          "qcache_bound_bytes": 8650752,
          "qcache_limit": 128,
          "spectra": 8448
        },
        "stress": {
          "chunk_workspace_bytes": 39262208,
          "persistent_bytes": 2765684736,
          "qcache_bound_bytes": 42467328,
          "qcache_limit": 128,
          "spectra": 41472
        }
      },
      "persistent_bytes": 3329064960,
      "proposal_bytes": 4448736,
      "runtime_reserve_bytes": 536870912,
      "validation_retained_bytes": 65696000,
      "window_bins": 159
    },
    "exact_cached_cholesky": {
      "chunk_size": 128,
      "chunk_workspace_bytes": 317868032,
      "conservative_rank": 159,
      "estimated_peak_bytes": 12527979936,
      "estimated_peak_gib": 11.667590528726578,
      "full_bins": 1626,
      "generation_workspace_bytes": 6660096,
      "interpretation": "Both banks, bounded q caches, chunk fit/density copies, retained validation models and 512 MiB runtime reserve; source-derived, not measured RSS",
      "per_truth": {
        "gp": {
          "chunk_workspace_bytes": 317671424,
          "persistent_bytes": 1934997504,
          "qcache_bound_bytes": 8650752,
          "qcache_limit": 128,
          "spectra": 8448
        },
        "stress": {
          "chunk_workspace_bytes": 317868032,
          "persistent_bytes": 9499078656,
          "qcache_bound_bytes": 42467328,
          "qcache_limit": 128,
          "spectra": 41472
        }
      },
      "persistent_bytes": 11434076160,
      "proposal_bytes": 4448736,
      "runtime_reserve_bytes": 536870912,
      "validation_retained_bytes": 228056000,
      "window_bins": 159
    }
  },
  "scope_key": "all_2015_2016_2021"
}

{
  "chunked_equivalence_passed": true,
  "elapsed_seconds": 235.7614954589999,
  "event": "point_completed",
  "mass_MeV": 85,
  "scope_key": "all_2015_2016_2021"
}

{
  "calibration_spectra": 45312,
  "counts": {
    "gp": {
      "ntoys_per_proposal": 256,
      "proposal_count": 33
    },
    "stress": {
      "ntoys_per_proposal": 512,
      "proposal_count": 72
    }
  },
  "estimate_seconds": 270.1502130568145,
  "event": "planned_before_draws",
  "mass_MeV": 68,
  "max_memory_gib": 4.0,
  "memory_estimates": {
    "eigenfeature_rtol_1e-15": {
      "chunk_size": 128,
      "chunk_workspace_bytes": 34473984,
      "conservative_rank": 36,
      "estimated_peak_bytes": 3239789808,
      "estimated_peak_gib": 3.017289385199547,
      "full_bins": 1626,
      "generation_workspace_bytes": 6660096,
      "interpretation": "Both banks, bounded q caches, chunk fit/density copies, retained validation models and 512 MiB runtime reserve; source-derived, not measured RSS",
      "per_truth": {
        "gp": {
          "chunk_workspace_bytes": 34314240,
          "persistent_bytes": 484982784,
          "qcache_bound_bytes": 8650752,
          "qcache_limit": 128,
          "spectra": 8448
        },
        "stress": {
          "chunk_workspace_bytes": 34473984,
          "persistent_bytes": 2116288512,
          "qcache_bound_bytes": 37748736,
          "qcache_limit": 128,
          "spectra": 36864
        }
      },
      "persistent_bytes": 2601271296,
      "proposal_bytes": 4097520,
      "runtime_reserve_bytes": 536870912,
      "validation_retained_bytes": 56416000,
      "window_bins": 130
    },
    "exact_cached_cholesky": {
      "chunk_size": 128,
      "chunk_workspace_bytes": 213895168,
      "conservative_rank": 130,
      "estimated_peak_bytes": 8155631856,
      "estimated_peak_gib": 7.5955240577459335,
      "full_bins": 1626,
      "generation_workspace_bytes": 6660096,
      "interpretation": "Both banks, bounded q caches, chunk fit/density copies, retained validation models and 512 MiB runtime reserve; source-derived, not measured RSS",
      "per_truth": {
        "gp": {
          "chunk_workspace_bytes": 213735424,
          "persistent_bytes": 1348976640,
          "qcache_bound_bytes": 8650752,
          "qcache_limit": 128,
          "spectra": 8448
        },
        "stress": {
          "chunk_workspace_bytes": 213895168,
          "persistent_bytes": 5886443520,
          "qcache_bound_bytes": 37748736,
          "qcache_limit": 128,
          "spectra": 36864
        }
      },
      "persistent_bytes": 7235420160,
      "proposal_bytes": 4097520,
      "runtime_reserve_bytes": 536870912,
      "validation_retained_bytes": 158688000,
      "window_bins": 130
    }
  },
  "scope_key": "all_2015_2016_2021"
}

{
  "chunked_equivalence_passed": true,
  "elapsed_seconds": 139.93058012500023,
  "event": "point_completed",
  "mass_MeV": 68,
  "scope_key": "all_2015_2016_2021"
}

{
  "calibration_spectra": 54528,
  "counts": {
    "gp": {
      "ntoys_per_proposal": 256,
      "proposal_count": 33
    },
    "stress": {
      "ntoys_per_proposal": 512,
      "proposal_count": 90
    }
  },
  "estimate_seconds": 209.13484681716065,
  "event": "planned_before_draws",
  "mass_MeV": 51,
  "max_memory_gib": 4.0,
  "memory_estimates": {
    "eigenfeature_rtol_1e-15": {
      "chunk_size": 128,
      "chunk_workspace_bytes": 29632512,
      "conservative_rank": 36,
      "estimated_peak_bytes": 3231654096,
      "estimated_peak_gib": 3.0097124129533768,
      "full_bins": 1626,
      "generation_workspace_bytes": 6660096,
      "interpretation": "Both banks, bounded q caches, chunk fit/density copies, retained validation models and 512 MiB runtime reserve; source-derived, not measured RSS",
      "per_truth": {
        "gp": {
          "chunk_workspace_bytes": 29399040,
          "persistent_bytes": 403881984,
          "qcache_bound_bytes": 8650752,
          "qcache_limit": 128,
          "spectra": 8448
        },
        "stress": {
          "chunk_workspace_bytes": 29632512,
          "persistent_bytes": 2202992640,
          "qcache_bound_bytes": 47185920,
          "qcache_limit": 128,
          "spectra": 46080
        }
      },
      "persistent_bytes": 2606874624,
      "proposal_bytes": 4799952,
      "runtime_reserve_bytes": 536870912,
      "validation_retained_bytes": 46816000,
      "window_bins": 100
    },
    "exact_cached_cholesky": {
      "chunk_size": 128,
      "chunk_workspace_bytes": 128198656,
      "conservative_rank": 100,
      "estimated_peak_bytes": 6343835856,
      "estimated_peak_gib": 5.908157542347908,
      "full_bins": 1626,
      "generation_workspace_bytes": 6660096,
      "interpretation": "Both banks, bounded q caches, chunk fit/density copies, retained validation models and 512 MiB runtime reserve; source-derived, not measured RSS",
      "per_truth": {
        "gp": {
          "chunk_workspace_bytes": 127965184,
          "persistent_bytes": 862371840,
          "qcache_bound_bytes": 8650752,
          "qcache_limit": 128,
          "spectra": 8448
        },
        "stress": {
          "chunk_workspace_bytes": 128198656,
          "persistent_bytes": 4703846400,
          "qcache_bound_bytes": 47185920,
          "qcache_limit": 128,
          "spectra": 46080
        }
      },
      "persistent_bytes": 5566218240,
      "proposal_bytes": 4799952,
      "runtime_reserve_bytes": 536870912,
      "validation_retained_bytes": 101088000,
      "window_bins": 100
    }
  },
  "scope_key": "all_2015_2016_2021"
}

{
  "chunked_equivalence_passed": true,
  "elapsed_seconds": 140.45599924999988,
  "event": "point_completed",
  "mass_MeV": 51,
  "scope_key": "all_2015_2016_2021"
}

{
  "calibration_spectra": 49920,
  "counts": {
    "gp": {
      "ntoys_per_proposal": 256,
      "proposal_count": 33
    },
    "stress": {
      "ntoys_per_proposal": 512,
      "proposal_count": 81
    }
  },
  "estimate_seconds": 318.66802081314114,
  "event": "planned_before_draws",
  "mass_MeV": 63,
  "max_memory_gib": 4.0,
  "memory_estimates": {
    "eigenfeature_rtol_1e-15": {
      "chunk_size": 128,
      "chunk_workspace_bytes": 32708608,
      "conservative_rank": 36,
      "estimated_peak_bytes": 3323673312,
      "estimated_peak_gib": 3.0954119861125946,
      "full_bins": 1626,
      "generation_workspace_bytes": 6660096,
      "interpretation": "Both banks, bounded q caches, chunk fit/density copies, retained validation models and 512 MiB runtime reserve; source-derived, not measured RSS",
      "per_truth": {
        "gp": {
          "chunk_workspace_bytes": 32512000,
          "persistent_bytes": 455245824,
          "qcache_bound_bytes": 8650752,
          "qcache_limit": 128,
          "spectra": 8448
        },
        "stress": {
          "chunk_workspace_bytes": 32708608,
          "persistent_bytes": 2234843136,
          "qcache_bound_bytes": 42467328,
          "qcache_limit": 128,
          "spectra": 41472
        }
      },
      "persistent_bytes": 2690088960,
      "proposal_bytes": 4448736,
      "runtime_reserve_bytes": 536870912,
      "validation_retained_bytes": 52896000,
      "window_bins": 119
    },
    "exact_cached_cholesky": {
      "chunk_size": 128,
      "chunk_workspace_bytes": 179914752,
      "conservative_rank": 119,
      "estimated_peak_bytes": 7697239456,
      "estimated_peak_gib": 7.168612867593765,
      "full_bins": 1626,
      "generation_workspace_bytes": 6660096,
      "interpretation": "Both banks, bounded q caches, chunk fit/density copies, retained validation models and 512 MiB runtime reserve; source-derived, not measured RSS",
      "per_truth": {
        "gp": {
          "chunk_workspace_bytes": 179718144,
          "persistent_bytes": 1156429824,
          "qcache_bound_bytes": 8650752,
          "qcache_limit": 128,
          "spectra": 8448
        },
        "stress": {
          "chunk_workspace_bytes": 179914752,
          "persistent_bytes": 5677019136,
          "qcache_bound_bytes": 42467328,
          "qcache_limit": 128,
          "spectra": 41472
        }
      },
      "persistent_bytes": 6833448960,
      "proposal_bytes": 4448736,
      "runtime_reserve_bytes": 536870912,
      "validation_retained_bytes": 135896000,
      "window_bins": 119
    }
  },
  "scope_key": "all_2015_2016_2021"
}

{
  "chunked_equivalence_passed": true,
  "elapsed_seconds": 160.07007329099997,
  "event": "point_completed",
  "mass_MeV": 63,
  "scope_key": "all_2015_2016_2021"
}

{
  "calibration_spectra": 46848,
  "counts": {
    "gp": {
      "ntoys_per_proposal": 256,
      "proposal_count": 33
    },
    "stress": {
      "ntoys_per_proposal": 512,
      "proposal_count": 75
    }
  },
  "estimate_seconds": 349.5775114602035,
  "event": "planned_before_draws",
  "mass_MeV": 81,
  "max_memory_gib": 4.0,
  "memory_estimates": {
    "eigenfeature_rtol_1e-15": {
      "chunk_size": 128,
      "chunk_workspace_bytes": 38090752,
      "conservative_rank": 36,
      "estimated_peak_bytes": 3668552256,
      "estimated_peak_gib": 3.416605532169342,
      "full_bins": 1626,
      "generation_workspace_bytes": 6660096,
      "interpretation": "Both banks, bounded q caches, chunk fit/density copies, retained validation models and 512 MiB runtime reserve; source-derived, not measured RSS",
      "per_truth": {
        "gp": {
          "chunk_workspace_bytes": 37918720,
          "persistent_bytes": 544456704,
          "qcache_bound_bytes": 8650752,
          "qcache_limit": 128,
          "spectra": 8448
        },
        "stress": {
          "chunk_workspace_bytes": 38090752,
          "persistent_bytes": 2474803200,
          "qcache_bound_bytes": 39321600,
          "qcache_limit": 128,
          "spectra": 38400
        }
      },
      "persistent_bytes": 3019259904,
      "proposal_bytes": 4214592,
      "runtime_reserve_bytes": 536870912,
      "validation_retained_bytes": 63456000,
      "window_bins": 152
    },
    "exact_cached_cholesky": {
      "chunk_size": 128,
      "chunk_workspace_bytes": 290863104,
      "conservative_rank": 152,
      "estimated_peak_bytes": 10936989760,
      "estimated_peak_gib": 10.185865461826324,
      "full_bins": 1626,
      "generation_workspace_bytes": 6660096,
      "interpretation": "Both banks, bounded q caches, chunk fit/density copies, retained validation models and 512 MiB runtime reserve; source-derived, not measured RSS",
      "per_truth": {
        "gp": {
          "chunk_workspace_bytes": 290691072,
          "persistent_bytes": 1783136256,
          "qcache_bound_bytes": 8650752,
          "qcache_limit": 128,
          "spectra": 8448
        },
        "stress": {
          "chunk_workspace_bytes": 290863104,
          "persistent_bytes": 8105164800,
          "qcache_bound_bytes": 39321600,
          "qcache_limit": 128,
          "spectra": 38400
        }
      },
      "persistent_bytes": 9888301056,
      "proposal_bytes": 4214592,
      "runtime_reserve_bytes": 536870912,
      "validation_retained_bytes": 210080000,
      "window_bins": 152
    }
  },
  "scope_key": "all_2015_2016_2021"
}

{
  "chunked_equivalence_passed": true,
  "elapsed_seconds": 188.73989708299996,
  "event": "point_completed",
  "mass_MeV": 81,
  "scope_key": "all_2015_2016_2021"
}

