2016 1 293 39.0 new False sec 0.0
2016 2 293 39.5 new True sec 0.0
2016 4 293 40.5 new True sec 0.0
2016 6 293 41.5 new True sec 0.0
2016 8 293 42.5 new True sec 0.0
2016 10 293 43.5 new True sec 0.0
2016 12 293 44.5 new True sec 0.0
2016 14 293 45.5 new True sec 0.0
2016 16 293 46.5 new True sec 0.0
2016 18 293 47.5 new True sec 0.1
2016 20 293 48.5 new True sec 0.1
2016 21 293 49.0 new False sec 0.1
2016 22 293 49.5 new True sec 0.1
2016 24 293 50.5 new True sec 2.0
2016 26 293 51.5 new True sec 3.9
2016 28 293 52.5 new True sec 5.8
2016 30 293 53.5 new True sec 7.7
2016 32 293 54.5 new True sec 9.7
2016 34 293 55.5 new True sec 11.8
2016 36 293 56.5 new True sec 13.8
2016 38 293 57.5 new True sec 15.8
2016 40 293 58.5 new True sec 17.8
2016 41 293 59.0 new False sec 17.8
2016 42 293 59.5 new True sec 19.9
2016 44 293 60.5 new True sec 21.8
2016 46 293 61.5 new True sec 23.8
2016 48 293 62.5 new True sec 25.9
2016 50 293 63.5 new True sec 28.1
2016 52 293 64.5 new True sec 30.2
2016 54 293 65.5 new True sec 32.3
2016 56 293 66.5 new True sec 34.4
2016 58 293 67.5 new True sec 36.5
2016 60 293 68.5 new True sec 38.7
2016 61 293 69.0 new False sec 38.7
2016 62 293 69.5 new True sec 40.9
2016 72 293 74.25 new True sec 41.0
2016 74 293 74.75 new True sec 41.1
2016 76 293 75.25 new True sec 41.1
2016 78 293 75.75 new True sec 41.1
2016 80 293 76.25 new True sec 41.1
2016 81 293 76.5 new False sec 41.1
2016 82 293 76.75 new True sec 41.1
2016 84 293 77.25 new True sec 41.1
2016 86 293 77.75 new True sec 41.2
2016 88 293 78.25 new True sec 41.2
2016 90 293 78.75 new True sec 41.2
2016 96 293 81.5 new True sec 43.7
2016 98 293 82.5 new True sec 46.0
2016 100 293 83.5 new True sec 48.4
2016 101 293 84.0 new False sec 48.4
2016 102 293 84.5 new True sec 50.9
2016 104 293 85.5 new True sec 50.9
2016 106 293 86.5 new True sec 50.9
2016 108 293 87.5 new True sec 50.9
2016 110 293 88.5 new True sec 50.9
2016 112 293 89.5 new True sec 50.9
2016 114 293 90.5 new True sec 50.9
2016 116 293 91.5 new True sec 50.9
2016 118 293 92.5 new True sec 50.9
2016 120 293 93.5 new True sec 50.9
2016 121 293 94.0 new False sec 50.9
2016 122 293 94.5 new True sec 50.9
2016 124 293 95.5 new True sec 50.9
2016 126 293 96.5 new True sec 50.9
2016 128 293 97.5 new True sec 50.9
2016 130 293 98.5 new True sec 50.9
2016 132 293 99.5 new True sec 50.9
2016 134 293 100.5 new True sec 53.7
2016 136 293 101.5 new True sec 56.7
2016 138 293 102.5 new True sec 59.7
2016 140 293 103.5 new True sec 62.8
2016 141 293 104.0 new False sec 62.8
2016 142 293 104.5 new True sec 65.7
2016 144 293 105.5 new True sec 68.7
2016 146 293 106.5 new True sec 71.7
2016 148 293 107.5 new True sec 74.7
2016 150 293 108.5 new True sec 77.7
2016 152 293 109.5 new True sec 81.0
2016 154 293 110.5 new True sec 84.1
2016 156 293 111.5 new True sec 87.2
2016 158 293 112.5 new True sec 90.4
2016 160 293 113.5 new True sec 93.6
2016 161 293 114.0 new False sec 93.6
2016 162 293 114.5 new True sec 96.9
2016 164 293 115.5 new True sec 100.3
2016 166 293 116.5 new True sec 103.8
2016 168 293 117.5 new True sec 107.1
2016 170 293 118.5 new True sec 110.4
2016 172 293 119.5 new True sec 113.8
2016 174 293 120.5 new True sec 117.4
2016 176 293 121.5 new True sec 120.8
2016 178 293 122.5 new True sec 124.3
2016 180 293 123.5 new True sec 127.7
2016 181 293 124.0 new False sec 127.7
2016 182 293 124.5 new True sec 131.3
2016 184 293 125.5 new True sec 134.8
2016 186 293 126.5 new True sec 138.4
2016 188 293 127.5 new True sec 142.0
2016 190 293 128.5 new True sec 145.8
2016 192 293 129.5 new True sec 149.5
2016 194 293 130.5 new True sec 153.1
2016 196 293 131.5 new True sec 156.8
2016 198 293 132.5 new True sec 160.7
2016 200 293 133.5 new True sec 164.4
2016 201 293 134.0 new False sec 164.4
2016 202 293 134.5 new True sec 168.4
2016 204 293 135.5 new True sec 172.4
2016 206 293 136.5 new True sec 176.5
2016 208 293 137.5 new True sec 180.6
2016 210 293 138.5 new True sec 184.6
2016 212 293 139.5 new True sec 188.7
2016 214 293 140.5 new True sec 192.8
2016 216 293 141.5 new True sec 196.8
2016 218 293 142.5 new True sec 200.7
2016 220 293 143.5 new True sec 205.0
2016 221 293 144.0 new False sec 205.0
2016 222 293 144.5 new True sec 209.2
2016 224 293 145.5 new True sec 213.4
2016 226 293 146.5 new True sec 217.7
2016 228 293 147.5 new True sec 222.1
2016 230 293 148.5 new True sec 226.4
2016 232 293 149.5 new True sec 230.8
2016 234 293 150.5 new True sec 235.3
2016 236 293 151.5 new True sec 239.7
2016 238 293 152.5 new True sec 244.1
2016 240 293 153.5 new True sec 248.8
2016 241 293 154.0 new False sec 248.8
2016 242 293 154.5 new True sec 253.3
2016 244 293 155.5 new True sec 257.9
2016 246 293 156.5 new True sec 262.7
2016 248 293 157.5 new True sec 267.7
2016 250 293 158.5 new True sec 272.5
2016 252 293 159.5 new True sec 277.6
2016 254 293 160.5 new True sec 282.6
2016 256 293 161.5 new True sec 287.7
2016 258 293 162.5 new True sec 292.8
2016 260 293 163.5 new True sec 298.2
2016 261 293 164.0 new False sec 298.2
2016 262 293 164.5 new True sec 303.4
2016 264 293 165.5 new True sec 308.6
2016 266 293 166.5 new True sec 314.2
2016 268 293 167.5 new True sec 319.8
2016 270 293 168.5 new True sec 325.7
2016 272 293 169.5 new True sec 331.7
2016 274 293 170.5 new True sec 337.4
2016 276 293 171.5 new True sec 342.8
2016 278 293 172.5 new True sec 348.6
2016 280 293 173.5 new True sec 354.1
2016 281 293 174.0 new False sec 354.1
2016 282 293 174.5 new True sec 359.9
2016 284 293 175.5 new True sec 365.2
2016 286 293 176.5 new True sec 371.1
2016 288 293 177.5 new True sec 377.0
2016 290 293 178.5 new True sec 383.1
2016 292 293 179.5 new True sec 389.3
COMPLETE 2016 {'dataset': '2016', 'n_coordinates': 293, 'new_coordinates': 140, 'max_abs_offset': 17.857664740802537, 'median_abs_offset': 1.1356125102403725, 'rms_offset': 5.408444920096031, 'response_sd_min': 0.9429742915136121, 'response_sd_max': 0.988954373242719, 'mean_abs_centered_toy_bias': 0.06953038832726428, 'mean_abs_sd_error': 0.031989959880576714, 'corr_RMSE': 0.06312339820542548, 'min_K_eigenvalue': 0.00022098969523280386, 'holdout_coverage_average': 0.9480588737201365}
2015 1 82 19.0 new False sec 389.4
2015 21 82 39.0 new False sec 389.5
2015 41 82 59.0 new False sec 389.5
2015 61 82 79.0 new False sec 389.5
2015 81 82 99.0 new False sec 389.7
COMPLETE 2015 {'dataset': '2015', 'n_coordinates': 82, 'new_coordinates': 0, 'max_abs_offset': 2.8420797246653087, 'median_abs_offset': 0.188651016167169, 'rms_offset': 0.6547412581854231, 'response_sd_min': 0.947291708619995, 'response_sd_max': 0.9865213391265136, 'mean_abs_centered_toy_bias': 0.0682725530227485, 'mean_abs_sd_error': 0.03226409278165736, 'corr_RMSE': 0.055296354732891684, 'min_K_eigenvalue': 0.0013410228136187575, 'holdout_coverage_average': 0.9546493902439024}
2021 1 201 50.0 new False sec 389.7
2021 21 201 70.0 new False sec 389.8
2021 41 201 90.0 new False sec 389.8
2021 61 201 110.0 new False sec 389.8
2021 81 201 130.0 new False sec 389.8
2021 101 201 150.0 new False sec 389.9
2021 121 201 170.0 new False sec 389.9
2021 141 201 190.0 new False sec 389.9
2021 161 201 210.0 new False sec 389.9
2021 181 201 230.0 new False sec 390.0
2021 201 201 250.0 new False sec 390.0
COMPLETE 2021 {'dataset': '2021', 'n_coordinates': 201, 'new_coordinates': 0, 'max_abs_offset': 2.594383335729573, 'median_abs_offset': 0.3580331027966212, 'rms_offset': 0.8072077691238588, 'response_sd_min': 0.946527588174721, 'response_sd_max': 0.9875604329599464, 'mean_abs_centered_toy_bias': 0.08251468129786906, 'mean_abs_sd_error': 0.02867361136455856, 'corr_RMSE': 0.05926542410617974, 'min_K_eigenvalue': 0.00016764968838912578, 'holdout_coverage_average': 0.947333644278607}
