Matplotlib is building the font cache; this may take a moment.
2016 1 189 39.0 new False sec 0.0
2016 2 189 39.5 new True sec 6.3
2016 4 189 40.5 new True sec 12.6
2016 6 189 41.5 new True sec 18.9
2016 8 189 42.5 new True sec 25.8
2016 10 189 43.5 new True sec 32.6
2016 12 189 44.5 new True sec 39.2
2016 14 189 45.5 new True sec 46.0
2016 16 189 46.5 new True sec 53.0
2016 18 189 47.5 new True sec 60.0
2016 20 189 48.5 new True sec 67.1
2016 21 189 49.0 new False sec 67.1
2016 22 189 49.5 new True sec 74.3
2016 41 189 68.0 new False sec 74.3
2016 52 189 74.25 new True sec 84.9
2016 54 189 74.75 new True sec 95.7
2016 56 189 75.25 new True sec 106.8
2016 58 189 75.75 new True sec 117.8
2016 60 189 76.25 new True sec 128.8
2016 61 189 76.5 new False sec 128.8
2016 62 189 76.75 new True sec 139.8
2016 64 189 77.25 new True sec 150.9
2016 66 189 77.75 new True sec 162.2
2016 68 189 78.25 new True sec 173.2
2016 70 189 78.75 new True sec 184.3
2016 80 189 85.5 new True sec 197.6
2016 81 189 86.0 new False sec 197.6
2016 82 189 86.5 new True sec 211.6
2016 84 189 87.5 new True sec 225.8
2016 86 189 88.5 new True sec 239.9
2016 88 189 89.5 new True sec 253.2
2016 90 189 90.5 new True sec 266.5
2016 92 189 91.5 new True sec 281.6
2016 94 189 92.5 new True sec 297.7
2016 96 189 93.5 new True sec 317.3
2016 98 189 94.5 new True sec 335.3
2016 100 189 95.5 new True sec 351.7
2016 101 189 96.0 new False sec 351.7
2016 102 189 96.5 new True sec 367.6
2016 104 189 97.5 new True sec 383.5
2016 106 189 98.5 new True sec 402.8
2016 108 189 99.5 new True sec 421.0
2016 121 189 112.0 new False sec 421.0
2016 141 189 132.0 new False sec 421.0
2016 161 189 152.0 new False sec 421.1
2016 181 189 172.0 new False sec 421.1
COMPLETE 2016 {'dataset': '2016', 'n_coordinates': 189, 'new_coordinates': 36, 'max_abs_offset': 17.857664740802537, 'median_abs_offset': 1.5636640437667608, 'rms_offset': 6.075259515668837, 'response_sd_min': 0.9429742915136121, 'response_sd_max': 0.988954373242719, 'mean_abs_centered_toy_bias': 0.06587671887534667, 'mean_abs_sd_error': 0.03104874837533168, 'corr_RMSE': 0.06029837917380991, 'min_K_eigenvalue': 0.00037804351236757816, 'holdout_coverage_average': 0.9468005952380952}
2015 1 82 19.0 new False sec 421.2
2015 21 82 39.0 new False sec 421.2
2015 41 82 59.0 new False sec 421.3
2015 61 82 79.0 new False sec 421.3
2015 81 82 99.0 new False sec 421.4
COMPLETE 2015 {'dataset': '2015', 'n_coordinates': 82, 'new_coordinates': 0, 'max_abs_offset': 2.8420797246653087, 'median_abs_offset': 0.188651016167169, 'rms_offset': 0.6547412581854231, 'response_sd_min': 0.947291708619995, 'response_sd_max': 0.9865213391265136, 'mean_abs_centered_toy_bias': 0.0682725530227485, 'mean_abs_sd_error': 0.03226409278165736, 'corr_RMSE': 0.055296354732891684, 'min_K_eigenvalue': 0.0013410228136187575, 'holdout_coverage_average': 0.9546493902439024}
2021 1 201 50.0 new False sec 421.5
2021 21 201 70.0 new False sec 421.5
2021 41 201 90.0 new False sec 421.5
2021 61 201 110.0 new False sec 421.6
2021 81 201 130.0 new False sec 421.6
2021 101 201 150.0 new False sec 421.6
2021 121 201 170.0 new False sec 421.6
2021 141 201 190.0 new False sec 421.7
2021 161 201 210.0 new False sec 421.7
2021 181 201 230.0 new False sec 421.7
2021 201 201 250.0 new False sec 421.7
COMPLETE 2021 {'dataset': '2021', 'n_coordinates': 201, 'new_coordinates': 0, 'max_abs_offset': 2.594383335729573, 'median_abs_offset': 0.3580331027966212, 'rms_offset': 0.8072077691238588, 'response_sd_min': 0.946527588174721, 'response_sd_max': 0.9875604329599464, 'mean_abs_centered_toy_bias': 0.08251468129786906, 'mean_abs_sd_error': 0.02867361136455856, 'corr_RMSE': 0.05926542410617974, 'min_K_eigenvalue': 0.00016764968838912578, 'holdout_coverage_average': 0.947333644278607}
