{
  "calibration_spectra": 54528,
  "counts": {
    "gp": {
      "ntoys_per_proposal": 512,
      "proposal_count": 90
    },
    "stress": {
      "ntoys_per_proposal": 256,
      "proposal_count": 33
    }
  },
  "estimate_seconds": 100.92538969319865,
  "event": "planned_before_draws",
  "mass_MeV": 59,
  "max_memory_gib": 4.0,
  "memory_estimates": {
    "eigenfeature_rtol_1e-15": {
      "chunk_size": 128,
      "chunk_workspace_bytes": 5787648,
      "conservative_rank": 12,
      "estimated_peak_bytes": 1235401888,
      "estimated_peak_gib": 1.150557667016983,
      "full_bins": 484,
      "generation_workspace_bytes": 1982464,
      "interpretation": "Both banks, bounded q caches, chunk fit/density copies, retained validation models and 512 MiB runtime reserve; source-derived, not measured RSS",
      "per_truth": {
        "gp": {
          "chunk_workspace_bytes": 5787648,
          "persistent_bytes": 572866560,
          "qcache_bound_bytes": 47185920,
          "qcache_limit": 128,
          "spectra": 46080
        },
        "stress": {
          "chunk_workspace_bytes": 5554176,
          "persistent_bytes": 105025536,
          "qcache_bound_bytes": 8650752,
          "qcache_limit": 128,
          "spectra": 8448
        }
      },
      "persistent_bytes": 677892096,
      "proposal_bytes": 1428768,
      "runtime_reserve_bytes": 536870912,
      "validation_retained_bytes": 11440000,
      "window_bins": 54
    },
    "exact_cached_cholesky": {
      "chunk_size": 128,
      "chunk_workspace_bytes": 38473728,
      "conservative_rank": 54,
      "estimated_peak_bytes": 2387532448,
      "estimated_peak_gib": 2.223562866449356,
      "full_bins": 484,
      "generation_workspace_bytes": 1982464,
      "interpretation": "Both banks, bounded q caches, chunk fit/density copies, retained validation models and 512 MiB runtime reserve; source-derived, not measured RSS",
      "per_truth": {
        "gp": {
          "chunk_workspace_bytes": 38473728,
          "persistent_bytes": 1501839360,
          "qcache_bound_bytes": 47185920,
          "qcache_limit": 128,
          "spectra": 46080
        },
        "stress": {
          "chunk_workspace_bytes": 38240256,
          "persistent_bytes": 275337216,
          "qcache_bound_bytes": 8650752,
          "qcache_limit": 128,
          "spectra": 8448
        }
      },
      "persistent_bytes": 1777176576,
      "proposal_bytes": 1428768,
      "runtime_reserve_bytes": 536870912,
      "validation_retained_bytes": 31600000,
      "window_bins": 54
    }
  },
  "scope_key": "individual_2015_full"
}

{
  "chunked_equivalence_passed": true,
  "elapsed_seconds": 77.082838125,
  "event": "point_completed",
  "mass_MeV": 59,
  "scope_key": "individual_2015_full"
}

{
  "calibration_spectra": 59136,
  "counts": {
    "gp": {
      "ntoys_per_proposal": 256,
      "proposal_count": 33
    },
    "stress": {
      "ntoys_per_proposal": 512,
      "proposal_count": 99
    }
  },
  "estimate_seconds": 95.72406494318189,
  "event": "planned_before_draws",
  "mass_MeV": 51,
  "max_memory_gib": 4.0,
  "memory_estimates": {
    "eigenfeature_rtol_1e-15": {
      "chunk_size": 128,
      "chunk_workspace_bytes": 5431296,
      "conservative_rank": 12,
      "estimated_peak_bytes": 1246252288,
      "estimated_peak_gib": 1.1606628894805908,
      "full_bins": 484,
      "generation_workspace_bytes": 1982464,
      "interpretation": "Both banks, bounded q caches, chunk fit/density copies, retained validation models and 512 MiB runtime reserve; source-derived, not measured RSS",
      "per_truth": {
        "gp": {
          "chunk_workspace_bytes": 5160960,
          "persistent_bytes": 98537472,
          "qcache_bound_bytes": 8650752,
          "qcache_limit": 128,
          "spectra": 8448
        },
        "stress": {
          "chunk_workspace_bytes": 5431296,
          "persistent_bytes": 591224832,
          "qcache_bound_bytes": 51904512,
          "qcache_limit": 128,
          "spectra": 50688
        }
      },
      "persistent_bytes": 689762304,
      "proposal_bytes": 1533312,
      "runtime_reserve_bytes": 536870912,
      "validation_retained_bytes": 10672000,
      "window_bins": 48
    },
    "exact_cached_cholesky": {
      "chunk_size": 128,
      "chunk_workspace_bytes": 30793728,
      "conservative_rank": 48,
      "estimated_peak_bytes": 2206849792,
      "estimated_peak_gib": 2.0552890300750732,
      "full_bins": 484,
      "generation_workspace_bytes": 1982464,
      "interpretation": "Both banks, bounded q caches, chunk fit/density copies, retained validation models and 512 MiB runtime reserve; source-derived, not measured RSS",
      "per_truth": {
        "gp": {
          "chunk_workspace_bytes": 30523392,
          "persistent_bytes": 229920768,
          "qcache_bound_bytes": 8650752,
          "qcache_limit": 128,
          "spectra": 8448
        },
        "stress": {
          "chunk_workspace_bytes": 30793728,
          "persistent_bytes": 1379524608,
          "qcache_bound_bytes": 51904512,
          "qcache_limit": 128,
          "spectra": 50688
        }
      },
      "persistent_bytes": 1609445376,
      "proposal_bytes": 1533312,
      "runtime_reserve_bytes": 536870912,
      "validation_retained_bytes": 26224000,
      "window_bins": 48
    }
  },
  "scope_key": "individual_2015_full"
}

{
  "chunked_equivalence_passed": true,
  "elapsed_seconds": 72.647938833,
  "event": "point_completed",
  "mass_MeV": 51,
  "scope_key": "individual_2015_full"
}

{
  "calibration_spectra": 62208,
  "counts": {
    "gp": {
      "ntoys_per_proposal": 256,
      "proposal_count": 33
    },
    "stress": {
      "ntoys_per_proposal": 512,
      "proposal_count": 105
    }
  },
  "estimate_seconds": 60.040297772033064,
  "event": "planned_before_draws",
  "mass_MeV": 20,
  "max_memory_gib": 4.0,
  "memory_estimates": {
    "eigenfeature_rtol_1e-15": {
      "chunk_size": 128,
      "chunk_workspace_bytes": 3489792,
      "conservative_rank": 12,
      "estimated_peak_bytes": 1037493568,
      "estimated_peak_gib": 0.966241180896759,
      "full_bins": 484,
      "generation_workspace_bytes": 1982464,
      "interpretation": "Both banks, bounded q caches, chunk fit/density copies, retained validation models and 512 MiB runtime reserve; source-derived, not measured RSS",
      "per_truth": {
        "gp": {
          "chunk_workspace_bytes": 3194880,
          "persistent_bytes": 66097152,
          "qcache_bound_bytes": 8650752,
          "qcache_limit": 128,
          "spectra": 8448
        },
        "stress": {
          "chunk_workspace_bytes": 3489792,
          "persistent_bytes": 420618240,
          "qcache_bound_bytes": 55050240,
          "qcache_limit": 128,
          "spectra": 53760
        }
      },
      "persistent_bytes": 486715392,
      "proposal_bytes": 1603008,
      "runtime_reserve_bytes": 536870912,
      "validation_retained_bytes": 6832000,
      "window_bins": 18
    },
    "exact_cached_cholesky": {
      "chunk_size": 128,
      "chunk_workspace_bytes": 5505024,
      "conservative_rank": 18,
      "estimated_peak_bytes": 1112324416,
      "estimated_peak_gib": 1.0359328389167786,
      "full_bins": 484,
      "generation_workspace_bytes": 1982464,
      "interpretation": "Both banks, bounded q caches, chunk fit/density copies, retained validation models and 512 MiB runtime reserve; source-derived, not measured RSS",
      "per_truth": {
        "gp": {
          "chunk_workspace_bytes": 5210112,
          "persistent_bytes": 75829248,
          "qcache_bound_bytes": 8650752,
          "qcache_limit": 128,
          "spectra": 8448
        },
        "stress": {
          "chunk_workspace_bytes": 5505024,
          "persistent_bytes": 482549760,
          "qcache_bound_bytes": 55050240,
          "qcache_limit": 128,
          "spectra": 53760
        }
      },
      "persistent_bytes": 558379008,
      "proposal_bytes": 1603008,
      "runtime_reserve_bytes": 536870912,
      "validation_retained_bytes": 7984000,
      "window_bins": 18
    }
  },
  "scope_key": "individual_2015_full"
}

{
  "chunked_equivalence_passed": true,
  "elapsed_seconds": 46.118488375,
  "event": "point_completed",
  "mass_MeV": 20,
  "scope_key": "individual_2015_full"
}

{
  "calibration_spectra": 56064,
  "counts": {
    "gp": {
      "ntoys_per_proposal": 512,
      "proposal_count": 93
    },
    "stress": {
      "ntoys_per_proposal": 256,
      "proposal_count": 33
    }
  },
  "estimate_seconds": 104.63904434876848,
  "event": "planned_before_draws",
  "mass_MeV": 58,
  "max_memory_gib": 4.0,
  "memory_estimates": {
    "eigenfeature_rtol_1e-15": {
      "chunk_size": 128,
      "chunk_workspace_bytes": 5799936,
      "conservative_rank": 12,
      "estimated_peak_bytes": 1254544576,
      "estimated_peak_gib": 1.1683856844902039,
      "full_bins": 484,
      "generation_workspace_bytes": 1982464,
      "interpretation": "Both banks, bounded q caches, chunk fit/density copies, retained validation models and 512 MiB runtime reserve; source-derived, not measured RSS",
      "per_truth": {
        "gp": {
          "chunk_workspace_bytes": 5799936,
          "persistent_bytes": 591962112,
          "qcache_bound_bytes": 48758784,
          "qcache_limit": 128,
          "spectra": 47616
        },
        "stress": {
          "chunk_workspace_bytes": 5554176,
          "persistent_bytes": 105025536,
          "qcache_bound_bytes": 8650752,
          "qcache_limit": 128,
          "spectra": 8448
        }
      },
      "persistent_bytes": 696987648,
      "proposal_bytes": 1463616,
      "runtime_reserve_bytes": 536870912,
      "validation_retained_bytes": 11440000,
      "window_bins": 54
    },
    "exact_cached_cholesky": {
      "chunk_size": 128,
      "chunk_workspace_bytes": 38486016,
      "conservative_rank": 54,
      "estimated_peak_bytes": 2437640896,
      "estimated_peak_gib": 2.270229995250702,
      "full_bins": 484,
      "generation_workspace_bytes": 1982464,
      "interpretation": "Both banks, bounded q caches, chunk fit/density copies, retained validation models and 512 MiB runtime reserve; source-derived, not measured RSS",
      "per_truth": {
        "gp": {
          "chunk_workspace_bytes": 38486016,
          "persistent_bytes": 1551900672,
          "qcache_bound_bytes": 48758784,
          "qcache_limit": 128,
          "spectra": 47616
        },
        "stress": {
          "chunk_workspace_bytes": 38240256,
          "persistent_bytes": 275337216,
          "qcache_bound_bytes": 8650752,
          "qcache_limit": 128,
          "spectra": 8448
        }
      },
      "persistent_bytes": 1827237888,
      "proposal_bytes": 1463616,
      "runtime_reserve_bytes": 536870912,
      "validation_retained_bytes": 31600000,
      "window_bins": 54
    }
  },
  "scope_key": "individual_2015_full"
}

{
  "chunked_equivalence_passed": true,
  "elapsed_seconds": 94.78941291699996,
  "event": "point_completed",
  "mass_MeV": 58,
  "scope_key": "individual_2015_full"
}

{
  "calibration_spectra": 48384,
  "counts": {
    "gp": {
      "ntoys_per_proposal": 256,
      "proposal_count": 33
    },
    "stress": {
      "ntoys_per_proposal": 512,
      "proposal_count": 78
    }
  },
  "estimate_seconds": 42.112790372082664,
  "event": "planned_before_draws",
  "mass_MeV": 26,
  "max_memory_gib": 4.0,
  "memory_estimates": {
    "eigenfeature_rtol_1e-15": {
      "chunk_size": 128,
      "chunk_workspace_bytes": 3772416,
      "conservative_rank": 12,
      "estimated_peak_bytes": 967230496,
      "estimated_peak_gib": 0.9008035957813263,
      "full_bins": 484,
      "generation_workspace_bytes": 1982464,
      "interpretation": "Both banks, bounded q caches, chunk fit/density copies, retained validation models and 512 MiB runtime reserve; source-derived, not measured RSS",
      "per_truth": {
        "gp": {
          "chunk_workspace_bytes": 3588096,
          "persistent_bytes": 72585216,
          "qcache_bound_bytes": 8650752,
          "qcache_limit": 128,
          "spectra": 8448
        },
        "stress": {
          "chunk_workspace_bytes": 3772416,
          "persistent_bytes": 343130112,
          "qcache_bound_bytes": 40894464,
          "qcache_limit": 128,
          "spectra": 39936
        }
      },
      "persistent_bytes": 415715328,
      "proposal_bytes": 1289376,
      "runtime_reserve_bytes": 536870912,
      "validation_retained_bytes": 7600000,
      "window_bins": 24
    },
    "exact_cached_cholesky": {
      "chunk_size": 128,
      "chunk_workspace_bytes": 8687616,
      "conservative_rank": 24,
      "estimated_peak_bytes": 1114371616,
      "estimated_peak_gib": 1.0378394424915314,
      "full_bins": 484,
      "generation_workspace_bytes": 1982464,
      "interpretation": "Both banks, bounded q caches, chunk fit/density copies, retained validation models and 512 MiB runtime reserve; source-derived, not measured RSS",
      "per_truth": {
        "gp": {
          "chunk_workspace_bytes": 8503296,
          "persistent_bytes": 96915456,
          "qcache_bound_bytes": 8650752,
          "qcache_limit": 128,
          "spectra": 8448
        },
        "stress": {
          "chunk_workspace_bytes": 8687616,
          "persistent_bytes": 458145792,
          "qcache_bound_bytes": 40894464,
          "qcache_limit": 128,
          "spectra": 39936
        }
      },
      "persistent_bytes": 555061248,
      "proposal_bytes": 1289376,
      "runtime_reserve_bytes": 536870912,
      "validation_retained_bytes": 10480000,
      "window_bins": 24
    }
  },
  "scope_key": "individual_2015_full"
}

{
  "chunked_equivalence_passed": true,
  "elapsed_seconds": 35.561656666999966,
  "event": "point_completed",
  "mass_MeV": 26,
  "scope_key": "individual_2015_full"
}

{
  "calibration_spectra": 59136,
  "counts": {
    "gp": {
      "ntoys_per_proposal": 256,
      "proposal_count": 33
    },
    "stress": {
      "ntoys_per_proposal": 512,
      "proposal_count": 99
    }
  },
  "estimate_seconds": 139.68546216068148,
  "event": "planned_before_draws",
  "mass_MeV": 68,
  "max_memory_gib": 4.0,
  "memory_estimates": {
    "eigenfeature_rtol_1e-15": {
      "chunk_size": 128,
      "chunk_workspace_bytes": 6479872,
      "conservative_rank": 12,
      "estimated_peak_bytes": 1370459392,
      "estimated_peak_gib": 1.2763397693634033,
      "full_bins": 484,
      "generation_workspace_bytes": 1982464,
      "interpretation": "Both banks, bounded q caches, chunk fit/density copies, retained validation models and 512 MiB runtime reserve; source-derived, not measured RSS",
      "per_truth": {
        "gp": {
          "chunk_workspace_bytes": 6209536,
          "persistent_bytes": 115838976,
          "qcache_bound_bytes": 8650752,
          "qcache_limit": 128,
          "spectra": 8448
        },
        "stress": {
          "chunk_workspace_bytes": 6479872,
          "persistent_bytes": 695033856,
          "qcache_bound_bytes": 51904512,
          "qcache_limit": 128,
          "spectra": 50688
        }
      },
      "persistent_bytes": 810872832,
      "proposal_bytes": 1533312,
      "runtime_reserve_bytes": 536870912,
      "validation_retained_bytes": 12720000,
      "window_bins": 64
    },
    "exact_cached_cholesky": {
      "chunk_size": 128,
      "chunk_workspace_bytes": 53338112,
      "conservative_rank": 64,
      "estimated_peak_bytes": 3168477952,
      "estimated_peak_gib": 2.9508750438690186,
      "full_bins": 484,
      "generation_workspace_bytes": 1982464,
      "interpretation": "Both banks, bounded q caches, chunk fit/density copies, retained validation models and 512 MiB runtime reserve; source-derived, not measured RSS",
      "per_truth": {
        "gp": {
          "chunk_workspace_bytes": 53067776,
          "persistent_bytes": 361844736,
          "qcache_bound_bytes": 8650752,
          "qcache_limit": 128,
          "spectra": 8448
        },
        "stress": {
          "chunk_workspace_bytes": 53338112,
          "persistent_bytes": 2171068416,
          "qcache_bound_bytes": 51904512,
          "qcache_limit": 128,
          "spectra": 50688
        }
      },
      "persistent_bytes": 2532913152,
      "proposal_bytes": 1533312,
      "runtime_reserve_bytes": 536870912,
      "validation_retained_bytes": 41840000,
      "window_bins": 64
    }
  },
  "scope_key": "individual_2015_full"
}

{
  "chunked_equivalence_passed": true,
  "elapsed_seconds": 103.35294129199997,
  "event": "point_completed",
  "mass_MeV": 68,
  "scope_key": "individual_2015_full"
}

{
  "calibration_spectra": 49920,
  "counts": {
    "gp": {
      "ntoys_per_proposal": 512,
      "proposal_count": 81
    },
    "stress": {
      "ntoys_per_proposal": 256,
      "proposal_count": 33
    }
  },
  "estimate_seconds": 158.297448257107,
  "event": "planned_before_draws",
  "mass_MeV": 88,
  "max_memory_gib": 4.0,
  "memory_estimates": {
    "eigenfeature_rtol_1e-15": {
      "chunk_size": 128,
      "chunk_workspace_bytes": 7585792,
      "conservative_rank": 12,
      "estimated_peak_bytes": 1362306112,
      "estimated_peak_gib": 1.2687464356422424,
      "full_bins": 484,
      "generation_workspace_bytes": 1982464,
      "interpretation": "Both banks, bounded q caches, chunk fit/density copies, retained validation models and 512 MiB runtime reserve; source-derived, not measured RSS",
      "per_truth": {
        "gp": {
          "chunk_workspace_bytes": 7585792,
          "persistent_bytes": 664215552,
          "qcache_bound_bytes": 42467328,
          "qcache_limit": 128,
          "spectra": 41472
        },
        "stress": {
          "chunk_workspace_bytes": 7389184,
          "persistent_bytes": 135303168,
          "qcache_bound_bytes": 8650752,
          "qcache_limit": 128,
          "spectra": 8448
        }
      },
      "persistent_bytes": 799518720,
      "proposal_bytes": 1324224,
      "runtime_reserve_bytes": 536870912,
      "validation_retained_bytes": 15024000,
      "window_bins": 82
    },
    "exact_cached_cholesky": {
      "chunk_size": 128,
      "chunk_workspace_bytes": 86147072,
      "conservative_rank": 82,
      "estimated_peak_bytes": 3950204992,
      "estimated_peak_gib": 3.6789150834083557,
      "full_bins": 484,
      "generation_workspace_bytes": 1982464,
      "interpretation": "Both banks, bounded q caches, chunk fit/density copies, retained validation models and 512 MiB runtime reserve; source-derived, not measured RSS",
      "per_truth": {
        "gp": {
          "chunk_workspace_bytes": 86147072,
          "persistent_bytes": 2707955712,
          "qcache_bound_bytes": 42467328,
          "qcache_limit": 128,
          "spectra": 41472
        },
        "stress": {
          "chunk_workspace_bytes": 85950464,
          "persistent_bytes": 551620608,
          "qcache_bound_bytes": 8650752,
          "qcache_limit": 128,
          "spectra": 8448
        }
      },
      "persistent_bytes": 3259576320,
      "proposal_bytes": 1324224,
      "runtime_reserve_bytes": 536870912,
      "validation_retained_bytes": 64304000,
      "window_bins": 82
    }
  },
  "scope_key": "individual_2015_full"
}

{
  "chunked_equivalence_passed": true,
  "elapsed_seconds": 114.57691570899999,
  "event": "point_completed",
  "mass_MeV": 88,
  "scope_key": "individual_2015_full"
}

