Combined mass 60 complete
Combined mass 80 complete
Combined mass 100 complete
Combined mass 120 complete
Combined mass 140 complete
Combined mass 160 complete
Combined mass 180 complete
Combined mass 200 complete
Combined mass 220 complete
Combined mass 240 complete
Joint local background toys 100 / 1000
Joint local background toys 200 / 1000
Joint local background toys 300 / 1000
Joint local background toys 400 / 1000
Joint local background toys 500 / 1000
Joint local background toys 600 / 1000
Joint local background toys 700 / 1000
Joint local background toys 800 / 1000
Joint local background toys 900 / 1000
Joint local background toys 1000 / 1000
{
  "morph_starter": {
    "mass_MeV": 68,
    "Z_local": 2.910238389232764,
    "p0": 0.0018057658686951622,
    "epsilon2_90_visible_legacy": 9.046464527766706e-06
  },
  "gaussian_baseline": {
    "mass_MeV": 67,
    "Z_local": 3.1108037063479315,
    "p0": 0.0009328946060190003,
    "epsilon2_90_visible_legacy": 7.079579018885395e-06
  },
  "gaussian_starter": {
    "mass_MeV": 67,
    "Z_local": 3.0982760041384685,
    "p0": 0.00097325026954457,
    "epsilon2_90_visible_legacy": 7.166768114877604e-06
  }
}
