{
  "calibration_spectra": 63744,
  "counts": {
    "gp": {
      "ntoys_per_proposal": 256,
      "proposal_count": 33
    },
    "stress": {
      "ntoys_per_proposal": 512,
      "proposal_count": 108
    }
  },
  "estimate_seconds": 3018.956638403058,
  "event": "planned_before_draws",
  "mass_MeV": 75,
  "max_memory_gib": 4.0,
  "memory_estimates": {
    "eigenfeature_rtol_1e-15": {
      "chunk_size": 128,
      "chunk_workspace_bytes": 6234112,
      "conservative_rank": 12,
      "estimated_peak_bytes": 1491207168,
      "estimated_peak_gib": 1.3887948989868164,
      "full_bins": 720,
      "generation_workspace_bytes": 2949120,
      "interpretation": "Both banks, bounded q caches, chunk fit/density copies, retained validation models and 512 MiB runtime reserve; source-derived, not measured RSS",
      "per_truth": {
        "gp": {
          "chunk_workspace_bytes": 5926912,
          "persistent_bytes": 123138048,
          "qcache_bound_bytes": 8650752,
          "qcache_limit": 128,
          "spectra": 8448
        },
        "stress": {
          "chunk_workspace_bytes": 6234112,
          "persistent_bytes": 805994496,
          "qcache_bound_bytes": 56623104,
          "qcache_limit": 128,
          "spectra": 55296
        }
      },
      "persistent_bytes": 929132544,
      "proposal_bytes": 2436480,
      "runtime_reserve_bytes": 536870912,
      "validation_retained_bytes": 13584000,
      "window_bins": 56
    },
    "exact_cached_cholesky": {
      "chunk_size": 128,
      "chunk_workspace_bytes": 41558016,
      "conservative_rank": 56,
      "estimated_peak_bytes": 2939504128,
      "estimated_peak_gib": 2.737626552581787,
      "full_bins": 720,
      "generation_workspace_bytes": 2949120,
      "interpretation": "Both banks, bounded q caches, chunk fit/density copies, retained validation models and 512 MiB runtime reserve; source-derived, not measured RSS",
      "per_truth": {
        "gp": {
          "chunk_workspace_bytes": 41250816,
          "persistent_bytes": 307507200,
          "qcache_bound_bytes": 8650752,
          "qcache_limit": 128,
          "spectra": 8448
        },
        "stress": {
          "chunk_workspace_bytes": 41558016,
          "persistent_bytes": 2012774400,
          "qcache_bound_bytes": 56623104,
          "qcache_limit": 128,
          "spectra": 55296
        }
      },
      "persistent_bytes": 2320281600,
      "proposal_bytes": 2436480,
      "runtime_reserve_bytes": 536870912,
      "validation_retained_bytes": 35408000,
      "window_bins": 56
    }
  },
  "scope_key": "individual_2016_full"
}

{
  "chunked_equivalence_passed": true,
  "elapsed_seconds": 2197.112561584,
  "event": "point_completed",
  "mass_MeV": 75,
  "scope_key": "individual_2016_full"
}

