{
  "calibration_spectra": 57600,
  "counts": {
    "gp": {
      "ntoys_per_proposal": 256,
      "proposal_count": 33
    },
    "stress": {
      "ntoys_per_proposal": 512,
      "proposal_count": 96
    }
  },
  "estimate_seconds": 932.2793542097106,
  "event": "planned_before_draws",
  "mass_MeV": 41,
  "max_memory_gib": 4.0,
  "memory_estimates": {
    "eigenfeature_rtol_1e-15": {
      "chunk_size": 128,
      "chunk_workspace_bytes": 4612096,
      "conservative_rank": 12,
      "estimated_peak_bytes": 1219803648,
      "estimated_peak_gib": 1.136030673980713,
      "full_bins": 720,
      "generation_workspace_bytes": 2949120,
      "interpretation": "Both banks, bounded q caches, chunk fit/density copies, retained validation models and 512 MiB runtime reserve; source-derived, not measured RSS",
      "per_truth": {
        "gp": {
          "chunk_workspace_bytes": 4354048,
          "persistent_bytes": 97185792,
          "qcache_bound_bytes": 8650752,
          "qcache_limit": 128,
          "spectra": 8448
        },
        "stress": {
          "chunk_workspace_bytes": 4612096,
          "persistent_bytes": 565444608,
          "qcache_bound_bytes": 50331648,
          "qcache_limit": 128,
          "spectra": 49152
        }
      },
      "persistent_bytes": 662630400,
      "proposal_bytes": 2229120,
      "runtime_reserve_bytes": 536870912,
      "validation_retained_bytes": 10512000,
      "window_bins": 32
    },
    "exact_cached_cholesky": {
      "chunk_size": 128,
      "chunk_workspace_bytes": 14770176,
      "conservative_rank": 32,
      "estimated_peak_bytes": 1586249728,
      "estimated_peak_gib": 1.4773101806640625,
      "full_bins": 720,
      "generation_workspace_bytes": 2949120,
      "interpretation": "Both banks, bounded q caches, chunk fit/density copies, retained validation models and 512 MiB runtime reserve; source-derived, not measured RSS",
      "per_truth": {
        "gp": {
          "chunk_workspace_bytes": 14512128,
          "persistent_bytes": 148549632,
          "qcache_bound_bytes": 8650752,
          "qcache_limit": 128,
          "spectra": 8448
        },
        "stress": {
          "chunk_workspace_bytes": 14770176,
          "persistent_bytes": 864288768,
          "qcache_bound_bytes": 50331648,
          "qcache_limit": 128,
          "spectra": 49152
        }
      },
      "persistent_bytes": 1012838400,
      "proposal_bytes": 2229120,
      "runtime_reserve_bytes": 536870912,
      "validation_retained_bytes": 16592000,
      "window_bins": 32
    }
  },
  "scope_key": "individual_2016_full"
}

{
  "chunked_equivalence_passed": true,
  "elapsed_seconds": 598.897708458,
  "event": "point_completed",
  "mass_MeV": 41,
  "scope_key": "individual_2016_full"
}

{
  "calibration_spectra": 78336,
  "counts": {
    "gp": {
      "ntoys_per_proposal": 512,
      "proposal_count": 72
    },
    "stress": {
      "ntoys_per_proposal": 512,
      "proposal_count": 81
    }
  },
  "estimate_seconds": 2097.4447590804816,
  "event": "planned_before_draws",
  "mass_MeV": 62,
  "max_memory_gib": 4.0,
  "memory_estimates": {
    "eigenfeature_rtol_1e-15": {
      "chunk_size": 128,
      "chunk_workspace_bytes": 5468160,
      "conservative_rank": 12,
      "estimated_peak_bytes": 1601791488,
      "estimated_peak_gib": 1.4917845726013184,
      "full_bins": 720,
      "generation_workspace_bytes": 2949120,
      "interpretation": "Both banks, bounded q caches, chunk fit/density copies, retained validation models and 512 MiB runtime reserve; source-derived, not measured RSS",
      "per_truth": {
        "gp": {
          "chunk_workspace_bytes": 5431296,
          "persistent_bytes": 490143744,
          "qcache_bound_bytes": 37748736,
          "qcache_limit": 128,
          "spectra": 36864
        },
        "stress": {
          "chunk_workspace_bytes": 5468160,
          "persistent_bytes": 551411712,
          "qcache_bound_bytes": 42467328,
          "qcache_limit": 128,
          "spectra": 41472
        }
      },
      "persistent_bytes": 1041555456,
      "proposal_bytes": 2643840,
      "runtime_reserve_bytes": 536870912,
      "validation_retained_bytes": 12304000,
      "window_bins": 46
    },
    "exact_cached_cholesky": {
      "chunk_size": 128,
      "chunk_workspace_bytes": 28585984,
      "conservative_rank": 46,
      "estimated_peak_bytes": 2747037696,
      "estimated_peak_gib": 2.558378219604492,
      "full_bins": 720,
      "generation_workspace_bytes": 2949120,
      "interpretation": "Both banks, bounded q caches, chunk fit/density copies, retained validation models and 512 MiB runtime reserve; source-derived, not measured RSS",
      "per_truth": {
        "gp": {
          "chunk_workspace_bytes": 28549120,
          "persistent_bytes": 1011548160,
          "qcache_bound_bytes": 37748736,
          "qcache_limit": 128,
          "spectra": 36864
        },
        "stress": {
          "chunk_workspace_bytes": 28585984,
          "persistent_bytes": 1137991680,
          "qcache_bound_bytes": 42467328,
          "qcache_limit": 128,
          "spectra": 41472
        }
      },
      "persistent_bytes": 2149539840,
      "proposal_bytes": 2643840,
      "runtime_reserve_bytes": 536870912,
      "validation_retained_bytes": 26448000,
      "window_bins": 46
    }
  },
  "scope_key": "individual_2016_full"
}

{
  "chunked_equivalence_passed": true,
  "elapsed_seconds": 1371.368800875,
  "event": "point_completed",
  "mass_MeV": 62,
  "scope_key": "individual_2016_full"
}

{
  "calibration_spectra": 52992,
  "counts": {
    "gp": {
      "ntoys_per_proposal": 512,
      "proposal_count": 87
    },
    "stress": {
      "ntoys_per_proposal": 256,
      "proposal_count": 33
    }
  },
  "estimate_seconds": 374.15915461376363,
  "event": "planned_before_draws",
  "mass_MeV": 157,
  "max_memory_gib": 4.0,
  "memory_estimates": {
    "eigenfeature_rtol_1e-15": {
      "chunk_size": 128,
      "chunk_workspace_bytes": 10604544,
      "conservative_rank": 12,
      "estimated_peak_bytes": 1808439936,
      "estimated_peak_gib": 1.6842409372329712,
      "full_bins": 720,
      "generation_workspace_bytes": 2949120,
      "interpretation": "Both banks, bounded q caches, chunk fit/density copies, retained validation models and 512 MiB runtime reserve; source-derived, not measured RSS",
      "per_truth": {
        "gp": {
          "chunk_workspace_bytes": 10604544,
          "persistent_bytes": 1036984320,
          "qcache_bound_bytes": 45613056,
          "qcache_limit": 128,
          "spectra": 44544
        },
        "stress": {
          "chunk_workspace_bytes": 10383360,
          "persistent_bytes": 196669440,
          "qcache_bound_bytes": 8650752,
          "qcache_limit": 128,
          "spectra": 8448
        }
      },
      "persistent_bytes": 1233653760,
      "proposal_bytes": 2073600,
      "runtime_reserve_bytes": 536870912,
      "validation_retained_bytes": 22288000,
      "window_bins": 124
    },
    "exact_cached_cholesky": {
      "chunk_size": 128,
      "chunk_workspace_bytes": 194105344,
      "conservative_rank": 124,
      "estimated_peak_bytes": 8280928896,
      "estimated_peak_gib": 7.712216019630432,
      "full_bins": 720,
      "generation_workspace_bytes": 2949120,
      "interpretation": "Both banks, bounded q caches, chunk fit/density copies, retained validation models and 512 MiB runtime reserve; source-derived, not measured RSS",
      "per_truth": {
        "gp": {
          "chunk_workspace_bytes": 194105344,
          "persistent_bytes": 6225469440,
          "qcache_bound_bytes": 45613056,
          "qcache_limit": 128,
          "spectra": 44544
        },
        "stress": {
          "chunk_workspace_bytes": 193884160,
          "persistent_bytes": 1180692480,
          "qcache_bound_bytes": 8650752,
          "qcache_limit": 128,
          "spectra": 8448
        }
      },
      "persistent_bytes": 7406161920,
      "proposal_bytes": 2073600,
      "runtime_reserve_bytes": 536870912,
      "validation_retained_bytes": 138768000,
      "window_bins": 124
    }
  },
  "scope_key": "individual_2016_full"
}

{
  "chunked_equivalence_passed": true,
  "elapsed_seconds": 233.4242613749998,
  "event": "point_completed",
  "mass_MeV": 157,
  "scope_key": "individual_2016_full"
}

{
  "calibration_spectra": 52992,
  "counts": {
    "gp": {
      "ntoys_per_proposal": 512,
      "proposal_count": 87
    },
    "stress": {
      "ntoys_per_proposal": 256,
      "proposal_count": 33
    }
  },
  "estimate_seconds": 407.2385262319255,
  "event": "planned_before_draws",
  "mass_MeV": 156,
  "max_memory_gib": 4.0,
  "memory_estimates": {
    "eigenfeature_rtol_1e-15": {
      "chunk_size": 128,
      "chunk_workspace_bytes": 10604544,
      "conservative_rank": 12,
      "estimated_peak_bytes": 1808439936,
      "estimated_peak_gib": 1.6842409372329712,
      "full_bins": 720,
      "generation_workspace_bytes": 2949120,
      "interpretation": "Both banks, bounded q caches, chunk fit/density copies, retained validation models and 512 MiB runtime reserve; source-derived, not measured RSS",
      "per_truth": {
        "gp": {
          "chunk_workspace_bytes": 10604544,
          "persistent_bytes": 1036984320,
          "qcache_bound_bytes": 45613056,
          "qcache_limit": 128,
          "spectra": 44544
        },
        "stress": {
          "chunk_workspace_bytes": 10383360,
          "persistent_bytes": 196669440,
          "qcache_bound_bytes": 8650752,
          "qcache_limit": 128,
          "spectra": 8448
        }
      },
      "persistent_bytes": 1233653760,
      "proposal_bytes": 2073600,
      "runtime_reserve_bytes": 536870912,
      "validation_retained_bytes": 22288000,
      "window_bins": 124
    },
    "exact_cached_cholesky": {
      "chunk_size": 128,
      "chunk_workspace_bytes": 194105344,
      "conservative_rank": 124,
      "estimated_peak_bytes": 8280928896,
      "estimated_peak_gib": 7.712216019630432,
      "full_bins": 720,
      "generation_workspace_bytes": 2949120,
      "interpretation": "Both banks, bounded q caches, chunk fit/density copies, retained validation models and 512 MiB runtime reserve; source-derived, not measured RSS",
      "per_truth": {
        "gp": {
          "chunk_workspace_bytes": 194105344,
          "persistent_bytes": 6225469440,
          "qcache_bound_bytes": 45613056,
          "qcache_limit": 128,
          "spectra": 44544
        },
        "stress": {
          "chunk_workspace_bytes": 193884160,
          "persistent_bytes": 1180692480,
          "qcache_bound_bytes": 8650752,
          "qcache_limit": 128,
          "spectra": 8448
        }
      },
      "persistent_bytes": 7406161920,
      "proposal_bytes": 2073600,
      "runtime_reserve_bytes": 536870912,
      "validation_retained_bytes": 138768000,
      "window_bins": 124
    }
  },
  "scope_key": "individual_2016_full"
}

{
  "chunked_equivalence_passed": true,
  "elapsed_seconds": 235.0663359160003,
  "event": "point_completed",
  "mass_MeV": 156,
  "scope_key": "individual_2016_full"
}

{
  "calibration_spectra": 48384,
  "counts": {
    "gp": {
      "ntoys_per_proposal": 256,
      "proposal_count": 33
    },
    "stress": {
      "ntoys_per_proposal": 512,
      "proposal_count": 78
    }
  },
  "estimate_seconds": 325.54237374914646,
  "event": "planned_before_draws",
  "mass_MeV": 149,
  "max_memory_gib": 4.0,
  "memory_estimates": {
    "eigenfeature_rtol_1e-15": {
      "chunk_size": 128,
      "chunk_workspace_bytes": 10174464,
      "conservative_rank": 12,
      "estimated_peak_bytes": 1662653184,
      "estimated_peak_gib": 1.548466444015503,
      "full_bins": 720,
      "generation_workspace_bytes": 2949120,
      "interpretation": "Both banks, bounded q caches, chunk fit/density copies, retained validation models and 512 MiB runtime reserve; source-derived, not measured RSS",
      "per_truth": {
        "gp": {
          "chunk_workspace_bytes": 9990144,
          "persistent_bytes": 190181376,
          "qcache_bound_bytes": 8650752,
          "qcache_limit": 128,
          "spectra": 8448
        },
        "stress": {
          "chunk_workspace_bytes": 10174464,
          "persistent_bytes": 899039232,
          "qcache_bound_bytes": 40894464,
          "qcache_limit": 128,
          "spectra": 39936
        }
      },
      "persistent_bytes": 1089220608,
      "proposal_bytes": 1918080,
      "runtime_reserve_bytes": 536870912,
      "validation_retained_bytes": 21520000,
      "window_bins": 118
    },
    "exact_cached_cholesky": {
      "chunk_size": 128,
      "chunk_workspace_bytes": 176029696,
      "conservative_rank": 118,
      "estimated_peak_bytes": 7021334784,
      "estimated_peak_gib": 6.539127588272095,
      "full_bins": 720,
      "generation_workspace_bytes": 2949120,
      "interpretation": "Both banks, bounded q caches, chunk fit/density copies, retained validation models and 512 MiB runtime reserve; source-derived, not measured RSS",
      "per_truth": {
        "gp": {
          "chunk_workspace_bytes": 175845376,
          "persistent_bytes": 1078505472,
          "qcache_bound_bytes": 8650752,
          "qcache_limit": 128,
          "spectra": 8448
        },
        "stress": {
          "chunk_workspace_bytes": 176029696,
          "persistent_bytes": 5098389504,
          "qcache_bound_bytes": 40894464,
          "qcache_limit": 128,
          "spectra": 39936
        }
      },
      "persistent_bytes": 6176894976,
      "proposal_bytes": 1918080,
      "runtime_reserve_bytes": 536870912,
      "validation_retained_bytes": 126672000,
      "window_bins": 118
    }
  },
  "scope_key": "individual_2016_full"
}

{
  "chunked_equivalence_passed": true,
  "elapsed_seconds": 209.44113737499993,
  "event": "point_completed",
  "mass_MeV": 149,
  "scope_key": "individual_2016_full"
}

{
  "calibration_spectra": 45312,
  "counts": {
    "gp": {
      "ntoys_per_proposal": 256,
      "proposal_count": 33
    },
    "stress": {
      "ntoys_per_proposal": 512,
      "proposal_count": 72
    }
  },
  "estimate_seconds": 138.2181792438018,
  "event": "planned_before_draws",
  "mass_MeV": 105,
  "max_memory_gib": 4.0,
  "memory_estimates": {
    "eigenfeature_rtol_1e-15": {
      "chunk_size": 128,
      "chunk_workspace_bytes": 7659520,
      "conservative_rank": 12,
      "estimated_peak_bytes": 1365616128,
      "estimated_peak_gib": 1.2718291282653809,
      "full_bins": 720,
      "generation_workspace_bytes": 2949120,
      "interpretation": "Both banks, bounded q caches, chunk fit/density copies, retained validation models and 512 MiB runtime reserve; source-derived, not measured RSS",
      "per_truth": {
        "gp": {
          "chunk_workspace_bytes": 7499776,
          "persistent_bytes": 149090304,
          "qcache_bound_bytes": 8650752,
          "qcache_limit": 128,
          "spectra": 8448
        },
        "stress": {
          "chunk_workspace_bytes": 7659520,
          "persistent_bytes": 650575872,
          "qcache_bound_bytes": 37748736,
          "qcache_limit": 128,
          "spectra": 36864
        }
      },
      "persistent_bytes": 799666176,
      "proposal_bytes": 1814400,
      "runtime_reserve_bytes": 536870912,
      "validation_retained_bytes": 16656000,
      "window_bins": 80
    },
    "exact_cached_cholesky": {
      "chunk_size": 128,
      "chunk_workspace_bytes": 82305024,
      "conservative_rank": 80,
      "estimated_peak_bytes": 3606922240,
      "estimated_peak_gib": 3.359208106994629,
      "full_bins": 720,
      "generation_workspace_bytes": 2949120,
      "interpretation": "Both banks, bounded q caches, chunk fit/density copies, retained validation models and 512 MiB runtime reserve; source-derived, not measured RSS",
      "per_truth": {
        "gp": {
          "chunk_workspace_bytes": 82145280,
          "persistent_bytes": 544321536,
          "qcache_bound_bytes": 8650752,
          "qcache_limit": 128,
          "spectra": 8448
        },
        "stress": {
          "chunk_workspace_bytes": 82305024,
          "persistent_bytes": 2375221248,
          "qcache_bound_bytes": 37748736,
          "qcache_limit": 128,
          "spectra": 36864
        }
      },
      "persistent_bytes": 2919542784,
      "proposal_bytes": 1814400,
      "runtime_reserve_bytes": 536870912,
      "validation_retained_bytes": 63440000,
      "window_bins": 80
    }
  },
  "scope_key": "individual_2016_full"
}

{
  "chunked_equivalence_passed": true,
  "elapsed_seconds": 109.35773145800022,
  "event": "point_completed",
  "mass_MeV": 105,
  "scope_key": "individual_2016_full"
}

{
  "calibration_spectra": 43776,
  "counts": {
    "gp": {
      "ntoys_per_proposal": 512,
      "proposal_count": 69
    },
    "stress": {
      "ntoys_per_proposal": 256,
      "proposal_count": 33
    }
  },
  "estimate_seconds": 130.54351445551293,
  "event": "planned_before_draws",
  "mass_MeV": 101,
  "max_memory_gib": 4.0,
  "memory_estimates": {
    "eigenfeature_rtol_1e-15": {
      "chunk_size": 128,
      "chunk_workspace_bytes": 7385088,
      "conservative_rank": 12,
      "estimated_peak_bytes": 1315257216,
      "estimated_peak_gib": 1.2249287366867065,
      "full_bins": 720,
      "generation_workspace_bytes": 2949120,
      "interpretation": "Both banks, bounded q caches, chunk fit/density copies, retained validation models and 512 MiB runtime reserve; source-derived, not measured RSS",
      "per_truth": {
        "gp": {
          "chunk_workspace_bytes": 7385088,
          "persistent_bytes": 605380608,
          "qcache_bound_bytes": 36175872,
          "qcache_limit": 128,
          "spectra": 35328
        },
        "stress": {
          "chunk_workspace_bytes": 7237632,
          "persistent_bytes": 144764928,
          "qcache_bound_bytes": 8650752,
          "qcache_limit": 128,
          "spectra": 8448
        }
      },
      "persistent_bytes": 750145536,
      "proposal_bytes": 1762560,
      "runtime_reserve_bytes": 536870912,
      "validation_retained_bytes": 16144000,
      "window_bins": 76
    },
    "exact_cached_cholesky": {
      "chunk_size": 128,
      "chunk_workspace_bytes": 74493952,
      "conservative_rank": 76,
      "estimated_peak_bytes": 3262241664,
      "estimated_peak_gib": 3.038199305534363,
      "full_bins": 720,
      "generation_workspace_bytes": 2949120,
      "interpretation": "Both banks, bounded q caches, chunk fit/density copies, retained validation models and 512 MiB runtime reserve; source-derived, not measured RSS",
      "per_truth": {
        "gp": {
          "chunk_workspace_bytes": 74493952,
          "persistent_bytes": 2088591360,
          "qcache_bound_bytes": 36175872,
          "qcache_limit": 128,
          "spectra": 35328
        },
        "stress": {
          "chunk_workspace_bytes": 74346496,
          "persistent_bytes": 499445760,
          "qcache_bound_bytes": 8650752,
          "qcache_limit": 128,
          "spectra": 8448
        }
      },
      "persistent_bytes": 2588037120,
      "proposal_bytes": 1762560,
      "runtime_reserve_bytes": 536870912,
      "validation_retained_bytes": 58128000,
      "window_bins": 76
    }
  },
  "scope_key": "individual_2016_full"
}

{
  "chunked_equivalence_passed": true,
  "elapsed_seconds": 101.547487542,
  "event": "point_completed",
  "mass_MeV": 101,
  "scope_key": "individual_2016_full"
}

{
  "calibration_spectra": 46848,
  "counts": {
    "gp": {
      "ntoys_per_proposal": 512,
      "proposal_count": 75
    },
    "stress": {
      "ntoys_per_proposal": 256,
      "proposal_count": 33
    }
  },
  "estimate_seconds": 289.83086010021015,
  "event": "planned_before_draws",
  "mass_MeV": 143,
  "max_memory_gib": 4.0,
  "memory_estimates": {
    "eigenfeature_rtol_1e-15": {
      "chunk_size": 128,
      "chunk_workspace_bytes": 9900032,
      "conservative_rank": 12,
      "estimated_peak_bytes": 1603250304,
      "estimated_peak_gib": 1.4931432008743286,
      "full_bins": 720,
      "generation_workspace_bytes": 2949120,
      "interpretation": "Both banks, bounded q caches, chunk fit/density copies, retained validation models and 512 MiB runtime reserve; source-derived, not measured RSS",
      "per_truth": {
        "gp": {
          "chunk_workspace_bytes": 9900032,
          "persistent_bytes": 844800000,
          "qcache_bound_bytes": 39321600,
          "qcache_limit": 128,
          "spectra": 38400
        },
        "stress": {
          "chunk_workspace_bytes": 9728000,
          "persistent_bytes": 185856000,
          "qcache_bound_bytes": 8650752,
          "qcache_limit": 128,
          "spectra": 8448
        }
      },
      "persistent_bytes": 1030656000,
      "proposal_bytes": 1866240,
      "runtime_reserve_bytes": 536870912,
      "validation_retained_bytes": 21008000,
      "window_bins": 114
    },
    "exact_cached_cholesky": {
      "chunk_size": 128,
      "chunk_workspace_bytes": 164483072,
      "conservative_rank": 114,
      "estimated_peak_bytes": 6443109504,
      "estimated_peak_gib": 6.000613331794739,
      "full_bins": 720,
      "generation_workspace_bytes": 2949120,
      "interpretation": "Both banks, bounded q caches, chunk fit/density copies, retained validation models and 512 MiB runtime reserve; source-derived, not measured RSS",
      "per_truth": {
        "gp": {
          "chunk_workspace_bytes": 164483072,
          "persistent_bytes": 4604928000,
          "qcache_bound_bytes": 39321600,
          "qcache_limit": 128,
          "spectra": 38400
        },
        "stress": {
          "chunk_workspace_bytes": 164311040,
          "persistent_bytes": 1013084160,
          "qcache_bound_bytes": 8650752,
          "qcache_limit": 128,
          "spectra": 8448
        }
      },
      "persistent_bytes": 5618012160,
      "proposal_bytes": 1866240,
      "runtime_reserve_bytes": 536870912,
      "validation_retained_bytes": 118928000,
      "window_bins": 114
    }
  },
  "scope_key": "individual_2016_full"
}

{
  "chunked_equivalence_passed": true,
  "elapsed_seconds": 181.058069917,
  "event": "point_completed",
  "mass_MeV": 143,
  "scope_key": "individual_2016_full"
}

{
  "calibration_spectra": 52992,
  "counts": {
    "gp": {
      "ntoys_per_proposal": 256,
      "proposal_count": 33
    },
    "stress": {
      "ntoys_per_proposal": 512,
      "proposal_count": 87
    }
  },
  "estimate_seconds": 154.6434686513447,
  "event": "planned_before_draws",
  "mass_MeV": 82,
  "max_memory_gib": 4.0,
  "memory_estimates": {
    "eigenfeature_rtol_1e-15": {
      "chunk_size": 128,
      "chunk_workspace_bytes": 6410240,
      "conservative_rank": 12,
      "estimated_peak_bytes": 1361943168,
      "estimated_peak_gib": 1.2684084177017212,
      "full_bins": 720,
      "generation_workspace_bytes": 2949120,
      "interpretation": "Both banks, bounded q caches, chunk fit/density copies, retained validation models and 512 MiB runtime reserve; source-derived, not measured RSS",
      "per_truth": {
        "gp": {
          "chunk_workspace_bytes": 6189056,
          "persistent_bytes": 127463424,
          "qcache_bound_bytes": 8650752,
          "qcache_limit": 128,
          "spectra": 8448
        },
        "stress": {
          "chunk_workspace_bytes": 6410240,
          "persistent_bytes": 672079872,
          "qcache_bound_bytes": 45613056,
          "qcache_limit": 128,
          "spectra": 44544
        }
      },
      "persistent_bytes": 799543296,
      "proposal_bytes": 2073600,
      "runtime_reserve_bytes": 536870912,
      "validation_retained_bytes": 14096000,
      "window_bins": 60
    },
    "exact_cached_cholesky": {
      "chunk_size": 128,
      "chunk_workspace_bytes": 47304704,
      "conservative_rank": 60,
      "estimated_peak_bytes": 2771210880,
      "estimated_peak_gib": 2.580891251564026,
      "full_bins": 720,
      "generation_workspace_bytes": 2949120,
      "interpretation": "Both banks, bounded q caches, chunk fit/density copies, retained validation models and 512 MiB runtime reserve; source-derived, not measured RSS",
      "per_truth": {
        "gp": {
          "chunk_workspace_bytes": 47083520,
          "persistent_bytes": 341569536,
          "qcache_bound_bytes": 8650752,
          "qcache_limit": 128,
          "spectra": 8448
        },
        "stress": {
          "chunk_workspace_bytes": 47304704,
          "persistent_bytes": 1801003008,
          "qcache_bound_bytes": 45613056,
          "qcache_limit": 128,
          "spectra": 44544
        }
      },
      "persistent_bytes": 2142572544,
      "proposal_bytes": 2073600,
      "runtime_reserve_bytes": 536870912,
      "validation_retained_bytes": 39440000,
      "window_bins": 60
    }
  },
  "scope_key": "individual_2016_full"
}

{
  "chunked_equivalence_passed": true,
  "elapsed_seconds": 111.26247420899972,
  "event": "point_completed",
  "mass_MeV": 82,
  "scope_key": "individual_2016_full"
}

{
  "calibration_spectra": 52992,
  "counts": {
    "gp": {
      "ntoys_per_proposal": 256,
      "proposal_count": 33
    },
    "stress": {
      "ntoys_per_proposal": 512,
      "proposal_count": 87
    }
  },
  "estimate_seconds": 159.31697653415551,
  "event": "planned_before_draws",
  "mass_MeV": 83,
  "max_memory_gib": 4.0,
  "memory_estimates": {
    "eigenfeature_rtol_1e-15": {
      "chunk_size": 128,
      "chunk_workspace_bytes": 6541312,
      "conservative_rank": 12,
      "estimated_peak_bytes": 1375896192,
      "estimated_peak_gib": 1.2814031839370728,
      "full_bins": 720,
      "generation_workspace_bytes": 2949120,
      "interpretation": "Both banks, bounded q caches, chunk fit/density copies, retained validation models and 512 MiB runtime reserve; source-derived, not measured RSS",
      "per_truth": {
        "gp": {
          "chunk_workspace_bytes": 6320128,
          "persistent_bytes": 129626112,
          "qcache_bound_bytes": 8650752,
          "qcache_limit": 128,
          "spectra": 8448
        },
        "stress": {
          "chunk_workspace_bytes": 6541312,
          "persistent_bytes": 683483136,
          "qcache_bound_bytes": 45613056,
          "qcache_limit": 128,
          "spectra": 44544
        }
      },
      "persistent_bytes": 813109248,
      "proposal_bytes": 2073600,
      "runtime_reserve_bytes": 536870912,
      "validation_retained_bytes": 14352000,
      "window_bins": 62
    },
    "exact_cached_cholesky": {
      "chunk_size": 128,
      "chunk_workspace_bytes": 50368512,
      "conservative_rank": 62,
      "estimated_peak_bytes": 2888305792,
      "estimated_peak_gib": 2.6899443864822388,
      "full_bins": 720,
      "generation_workspace_bytes": 2949120,
      "interpretation": "Both banks, bounded q caches, chunk fit/density copies, retained validation models and 512 MiB runtime reserve; source-derived, not measured RSS",
      "per_truth": {
        "gp": {
          "chunk_workspace_bytes": 50147328,
          "persistent_bytes": 359411712,
          "qcache_bound_bytes": 8650752,
          "qcache_limit": 128,
          "spectra": 8448
        },
        "stress": {
          "chunk_workspace_bytes": 50368512,
          "persistent_bytes": 1895079936,
          "qcache_bound_bytes": 45613056,
          "qcache_limit": 128,
          "spectra": 44544
        }
      },
      "persistent_bytes": 2254491648,
      "proposal_bytes": 2073600,
      "runtime_reserve_bytes": 536870912,
      "validation_retained_bytes": 41552000,
      "window_bins": 62
    }
  },
  "scope_key": "individual_2016_full"
}

{
  "chunked_equivalence_passed": true,
  "elapsed_seconds": 120.73835533400006,
  "event": "point_completed",
  "mass_MeV": 83,
  "scope_key": "individual_2016_full"
}

{
  "calibration_spectra": 48384,
  "counts": {
    "gp": {
      "ntoys_per_proposal": 256,
      "proposal_count": 33
    },
    "stress": {
      "ntoys_per_proposal": 512,
      "proposal_count": 78
    }
  },
  "estimate_seconds": 80.46242280803307,
  "event": "planned_before_draws",
  "mass_MeV": 67,
  "max_memory_gib": 4.0,
  "memory_estimates": {
    "eigenfeature_rtol_1e-15": {
      "chunk_size": 128,
      "chunk_workspace_bytes": 5718016,
      "conservative_rank": 12,
      "estimated_peak_bytes": 1228358400,
      "estimated_peak_gib": 1.1439979076385498,
      "full_bins": 720,
      "generation_workspace_bytes": 2949120,
      "interpretation": "Both banks, bounded q caches, chunk fit/density copies, retained validation models and 512 MiB runtime reserve; source-derived, not measured RSS",
      "per_truth": {
        "gp": {
          "chunk_workspace_bytes": 5533696,
          "persistent_bytes": 116649984,
          "qcache_bound_bytes": 8650752,
          "qcache_limit": 128,
          "spectra": 8448
        },
        "stress": {
          "chunk_workspace_bytes": 5718016,
          "persistent_bytes": 551436288,
          "qcache_bound_bytes": 40894464,
          "qcache_limit": 128,
          "spectra": 39936
        }
      },
      "persistent_bytes": 668086272,
      "proposal_bytes": 1918080,
      "runtime_reserve_bytes": 536870912,
      "validation_retained_bytes": 12816000,
      "window_bins": 50
    },
    "exact_cached_cholesky": {
      "chunk_size": 128,
      "chunk_workspace_bytes": 33423360,
      "conservative_rank": 50,
      "estimated_peak_bytes": 2096776960,
      "estimated_peak_gib": 1.9527757167816162,
      "full_bins": 720,
      "generation_workspace_bytes": 2949120,
      "interpretation": "Both banks, bounded q caches, chunk fit/density copies, retained validation models and 512 MiB runtime reserve; source-derived, not measured RSS",
      "per_truth": {
        "gp": {
          "chunk_workspace_bytes": 33239040,
          "persistent_bytes": 260468736,
          "qcache_bound_bytes": 8650752,
          "qcache_limit": 128,
          "spectra": 8448
        },
        "stress": {
          "chunk_workspace_bytes": 33423360,
          "persistent_bytes": 1231306752,
          "qcache_bound_bytes": 40894464,
          "qcache_limit": 128,
          "spectra": 39936
        }
      },
      "persistent_bytes": 1491775488,
      "proposal_bytes": 1918080,
      "runtime_reserve_bytes": 536870912,
      "validation_retained_bytes": 29840000,
      "window_bins": 50
    }
  },
  "scope_key": "individual_2016_full"
}

{
  "chunked_equivalence_passed": true,
  "elapsed_seconds": 78.98018866600023,
  "event": "point_completed",
  "mass_MeV": 67,
  "scope_key": "individual_2016_full"
}

{
  "calibration_spectra": 52992,
  "counts": {
    "gp": {
      "ntoys_per_proposal": 256,
      "proposal_count": 33
    },
    "stress": {
      "ntoys_per_proposal": 512,
      "proposal_count": 87
    }
  },
  "estimate_seconds": 144.9877537438013,
  "event": "planned_before_draws",
  "mass_MeV": 81,
  "max_memory_gib": 4.0,
  "memory_estimates": {
    "eigenfeature_rtol_1e-15": {
      "chunk_size": 128,
      "chunk_workspace_bytes": 6410240,
      "conservative_rank": 12,
      "estimated_peak_bytes": 1361943168,
      "estimated_peak_gib": 1.2684084177017212,
      "full_bins": 720,
      "generation_workspace_bytes": 2949120,
      "interpretation": "Both banks, bounded q caches, chunk fit/density copies, retained validation models and 512 MiB runtime reserve; source-derived, not measured RSS",
      "per_truth": {
        "gp": {
          "chunk_workspace_bytes": 6189056,
          "persistent_bytes": 127463424,
          "qcache_bound_bytes": 8650752,
          "qcache_limit": 128,
          "spectra": 8448
        },
        "stress": {
          "chunk_workspace_bytes": 6410240,
          "persistent_bytes": 672079872,
          "qcache_bound_bytes": 45613056,
          "qcache_limit": 128,
          "spectra": 44544
        }
      },
      "persistent_bytes": 799543296,
      "proposal_bytes": 2073600,
      "runtime_reserve_bytes": 536870912,
      "validation_retained_bytes": 14096000,
      "window_bins": 60
    },
    "exact_cached_cholesky": {
      "chunk_size": 128,
      "chunk_workspace_bytes": 47304704,
      "conservative_rank": 60,
      "estimated_peak_bytes": 2771210880,
      "estimated_peak_gib": 2.580891251564026,
      "full_bins": 720,
      "generation_workspace_bytes": 2949120,
      "interpretation": "Both banks, bounded q caches, chunk fit/density copies, retained validation models and 512 MiB runtime reserve; source-derived, not measured RSS",
      "per_truth": {
        "gp": {
          "chunk_workspace_bytes": 47083520,
          "persistent_bytes": 341569536,
          "qcache_bound_bytes": 8650752,
          "qcache_limit": 128,
          "spectra": 8448
        },
        "stress": {
          "chunk_workspace_bytes": 47304704,
          "persistent_bytes": 1801003008,
          "qcache_bound_bytes": 45613056,
          "qcache_limit": 128,
          "spectra": 44544
        }
      },
      "persistent_bytes": 2142572544,
      "proposal_bytes": 2073600,
      "runtime_reserve_bytes": 536870912,
      "validation_retained_bytes": 39440000,
      "window_bins": 60
    }
  },
  "scope_key": "individual_2016_full"
}

{
  "chunked_equivalence_passed": true,
  "elapsed_seconds": 114.22715120800012,
  "event": "point_completed",
  "mass_MeV": 81,
  "scope_key": "individual_2016_full"
}

{
  "calibration_spectra": 52992,
  "counts": {
    "gp": {
      "ntoys_per_proposal": 256,
      "proposal_count": 33
    },
    "stress": {
      "ntoys_per_proposal": 512,
      "proposal_count": 87
    }
  },
  "estimate_seconds": 115.91330739204543,
  "event": "planned_before_draws",
  "mass_MeV": 64,
  "max_memory_gib": 4.0,
  "memory_estimates": {
    "eigenfeature_rtol_1e-15": {
      "chunk_size": 128,
      "chunk_workspace_bytes": 5623808,
      "conservative_rank": 12,
      "estimated_peak_bytes": 1278225024,
      "estimated_peak_gib": 1.1904398202896118,
      "full_bins": 720,
      "generation_workspace_bytes": 2949120,
      "interpretation": "Both banks, bounded q caches, chunk fit/density copies, retained validation models and 512 MiB runtime reserve; source-derived, not measured RSS",
      "per_truth": {
        "gp": {
          "chunk_workspace_bytes": 5402624,
          "persistent_bytes": 114487296,
          "qcache_bound_bytes": 8650752,
          "qcache_limit": 128,
          "spectra": 8448
        },
        "stress": {
          "chunk_workspace_bytes": 5623808,
          "persistent_bytes": 603660288,
          "qcache_bound_bytes": 45613056,
          "qcache_limit": 128,
          "spectra": 44544
        }
      },
      "persistent_bytes": 718147584,
      "proposal_bytes": 2073600,
      "runtime_reserve_bytes": 536870912,
      "validation_retained_bytes": 12560000,
      "window_bins": 48
    },
    "exact_cached_cholesky": {
      "chunk_size": 128,
      "chunk_workspace_bytes": 30986240,
      "conservative_rank": 48,
      "estimated_peak_bytes": 2143271040,
      "estimated_peak_gib": 1.9960767030715942,
      "full_bins": 720,
      "generation_workspace_bytes": 2949120,
      "interpretation": "Both banks, bounded q caches, chunk fit/density copies, retained validation models and 512 MiB runtime reserve; source-derived, not measured RSS",
      "per_truth": {
        "gp": {
          "chunk_workspace_bytes": 30765056,
          "persistent_bytes": 245870592,
          "qcache_bound_bytes": 8650752,
          "qcache_limit": 128,
          "spectra": 8448
        },
        "stress": {
          "chunk_workspace_bytes": 30986240,
          "persistent_bytes": 1296408576,
          "qcache_bound_bytes": 45613056,
          "qcache_limit": 128,
          "spectra": 44544
        }
      },
      "persistent_bytes": 1542279168,
      "proposal_bytes": 2073600,
      "runtime_reserve_bytes": 536870912,
      "validation_retained_bytes": 28112000,
      "window_bins": 48
    }
  },
  "scope_key": "individual_2016_full"
}

{
  "chunked_equivalence_passed": true,
  "elapsed_seconds": 101.46512091600016,
  "event": "point_completed",
  "mass_MeV": 64,
  "scope_key": "individual_2016_full"
}

{
  "calibration_spectra": 63744,
  "counts": {
    "gp": {
      "ntoys_per_proposal": 256,
      "proposal_count": 33
    },
    "stress": {
      "ntoys_per_proposal": 512,
      "proposal_count": 108
    }
  },
  "estimate_seconds": 96.24568115382704,
  "event": "planned_before_draws",
  "mass_MeV": 39,
  "max_memory_gib": 4.0,
  "memory_estimates": {
    "eigenfeature_rtol_1e-15": {
      "chunk_size": 128,
      "chunk_workspace_bytes": 4661248,
      "conservative_rank": 12,
      "estimated_peak_bytes": 1290740736,
      "estimated_peak_gib": 1.2020959854125977,
      "full_bins": 720,
      "generation_workspace_bytes": 2949120,
      "interpretation": "Both banks, bounded q caches, chunk fit/density copies, retained validation models and 512 MiB runtime reserve; source-derived, not measured RSS",
      "per_truth": {
        "gp": {
          "chunk_workspace_bytes": 4354048,
          "persistent_bytes": 97185792,
          "qcache_bound_bytes": 8650752,
          "qcache_limit": 128,
          "spectra": 8448
        },
        "stress": {
          "chunk_workspace_bytes": 4661248,
          "persistent_bytes": 636125184,
          "qcache_bound_bytes": 56623104,
          "qcache_limit": 128,
          "spectra": 55296
        }
      },
      "persistent_bytes": 733310976,
      "proposal_bytes": 2436480,
      "runtime_reserve_bytes": 536870912,
      "validation_retained_bytes": 10512000,
      "window_bins": 32
    },
    "exact_cached_cholesky": {
      "chunk_size": 128,
      "chunk_workspace_bytes": 14819328,
      "conservative_rank": 32,
      "estimated_peak_bytes": 1694542336,
      "estimated_peak_gib": 1.5781655311584473,
      "full_bins": 720,
      "generation_workspace_bytes": 2949120,
      "interpretation": "Both banks, bounded q caches, chunk fit/density copies, retained validation models and 512 MiB runtime reserve; source-derived, not measured RSS",
      "per_truth": {
        "gp": {
          "chunk_workspace_bytes": 14512128,
          "persistent_bytes": 148549632,
          "qcache_bound_bytes": 8650752,
          "qcache_limit": 128,
          "spectra": 8448
        },
        "stress": {
          "chunk_workspace_bytes": 14819328,
          "persistent_bytes": 972324864,
          "qcache_bound_bytes": 56623104,
          "qcache_limit": 128,
          "spectra": 55296
        }
      },
      "persistent_bytes": 1120874496,
      "proposal_bytes": 2436480,
      "runtime_reserve_bytes": 536870912,
      "validation_retained_bytes": 16592000,
      "window_bins": 32
    }
  },
  "scope_key": "individual_2016_full"
}

{
  "calibration_spectra": 52992,
  "counts": {
    "gp": {
      "ntoys_per_proposal": 256,
      "proposal_count": 33
    },
    "stress": {
      "ntoys_per_proposal": 512,
      "proposal_count": 87
    }
  },
  "estimate_seconds": 109.08713911305347,
  "event": "planned_before_draws",
  "mass_MeV": 63,
  "max_memory_gib": 4.0,
  "memory_estimates": {
    "eigenfeature_rtol_1e-15": {
      "chunk_size": 128,
      "chunk_workspace_bytes": 5492736,
      "conservative_rank": 12,
      "estimated_peak_bytes": 1264272000,
      "estimated_peak_gib": 1.1774450540542603,
      "full_bins": 720,
      "generation_workspace_bytes": 2949120,
      "interpretation": "Both banks, bounded q caches, chunk fit/density copies, retained validation models and 512 MiB runtime reserve; source-derived, not measured RSS",
      "per_truth": {
        "gp": {
          "chunk_workspace_bytes": 5271552,
          "persistent_bytes": 112324608,
          "qcache_bound_bytes": 8650752,
          "qcache_limit": 128,
          "spectra": 8448
        },
        "stress": {
          "chunk_workspace_bytes": 5492736,
          "persistent_bytes": 592257024,
          "qcache_bound_bytes": 45613056,
          "qcache_limit": 128,
          "spectra": 44544
        }
      },
      "persistent_bytes": 704581632,
      "proposal_bytes": 2073600,
      "runtime_reserve_bytes": 536870912,
      "validation_retained_bytes": 12304000,
      "window_bins": 46
    },
    "exact_cached_cholesky": {
      "chunk_size": 128,
      "chunk_workspace_bytes": 28610560,
      "conservative_rank": 46,
      "estimated_peak_bytes": 2051052672,
      "estimated_peak_gib": 1.9101916551589966,
      "full_bins": 720,
      "generation_workspace_bytes": 2949120,
      "interpretation": "Both banks, bounded q caches, chunk fit/density copies, retained validation models and 512 MiB runtime reserve; source-derived, not measured RSS",
      "per_truth": {
        "gp": {
          "chunk_workspace_bytes": 28389376,
          "persistent_bytes": 231813120,
          "qcache_bound_bytes": 8650752,
          "qcache_limit": 128,
          "spectra": 8448
        },
        "stress": {
          "chunk_workspace_bytes": 28610560,
          "persistent_bytes": 1222287360,
          "qcache_bound_bytes": 45613056,
          "qcache_limit": 128,
          "spectra": 44544
        }
      },
      "persistent_bytes": 1454100480,
      "proposal_bytes": 2073600,
      "runtime_reserve_bytes": 536870912,
      "validation_retained_bytes": 26448000,
      "window_bins": 46
    }
  },
  "scope_key": "individual_2016_full"
}

{
  "calibration_spectra": 56064,
  "counts": {
    "gp": {
      "ntoys_per_proposal": 256,
      "proposal_count": 33
    },
    "stress": {
      "ntoys_per_proposal": 512,
      "proposal_count": 93
    }
  },
  "estimate_seconds": 96.52011129546753,
  "event": "planned_before_draws",
  "mass_MeV": 49,
  "max_memory_gib": 4.0,
  "memory_estimates": {
    "eigenfeature_rtol_1e-15": {
      "chunk_size": 128,
      "chunk_workspace_bytes": 4993024,
      "conservative_rank": 12,
      "estimated_peak_bytes": 1246287744,
      "estimated_peak_gib": 1.1606959104537964,
      "full_bins": 720,
      "generation_workspace_bytes": 2949120,
      "interpretation": "Both banks, bounded q caches, chunk fit/density copies, retained validation models and 512 MiB runtime reserve; source-derived, not measured RSS",
      "per_truth": {
        "gp": {
          "chunk_workspace_bytes": 4747264,
          "persistent_bytes": 103673856,
          "qcache_bound_bytes": 8650752,
          "qcache_limit": 128,
          "spectra": 8448
        },
        "stress": {
          "chunk_workspace_bytes": 4993024,
          "persistent_bytes": 584343552,
          "qcache_bound_bytes": 48758784,
          "qcache_limit": 128,
          "spectra": 47616
        }
      },
      "persistent_bytes": 688017408,
      "proposal_bytes": 2177280,
      "runtime_reserve_bytes": 536870912,
      "validation_retained_bytes": 11280000,
      "window_bins": 38
    },
    "exact_cached_cholesky": {
      "chunk_size": 128,
      "chunk_workspace_bytes": 20115456,
      "conservative_rank": 38,
      "estimated_peak_bytes": 1783659904,
      "estimated_peak_gib": 1.6611627340316772,
      "full_bins": 720,
      "generation_workspace_bytes": 2949120,
      "interpretation": "Both banks, bounded q caches, chunk fit/density copies, retained validation models and 512 MiB runtime reserve; source-derived, not measured RSS",
      "per_truth": {
        "gp": {
          "chunk_workspace_bytes": 19869696,
          "persistent_bytes": 180989952,
          "qcache_bound_bytes": 8650752,
          "qcache_limit": 128,
          "spectra": 8448
        },
        "stress": {
          "chunk_workspace_bytes": 20115456,
          "persistent_bytes": 1020125184,
          "qcache_bound_bytes": 48758784,
          "qcache_limit": 128,
          "spectra": 47616
        }
      },
      "persistent_bytes": 1201115136,
      "proposal_bytes": 2177280,
      "runtime_reserve_bytes": 536870912,
      "validation_retained_bytes": 20432000,
      "window_bins": 38
    }
  },
  "scope_key": "individual_2016_full"
}

{
  "calibration_spectra": 54528,
  "counts": {
    "gp": {
      "ntoys_per_proposal": 256,
      "proposal_count": 33
    },
    "stress": {
      "ntoys_per_proposal": 512,
      "proposal_count": 90
    }
  },
  "estimate_seconds": 111.68524732955464,
  "event": "planned_before_draws",
  "mass_MeV": 86,
  "max_memory_gib": 4.0,
  "memory_estimates": {
    "eigenfeature_rtol_1e-15": {
      "chunk_size": 128,
      "chunk_workspace_bytes": 6684672,
      "conservative_rank": 12,
      "estimated_peak_bytes": 1413874944,
      "estimated_peak_gib": 1.3167736530303955,
      "full_bins": 720,
      "generation_workspace_bytes": 2949120,
      "interpretation": "Both banks, bounded q caches, chunk fit/density copies, retained validation models and 512 MiB runtime reserve; source-derived, not measured RSS",
      "per_truth": {
        "gp": {
          "chunk_workspace_bytes": 6451200,
          "persistent_bytes": 131788800,
          "qcache_bound_bytes": 8650752,
          "qcache_limit": 128,
          "spectra": 8448
        },
        "stress": {
          "chunk_workspace_bytes": 6684672,
          "persistent_bytes": 718848000,
          "qcache_bound_bytes": 47185920,
          "qcache_limit": 128,
          "spectra": 46080
        }
      },
      "persistent_bytes": 850636800,
      "proposal_bytes": 2125440,
      "runtime_reserve_bytes": 536870912,
      "validation_retained_bytes": 14608000,
      "window_bins": 64
    },
    "exact_cached_cholesky": {
      "chunk_size": 128,
      "chunk_workspace_bytes": 53542912,
      "conservative_rank": 64,
      "estimated_peak_bytes": 3077708544,
      "estimated_peak_gib": 2.8663394451141357,
      "full_bins": 720,
      "generation_workspace_bytes": 2949120,
      "interpretation": "Both banks, bounded q caches, chunk fit/density copies, retained validation models and 512 MiB runtime reserve; source-derived, not measured RSS",
      "per_truth": {
        "gp": {
          "chunk_workspace_bytes": 53309440,
          "persistent_bytes": 377794560,
          "qcache_bound_bytes": 8650752,
          "qcache_limit": 128,
          "spectra": 8448
        },
        "stress": {
          "chunk_workspace_bytes": 53542912,
          "persistent_bytes": 2060697600,
          "qcache_bound_bytes": 47185920,
          "qcache_limit": 128,
          "spectra": 46080
        }
      },
      "persistent_bytes": 2438492160,
      "proposal_bytes": 2125440,
      "runtime_reserve_bytes": 536870912,
      "validation_retained_bytes": 43728000,
      "window_bins": 64
    }
  },
  "scope_key": "individual_2016_full"
}

{
  "calibration_spectra": 45312,
  "counts": {
    "gp": {
      "ntoys_per_proposal": 256,
      "proposal_count": 33
    },
    "stress": {
      "ntoys_per_proposal": 512,
      "proposal_count": 72
    }
  },
  "estimate_seconds": 100.23700216195189,
  "event": "planned_before_draws",
  "mass_MeV": 84,
  "max_memory_gib": 4.0,
  "memory_estimates": {
    "eigenfeature_rtol_1e-15": {
      "chunk_size": 128,
      "chunk_workspace_bytes": 6479872,
      "conservative_rank": 12,
      "estimated_peak_bytes": 1257733632,
      "estimated_peak_gib": 1.1713557243347168,
      "full_bins": 720,
      "generation_workspace_bytes": 2949120,
      "interpretation": "Both banks, bounded q caches, chunk fit/density copies, retained validation models and 512 MiB runtime reserve; source-derived, not measured RSS",
      "per_truth": {
        "gp": {
          "chunk_workspace_bytes": 6320128,
          "persistent_bytes": 129626112,
          "qcache_bound_bytes": 8650752,
          "qcache_limit": 128,
          "spectra": 8448
        },
        "stress": {
          "chunk_workspace_bytes": 6479872,
          "persistent_bytes": 565641216,
          "qcache_bound_bytes": 37748736,
          "qcache_limit": 128,
          "spectra": 36864
        }
      },
      "persistent_bytes": 695267328,
      "proposal_bytes": 1814400,
      "runtime_reserve_bytes": 536870912,
      "validation_retained_bytes": 14352000,
      "window_bins": 62
    },
    "exact_cached_cholesky": {
      "chunk_size": 128,
      "chunk_workspace_bytes": 50307072,
      "conservative_rank": 62,
      "estimated_peak_bytes": 2561247232,
      "estimated_peak_gib": 2.385347366333008,
      "full_bins": 720,
      "generation_workspace_bytes": 2949120,
      "interpretation": "Both banks, bounded q caches, chunk fit/density copies, retained validation models and 512 MiB runtime reserve; source-derived, not measured RSS",
      "per_truth": {
        "gp": {
          "chunk_workspace_bytes": 50147328,
          "persistent_bytes": 359411712,
          "qcache_bound_bytes": 8650752,
          "qcache_limit": 128,
          "spectra": 8448
        },
        "stress": {
          "chunk_workspace_bytes": 50307072,
          "persistent_bytes": 1568342016,
          "qcache_bound_bytes": 37748736,
          "qcache_limit": 128,
          "spectra": 36864
        }
      },
      "persistent_bytes": 1927753728,
      "proposal_bytes": 1814400,
      "runtime_reserve_bytes": 536870912,
      "validation_retained_bytes": 41552000,
      "window_bins": 62
    }
  },
  "scope_key": "individual_2016_full"
}

{
  "calibration_spectra": 56064,
  "counts": {
    "gp": {
      "ntoys_per_proposal": 256,
      "proposal_count": 33
    },
    "stress": {
      "ntoys_per_proposal": 512,
      "proposal_count": 93
    }
  },
  "estimate_seconds": 94.71049505423694,
  "event": "planned_before_draws",
  "mass_MeV": 48,
  "max_memory_gib": 4.0,
  "memory_estimates": {
    "eigenfeature_rtol_1e-15": {
      "chunk_size": 128,
      "chunk_workspace_bytes": 4861952,
      "conservative_rank": 12,
      "estimated_peak_bytes": 1231548288,
      "estimated_peak_gib": 1.1469687223434448,
      "full_bins": 720,
      "generation_workspace_bytes": 2949120,
      "interpretation": "Both banks, bounded q caches, chunk fit/density copies, retained validation models and 512 MiB runtime reserve; source-derived, not measured RSS",
      "per_truth": {
        "gp": {
          "chunk_workspace_bytes": 4616192,
          "persistent_bytes": 101511168,
          "qcache_bound_bytes": 8650752,
          "qcache_limit": 128,
          "spectra": 8448
        },
        "stress": {
          "chunk_workspace_bytes": 4861952,
          "persistent_bytes": 572153856,
          "qcache_bound_bytes": 48758784,
          "qcache_limit": 128,
          "spectra": 47616
        }
      },
      "persistent_bytes": 673665024,
      "proposal_bytes": 2177280,
      "runtime_reserve_bytes": 536870912,
      "validation_retained_bytes": 11024000,
      "window_bins": 36
    },
    "exact_cached_cholesky": {
      "chunk_size": 128,
      "chunk_workspace_bytes": 18231296,
      "conservative_rank": 36,
      "estimated_peak_bytes": 1705081728,
      "estimated_peak_gib": 1.587981104850769,
      "full_bins": 720,
      "generation_workspace_bytes": 2949120,
      "interpretation": "Both banks, bounded q caches, chunk fit/density copies, retained validation models and 512 MiB runtime reserve; source-derived, not measured RSS",
      "per_truth": {
        "gp": {
          "chunk_workspace_bytes": 17985536,
          "persistent_bytes": 169635840,
          "qcache_bound_bytes": 8650752,
          "qcache_limit": 128,
          "spectra": 8448
        },
        "stress": {
          "chunk_workspace_bytes": 18231296,
          "persistent_bytes": 956129280,
          "qcache_bound_bytes": 48758784,
          "qcache_limit": 128,
          "spectra": 47616
        }
      },
      "persistent_bytes": 1125765120,
      "proposal_bytes": 2177280,
      "runtime_reserve_bytes": 536870912,
      "validation_retained_bytes": 19088000,
      "window_bins": 36
    }
  },
  "scope_key": "individual_2016_full"
}

{
  "calibration_spectra": 51456,
  "counts": {
    "gp": {
      "ntoys_per_proposal": 256,
      "proposal_count": 33
    },
    "stress": {
      "ntoys_per_proposal": 512,
      "proposal_count": 84
    }
  },
  "estimate_seconds": 138.92696911223877,
  "event": "planned_before_draws",
  "mass_MeV": 80,
  "max_memory_gib": 4.0,
  "memory_estimates": {
    "eigenfeature_rtol_1e-15": {
      "chunk_size": 128,
      "chunk_workspace_bytes": 6266880,
      "conservative_rank": 12,
      "estimated_peak_bytes": 1325144064,
      "estimated_peak_gib": 1.2341365814208984,
      "full_bins": 720,
      "generation_workspace_bytes": 2949120,
      "interpretation": "Both banks, bounded q caches, chunk fit/density copies, retained validation models and 512 MiB runtime reserve; source-derived, not measured RSS",
      "per_truth": {
        "gp": {
          "chunk_workspace_bytes": 6057984,
          "persistent_bytes": 125300736,
          "qcache_bound_bytes": 8650752,
          "qcache_limit": 128,
          "spectra": 8448
        },
        "stress": {
          "chunk_workspace_bytes": 6266880,
          "persistent_bytes": 637894656,
          "qcache_bound_bytes": 44040192,
          "qcache_limit": 128,
          "spectra": 43008
        }
      },
      "persistent_bytes": 763195392,
      "proposal_bytes": 2021760,
      "runtime_reserve_bytes": 536870912,
      "validation_retained_bytes": 13840000,
      "window_bins": 58
    },
    "exact_cached_cholesky": {
      "chunk_size": 128,
      "chunk_workspace_bytes": 44326912,
      "conservative_rank": 58,
      "estimated_peak_bytes": 2598647808,
      "estimated_peak_gib": 2.4201793670654297,
      "full_bins": 720,
      "generation_workspace_bytes": 2949120,
      "interpretation": "Both banks, bounded q caches, chunk fit/density copies, retained validation models and 512 MiB runtime reserve; source-derived, not measured RSS",
      "per_truth": {
        "gp": {
          "chunk_workspace_bytes": 44118016,
          "persistent_bytes": 324268032,
          "qcache_bound_bytes": 8650752,
          "qcache_limit": 128,
          "spectra": 8448
        },
        "stress": {
          "chunk_workspace_bytes": 44326912,
          "persistent_bytes": 1650819072,
          "qcache_bound_bytes": 44040192,
          "qcache_limit": 128,
          "spectra": 43008
        }
      },
      "persistent_bytes": 1975087104,
      "proposal_bytes": 2021760,
      "runtime_reserve_bytes": 536870912,
      "validation_retained_bytes": 37392000,
      "window_bins": 58
    }
  },
  "scope_key": "individual_2016_full"
}

{
  "calibration_spectra": 54528,
  "counts": {
    "gp": {
      "ntoys_per_proposal": 256,
      "proposal_count": 33
    },
    "stress": {
      "ntoys_per_proposal": 512,
      "proposal_count": 90
    }
  },
  "estimate_seconds": 96.51332705067327,
  "event": "planned_before_draws",
  "mass_MeV": 50,
  "max_memory_gib": 4.0,
  "memory_estimates": {
    "eigenfeature_rtol_1e-15": {
      "chunk_size": 128,
      "chunk_workspace_bytes": 4980736,
      "conservative_rank": 12,
      "estimated_peak_bytes": 1227373824,
      "estimated_peak_gib": 1.1430809497833252,
      "full_bins": 720,
      "generation_workspace_bytes": 2949120,
      "interpretation": "Both banks, bounded q caches, chunk fit/density copies, retained validation models and 512 MiB runtime reserve; source-derived, not measured RSS",
      "per_truth": {
        "gp": {
          "chunk_workspace_bytes": 4747264,
          "persistent_bytes": 103673856,
          "qcache_bound_bytes": 8650752,
          "qcache_limit": 128,
          "spectra": 8448
        },
        "stress": {
          "chunk_workspace_bytes": 4980736,
          "persistent_bytes": 565493760,
          "qcache_bound_bytes": 47185920,
          "qcache_limit": 128,
          "spectra": 46080
        }
      },
      "persistent_bytes": 669167616,
      "proposal_bytes": 2125440,
      "runtime_reserve_bytes": 536870912,
      "validation_retained_bytes": 11280000,
      "window_bins": 38
    },
    "exact_cached_cholesky": {
      "chunk_size": 128,
      "chunk_workspace_bytes": 20103168,
      "conservative_rank": 38,
      "estimated_peak_bytes": 1750688512,
      "estimated_peak_gib": 1.630455732345581,
      "full_bins": 720,
      "generation_workspace_bytes": 2949120,
      "interpretation": "Both banks, bounded q caches, chunk fit/density copies, retained validation models and 512 MiB runtime reserve; source-derived, not measured RSS",
      "per_truth": {
        "gp": {
          "chunk_workspace_bytes": 19869696,
          "persistent_bytes": 180989952,
          "qcache_bound_bytes": 8650752,
          "qcache_limit": 128,
          "spectra": 8448
        },
        "stress": {
          "chunk_workspace_bytes": 20103168,
          "persistent_bytes": 987217920,
          "qcache_bound_bytes": 47185920,
          "qcache_limit": 128,
          "spectra": 46080
        }
      },
      "persistent_bytes": 1168207872,
      "proposal_bytes": 2125440,
      "runtime_reserve_bytes": 536870912,
      "validation_retained_bytes": 20432000,
      "window_bins": 38
    }
  },
  "scope_key": "individual_2016_full"
}

{
  "calibration_spectra": 52992,
  "counts": {
    "gp": {
      "ntoys_per_proposal": 256,
      "proposal_count": 33
    },
    "stress": {
      "ntoys_per_proposal": 512,
      "proposal_count": 87
    }
  },
  "estimate_seconds": 103.36639266574,
  "event": "planned_before_draws",
  "mass_MeV": 68,
  "max_memory_gib": 4.0,
  "memory_estimates": {
    "eigenfeature_rtol_1e-15": {
      "chunk_size": 128,
      "chunk_workspace_bytes": 5754880,
      "conservative_rank": 12,
      "estimated_peak_bytes": 1292178048,
      "estimated_peak_gib": 1.2034345865249634,
      "full_bins": 720,
      "generation_workspace_bytes": 2949120,
      "interpretation": "Both banks, bounded q caches, chunk fit/density copies, retained validation models and 512 MiB runtime reserve; source-derived, not measured RSS",
      "per_truth": {
        "gp": {
          "chunk_workspace_bytes": 5533696,
          "persistent_bytes": 116649984,
          "qcache_bound_bytes": 8650752,
          "qcache_limit": 128,
          "spectra": 8448
        },
        "stress": {
          "chunk_workspace_bytes": 5754880,
          "persistent_bytes": 615063552,
          "qcache_bound_bytes": 45613056,
          "qcache_limit": 128,
          "spectra": 44544
        }
      },
      "persistent_bytes": 731713536,
      "proposal_bytes": 2073600,
      "runtime_reserve_bytes": 536870912,
      "validation_retained_bytes": 12816000,
      "window_bins": 50
    },
    "exact_cached_cholesky": {
      "chunk_size": 128,
      "chunk_workspace_bytes": 33460224,
      "conservative_rank": 50,
      "estimated_peak_bytes": 2239043200,
      "estimated_peak_gib": 2.08527147769928,
      "full_bins": 720,
      "generation_workspace_bytes": 2949120,
      "interpretation": "Both banks, bounded q caches, chunk fit/density copies, retained validation models and 512 MiB runtime reserve; source-derived, not measured RSS",
      "per_truth": {
        "gp": {
          "chunk_workspace_bytes": 33239040,
          "persistent_bytes": 260468736,
          "qcache_bound_bytes": 8650752,
          "qcache_limit": 128,
          "spectra": 8448
        },
        "stress": {
          "chunk_workspace_bytes": 33460224,
          "persistent_bytes": 1373380608,
          "qcache_bound_bytes": 45613056,
          "qcache_limit": 128,
          "spectra": 44544
        }
      },
      "persistent_bytes": 1633849344,
      "proposal_bytes": 2073600,
      "runtime_reserve_bytes": 536870912,
      "validation_retained_bytes": 29840000,
      "window_bins": 50
    }
  },
  "scope_key": "individual_2016_full"
}

{
  "calibration_spectra": 48384,
  "counts": {
    "gp": {
      "ntoys_per_proposal": 256,
      "proposal_count": 33
    },
    "stress": {
      "ntoys_per_proposal": 512,
      "proposal_count": 78
    }
  },
  "estimate_seconds": 94.39424363120077,
  "event": "planned_before_draws",
  "mass_MeV": 85,
  "max_memory_gib": 4.0,
  "memory_estimates": {
    "eigenfeature_rtol_1e-15": {
      "chunk_size": 128,
      "chunk_workspace_bytes": 6504448,
      "conservative_rank": 12,
      "estimated_peak_bytes": 1304998656,
      "estimated_peak_gib": 1.2153747081756592,
      "full_bins": 720,
      "generation_workspace_bytes": 2949120,
      "interpretation": "Both banks, bounded q caches, chunk fit/density copies, retained validation models and 512 MiB runtime reserve; source-derived, not measured RSS",
      "per_truth": {
        "gp": {
          "chunk_workspace_bytes": 6320128,
          "persistent_bytes": 129626112,
          "qcache_bound_bytes": 8650752,
          "qcache_limit": 128,
          "spectra": 8448
        },
        "stress": {
          "chunk_workspace_bytes": 6504448,
          "persistent_bytes": 612777984,
          "qcache_bound_bytes": 40894464,
          "qcache_limit": 128,
          "spectra": 39936
        }
      },
      "persistent_bytes": 742404096,
      "proposal_bytes": 1918080,
      "runtime_reserve_bytes": 536870912,
      "validation_retained_bytes": 14352000,
      "window_bins": 62
    },
    "exact_cached_cholesky": {
      "chunk_size": 128,
      "chunk_workspace_bytes": 50331648,
      "conservative_rank": 62,
      "estimated_peak_bytes": 2692070656,
      "estimated_peak_gib": 2.5071861743927,
      "full_bins": 720,
      "generation_workspace_bytes": 2949120,
      "interpretation": "Both banks, bounded q caches, chunk fit/density copies, retained validation models and 512 MiB runtime reserve; source-derived, not measured RSS",
      "per_truth": {
        "gp": {
          "chunk_workspace_bytes": 50147328,
          "persistent_bytes": 359411712,
          "qcache_bound_bytes": 8650752,
          "qcache_limit": 128,
          "spectra": 8448
        },
        "stress": {
          "chunk_workspace_bytes": 50331648,
          "persistent_bytes": 1699037184,
          "qcache_bound_bytes": 40894464,
          "qcache_limit": 128,
          "spectra": 39936
        }
      },
      "persistent_bytes": 2058448896,
      "proposal_bytes": 1918080,
      "runtime_reserve_bytes": 536870912,
      "validation_retained_bytes": 41552000,
      "window_bins": 62
    }
  },
  "scope_key": "individual_2016_full"
}

{
  "calibration_spectra": 57600,
  "counts": {
    "gp": {
      "ntoys_per_proposal": 256,
      "proposal_count": 33
    },
    "stress": {
      "ntoys_per_proposal": 512,
      "proposal_count": 96
    }
  },
  "estimate_seconds": 95.33130501973228,
  "event": "planned_before_draws",
  "mass_MeV": 47,
  "max_memory_gib": 4.0,
  "memory_estimates": {
    "eigenfeature_rtol_1e-15": {
      "chunk_size": 128,
      "chunk_workspace_bytes": 4874240,
      "conservative_rank": 12,
      "estimated_peak_bytes": 1250068992,
      "estimated_peak_gib": 1.164217472076416,
      "full_bins": 720,
      "generation_workspace_bytes": 2949120,
      "interpretation": "Both banks, bounded q caches, chunk fit/density copies, retained validation models and 512 MiB runtime reserve; source-derived, not measured RSS",
      "per_truth": {
        "gp": {
          "chunk_workspace_bytes": 4616192,
          "persistent_bytes": 101511168,
          "qcache_bound_bytes": 8650752,
          "qcache_limit": 128,
          "spectra": 8448
        },
        "stress": {
          "chunk_workspace_bytes": 4874240,
          "persistent_bytes": 590610432,
          "qcache_bound_bytes": 50331648,
          "qcache_limit": 128,
          "spectra": 49152
        }
      },
      "persistent_bytes": 692121600,
      "proposal_bytes": 2229120,
      "runtime_reserve_bytes": 536870912,
      "validation_retained_bytes": 11024000,
      "window_bins": 36
    },
    "exact_cached_cholesky": {
      "chunk_size": 128,
      "chunk_workspace_bytes": 18243584,
      "conservative_rank": 36,
      "estimated_peak_bytes": 1735988736,
      "estimated_peak_gib": 1.6167654991149902,
      "full_bins": 720,
      "generation_workspace_bytes": 2949120,
      "interpretation": "Both banks, bounded q caches, chunk fit/density copies, retained validation models and 512 MiB runtime reserve; source-derived, not measured RSS",
      "per_truth": {
        "gp": {
          "chunk_workspace_bytes": 17985536,
          "persistent_bytes": 169635840,
          "qcache_bound_bytes": 8650752,
          "qcache_limit": 128,
          "spectra": 8448
        },
        "stress": {
          "chunk_workspace_bytes": 18243584,
          "persistent_bytes": 986972160,
          "qcache_bound_bytes": 50331648,
          "qcache_limit": 128,
          "spectra": 49152
        }
      },
      "persistent_bytes": 1156608000,
      "proposal_bytes": 2229120,
      "runtime_reserve_bytes": 536870912,
      "validation_retained_bytes": 19088000,
      "window_bins": 36
    }
  },
  "scope_key": "individual_2016_full"
}

{
  "calibration_spectra": 63744,
  "counts": {
    "gp": {
      "ntoys_per_proposal": 256,
      "proposal_count": 33
    },
    "stress": {
      "ntoys_per_proposal": 512,
      "proposal_count": 108
    }
  },
  "estimate_seconds": 96.24568115382704,
  "event": "planned_before_draws",
  "mass_MeV": 39,
  "max_memory_gib": 4.0,
  "memory_estimates": {
    "eigenfeature_rtol_1e-15": {
      "chunk_size": 128,
      "chunk_workspace_bytes": 4661248,
      "conservative_rank": 12,
      "estimated_peak_bytes": 1290740736,
      "estimated_peak_gib": 1.2020959854125977,
      "full_bins": 720,
      "generation_workspace_bytes": 2949120,
      "interpretation": "Both banks, bounded q caches, chunk fit/density copies, retained validation models and 512 MiB runtime reserve; source-derived, not measured RSS",
      "per_truth": {
        "gp": {
          "chunk_workspace_bytes": 4354048,
          "persistent_bytes": 97185792,
          "qcache_bound_bytes": 8650752,
          "qcache_limit": 128,
          "spectra": 8448
        },
        "stress": {
          "chunk_workspace_bytes": 4661248,
          "persistent_bytes": 636125184,
          "qcache_bound_bytes": 56623104,
          "qcache_limit": 128,
          "spectra": 55296
        }
      },
      "persistent_bytes": 733310976,
      "proposal_bytes": 2436480,
      "runtime_reserve_bytes": 536870912,
      "validation_retained_bytes": 10512000,
      "window_bins": 32
    },
    "exact_cached_cholesky": {
      "chunk_size": 128,
      "chunk_workspace_bytes": 14819328,
      "conservative_rank": 32,
      "estimated_peak_bytes": 1694542336,
      "estimated_peak_gib": 1.5781655311584473,
      "full_bins": 720,
      "generation_workspace_bytes": 2949120,
      "interpretation": "Both banks, bounded q caches, chunk fit/density copies, retained validation models and 512 MiB runtime reserve; source-derived, not measured RSS",
      "per_truth": {
        "gp": {
          "chunk_workspace_bytes": 14512128,
          "persistent_bytes": 148549632,
          "qcache_bound_bytes": 8650752,
          "qcache_limit": 128,
          "spectra": 8448
        },
        "stress": {
          "chunk_workspace_bytes": 14819328,
          "persistent_bytes": 972324864,
          "qcache_bound_bytes": 56623104,
          "qcache_limit": 128,
          "spectra": 55296
        }
      },
      "persistent_bytes": 1120874496,
      "proposal_bytes": 2436480,
      "runtime_reserve_bytes": 536870912,
      "validation_retained_bytes": 16592000,
      "window_bins": 32
    }
  },
  "scope_key": "individual_2016_full"
}

{
  "chunked_equivalence_passed": true,
  "elapsed_seconds": 61.65728125,
  "event": "point_completed",
  "mass_MeV": 39,
  "scope_key": "individual_2016_full"
}

{
  "calibration_spectra": 52992,
  "counts": {
    "gp": {
      "ntoys_per_proposal": 256,
      "proposal_count": 33
    },
    "stress": {
      "ntoys_per_proposal": 512,
      "proposal_count": 87
    }
  },
  "estimate_seconds": 109.08713911305347,
  "event": "planned_before_draws",
  "mass_MeV": 63,
  "max_memory_gib": 4.0,
  "memory_estimates": {
    "eigenfeature_rtol_1e-15": {
      "chunk_size": 128,
      "chunk_workspace_bytes": 5492736,
      "conservative_rank": 12,
      "estimated_peak_bytes": 1264272000,
      "estimated_peak_gib": 1.1774450540542603,
      "full_bins": 720,
      "generation_workspace_bytes": 2949120,
      "interpretation": "Both banks, bounded q caches, chunk fit/density copies, retained validation models and 512 MiB runtime reserve; source-derived, not measured RSS",
      "per_truth": {
        "gp": {
          "chunk_workspace_bytes": 5271552,
          "persistent_bytes": 112324608,
          "qcache_bound_bytes": 8650752,
          "qcache_limit": 128,
          "spectra": 8448
        },
        "stress": {
          "chunk_workspace_bytes": 5492736,
          "persistent_bytes": 592257024,
          "qcache_bound_bytes": 45613056,
          "qcache_limit": 128,
          "spectra": 44544
        }
      },
      "persistent_bytes": 704581632,
      "proposal_bytes": 2073600,
      "runtime_reserve_bytes": 536870912,
      "validation_retained_bytes": 12304000,
      "window_bins": 46
    },
    "exact_cached_cholesky": {
      "chunk_size": 128,
      "chunk_workspace_bytes": 28610560,
      "conservative_rank": 46,
      "estimated_peak_bytes": 2051052672,
      "estimated_peak_gib": 1.9101916551589966,
      "full_bins": 720,
      "generation_workspace_bytes": 2949120,
      "interpretation": "Both banks, bounded q caches, chunk fit/density copies, retained validation models and 512 MiB runtime reserve; source-derived, not measured RSS",
      "per_truth": {
        "gp": {
          "chunk_workspace_bytes": 28389376,
          "persistent_bytes": 231813120,
          "qcache_bound_bytes": 8650752,
          "qcache_limit": 128,
          "spectra": 8448
        },
        "stress": {
          "chunk_workspace_bytes": 28610560,
          "persistent_bytes": 1222287360,
          "qcache_bound_bytes": 45613056,
          "qcache_limit": 128,
          "spectra": 44544
        }
      },
      "persistent_bytes": 1454100480,
      "proposal_bytes": 2073600,
      "runtime_reserve_bytes": 536870912,
      "validation_retained_bytes": 26448000,
      "window_bins": 46
    }
  },
  "scope_key": "individual_2016_full"
}

{
  "chunked_equivalence_passed": true,
  "elapsed_seconds": 67.162994709,
  "event": "point_completed",
  "mass_MeV": 63,
  "scope_key": "individual_2016_full"
}

{
  "calibration_spectra": 56064,
  "counts": {
    "gp": {
      "ntoys_per_proposal": 256,
      "proposal_count": 33
    },
    "stress": {
      "ntoys_per_proposal": 512,
      "proposal_count": 93
    }
  },
  "estimate_seconds": 96.52011129546753,
  "event": "planned_before_draws",
  "mass_MeV": 49,
  "max_memory_gib": 4.0,
  "memory_estimates": {
    "eigenfeature_rtol_1e-15": {
      "chunk_size": 128,
      "chunk_workspace_bytes": 4993024,
      "conservative_rank": 12,
      "estimated_peak_bytes": 1246287744,
      "estimated_peak_gib": 1.1606959104537964,
      "full_bins": 720,
      "generation_workspace_bytes": 2949120,
      "interpretation": "Both banks, bounded q caches, chunk fit/density copies, retained validation models and 512 MiB runtime reserve; source-derived, not measured RSS",
      "per_truth": {
        "gp": {
          "chunk_workspace_bytes": 4747264,
          "persistent_bytes": 103673856,
          "qcache_bound_bytes": 8650752,
          "qcache_limit": 128,
          "spectra": 8448
        },
        "stress": {
          "chunk_workspace_bytes": 4993024,
          "persistent_bytes": 584343552,
          "qcache_bound_bytes": 48758784,
          "qcache_limit": 128,
          "spectra": 47616
        }
      },
      "persistent_bytes": 688017408,
      "proposal_bytes": 2177280,
      "runtime_reserve_bytes": 536870912,
      "validation_retained_bytes": 11280000,
      "window_bins": 38
    },
    "exact_cached_cholesky": {
      "chunk_size": 128,
      "chunk_workspace_bytes": 20115456,
      "conservative_rank": 38,
      "estimated_peak_bytes": 1783659904,
      "estimated_peak_gib": 1.6611627340316772,
      "full_bins": 720,
      "generation_workspace_bytes": 2949120,
      "interpretation": "Both banks, bounded q caches, chunk fit/density copies, retained validation models and 512 MiB runtime reserve; source-derived, not measured RSS",
      "per_truth": {
        "gp": {
          "chunk_workspace_bytes": 19869696,
          "persistent_bytes": 180989952,
          "qcache_bound_bytes": 8650752,
          "qcache_limit": 128,
          "spectra": 8448
        },
        "stress": {
          "chunk_workspace_bytes": 20115456,
          "persistent_bytes": 1020125184,
          "qcache_bound_bytes": 48758784,
          "qcache_limit": 128,
          "spectra": 47616
        }
      },
      "persistent_bytes": 1201115136,
      "proposal_bytes": 2177280,
      "runtime_reserve_bytes": 536870912,
      "validation_retained_bytes": 20432000,
      "window_bins": 38
    }
  },
  "scope_key": "individual_2016_full"
}

{
  "chunked_equivalence_passed": true,
  "elapsed_seconds": 65.33131162499998,
  "event": "point_completed",
  "mass_MeV": 49,
  "scope_key": "individual_2016_full"
}

{
  "calibration_spectra": 54528,
  "counts": {
    "gp": {
      "ntoys_per_proposal": 256,
      "proposal_count": 33
    },
    "stress": {
      "ntoys_per_proposal": 512,
      "proposal_count": 90
    }
  },
  "estimate_seconds": 111.68524732955464,
  "event": "planned_before_draws",
  "mass_MeV": 86,
  "max_memory_gib": 4.0,
  "memory_estimates": {
    "eigenfeature_rtol_1e-15": {
      "chunk_size": 128,
      "chunk_workspace_bytes": 6684672,
      "conservative_rank": 12,
      "estimated_peak_bytes": 1413874944,
      "estimated_peak_gib": 1.3167736530303955,
      "full_bins": 720,
      "generation_workspace_bytes": 2949120,
      "interpretation": "Both banks, bounded q caches, chunk fit/density copies, retained validation models and 512 MiB runtime reserve; source-derived, not measured RSS",
      "per_truth": {
        "gp": {
          "chunk_workspace_bytes": 6451200,
          "persistent_bytes": 131788800,
          "qcache_bound_bytes": 8650752,
          "qcache_limit": 128,
          "spectra": 8448
        },
        "stress": {
          "chunk_workspace_bytes": 6684672,
          "persistent_bytes": 718848000,
          "qcache_bound_bytes": 47185920,
          "qcache_limit": 128,
          "spectra": 46080
        }
      },
      "persistent_bytes": 850636800,
      "proposal_bytes": 2125440,
      "runtime_reserve_bytes": 536870912,
      "validation_retained_bytes": 14608000,
      "window_bins": 64
    },
    "exact_cached_cholesky": {
      "chunk_size": 128,
      "chunk_workspace_bytes": 53542912,
      "conservative_rank": 64,
      "estimated_peak_bytes": 3077708544,
      "estimated_peak_gib": 2.8663394451141357,
      "full_bins": 720,
      "generation_workspace_bytes": 2949120,
      "interpretation": "Both banks, bounded q caches, chunk fit/density copies, retained validation models and 512 MiB runtime reserve; source-derived, not measured RSS",
      "per_truth": {
        "gp": {
          "chunk_workspace_bytes": 53309440,
          "persistent_bytes": 377794560,
          "qcache_bound_bytes": 8650752,
          "qcache_limit": 128,
          "spectra": 8448
        },
        "stress": {
          "chunk_workspace_bytes": 53542912,
          "persistent_bytes": 2060697600,
          "qcache_bound_bytes": 47185920,
          "qcache_limit": 128,
          "spectra": 46080
        }
      },
      "persistent_bytes": 2438492160,
      "proposal_bytes": 2125440,
      "runtime_reserve_bytes": 536870912,
      "validation_retained_bytes": 43728000,
      "window_bins": 64
    }
  },
  "scope_key": "individual_2016_full"
}

{
  "chunked_equivalence_passed": true,
  "elapsed_seconds": 79.86192462499997,
  "event": "point_completed",
  "mass_MeV": 86,
  "scope_key": "individual_2016_full"
}

{
  "calibration_spectra": 45312,
  "counts": {
    "gp": {
      "ntoys_per_proposal": 256,
      "proposal_count": 33
    },
    "stress": {
      "ntoys_per_proposal": 512,
      "proposal_count": 72
    }
  },
  "estimate_seconds": 100.23700216195189,
  "event": "planned_before_draws",
  "mass_MeV": 84,
  "max_memory_gib": 4.0,
  "memory_estimates": {
    "eigenfeature_rtol_1e-15": {
      "chunk_size": 128,
      "chunk_workspace_bytes": 6479872,
      "conservative_rank": 12,
      "estimated_peak_bytes": 1257733632,
      "estimated_peak_gib": 1.1713557243347168,
      "full_bins": 720,
      "generation_workspace_bytes": 2949120,
      "interpretation": "Both banks, bounded q caches, chunk fit/density copies, retained validation models and 512 MiB runtime reserve; source-derived, not measured RSS",
      "per_truth": {
        "gp": {
          "chunk_workspace_bytes": 6320128,
          "persistent_bytes": 129626112,
          "qcache_bound_bytes": 8650752,
          "qcache_limit": 128,
          "spectra": 8448
        },
        "stress": {
          "chunk_workspace_bytes": 6479872,
          "persistent_bytes": 565641216,
          "qcache_bound_bytes": 37748736,
          "qcache_limit": 128,
          "spectra": 36864
        }
      },
      "persistent_bytes": 695267328,
      "proposal_bytes": 1814400,
      "runtime_reserve_bytes": 536870912,
      "validation_retained_bytes": 14352000,
      "window_bins": 62
    },
    "exact_cached_cholesky": {
      "chunk_size": 128,
      "chunk_workspace_bytes": 50307072,
      "conservative_rank": 62,
      "estimated_peak_bytes": 2561247232,
      "estimated_peak_gib": 2.385347366333008,
      "full_bins": 720,
      "generation_workspace_bytes": 2949120,
      "interpretation": "Both banks, bounded q caches, chunk fit/density copies, retained validation models and 512 MiB runtime reserve; source-derived, not measured RSS",
      "per_truth": {
        "gp": {
          "chunk_workspace_bytes": 50147328,
          "persistent_bytes": 359411712,
          "qcache_bound_bytes": 8650752,
          "qcache_limit": 128,
          "spectra": 8448
        },
        "stress": {
          "chunk_workspace_bytes": 50307072,
          "persistent_bytes": 1568342016,
          "qcache_bound_bytes": 37748736,
          "qcache_limit": 128,
          "spectra": 36864
        }
      },
      "persistent_bytes": 1927753728,
      "proposal_bytes": 1814400,
      "runtime_reserve_bytes": 536870912,
      "validation_retained_bytes": 41552000,
      "window_bins": 62
    }
  },
  "scope_key": "individual_2016_full"
}

{
  "chunked_equivalence_passed": true,
  "elapsed_seconds": 77.61228762500002,
  "event": "point_completed",
  "mass_MeV": 84,
  "scope_key": "individual_2016_full"
}

{
  "calibration_spectra": 56064,
  "counts": {
    "gp": {
      "ntoys_per_proposal": 256,
      "proposal_count": 33
    },
    "stress": {
      "ntoys_per_proposal": 512,
      "proposal_count": 93
    }
  },
  "estimate_seconds": 94.71049505423694,
  "event": "planned_before_draws",
  "mass_MeV": 48,
  "max_memory_gib": 4.0,
  "memory_estimates": {
    "eigenfeature_rtol_1e-15": {
      "chunk_size": 128,
      "chunk_workspace_bytes": 4861952,
      "conservative_rank": 12,
      "estimated_peak_bytes": 1231548288,
      "estimated_peak_gib": 1.1469687223434448,
      "full_bins": 720,
      "generation_workspace_bytes": 2949120,
      "interpretation": "Both banks, bounded q caches, chunk fit/density copies, retained validation models and 512 MiB runtime reserve; source-derived, not measured RSS",
      "per_truth": {
        "gp": {
          "chunk_workspace_bytes": 4616192,
          "persistent_bytes": 101511168,
          "qcache_bound_bytes": 8650752,
          "qcache_limit": 128,
          "spectra": 8448
        },
        "stress": {
          "chunk_workspace_bytes": 4861952,
          "persistent_bytes": 572153856,
          "qcache_bound_bytes": 48758784,
          "qcache_limit": 128,
          "spectra": 47616
        }
      },
      "persistent_bytes": 673665024,
      "proposal_bytes": 2177280,
      "runtime_reserve_bytes": 536870912,
      "validation_retained_bytes": 11024000,
      "window_bins": 36
    },
    "exact_cached_cholesky": {
      "chunk_size": 128,
      "chunk_workspace_bytes": 18231296,
      "conservative_rank": 36,
      "estimated_peak_bytes": 1705081728,
      "estimated_peak_gib": 1.587981104850769,
      "full_bins": 720,
      "generation_workspace_bytes": 2949120,
      "interpretation": "Both banks, bounded q caches, chunk fit/density copies, retained validation models and 512 MiB runtime reserve; source-derived, not measured RSS",
      "per_truth": {
        "gp": {
          "chunk_workspace_bytes": 17985536,
          "persistent_bytes": 169635840,
          "qcache_bound_bytes": 8650752,
          "qcache_limit": 128,
          "spectra": 8448
        },
        "stress": {
          "chunk_workspace_bytes": 18231296,
          "persistent_bytes": 956129280,
          "qcache_bound_bytes": 48758784,
          "qcache_limit": 128,
          "spectra": 47616
        }
      },
      "persistent_bytes": 1125765120,
      "proposal_bytes": 2177280,
      "runtime_reserve_bytes": 536870912,
      "validation_retained_bytes": 19088000,
      "window_bins": 36
    }
  },
  "scope_key": "individual_2016_full"
}

{
  "chunked_equivalence_passed": true,
  "elapsed_seconds": 65.05729520900002,
  "event": "point_completed",
  "mass_MeV": 48,
  "scope_key": "individual_2016_full"
}

{
  "calibration_spectra": 51456,
  "counts": {
    "gp": {
      "ntoys_per_proposal": 256,
      "proposal_count": 33
    },
    "stress": {
      "ntoys_per_proposal": 512,
      "proposal_count": 84
    }
  },
  "estimate_seconds": 138.92696911223877,
  "event": "planned_before_draws",
  "mass_MeV": 80,
  "max_memory_gib": 4.0,
  "memory_estimates": {
    "eigenfeature_rtol_1e-15": {
      "chunk_size": 128,
      "chunk_workspace_bytes": 6266880,
      "conservative_rank": 12,
      "estimated_peak_bytes": 1325144064,
      "estimated_peak_gib": 1.2341365814208984,
      "full_bins": 720,
      "generation_workspace_bytes": 2949120,
      "interpretation": "Both banks, bounded q caches, chunk fit/density copies, retained validation models and 512 MiB runtime reserve; source-derived, not measured RSS",
      "per_truth": {
        "gp": {
          "chunk_workspace_bytes": 6057984,
          "persistent_bytes": 125300736,
          "qcache_bound_bytes": 8650752,
          "qcache_limit": 128,
          "spectra": 8448
        },
        "stress": {
          "chunk_workspace_bytes": 6266880,
          "persistent_bytes": 637894656,
          "qcache_bound_bytes": 44040192,
          "qcache_limit": 128,
          "spectra": 43008
        }
      },
      "persistent_bytes": 763195392,
      "proposal_bytes": 2021760,
      "runtime_reserve_bytes": 536870912,
      "validation_retained_bytes": 13840000,
      "window_bins": 58
    },
    "exact_cached_cholesky": {
      "chunk_size": 128,
      "chunk_workspace_bytes": 44326912,
      "conservative_rank": 58,
      "estimated_peak_bytes": 2598647808,
      "estimated_peak_gib": 2.4201793670654297,
      "full_bins": 720,
      "generation_workspace_bytes": 2949120,
      "interpretation": "Both banks, bounded q caches, chunk fit/density copies, retained validation models and 512 MiB runtime reserve; source-derived, not measured RSS",
      "per_truth": {
        "gp": {
          "chunk_workspace_bytes": 44118016,
          "persistent_bytes": 324268032,
          "qcache_bound_bytes": 8650752,
          "qcache_limit": 128,
          "spectra": 8448
        },
        "stress": {
          "chunk_workspace_bytes": 44326912,
          "persistent_bytes": 1650819072,
          "qcache_bound_bytes": 44040192,
          "qcache_limit": 128,
          "spectra": 43008
        }
      },
      "persistent_bytes": 1975087104,
      "proposal_bytes": 2021760,
      "runtime_reserve_bytes": 536870912,
      "validation_retained_bytes": 37392000,
      "window_bins": 58
    }
  },
  "scope_key": "individual_2016_full"
}

{
  "chunked_equivalence_passed": true,
  "elapsed_seconds": 84.133592083,
  "event": "point_completed",
  "mass_MeV": 80,
  "scope_key": "individual_2016_full"
}

{
  "calibration_spectra": 54528,
  "counts": {
    "gp": {
      "ntoys_per_proposal": 256,
      "proposal_count": 33
    },
    "stress": {
      "ntoys_per_proposal": 512,
      "proposal_count": 90
    }
  },
  "estimate_seconds": 96.51332705067327,
  "event": "planned_before_draws",
  "mass_MeV": 50,
  "max_memory_gib": 4.0,
  "memory_estimates": {
    "eigenfeature_rtol_1e-15": {
      "chunk_size": 128,
      "chunk_workspace_bytes": 4980736,
      "conservative_rank": 12,
      "estimated_peak_bytes": 1227373824,
      "estimated_peak_gib": 1.1430809497833252,
      "full_bins": 720,
      "generation_workspace_bytes": 2949120,
      "interpretation": "Both banks, bounded q caches, chunk fit/density copies, retained validation models and 512 MiB runtime reserve; source-derived, not measured RSS",
      "per_truth": {
        "gp": {
          "chunk_workspace_bytes": 4747264,
          "persistent_bytes": 103673856,
          "qcache_bound_bytes": 8650752,
          "qcache_limit": 128,
          "spectra": 8448
        },
        "stress": {
          "chunk_workspace_bytes": 4980736,
          "persistent_bytes": 565493760,
          "qcache_bound_bytes": 47185920,
          "qcache_limit": 128,
          "spectra": 46080
        }
      },
      "persistent_bytes": 669167616,
      "proposal_bytes": 2125440,
      "runtime_reserve_bytes": 536870912,
      "validation_retained_bytes": 11280000,
      "window_bins": 38
    },
    "exact_cached_cholesky": {
      "chunk_size": 128,
      "chunk_workspace_bytes": 20103168,
      "conservative_rank": 38,
      "estimated_peak_bytes": 1750688512,
      "estimated_peak_gib": 1.630455732345581,
      "full_bins": 720,
      "generation_workspace_bytes": 2949120,
      "interpretation": "Both banks, bounded q caches, chunk fit/density copies, retained validation models and 512 MiB runtime reserve; source-derived, not measured RSS",
      "per_truth": {
        "gp": {
          "chunk_workspace_bytes": 19869696,
          "persistent_bytes": 180989952,
          "qcache_bound_bytes": 8650752,
          "qcache_limit": 128,
          "spectra": 8448
        },
        "stress": {
          "chunk_workspace_bytes": 20103168,
          "persistent_bytes": 987217920,
          "qcache_bound_bytes": 47185920,
          "qcache_limit": 128,
          "spectra": 46080
        }
      },
      "persistent_bytes": 1168207872,
      "proposal_bytes": 2125440,
      "runtime_reserve_bytes": 536870912,
      "validation_retained_bytes": 20432000,
      "window_bins": 38
    }
  },
  "scope_key": "individual_2016_full"
}

{
  "chunked_equivalence_passed": true,
  "elapsed_seconds": 65.46003541599993,
  "event": "point_completed",
  "mass_MeV": 50,
  "scope_key": "individual_2016_full"
}

{
  "calibration_spectra": 52992,
  "counts": {
    "gp": {
      "ntoys_per_proposal": 256,
      "proposal_count": 33
    },
    "stress": {
      "ntoys_per_proposal": 512,
      "proposal_count": 87
    }
  },
  "estimate_seconds": 103.36639266574,
  "event": "planned_before_draws",
  "mass_MeV": 68,
  "max_memory_gib": 4.0,
  "memory_estimates": {
    "eigenfeature_rtol_1e-15": {
      "chunk_size": 128,
      "chunk_workspace_bytes": 5754880,
      "conservative_rank": 12,
      "estimated_peak_bytes": 1292178048,
      "estimated_peak_gib": 1.2034345865249634,
      "full_bins": 720,
      "generation_workspace_bytes": 2949120,
      "interpretation": "Both banks, bounded q caches, chunk fit/density copies, retained validation models and 512 MiB runtime reserve; source-derived, not measured RSS",
      "per_truth": {
        "gp": {
          "chunk_workspace_bytes": 5533696,
          "persistent_bytes": 116649984,
          "qcache_bound_bytes": 8650752,
          "qcache_limit": 128,
          "spectra": 8448
        },
        "stress": {
          "chunk_workspace_bytes": 5754880,
          "persistent_bytes": 615063552,
          "qcache_bound_bytes": 45613056,
          "qcache_limit": 128,
          "spectra": 44544
        }
      },
      "persistent_bytes": 731713536,
      "proposal_bytes": 2073600,
      "runtime_reserve_bytes": 536870912,
      "validation_retained_bytes": 12816000,
      "window_bins": 50
    },
    "exact_cached_cholesky": {
      "chunk_size": 128,
      "chunk_workspace_bytes": 33460224,
      "conservative_rank": 50,
      "estimated_peak_bytes": 2239043200,
      "estimated_peak_gib": 2.08527147769928,
      "full_bins": 720,
      "generation_workspace_bytes": 2949120,
      "interpretation": "Both banks, bounded q caches, chunk fit/density copies, retained validation models and 512 MiB runtime reserve; source-derived, not measured RSS",
      "per_truth": {
        "gp": {
          "chunk_workspace_bytes": 33239040,
          "persistent_bytes": 260468736,
          "qcache_bound_bytes": 8650752,
          "qcache_limit": 128,
          "spectra": 8448
        },
        "stress": {
          "chunk_workspace_bytes": 33460224,
          "persistent_bytes": 1373380608,
          "qcache_bound_bytes": 45613056,
          "qcache_limit": 128,
          "spectra": 44544
        }
      },
      "persistent_bytes": 1633849344,
      "proposal_bytes": 2073600,
      "runtime_reserve_bytes": 536870912,
      "validation_retained_bytes": 29840000,
      "window_bins": 50
    }
  },
  "scope_key": "individual_2016_full"
}

{
  "chunked_equivalence_passed": true,
  "elapsed_seconds": 64.85244741700001,
  "event": "point_completed",
  "mass_MeV": 68,
  "scope_key": "individual_2016_full"
}

{
  "calibration_spectra": 48384,
  "counts": {
    "gp": {
      "ntoys_per_proposal": 256,
      "proposal_count": 33
    },
    "stress": {
      "ntoys_per_proposal": 512,
      "proposal_count": 78
    }
  },
  "estimate_seconds": 94.39424363120077,
  "event": "planned_before_draws",
  "mass_MeV": 85,
  "max_memory_gib": 4.0,
  "memory_estimates": {
    "eigenfeature_rtol_1e-15": {
      "chunk_size": 128,
      "chunk_workspace_bytes": 6504448,
      "conservative_rank": 12,
      "estimated_peak_bytes": 1304998656,
      "estimated_peak_gib": 1.2153747081756592,
      "full_bins": 720,
      "generation_workspace_bytes": 2949120,
      "interpretation": "Both banks, bounded q caches, chunk fit/density copies, retained validation models and 512 MiB runtime reserve; source-derived, not measured RSS",
      "per_truth": {
        "gp": {
          "chunk_workspace_bytes": 6320128,
          "persistent_bytes": 129626112,
          "qcache_bound_bytes": 8650752,
          "qcache_limit": 128,
          "spectra": 8448
        },
        "stress": {
          "chunk_workspace_bytes": 6504448,
          "persistent_bytes": 612777984,
          "qcache_bound_bytes": 40894464,
          "qcache_limit": 128,
          "spectra": 39936
        }
      },
      "persistent_bytes": 742404096,
      "proposal_bytes": 1918080,
      "runtime_reserve_bytes": 536870912,
      "validation_retained_bytes": 14352000,
      "window_bins": 62
    },
    "exact_cached_cholesky": {
      "chunk_size": 128,
      "chunk_workspace_bytes": 50331648,
      "conservative_rank": 62,
      "estimated_peak_bytes": 2692070656,
      "estimated_peak_gib": 2.5071861743927,
      "full_bins": 720,
      "generation_workspace_bytes": 2949120,
      "interpretation": "Both banks, bounded q caches, chunk fit/density copies, retained validation models and 512 MiB runtime reserve; source-derived, not measured RSS",
      "per_truth": {
        "gp": {
          "chunk_workspace_bytes": 50147328,
          "persistent_bytes": 359411712,
          "qcache_bound_bytes": 8650752,
          "qcache_limit": 128,
          "spectra": 8448
        },
        "stress": {
          "chunk_workspace_bytes": 50331648,
          "persistent_bytes": 1699037184,
          "qcache_bound_bytes": 40894464,
          "qcache_limit": 128,
          "spectra": 39936
        }
      },
      "persistent_bytes": 2058448896,
      "proposal_bytes": 1918080,
      "runtime_reserve_bytes": 536870912,
      "validation_retained_bytes": 41552000,
      "window_bins": 62
    }
  },
  "scope_key": "individual_2016_full"
}

{
  "chunked_equivalence_passed": true,
  "elapsed_seconds": 73.02675316600005,
  "event": "point_completed",
  "mass_MeV": 85,
  "scope_key": "individual_2016_full"
}

{
  "calibration_spectra": 57600,
  "counts": {
    "gp": {
      "ntoys_per_proposal": 256,
      "proposal_count": 33
    },
    "stress": {
      "ntoys_per_proposal": 512,
      "proposal_count": 96
    }
  },
  "estimate_seconds": 95.33130501973228,
  "event": "planned_before_draws",
  "mass_MeV": 47,
  "max_memory_gib": 4.0,
  "memory_estimates": {
    "eigenfeature_rtol_1e-15": {
      "chunk_size": 128,
      "chunk_workspace_bytes": 4874240,
      "conservative_rank": 12,
      "estimated_peak_bytes": 1250068992,
      "estimated_peak_gib": 1.164217472076416,
      "full_bins": 720,
      "generation_workspace_bytes": 2949120,
      "interpretation": "Both banks, bounded q caches, chunk fit/density copies, retained validation models and 512 MiB runtime reserve; source-derived, not measured RSS",
      "per_truth": {
        "gp": {
          "chunk_workspace_bytes": 4616192,
          "persistent_bytes": 101511168,
          "qcache_bound_bytes": 8650752,
          "qcache_limit": 128,
          "spectra": 8448
        },
        "stress": {
          "chunk_workspace_bytes": 4874240,
          "persistent_bytes": 590610432,
          "qcache_bound_bytes": 50331648,
          "qcache_limit": 128,
          "spectra": 49152
        }
      },
      "persistent_bytes": 692121600,
      "proposal_bytes": 2229120,
      "runtime_reserve_bytes": 536870912,
      "validation_retained_bytes": 11024000,
      "window_bins": 36
    },
    "exact_cached_cholesky": {
      "chunk_size": 128,
      "chunk_workspace_bytes": 18243584,
      "conservative_rank": 36,
      "estimated_peak_bytes": 1735988736,
      "estimated_peak_gib": 1.6167654991149902,
      "full_bins": 720,
      "generation_workspace_bytes": 2949120,
      "interpretation": "Both banks, bounded q caches, chunk fit/density copies, retained validation models and 512 MiB runtime reserve; source-derived, not measured RSS",
      "per_truth": {
        "gp": {
          "chunk_workspace_bytes": 17985536,
          "persistent_bytes": 169635840,
          "qcache_bound_bytes": 8650752,
          "qcache_limit": 128,
          "spectra": 8448
        },
        "stress": {
          "chunk_workspace_bytes": 18243584,
          "persistent_bytes": 986972160,
          "qcache_bound_bytes": 50331648,
          "qcache_limit": 128,
          "spectra": 49152
        }
      },
      "persistent_bytes": 1156608000,
      "proposal_bytes": 2229120,
      "runtime_reserve_bytes": 536870912,
      "validation_retained_bytes": 19088000,
      "window_bins": 36
    }
  },
  "scope_key": "individual_2016_full"
}

{
  "chunked_equivalence_passed": true,
  "elapsed_seconds": 67.823604208,
  "event": "point_completed",
  "mass_MeV": 47,
  "scope_key": "individual_2016_full"
}

