Frozen inputs verified.
{
  "2016": {
    "scope": "2016",
    "N_eff": 35.814493363892964,
    "grid_points": 136,
    "fit_alphas": [
      0.005,
      0.01,
      0.02,
      0.03,
      0.05
    ],
    "A_LOO_global_fractions": [
      0.2158203125,
      0.357421875,
      0.5419921875,
      0.671875,
      0.8310546875
    ],
    "fit_points_used": [
      true,
      true,
      true,
      true,
      true
    ],
    "threshold_specific_A_N_eff": [
      48.50175823187197,
      44.00518358001482,
      38.65170270897392,
      36.58534603028303,
      34.666913723000384
    ]
  },
  "2021": {
    "scope": "2021",
    "N_eff": 56.44948100130168,
    "grid_points": 181,
    "fit_alphas": [
      0.005,
      0.01,
      0.02,
      0.03,
      0.05
    ],
    "A_LOO_global_fractions": [
      0.3056640625,
      0.486328125,
      0.71484375,
      0.84765625,
      0.9345703125
    ],
    "fit_points_used": [
      true,
      true,
      true,
      true,
      true
    ],
    "threshold_specific_A_N_eff": [
      72.77732309039746,
      66.28341605416655,
      62.106428787546754,
      61.774942742503875,
      53.16053918483168
    ]
  },
  "combined": {
    "scope": "combined",
    "N_eff": 57.54590472327437,
    "grid_points": 181,
    "fit_alphas": [
      0.005,
      0.01,
      0.02,
      0.03,
      0.05
    ],
    "A_LOO_global_fractions": [
      0.30078125,
      0.48046875,
      0.705078125,
      0.83203125,
      0.9443359375
    ],
    "fit_points_used": [
      true,
      true,
      true,
      true,
      true
    ],
    "threshold_specific_A_N_eff": [
      71.37928245470862,
      65.15486903153318,
      60.43966133022745,
      58.569394153856805,
      56.311854644024486
    ]
  }
}
Completed 10 /201 mass jobs
Completed 20 /201 mass jobs
Completed 30 /201 mass jobs
Completed 40 /201 mass jobs
Completed 50 /201 mass jobs
Completed 60 /201 mass jobs
Completed 70 /201 mass jobs
Completed 80 /201 mass jobs
Completed 90 /201 mass jobs
Completed 100 /201 mass jobs
Completed 110 /201 mass jobs
Completed 120 /201 mass jobs
Completed 130 /201 mass jobs
Completed 140 /201 mass jobs
Completed 150 /201 mass jobs
Completed 160 /201 mass jobs
Completed 170 /201 mass jobs
Completed 180 /201 mass jobs
Completed 190 /201 mass jobs
Completed 200 /201 mass jobs
[
  {
    "scope": "2016",
    "raw_peak_mass_MeV": 91,
    "localfirst_peak_mass_MeV": 91,
    "tied_peak_masses_MeV_json": "[91]",
    "local_A_exceedances": 1,
    "local_A_p": 0.001951219512195122,
    "local_A_p95_low": 2.4724116213658914e-05,
    "local_A_p95_high": 0.00542892773706297,
    "local_A_Z": 2.8859421324699417,
    "local_map_floor": false,
    "raw_1024_k": 67,
    "raw_1024_p": 0.06634146341463415,
    "raw_new1024_k": 66,
    "raw_new1024_p": 0.06536585365853659,
    "raw_2048_k": 133,
    "raw_2048_N": 2048,
    "raw_2048_p": 0.06539775500244022,
    "raw_2048_p_fraction": 0.06494140625,
    "raw_2048_p95_low": 0.05465376824216282,
    "raw_2048_p95_high": 0.07649465585641196,
    "raw_2048_Z": 1.510972293887038,
    "minp_B_k": 89,
    "minp_B_N": 1024,
    "minp_B_p": 0.08780487804878048,
    "minp_B_p_fraction": 0.0869140625,
    "minp_B_p95_low": 0.07037870075150957,
    "minp_B_p95_high": 0.10586734641843984,
    "minp_B_Z": 1.3543969940889535,
    "sidak_fitted_p": 0.06755975000358515,
    "sidak_fitted_Z": 1.4942147445125604,
    "sidak_grid_p": 0.23327346867154167,
    "sidak_grid_Z": 0.7281088817326453,
    "sidak_N_eff": 35.814493363892964
  },
  {
    "scope": "2021",
    "raw_peak_mass_MeV": 67,
    "localfirst_peak_mass_MeV": 67,
    "tied_peak_masses_MeV_json": "[67]",
    "local_A_exceedances": 2,
    "local_A_p": 0.002926829268292683,
    "local_A_p95_low": 0.00023662008095334304,
    "local_A_p95_high": 0.007037382926178632,
    "local_A_Z": 2.7558681655595207,
    "local_map_floor": false,
    "raw_1024_k": 239,
    "raw_1024_p": 0.23414634146341465,
    "raw_new1024_k": 236,
    "raw_new1024_p": 0.23121951219512196,
    "raw_2048_k": 475,
    "raw_2048_N": 2048,
    "raw_2048_p": 0.2323084431429966,
    "raw_2048_p_fraction": 0.23193359375,
    "raw_2048_p95_low": 0.2138039970445058,
    "raw_2048_p95_high": 0.2508336596454258,
    "raw_2048_Z": 0.7312656846152165,
    "minp_B_k": 231,
    "minp_B_N": 1024,
    "minp_B_p": 0.22634146341463415,
    "minp_B_p_fraction": 0.2255859375,
    "minp_B_p95_low": 0.20031616949491193,
    "minp_B_p95_high": 0.252443546929366,
    "minp_B_Z": 0.7509497020388881,
    "sidak_fitted_p": 0.15249644785280836,
    "sidak_fitted_Z": 1.0257850897669638,
    "sidak_grid_p": 0.41170859458353704,
    "sidak_grid_Z": 0.22315202471588383,
    "sidak_N_eff": 56.44948100130168
  },
  {
    "scope": "combined",
    "raw_peak_mass_MeV": 67,
    "localfirst_peak_mass_MeV": 68,
    "tied_peak_masses_MeV_json": "[68]",
    "local_A_exceedances": 0,
    "local_A_p": 0.000975609756097561,
    "local_A_p95_low": 0.0,
    "local_A_p95_high": 0.003595940406834479,
    "local_A_Z": 3.0975583929756643,
    "local_map_floor": true,
    "raw_1024_k": 202,
    "raw_1024_p": 0.1980487804878049,
    "raw_new1024_k": 189,
    "raw_new1024_p": 0.18536585365853658,
    "raw_2048_k": 391,
    "raw_2048_N": 2048,
    "raw_2048_p": 0.1913128355295266,
    "raw_2048_p_fraction": 0.19091796875,
    "raw_2048_p95_low": 0.174103942327271,
    "raw_2048_p95_high": 0.20862147477293977,
    "raw_2048_Z": 0.8730686303328489,
    "minp_B_k": 75,
    "minp_B_N": 1024,
    "minp_B_p": 0.07414634146341463,
    "minp_B_p_fraction": 0.0732421875,
    "minp_B_p95_low": 0.05804221106697684,
    "minp_B_p95_high": 0.090947180082871,
    "minp_B_Z": 1.4455883972210914,
    "sidak_fitted_p": 0.05462135614074087,
    "sidak_fitted_Z": 1.601606230048489,
    "sidak_grid_p": 0.16194501083395793,
    "sidak_grid_Z": 0.9864955014629145,
    "sidak_N_eff": 57.54590472327437
  }
]
Common-coupling profiles verified at 67 MeV
Common-coupling profiles verified at 68 MeV
Common-coupling profiles verified at 91 MeV
Common-coupling profiles verified at 120 MeV
Common-coupling profiles verified at 175 MeV
Common-coupling profiles verified at 176 MeV
{
  "passed": true,
  "checks": 233,
  "profile_points": 24,
  "maximum_absolute_profile_NLL_difference": 6.252776074688882e-13
}
{
  "passed": true,
  "checks": 5716,
  "unchanged_parent_numerical_and_input_files": 393,
  "complete_A_toys": 1024,
  "complete_independent_B_toys": 1024,
  "total_distinct_experiments": 2048,
  "new_profile_pairs": 443392,
  "all_B_rank_counts_independently_recomputed": true,
  "inclusive_ties_verified": true,
  "all_B_draw_hashes_regenerated": true,
  "no_A_B_draw_hash_overlap": true,
  "targeted_new_toy_profile_replays": 40,
  "maximum_score": 1.9999808154036458e-07,
  "minimum_expected_count": 120.44593514033009,
  "sidak_fitted_before_B_evaluation": true,
  "common_coupling_audit_passed": true,
  "calibrated_summary_sha256": "78ea86e37f9957c66076272234ecde7f60b3a3daf6f4c3a9144e43c492d475d1"
}
Saved two calibrated comparison figure pairs; no fits or numerical tables changed.
note: using only cached resource files
note: Running TeX ...
note: Rerunning TeX because "report.aux" changed ...
note: Running xdvipdfmx ...
note: Writing `/private/tmp/v644_portable_tsro9hkv/study/pdf/report.log` (19.04 KiB)
note: Writing `/private/tmp/v644_portable_tsro9hkv/study/pdf/report.pdf` (200.22 KiB)
note: Skipped writing 2 intermediate files (use --keep-intermediates to keep them)
Wrote v6.4.4 report from pinned parent source and current tables; parent numerical records unchanged.
