{
  "source_rows": 7994,
  "zero_rows": 1999,
  "paired_positive_rows": 5995,
  "cells": 20,
  "scenarios": [
    "2021_10pct",
    "2021_10pct_x10",
    "2021_1pct_x10",
    "2021_1pct_x100"
  ],
  "mass_MeV": [
    65.0,
    90.0,
    120.0,
    180.0,
    210.0
  ],
  "sigma_ref_cv_range": [
    0.011658741873151614,
    0.02998790334705263
  ],
  "injection_identity_max_absolute_error": 2.9103830456733704e-11,
  "sigma_ref_over_baseline_sigma_range": [
    1.0,
    1.0
  ],
  "sigma_ref_varies_within_all_cells": true,
  "signal_total_equals_expectation_fraction": 0.0,
  "signal_poisson_residual_mean": -0.013688441855559801,
  "signal_poisson_residual_sd": 1.0052205311330098,
  "caution": "Signal residual summary is descriptive across accepted heterogeneous cells; not an independent calibration. No new fits or random draws.",
  "row_column_warning": "sigmaA_ref is the actual selected zero-signal fit uncertainty. sigmaA_reference on role=reference_bonly is a separate Asimov diagnostic; on injected rows it is the selected actual uncertainty."
}
      scenario  mass_MeV   N  sigma_ref_mean  sigma_ref_sd  sigma_ref_cv  sigma_ref_min  sigma_ref_max  corr_sigma_ref_Ahat0  corr_sigma_ref_Z0  reference_sigma_matches_sigma0_maxerr  ref_over_asimov_mean  zero_pull_mean  zero_pull_sd  common_mean_injection_over_toy_sigma_mean
    2021_10pct      65.0 100     7327.461359    206.225488      0.028144    6933.885266    7961.180681              0.161823           0.148496                                    0.0              1.000168        0.715985      1.028362                                   1.000775
    2021_10pct      90.0 100     6494.327272    154.380995      0.023772    6201.388732    6932.615573             -0.344148          -0.344632                                    0.0              1.000016       -0.021623      0.990013                                   1.000555
    2021_10pct     120.0 100     5055.331285     90.693901      0.017940    4825.446892    5285.627420             -0.064626          -0.065562                                    0.0              0.999964       -0.194658      1.141717                                   1.000318
    2021_10pct     180.0 100     2853.616194     53.923505      0.018897    2742.458118    3014.437396              0.079360           0.077009                                    0.0              1.000062        0.256383      0.922982                                   1.000351
    2021_10pct     210.0 100     2144.007197     43.462662      0.020272    2061.752818    2269.750275              0.180010           0.176406                                    0.0              0.999960       -0.021261      0.967531                                   1.000403
2021_10pct_x10      65.0 100    23489.562623    704.402734      0.029988   21598.164679   25356.225124             -0.033868          -0.030772                                    0.0              1.000007        0.251654      1.060015                                   1.000891
2021_10pct_x10      90.0  99    20395.776908    432.543086      0.021207   19482.906189   21583.793538             -0.263359          -0.263270                                    0.0              1.000006       -0.060810      0.904692                                   1.000443
2021_10pct_x10     120.0 100    15927.611362    222.736779      0.013984   15636.258328   16516.486508             -0.129595          -0.129363                                    0.0              0.999984       -0.258421      1.048372                                   1.000192
2021_10pct_x10     180.0 100     9079.177969    105.851792      0.011659    8940.683235    9411.741678              0.018161           0.014284                                    0.0              1.000040        0.338252      0.932240                                   1.000133
2021_10pct_x10     210.0 100     6951.751160    105.939387      0.015239    6732.605375    7241.495252              0.274713           0.276741                                    0.0              0.999982       -0.076860      0.893321                                   1.000230
 2021_1pct_x10      65.0 100     6941.681663    191.262346      0.027553    6529.203431    7457.271641              0.123436           0.105284                                    0.0              1.000241        0.789048      0.962207                                   1.000744
 2021_1pct_x10      90.0 100     6137.509658    149.650399      0.024383    5858.351819    6492.735206             -0.584232          -0.581325                                    0.0              0.999989       -0.112974      1.137877                                   1.000586
 2021_1pct_x10     120.0 100     4781.672214     91.824393      0.019203    4565.492082    4986.016206             -0.045490          -0.051128                                    0.0              0.999955       -0.206780      0.976005                                   1.000365
 2021_1pct_x10     180.0 100     2698.900077     48.347587      0.017914    2587.067741    2812.274780             -0.135029          -0.132716                                    0.0              1.000025        0.048501      1.063055                                   1.000317
 2021_1pct_x10     210.0 100     2028.802074     43.821747      0.021600    1939.345753    2139.802291              0.025428           0.021463                                    0.0              0.999954       -0.004691      1.026145                                   1.000457
2021_1pct_x100      65.0 100    22345.516032    654.186966      0.029276   20814.854808   24160.055371              0.076423           0.080386                                    0.0              1.000032        0.223632      1.087688                                   1.000850
2021_1pct_x100      90.0 100    19392.090858    424.166341      0.021873   18429.890355   20326.835830             -0.366228          -0.366944                                    0.0              0.999983       -0.217307      1.009819                                   1.000475
2021_1pct_x100     120.0 100    15099.133985    247.422383      0.016387   14723.875176   15953.188622              0.284664           0.280898                                    0.0              0.999980       -0.279529      0.980545                                   1.000263
2021_1pct_x100     180.0 100     8583.848563    100.377765      0.011694    8429.476690    8830.528458             -0.105111          -0.103608                                    0.0              1.000019        0.116214      0.947285                                   1.000135
2021_1pct_x100     210.0 100     6584.853990     98.934702      0.015025    6375.197903    6811.849096              0.149114           0.147953                                    0.0              0.999991       -0.056710      0.884424                                   1.000223
Matplotlib is building the font cache; this may take a moment.
{
  "scope": "Exact illustrative distributions and a two-state response model; no HPS fits or coverage calibration.",
  "reference_error_cv": 0.2,
  "nominal_z": 3.0,
  "matched_yield_over_s0_mean": 3.0000000000000004,
  "matched_yield_over_s0_sd": 0.6000000000000003,
  "matched_yield_over_s0_central90": [
    2.1238946459178814,
    4.074517618130832
  ],
  "common_yield_over_st_mean": 3.12,
  "common_yield_over_st_central90": [
    2.2088504317545965,
    4.237498322856065
  ],
  "two_state_cov_g_s": -0.44999999999999984,
  "two_state_inputs": {
    "s": [
      10.0,
      20.0
    ],
    "u": [
      4.0,
      -4.0
    ],
    "g": [
      0.98,
      0.8
    ]
  },
  "formula_checks": "passed: bias covariance identity, paired response, lognormal means"
}
note: using only cached resource files
note: Running TeX ...
note: Rerunning TeX because "report.aux" changed ...
note: Running xdvipdfmx ...
note: Writing `../pdf/report.log` (19.00 KiB)
note: Writing `../pdf/report.pdf` (124.88 KiB)
note: Skipped writing 2 intermediate files (use --keep-intermediates to keep them)
