note: using only cached resource files
note: Running TeX ...
warning: Trying to include PDF file with version (1.7), which is newer than current output PDF setting (1.5).
warning: Trying to include PDF file with version (1.7), which is newer than current output PDF setting (1.5).
warning: Trying to include PDF file with version (1.7), which is newer than current output PDF setting (1.5).
note: Running BibTeX on main.aux ...
note: Rerunning TeX because bibtex was run ...
warning: Trying to include PDF file with version (1.7), which is newer than current output PDF setting (1.5).
warning: Trying to include PDF file with version (1.7), which is newer than current output PDF setting (1.5).
warning: Trying to include PDF file with version (1.7), which is newer than current output PDF setting (1.5).
warning: internal consistency problem when checking if main.bbl changed
note: Rerunning TeX because "main.bbl" changed ...
warning: Trying to include PDF file with version (1.7), which is newer than current output PDF setting (1.5).
warning: Trying to include PDF file with version (1.7), which is newer than current output PDF setting (1.5).
warning: Trying to include PDF file with version (1.7), which is newer than current output PDF setting (1.5).
warning: internal consistency problem when checking if main.bbl changed
note: Rerunning TeX because "main.bbl" changed ...
warning: Trying to include PDF file with version (1.7), which is newer than current output PDF setting (1.5).
warning: Trying to include PDF file with version (1.7), which is newer than current output PDF setting (1.5).
warning: Trying to include PDF file with version (1.7), which is newer than current output PDF setting (1.5).
warning: internal consistency problem when checking if main.bbl changed
note: Rerunning TeX because "main.bbl" changed ...
warning: Trying to include PDF file with version (1.7), which is newer than current output PDF setting (1.5).
warning: Trying to include PDF file with version (1.7), which is newer than current output PDF setting (1.5).
warning: Trying to include PDF file with version (1.7), which is newer than current output PDF setting (1.5).
warning: internal consistency problem when checking if main.bbl changed
note: Rerunning TeX because "main.bbl" changed ...
warning: Trying to include PDF file with version (1.7), which is newer than current output PDF setting (1.5).
warning: Trying to include PDF file with version (1.7), which is newer than current output PDF setting (1.5).
warning: Trying to include PDF file with version (1.7), which is newer than current output PDF setting (1.5).
warning: internal consistency problem when checking if main.bbl changed
note: Rerunning TeX because "main.bbl" changed ...
warning: Trying to include PDF file with version (1.7), which is newer than current output PDF setting (1.5).
warning: Trying to include PDF file with version (1.7), which is newer than current output PDF setting (1.5).
warning: Trying to include PDF file with version (1.7), which is newer than current output PDF setting (1.5).
warning: internal consistency problem when checking if main.bbl changed
warning: TeX rerun seems needed, but stopping at 6 passes
note: Running xdvipdfmx ...
warning: Trying to include PDF file with version (1.7), which is newer than current output PDF setting (1.5).
warning: Trying to include PDF file with version (1.7), which is newer than current output PDF setting (1.5).
warning: Trying to include PDF file with version (1.7), which is newer than current output PDF setting (1.5).
note: Writing `../qa/build/main.apc` (10.16 KiB)
note: Writing `../qa/build/main.bbl` (13.02 KiB)
note: Writing `../qa/build/main.log` (52.20 KiB)
note: Writing `../qa/build/main.aux` (250.74 KiB)
note: Writing `../qa/build/main.out` (19.73 KiB)
note: Writing `../qa/build/main.pdf` (14.46 MiB)
note: Writing `../qa/build/main.toc` (18.99 KiB)
note: Writing `../qa/build/main.blg` (202 B)
