note: using only cached resource files
note: Running TeX ...
warning: Trying to include PDF file with version (1.7), which is newer than current output PDF setting (1.5).
warning: Trying to include PDF file with version (1.7), which is newer than current output PDF setting (1.5).
warning: sections/v505_geometry_appendix:251: Overfull \hbox (45.28639pt too wide) in paragraph at lines 243--251
note: Running BibTeX on main.aux ...
note: Rerunning TeX because bibtex was run ...
warning: Trying to include PDF file with version (1.7), which is newer than current output PDF setting (1.5).
warning: Trying to include PDF file with version (1.7), which is newer than current output PDF setting (1.5).
warning: sections/v505_geometry_appendix:251: Overfull \hbox (45.28639pt too wide) in paragraph at lines 243--251
warning: main.bbl:191: Underfull \hbox (badness 1565) in paragraph at lines 187--191
note: Rerunning TeX because "main.toc" changed ...
warning: Trying to include PDF file with version (1.7), which is newer than current output PDF setting (1.5).
warning: Trying to include PDF file with version (1.7), which is newer than current output PDF setting (1.5).
warning: sections/v505_geometry_appendix:251: Overfull \hbox (45.28639pt too wide) in paragraph at lines 243--251
warning: main.bbl:191: Underfull \hbox (badness 1565) in paragraph at lines 187--191
warning: internal consistency problem when checking if main.bbl changed
note: Rerunning TeX because "main.bbl" changed ...
warning: Trying to include PDF file with version (1.7), which is newer than current output PDF setting (1.5).
warning: Trying to include PDF file with version (1.7), which is newer than current output PDF setting (1.5).
warning: sections/v505_geometry_appendix:251: Overfull \hbox (45.28639pt too wide) in paragraph at lines 243--251
warning: main.bbl:191: Underfull \hbox (badness 1565) in paragraph at lines 187--191
warning: internal consistency problem when checking if main.bbl changed
note: Rerunning TeX because "main.bbl" changed ...
warning: Trying to include PDF file with version (1.7), which is newer than current output PDF setting (1.5).
warning: Trying to include PDF file with version (1.7), which is newer than current output PDF setting (1.5).
warning: sections/v505_geometry_appendix:251: Overfull \hbox (45.28639pt too wide) in paragraph at lines 243--251
warning: main.bbl:191: Underfull \hbox (badness 1565) in paragraph at lines 187--191
warning: internal consistency problem when checking if main.bbl changed
note: Rerunning TeX because "main.bbl" changed ...
warning: Trying to include PDF file with version (1.7), which is newer than current output PDF setting (1.5).
warning: Trying to include PDF file with version (1.7), which is newer than current output PDF setting (1.5).
warning: sections/v505_geometry_appendix:251: Overfull \hbox (45.28639pt too wide) in paragraph at lines 243--251
warning: main.bbl:191: Underfull \hbox (badness 1565) in paragraph at lines 187--191
warning: internal consistency problem when checking if main.bbl changed
note: Rerunning TeX because "main.bbl" changed ...
warning: Trying to include PDF file with version (1.7), which is newer than current output PDF setting (1.5).
warning: Trying to include PDF file with version (1.7), which is newer than current output PDF setting (1.5).
warning: sections/v505_geometry_appendix:251: Overfull \hbox (45.28639pt too wide) in paragraph at lines 243--251
warning: main.bbl:191: Underfull \hbox (badness 1565) in paragraph at lines 187--191
warning: internal consistency problem when checking if main.bbl changed
warning: TeX rerun seems needed, but stopping at 6 passes
warning: warnings were issued by the TeX engine; use --print and/or --keep-logs for details.
note: Running xdvipdfmx ...
warning: Trying to include PDF file with version (1.7), which is newer than current output PDF setting (1.5).
warning: Trying to include PDF file with version (1.7), which is newer than current output PDF setting (1.5).
note: Writing `../qa/build/main.log` (52.39 KiB)
note: Writing `../qa/build/main.blg` (202 B)
note: Writing `../qa/build/main.aux` (246.91 KiB)
note: Writing `../qa/build/main.bbl` (10.27 KiB)
note: Writing `../qa/build/main.out` (19.40 KiB)
note: Writing `../qa/build/main.pdf` (14.41 MiB)
note: Writing `../qa/build/main.toc` (18.87 KiB)
note: Writing `../qa/build/main.apc` (10.04 KiB)
