note: using only cached resource files
note: Running TeX ...
warning: Trying to include PDF file with version (1.7), which is newer than current output PDF setting (1.5).
warning: Trying to include PDF file with version (1.7), which is newer than current output PDF setting (1.5).
warning: Trying to include PDF file with version (1.7), which is newer than current output PDF setting (1.5).
note: Running BibTeX on main.aux ...
note: Rerunning TeX because bibtex was run ...
warning: Trying to include PDF file with version (1.7), which is newer than current output PDF setting (1.5).
warning: Trying to include PDF file with version (1.7), which is newer than current output PDF setting (1.5).
warning: Trying to include PDF file with version (1.7), which is newer than current output PDF setting (1.5).
note: Rerunning TeX because "main.aux" changed ...
warning: Trying to include PDF file with version (1.7), which is newer than current output PDF setting (1.5).
warning: Trying to include PDF file with version (1.7), which is newer than current output PDF setting (1.5).
warning: Trying to include PDF file with version (1.7), which is newer than current output PDF setting (1.5).
warning: internal consistency problem when checking if main.bbl changed
note: Rerunning TeX because "main.bbl" changed ...
warning: Trying to include PDF file with version (1.7), which is newer than current output PDF setting (1.5).
warning: Trying to include PDF file with version (1.7), which is newer than current output PDF setting (1.5).
warning: Trying to include PDF file with version (1.7), which is newer than current output PDF setting (1.5).
warning: internal consistency problem when checking if main.bbl changed
note: Rerunning TeX because "main.bbl" changed ...
warning: Trying to include PDF file with version (1.7), which is newer than current output PDF setting (1.5).
warning: Trying to include PDF file with version (1.7), which is newer than current output PDF setting (1.5).
warning: Trying to include PDF file with version (1.7), which is newer than current output PDF setting (1.5).
warning: internal consistency problem when checking if main.bbl changed
note: Rerunning TeX because "main.bbl" changed ...
warning: Trying to include PDF file with version (1.7), which is newer than current output PDF setting (1.5).
warning: Trying to include PDF file with version (1.7), which is newer than current output PDF setting (1.5).
warning: Trying to include PDF file with version (1.7), which is newer than current output PDF setting (1.5).
warning: internal consistency problem when checking if main.bbl changed
note: Rerunning TeX because "main.bbl" changed ...
warning: Trying to include PDF file with version (1.7), which is newer than current output PDF setting (1.5).
warning: Trying to include PDF file with version (1.7), which is newer than current output PDF setting (1.5).
warning: Trying to include PDF file with version (1.7), which is newer than current output PDF setting (1.5).
warning: internal consistency problem when checking if main.bbl changed
warning: TeX rerun seems needed, but stopping at 6 passes
note: Running xdvipdfmx ...
warning: Trying to include PDF file with version (1.7), which is newer than current output PDF setting (1.5).
warning: Trying to include PDF file with version (1.7), which is newer than current output PDF setting (1.5).
warning: Trying to include PDF file with version (1.7), which is newer than current output PDF setting (1.5).
note: Writing `../qa/build/main.blg` (202 B)
note: Writing `../qa/build/main.apc` (10.26 KiB)
note: Writing `../qa/build/main.bbl` (13.18 KiB)
note: Writing `../qa/build/main.pdf` (14.46 MiB)
note: Writing `../qa/build/main.toc` (19.16 KiB)
note: Writing `../qa/build/main.log` (52.18 KiB)
note: Writing `../qa/build/main.out` (19.86 KiB)
note: Writing `../qa/build/main.aux` (250.68 KiB)
