mass 40 elapsed 0.2
mass 50 elapsed 0.9
mass 60 elapsed 1.4
mass 70 elapsed 2.0
mass 80 elapsed 2.7
mass 90 elapsed 3.4
mass 100 elapsed 4.0
mass 110 elapsed 4.6
mass 120 elapsed 5.2
mass 130 elapsed 5.8
mass 140 elapsed 6.4
mass 150 elapsed 7.0
mass 160 elapsed 7.7
mass 170 elapsed 8.3
mass 180 elapsed 8.9
{
  "passed": false,
  "truths": [
    "archived_stress",
    "gp_full_nominal",
    "gp_full_half_ls",
    "gp_blocked",
    "regional_rise_fall",
    "gp_blocked_local"
  ],
  "scan_rows": 852,
  "injection_rows": 72,
  "minimum_injection_recovered_fraction": 0.9555830757151917,
  "maximum_injection_recovered_fraction": 0.9900792876299938,
  "maximum_score": 5.431294951563359e-07,
  "elapsed_seconds": 8.90066625,
  "global_calibration": false
}
