local 42 archived_stress a -9.215 k 0 elapsed 2.9
local 42 gp_full_nominal a 0.012 k 239 elapsed 5.7
local 42 gp_full_half_ls a 0.063 k 268 elapsed 8.5
local 42 gp_blocked a -183.726 k 0 elapsed 11.3
local 42 regional_rise_fall a 17.236 k 512 elapsed 13.9
FAILED 42 gp_blocked_local Unconverged fit, score=5.066100992046074e-07
local 66 archived_stress a 12.469 k 512 elapsed 18.0
local 66 gp_full_nominal a 0.103 k 80 elapsed 20.8
local 66 gp_full_half_ls a 1.134 k 283 elapsed 23.6
FAILED 66 gp_blocked Unconverged fit, score=3.210006269682708e-07
local 66 regional_rise_fall a 1.996 k 428 elapsed 26.7
local 66 gp_blocked_local a -43.281 k 0 elapsed 29.5
local 76 archived_stress a -14.653 k 512 elapsed 32.4
local 76 gp_full_nominal a -0.408 k 512 elapsed 35.2
local 76 gp_full_half_ls a -2.022 k 512 elapsed 38.1
FAILED 76 gp_blocked Unconverged fit, score=3.518212778885754e-07
local 76 regional_rise_fall a -6.94 k 512 elapsed 43.0
local 76 gp_blocked_local a 50.913 k 512 elapsed 45.9
local 90 archived_stress a -1.713 k 0 elapsed 49.0
local 90 gp_full_nominal a 0.791 k 2 elapsed 51.9
local 90 gp_full_half_ls a 3.111 k 183 elapsed 54.9
local 90 gp_blocked a -59.679 k 0 elapsed 57.9
local 90 regional_rise_fall a 4.517 k 433 elapsed 60.9
local 90 gp_blocked_local a -37.19 k 0 elapsed 63.9
local 92 archived_stress a -2.443 k 0 elapsed 67.0
local 92 gp_full_nominal a 0.364 k 1 elapsed 70.0
local 92 gp_full_half_ls a 2.017 k 75 elapsed 73.0
local 92 gp_blocked a -35.502 k 0 elapsed 76.1
local 92 regional_rise_fall a 13.337 k 512 elapsed 79.1
local 92 gp_blocked_local a -19.939 k 0 elapsed 82.2
local 117 archived_stress a 0.606 k 1 elapsed 85.6
local 117 gp_full_nominal a 0.77 k 2 elapsed 89.0
local 117 gp_full_half_ls a 3.067 k 236 elapsed 92.3
local 117 gp_blocked a -23.662 k 0 elapsed 95.8
local 117 regional_rise_fall a -11.497 k 0 elapsed 99.2
local 117 gp_blocked_local a -22.345 k 0 elapsed 102.6
COMPLETE 16896 102.615236458
