{
  "reference_names": {
    "archived_stress": "Archived stress",
    "gp_full_nominal": "Full GP, nominal",
    "gp_full_half_ls": "Full GP, half length",
    "gp_blocked": "Blocked GP",
    "regional_rise_fall": "Regional rise/fall",
    "gp_blocked_local": "Blocked, local kernels"
  },
  "rms": {
    "archived_stress": 4.9674153461603385,
    "gp_full_nominal": 0.609322509325819,
    "gp_full_half_ls": 1.7004086231700568,
    "gp_blocked": 102.6726111791484,
    "regional_rise_fall": 13.928549255566573,
    "gp_blocked_local": 53.87206657029395
  },
  "scan_fits": 852,
  "injections": 72,
  "local_scenarios": 33,
  "poisson_experiments": 16896,
  "local_width_min": 0.8442309312804656,
  "local_width_max": 1.0415769358477016
}
