**
(main.tex
LaTeX2e <2021-11-15> patch level 1
L3 programming layer <2022-02-24> (article.cls
Document Class: article 2021/10/04 v1.4n Standard LaTeX document class
(size11.clo
File: size11.clo 2021/10/04 v1.4n Standard LaTeX file (size option)
)
\c@part=\count181
\c@section=\count182
\c@subsection=\count183
\c@subsubsection=\count184
\c@paragraph=\count185
\c@subparagraph=\count186
\c@figure=\count187
\c@table=\count188
\abovecaptionskip=\skip47
\belowcaptionskip=\skip48
\bibindent=\dimen138
) (geometry.sty
Package: geometry 2020/01/02 v5.9 Page Geometry
 (keyval.sty
Package: keyval 2014/10/28 v1.15 key=value parser (DPC)
\KV@toks@=\toks16
) (ifvtex.sty
Package: ifvtex 2019/10/25 v1.7 ifvtex legacy package. Use iftex instead.
 (iftex.sty
Package: iftex 2022/02/03 v1.0f TeX engine tests
))
\Gm@cnth=\count189
\Gm@cntv=\count190
\c@Gm@tempcnt=\count191
\Gm@bindingoffset=\dimen139
\Gm@wd@mp=\dimen140
\Gm@odd@mp=\dimen141
\Gm@even@mp=\dimen142
\Gm@layoutwidth=\dimen143
\Gm@layoutheight=\dimen144
\Gm@layouthoffset=\dimen145
\Gm@layoutvoffset=\dimen146
\Gm@dimlist=\toks17
) (fontenc.sty
Package: fontenc 2021/04/29 v2.0v Standard LaTeX package
LaTeX Font Info:    Trying to load font information for T1+lmr on input line 11
2.
(t1lmr.fd
File: t1lmr.fd 2015/05/01 v1.6.1 Font defs for Latin Modern
)) (inputenc.sty
Package: inputenc 2021/02/14 v1.3d Input encoding file
\inpenc@prehook=\toks18
\inpenc@posthook=\toks19


Package inputenc Warning: inputenc package ignored with utf8 based engines.

) (lmodern.sty
Package: lmodern 2015/05/01 v1.6.1 Latin Modern Fonts
LaTeX Font Info:    Overwriting symbol font `operators' in version `normal'
(Font)                  OT1/cmr/m/n --> OT1/lmr/m/n on input line 22.
LaTeX Font Info:    Overwriting symbol font `letters' in version `normal'
(Font)                  OML/cmm/m/it --> OML/lmm/m/it on input line 23.
LaTeX Font Info:    Overwriting symbol font `symbols' in version `normal'
(Font)                  OMS/cmsy/m/n --> OMS/lmsy/m/n on input line 24.
LaTeX Font Info:    Overwriting symbol font `largesymbols' in version `normal'
(Font)                  OMX/cmex/m/n --> OMX/lmex/m/n on input line 25.
LaTeX Font Info:    Overwriting symbol font `operators' in version `bold'
(Font)                  OT1/cmr/bx/n --> OT1/lmr/bx/n on input line 26.
LaTeX Font Info:    Overwriting symbol font `letters' in version `bold'
(Font)                  OML/cmm/b/it --> OML/lmm/b/it on input line 27.
LaTeX Font Info:    Overwriting symbol font `symbols' in version `bold'
(Font)                  OMS/cmsy/b/n --> OMS/lmsy/b/n on input line 28.
LaTeX Font Info:    Overwriting symbol font `largesymbols' in version `bold'
(Font)                  OMX/cmex/m/n --> OMX/lmex/m/n on input line 29.
LaTeX Font Info:    Overwriting math alphabet `\mathbf' in version `normal'
(Font)                  OT1/cmr/bx/n --> OT1/lmr/bx/n on input line 31.
LaTeX Font Info:    Overwriting math alphabet `\mathsf' in version `normal'
(Font)                  OT1/cmss/m/n --> OT1/lmss/m/n on input line 32.
LaTeX Font Info:    Overwriting math alphabet `\mathit' in version `normal'
(Font)                  OT1/cmr/m/it --> OT1/lmr/m/it on input line 33.
LaTeX Font Info:    Overwriting math alphabet `\mathtt' in version `normal'
(Font)                  OT1/cmtt/m/n --> OT1/lmtt/m/n on input line 34.
LaTeX Font Info:    Overwriting math alphabet `\mathbf' in version `bold'
(Font)                  OT1/cmr/bx/n --> OT1/lmr/bx/n on input line 35.
LaTeX Font Info:    Overwriting math alphabet `\mathsf' in version `bold'
(Font)                  OT1/cmss/bx/n --> OT1/lmss/bx/n on input line 36.
LaTeX Font Info:    Overwriting math alphabet `\mathit' in version `bold'
(Font)                  OT1/cmr/bx/it --> OT1/lmr/bx/it on input line 37.
LaTeX Font Info:    Overwriting math alphabet `\mathtt' in version `bold'
(Font)                  OT1/cmtt/m/n --> OT1/lmtt/m/n on input line 38.
) (amsmath.sty
Package: amsmath 2021/10/15 v2.17l AMS math features
\@mathmargin=\skip49

For additional information on amsmath, use the `?' option.
(amstext.sty
Package: amstext 2021/08/26 v2.01 AMS text
 (amsgen.sty
File: amsgen.sty 1999/11/30 v2.0 generic functions
\@emptytoks=\toks20
\ex@=\dimen147
)) (amsbsy.sty
Package: amsbsy 1999/11/29 v1.2d Bold Symbols
\pmbraise@=\dimen148
) (amsopn.sty
Package: amsopn 2021/08/26 v2.02 operator names
)
\inf@bad=\count192
LaTeX Info: Redefining \frac on input line 234.
\uproot@=\count193
\leftroot@=\count194
LaTeX Info: Redefining \overline on input line 399.
\classnum@=\count195
\DOTSCASE@=\count196
LaTeX Info: Redefining \ldots on input line 496.
LaTeX Info: Redefining \dots on input line 499.
LaTeX Info: Redefining \cdots on input line 620.
\Mathstrutbox@=\box50
\strutbox@=\box51
\big@size=\dimen149
LaTeX Font Info:    Redeclaring font encoding OML on input line 743.
LaTeX Font Info:    Redeclaring font encoding OMS on input line 744.
\macc@depth=\count197
\c@MaxMatrixCols=\count198
\dotsspace@=\muskip16
\c@parentequation=\count199
\dspbrk@lvl=\count266
\tag@help=\toks21
\row@=\count267
\column@=\count268
\maxfields@=\count269
\andhelp@=\toks22
\eqnshift@=\dimen150
\alignsep@=\dimen151
\tagshift@=\dimen152
\tagwidth@=\dimen153
\totwidth@=\dimen154
\lineht@=\dimen155
\@envbody=\toks23
\multlinegap=\skip50
\multlinetaggap=\skip51
\mathdisplay@stack=\toks24
LaTeX Info: Redefining \[ on input line 2938.
LaTeX Info: Redefining \] on input line 2939.
) (amssymb.sty
Package: amssymb 2013/01/14 v3.01 AMS font symbols

(amsfonts.sty
Package: amsfonts 2013/01/14 v3.01 Basic AMSFonts support
\symAMSa=\mathgroup4
\symAMSb=\mathgroup5
LaTeX Font Info:    Redeclaring math symbol \hbar on input line 98.
LaTeX Font Info:    Overwriting math alphabet `\mathfrak' in version `bold'
(Font)                  U/euf/m/n --> U/euf/b/n on input line 106.
)) (mathtools.sty
Package: mathtools 2022/02/07 v1.28a mathematical typesetting tools
 (calc.sty
Package: calc 2017/05/25 v4.3 Infix arithmetic (KKT,FJ)
\calc@Acount=\count270
\calc@Bcount=\count271
\calc@Adimen=\dimen156
\calc@Bdimen=\dimen157
\calc@Askip=\skip52
\calc@Bskip=\skip53
LaTeX Info: Redefining \setlength on input line 80.
LaTeX Info: Redefining \addtolength on input line 81.
\calc@Ccount=\count272
\calc@Cskip=\skip54
) (mhsetup.sty
Package: mhsetup 2021/03/18 v1.4 programming setup (MH)
)
\g_MT_multlinerow_int=\count273
\l_MT_multwidth_dim=\dimen158
\origjot=\skip55
\l_MT_shortvdotswithinadjustabove_dim=\dimen159
\l_MT_shortvdotswithinadjustbelow_dim=\dimen160
\l_MT_above_intertext_sep=\dimen161
\l_MT_below_intertext_sep=\dimen162
\l_MT_above_shortintertext_sep=\dimen163
\l_MT_below_shortintertext_sep=\dimen164
\xmathstrut@box=\box52
\xmathstrut@dim=\dimen165
) (bm.sty
Package: bm 2021/04/25 v1.2e Bold Symbol Support (DPC/FMi)
\symboldoperators=\mathgroup6
\symboldletters=\mathgroup7
\symboldsymbols=\mathgroup8
Package bm Info: No bold for \OMX/lmex/m/n, using \pmb.
Package bm Info: No bold for \U/msa/m/n, using \pmb.
Package bm Info: No bold for \U/msb/m/n, using \pmb.
LaTeX Font Info:    Redeclaring math alphabet \mathbf on input line 149.
) (booktabs.sty
Package: booktabs 2020/01/12 v1.61803398 Publication quality tables
\heavyrulewidth=\dimen166
\lightrulewidth=\dimen167
\cmidrulewidth=\dimen168
\belowrulesep=\dimen169
\belowbottomsep=\dimen170
\aboverulesep=\dimen171
\abovetopsep=\dimen172
\cmidrulesep=\dimen173
\cmidrulekern=\dimen174
\defaultaddspace=\dimen175
\@cmidla=\count274
\@cmidlb=\count275
\@aboverulesep=\dimen176
\@belowrulesep=\dimen177
\@thisruleclass=\count276
\@lastruleclass=\count277
\@thisrulewidth=\dimen178
) (tabularx.sty
Package: tabularx 2020/01/15 v2.11c `tabularx' package (DPC)
 (array.sty
Package: array 2021/10/04 v2.5f Tabular extension package (FMi)
\col@sep=\dimen179
\ar@mcellbox=\box53
\extrarowheight=\dimen180
\NC@list=\toks25
\extratabsurround=\skip56
\backup@length=\skip57
\ar@cellbox=\box54
)
\TX@col@width=\dimen181
\TX@old@table=\dimen182
\TX@old@col=\dimen183
\TX@target=\dimen184
\TX@delta=\dimen185
\TX@cols=\count278
\TX@ftn=\toks26
) (makecell.sty
Package: makecell 2009/08/03 V0.1e Managing of Tab Column Heads and Cells
\rotheadsize=\dimen186
\c@nlinenum=\count279
\TeXr@lab=\toks27
) (longtable.sty
Package: longtable 2021-09-01 v4.17 Multi-page Table package (DPC)
\LTleft=\skip58
\LTright=\skip59
\LTpre=\skip60
\LTpost=\skip61
\LTchunksize=\count280
\LTcapwidth=\dimen187
\LT@head=\box55
\LT@firsthead=\box56
\LT@foot=\box57
\LT@lastfoot=\box58
\LT@gbox=\box59
\LT@cols=\count281
\LT@rows=\count282
\c@LT@tables=\count283
\c@LT@chunks=\count284
\LT@p@ftn=\toks28
) (graphicx.sty
Package: graphicx 2021/09/16 v1.2d Enhanced LaTeX Graphics (DPC,SPQR)

(graphics.sty
Package: graphics 2021/03/04 v1.4d Standard LaTeX Graphics (DPC,SPQR)
 (trig.sty
Package: trig 2021/08/11 v1.11 sin cos tan (DPC)
) (graphics.cfg
File: graphics.cfg 2016/06/04 v1.11 sample graphics configuration
)
Package graphics Info: Driver file: xetex.def on input line 107.
 (xetex.def
File: xetex.def 2021/03/18 v5.0k Graphics/color driver for xetex
))
\Gin@req@height=\dimen188
\Gin@req@width=\dimen189
) (subcaption.sty
Package: subcaption 2022/01/07 v1.5 Sub-captions (AR)

(caption.sty
Package: caption 2022/03/01 v3.6b Customizing captions (AR)
 (caption3.sty
Package: caption3 2022/03/17 v2.3b caption3 kernel (AR)
\caption@tempdima=\dimen190
\captionmargin=\dimen191
\caption@leftmargin=\dimen192
\caption@rightmargin=\dimen193
\caption@width=\dimen194
\caption@indent=\dimen195
\caption@parindent=\dimen196
\caption@hangindent=\dimen197
Package caption Info: Standard document class detected.
)
\c@caption@flags=\count285
\c@continuedfloat=\count286
Package caption Info: longtable package is loaded.
 (ltcaption.sty
Package: ltcaption 2021/01/08 v1.4c longtable captions (AR)
))
\c@subfigure=\count287
\c@subtable=\count288
) (siunitx.sty
Package: siunitx 2022-02-15 v3.0.49 A comprehensive (SI) units package
\l__siunitx_angle_tmp_dim=\dimen198
\l__siunitx_angle_marker_box=\box60
\l__siunitx_angle_unit_box=\box61
\l__siunitx_compound_count_int=\count289
 (translations.sty
Package: translations 2022/02/05 v1.12 internationalization of LaTeX2e packages
 (CN)

(etoolbox.sty
Package: etoolbox 2020/10/05 v2.5k e-TeX tools for LaTeX (JAW)
\etb@tempcnta=\count290
) (pdftexcmds.sty
Package: pdftexcmds 2020-06-27 v0.33 Utility functions of pdfTeX for LuaTeX (HO
)
 (infwarerr.sty
Package: infwarerr 2019/12/03 v1.5 Providing info/warning/error messages (HO)
) (ltxcmds.sty
Package: ltxcmds 2020-05-10 v1.25 LaTeX kernel commands for general use (HO)
)
Package pdftexcmds Info: \pdf@primitive is available.
Package pdftexcmds Info: \pdf@ifprimitive is available.
Package pdftexcmds Info: \pdfdraftmode not found.
))
\l__siunitx_number_exponent_fixed_int=\count291
\l__siunitx_number_min_decimal_int=\count292
\l__siunitx_number_min_integer_int=\count293
\l__siunitx_number_round_precision_int=\count294
\l__siunitx_number_group_minimum_int=\count295
\l__siunitx_table_tmp_box=\box62
\l__siunitx_table_tmp_dim=\dimen199
\l__siunitx_table_column_width_dim=\dimen256
\l__siunitx_table_integer_box=\box63
\l__siunitx_table_decimal_box=\box64
\l__siunitx_table_before_box=\box65
\l__siunitx_table_after_box=\box66
\l__siunitx_table_before_dim=\dimen257
\l__siunitx_table_carry_dim=\dimen258
\l__siunitx_unit_tmp_int=\count296
\l__siunitx_unit_position_int=\count297
\l__siunitx_unit_total_int=\count298
 (l3keys2e.sty
(expl3.sty
Package: expl3 2022-02-24 L3 programming layer (loader) 
 (l3backend-xetex.def
File: l3backend-xetex.def 2022-02-07 L3 backend support: XeTeX
\c__kernel_sys_dvipdfmx_version_int=\count299
\l__color_backend_stack_int=\count300
\g__color_backend_stack_int=\count301
\g__graphics_track_int=\count302
\l__pdf_internal_box=\box67
\g__pdf_backend_object_int=\count303
\g__pdf_backend_annotation_int=\count304
\g__pdf_backend_link_int=\count305
))
Package: l3keys2e 2022-01-12 LaTeX2e option processing using LaTeX3 keys
)) (xcolor.sty
Package: xcolor 2021/10/31 v2.13 LaTeX color extensions (UK)
 (color.cfg
File: color.cfg 2016/01/02 v1.6 sample color configuration
)
Package xcolor Info: Driver file: xetex.def on input line 227.
Package xcolor Info: Model `cmy' substituted by `cmy0' on input line 1352.
Package xcolor Info: Model `RGB' extended on input line 1368.
Package xcolor Info: Model `HTML' substituted by `rgb' on input line 1370.
Package xcolor Info: Model `Hsb' substituted by `hsb' on input line 1371.
Package xcolor Info: Model `tHsb' substituted by `hsb' on input line 1372.
Package xcolor Info: Model `HSB' substituted by `hsb' on input line 1373.
Package xcolor Info: Model `Gray' substituted by `gray' on input line 1374.
Package xcolor Info: Model `wave' substituted by `hsb' on input line 1375.
) (hyperref.sty
Package: hyperref 2022-02-21 v7.00n Hypertext links for LaTeX

(kvsetkeys.sty
Package: kvsetkeys 2019/12/15 v1.18 Key value parser (HO)
) (kvdefinekeys.sty
Package: kvdefinekeys 2019-12-19 v1.6 Define keys (HO)
) (pdfescape.sty
Package: pdfescape 2019/12/09 v1.15 Implements pdfTeX's escape features (HO)
) (hycolor.sty
Package: hycolor 2020-01-27 v1.10 Color options for hyperref/bookmark (HO)
)
(letltxmacro.sty
Package: letltxmacro 2019/12/03 v1.6 Let assignment for LaTeX macros (HO)
) (auxhook.sty
Package: auxhook 2019-12-17 v1.6 Hooks for auxiliary files (HO)
) (kvoptions.sty
Package: kvoptions 2020-10-07 v3.14 Key value format for package options (HO)
)
\@linkdim=\dimen259
\Hy@linkcounter=\count306
\Hy@pagecounter=\count307
 (pd1enc.def
File: pd1enc.def 2022-02-21 v7.00n Hyperref: PDFDocEncoding definition (HO)
) (intcalc.sty
Package: intcalc 2019/12/15 v1.3 Expandable calculations with integers (HO)
)
(etexcmds.sty
Package: etexcmds 2019/12/15 v1.7 Avoid name clashes with e-TeX commands (HO)
)
\Hy@SavedSpaceFactor=\count308
 (puenc.def
File: puenc.def 2022-02-21 v7.00n Hyperref: PDF Unicode definition (HO)
)
Package hyperref Info: Hyper figures OFF on input line 4137.
Package hyperref Info: Link nesting OFF on input line 4142.
Package hyperref Info: Hyper index ON on input line 4145.
Package hyperref Info: Plain pages OFF on input line 4152.
Package hyperref Info: Backreferencing OFF on input line 4157.
Package hyperref Info: Implicit mode ON; LaTeX internals redefined.
Package hyperref Info: Bookmarks ON on input line 4390.
\c@Hy@tempcnt=\count309
 (url.sty
\Urlmuskip=\muskip17
Package: url 2013/09/16  ver 3.4  Verb mode for urls, etc.
)
LaTeX Info: Redefining \url on input line 4749.
\XeTeXLinkMargin=\dimen260
 (bitset.sty
Package: bitset 2019/12/09 v1.3 Handle bit-vector datatype (HO)
 (bigintcalc.sty
Package: bigintcalc 2019/12/15 v1.5 Expandable calculations on big integers (HO
)
))
\Fld@menulength=\count310
\Field@Width=\dimen261
\Fld@charsize=\dimen262
Package hyperref Info: Hyper figures OFF on input line 6027.
Package hyperref Info: Link nesting OFF on input line 6032.
Package hyperref Info: Hyper index ON on input line 6035.
Package hyperref Info: backreferencing OFF on input line 6042.
Package hyperref Info: Link coloring OFF on input line 6047.
Package hyperref Info: Link coloring with OCG OFF on input line 6052.
Package hyperref Info: PDF/A mode OFF on input line 6057.
LaTeX Info: Redefining \ref on input line 6097.
LaTeX Info: Redefining \pageref on input line 6101.

(atbegshi-ltx.sty
Package: atbegshi-ltx 2021/01/10 v1.0c Emulation of the original atbegshi
package with kernel methods
)
\Hy@abspage=\count311
\c@Item=\count312
\c@Hfootnote=\count313
)
Package hyperref Info: Driver (autodetected): hxetex.
 (hxetex.def
File: hxetex.def 2022-02-21 v7.00n Hyperref driver for XeTeX
 (stringenc.sty
Package: stringenc 2019/11/29 v1.12 Convert strings between diff. encodings (HO
)
)
\pdfm@box=\box68
\c@Hy@AnnotLevel=\count314
\HyField@AnnotCount=\count315
\Fld@listcount=\count316
\c@bookmark@seq@number=\count317
 (rerunfilecheck.sty
Package: rerunfilecheck 2019/12/05 v1.9 Rerun checks for auxiliary files (HO)

(atveryend-ltx.sty
Package: atveryend-ltx 2020/08/19 v1.0a Emulation of the original atveryend pac
kage
with kernel methods
) (uniquecounter.sty
Package: uniquecounter 2019/12/15 v1.4 Provide unlimited unique counter (HO)
)
Package uniquecounter Info: New unique counter `rerunfilecheck' on input line 2
86.
)
\Hy@SectionHShift=\skip62
) (xurl.sty
Package: xurl 2022/01/09 v 0.10 modify URL breaks
) (enumitem.sty
Package: enumitem 2019/06/20 v3.9 Customized lists
\labelindent=\skip63
\enit@outerparindent=\dimen263
\enit@toks=\toks29
\enit@inbox=\box69
\enit@count@id=\count318
\enitdp@description=\count319
) (float.sty
Package: float 2001/11/08 v1.3d Float enhancements (AL)
\c@float@type=\count320
\float@exts=\toks30
\float@box=\box70
\@float@everytoks=\toks31
\@floatcapt=\box71
) (placeins.sty
Package: placeins 2005/04/18  v 2.2
) (pdflscape.sty
Package: pdflscape 2019/12/05 v0.12 Display of landscape pages in PDF (HO)
 (lscape.sty
Package: lscape 2020/05/28 v3.02 Landscape Pages (DPC)
)
Package pdflscape Info: Auto-detected driver: dvipdfm (xetex) on input line 98.

) (microtype.sty
Package: microtype 2022/03/14 v3.0d Micro-typographical refinements (RS)
\MT@toks=\toks32
\MT@tempbox=\box72
\MT@count=\count321
LaTeX Info: Redefining \noprotrusionifhmode on input line 1027.
LaTeX Info: Redefining \leftprotrusion on input line 1028.
LaTeX Info: Redefining \rightprotrusion on input line 1036.
LaTeX Info: Redefining \textls on input line 1195.
\MT@outer@kern=\dimen264
LaTeX Info: Redefining \textmicrotypecontext on input line 1781.
\MT@listname@count=\count322

(microtype-xetex.def
File: microtype-xetex.def 2022/03/14 v3.0d Definitions specific to xetex (RS)
LaTeX Info: Redefining \lsstyle on input line 236.
)
Package microtype Info: Loading configuration file microtype.cfg.
 (microtype.cfg
File: microtype.cfg 2022/03/14 v3.0d microtype main configuration file (RS)
)) (textcomp.sty
Package: textcomp 2020/02/02 v2.0n Standard LaTeX package
) (lineno.sty
Package: lineno 2005/11/02 line numbers on paragraphs v4.41
Invalid UTF-8 byte or sequence at line 296 replaced by U+FFFD.
\linenopenalty=\count323
\output=\toks33
\linenoprevgraf=\count324
\linenumbersep=\dimen265
\linenumberwidth=\dimen266
\c@linenumber=\count325
\c@pagewiselinenumber=\count326
\c@LN@truepage=\count327
\c@internallinenumber=\count328
\c@internallinenumbers=\count329
\quotelinenumbersep=\dimen267
\bframerule=\dimen268
\bframesep=\dimen269
\bframebox=\box73
LaTeX Info: Redefining \\ on input line 3056.
)
Package hyperref Info: Option `colorlinks' set `true' on input line 28.

(fancyhdr.sty
Package: fancyhdr 2021/01/28 v4.0.1 Extensive control of page headers and foote
rs
\f@nch@headwidth=\skip64
\f@nch@O@elh=\skip65
\f@nch@O@erh=\skip66
\f@nch@O@olh=\skip67
\f@nch@O@orh=\skip68
\f@nch@O@elf=\skip69
\f@nch@O@erf=\skip70
\f@nch@O@olf=\skip71
\f@nch@O@orf=\skip72
) (sections/generated_v4p9_results)
(sections/generated_v4p9p1_results)
Package translations Info: No language package found. I am going to use `englis
h' as default language. on input line 85.
 (main.aux)
\openout1 = `main.aux'.

LaTeX Font Info:    Checking defaults for OML/cmm/m/it on input line 85.
LaTeX Font Info:    ... okay on input line 85.
LaTeX Font Info:    Checking defaults for OMS/cmsy/m/n on input line 85.
LaTeX Font Info:    ... okay on input line 85.
LaTeX Font Info:    Checking defaults for OT1/cmr/m/n on input line 85.
LaTeX Font Info:    ... okay on input line 85.
LaTeX Font Info:    Checking defaults for T1/cmr/m/n on input line 85.
LaTeX Font Info:    ... okay on input line 85.
LaTeX Font Info:    Checking defaults for TS1/cmr/m/n on input line 85.
LaTeX Font Info:    Trying to load font information for TS1+cmr on input line 8
5.
 (ts1cmr.fd
File: ts1cmr.fd 2019/12/16 v2.5j Standard LaTeX font definitions
)
LaTeX Font Info:    ... okay on input line 85.
LaTeX Font Info:    Checking defaults for TU/lmr/m/n on input line 85.
LaTeX Font Info:    ... okay on input line 85.
LaTeX Font Info:    Checking defaults for OMX/cmex/m/n on input line 85.
LaTeX Font Info:    ... okay on input line 85.
LaTeX Font Info:    Checking defaults for U/cmr/m/n on input line 85.
LaTeX Font Info:    ... okay on input line 85.
LaTeX Font Info:    Checking defaults for PD1/pdf/m/n on input line 85.
LaTeX Font Info:    ... okay on input line 85.
LaTeX Font Info:    Checking defaults for PU/pdf/m/n on input line 85.
LaTeX Font Info:    ... okay on input line 85.

*geometry* driver: auto-detecting
*geometry* detected driver: xetex
*geometry* verbose mode - [ preamble ] result:
* driver: xetex
* paper: <default>
* layout: <same size as paper>
* layoutoffset:(h,v)=(0.0pt,0.0pt)
* modes: 
* h-part:(L,W,R)=(72.26999pt, 469.75502pt, 72.26999pt)
* v-part:(T,H,B)=(72.26999pt, 650.43001pt, 72.26999pt)
* \paperwidth=614.295pt
* \paperheight=794.96999pt
* \textwidth=469.75502pt
* \textheight=650.43001pt
* \oddsidemargin=0.0pt
* \evensidemargin=0.0pt
* \topmargin=-37.0pt
* \headheight=14.0pt
* \headsep=25.0pt
* \topskip=11.0pt
* \footskip=30.0pt
* \marginparwidth=59.0pt
* \marginparsep=10.0pt
* \columnsep=10.0pt
* \skip\footins=10.0pt plus 4.0pt minus 2.0pt
* \hoffset=0.0pt
* \voffset=0.0pt
* \mag=1000
* \@twocolumnfalse
* \@twosidefalse
* \@mparswitchfalse
* \@reversemarginfalse
* (1in=72.27pt=25.4mm, 1cm=28.453pt)

Package caption Info: Begin \AtBeginDocument code.
Package caption Info: float package is loaded.
Package caption Info: hyperref package is loaded.
Package caption Info: End \AtBeginDocument code.
(translations-basic-dictionary-english.trsl
File: translations-basic-dictionary-english.trsl (english translation file `tra
nslations-basic-dictionary')
)
Package translations Info: loading dictionary `translations-basic-dictionary' f
or `english'. on input line 85.
Package hyperref Info: Link coloring ON on input line 85.
 (nameref.sty
Package: nameref 2021-04-02 v2.47 Cross-referencing by name of section
 (refcount.sty
Package: refcount 2019/12/15 v3.6 Data extraction from label references (HO)
)
(gettitlestring.sty
Package: gettitlestring 2019/12/15 v1.6 Cleanup title references (HO)
)
\c@section@level=\count330
)
LaTeX Info: Redefining \ref on input line 85.
LaTeX Info: Redefining \pageref on input line 85.
LaTeX Info: Redefining \nameref on input line 85.
 (main.out) (main.out)
\@outlinefile=\write3
\openout3 = `main.out'.

LaTeX Info: Redefining \microtypecontext on input line 85.
Package microtype Info: Applying patch `item' on input line 85.
Package microtype Info: Applying patch `toc' on input line 85.
Package microtype Info: Applying patch `eqnum' on input line 85.
Package microtype Info: Applying patch `footnote' on input line 85.
Package microtype Info: Character protrusion enabled (level 2).
Package microtype Info: Using default protrusion set `alltext'.
Package microtype Info: No adjustment of tracking.
Package microtype Info: No adjustment of spacing.
Package microtype Info: No adjustment of kerning.
 (mt-cmr.cfg
File: mt-cmr.cfg 2013/05/19 v2.2 microtype config. file: Computer Modern Roman 
(RS)
)
LaTeX Font Info:    Trying to load font information for T1+lmss on input line 8
7.
 (t1lmss.fd
File: t1lmss.fd 2015/05/01 v1.6.1 Font defs for Latin Modern
)
Package microtype Info: Loading generic protrusion settings for font family
(microtype)             `lmss' (encoding: T1).
(microtype)             For optimal results, create family-specific settings.
(microtype)             See the microtype manual for details.
LaTeX Font Info:    Trying to load font information for OT1+lmr on input line 8
7.
 (ot1lmr.fd
File: ot1lmr.fd 2015/05/01 v1.6.1 Font defs for Latin Modern
)
LaTeX Font Info:    Trying to load font information for OML+lmm on input line 8
7.
 (omllmm.fd
File: omllmm.fd 2015/05/01 v1.6.1 Font defs for Latin Modern
)
LaTeX Font Info:    Trying to load font information for OMS+lmsy on input line 
87.
 (omslmsy.fd
File: omslmsy.fd 2015/05/01 v1.6.1 Font defs for Latin Modern
)
LaTeX Font Info:    Trying to load font information for OMX+lmex on input line 
87.
 (omxlmex.fd
File: omxlmex.fd 2015/05/01 v1.6.1 Font defs for Latin Modern
)
LaTeX Font Info:    External font `lmex10' loaded for size
(Font)              <12> on input line 87.
LaTeX Font Info:    External font `lmex10' loaded for size
(Font)              <8> on input line 87.
LaTeX Font Info:    External font `lmex10' loaded for size
(Font)              <6> on input line 87.
LaTeX Font Info:    Trying to load font information for U+msa on input line 87.

 (umsa.fd
File: umsa.fd 2013/01/14 v3.01 AMS symbols A
) (mt-msa.cfg
File: mt-msa.cfg 2006/02/04 v1.1 microtype config. file: AMS symbols (a) (RS)
)
LaTeX Font Info:    Trying to load font information for U+msb on input line 87.

 (umsb.fd
File: umsb.fd 2013/01/14 v3.01 AMS symbols B
)
(mt-msb.cfg
File: mt-msb.cfg 2005/06/01 v1.0 microtype config. file: AMS symbols (b) (RS)
)
LaTeX Font Info:    External font `lmex10' loaded for size
(Font)              <10> on input line 94.
LaTeX Font Info:    External font `lmex10' loaded for size
(Font)              <7> on input line 94.
LaTeX Font Info:    External font `lmex10' loaded for size
(Font)              <5> on input line 94.
 (main.toc
LaTeX Font Info:    External font `lmex10' loaded for size
(Font)              <10.95> on input line 3.
 [1

] [2] [3] [4])
\tf@toc=\write4
\openout4 = `main.toc'.

 [5] (sections/00_change_log
LaTeX Font Info:    External font `lmex10' loaded for size
(Font)              <9> on input line 40.
LaTeX Font Info:    Trying to load font information for T1+lmtt on input line 1
76.
 (t1lmtt.fd
File: t1lmtt.fd 2015/05/01 v1.6.1 Font defs for Latin Modern
)
Package microtype Info: Loading generic protrusion settings for font family
(microtype)             `lmtt' (encoding: T1).
(microtype)             For optimal results, create family-specific settings.
(microtype)             See the microtype manual for details.
[6

] [7] [8] [9]) [10] (sections/01_introduction
File: published_reference_figs/hps2015_published_limit.png Graphic file (type b
mp)
<published_reference_figs/hps2015_published_limit.png>

Underfull \hbox (badness 1527) in paragraph at lines 69--69
[]\T1/lmr/m/n/10 (a) |Pub-lished 2015 95% power-
 []

File: published_reference_figs/hps2016_published_prompt_pvalue.png Graphic file
 (type bmp)
<published_reference_figs/hps2016_published_prompt_pvalue.png>
File: published_reference_figs/hps2016_published_prompt_limit.png Graphic file 
(type bmp)
<published_reference_figs/hps2016_published_prompt_limit.png>
[11

]
File: context_figs/hps_engineering_phase_space_context.png Graphic file (type b
mp)
<context_figs/hps_engineering_phase_space_context.png>
 [12]
File: methodology_figs/gpr_intro_cartoon.png Graphic file (type bmp)
<methodology_figs/gpr_intro_cartoon.png>
 [13]
File: external_figs/frate2017/FFGPonToys.pdf Graphic file (type pdf)
<use external_figs/frate2017/FFGPonToys.pdf>
File: external_figs/frate2017/chi2.pdf Graphic file (type pdf)
<use external_figs/frate2017/chi2.pdf>
File: external_figs/frate2017/lumivschi2.pdf Graphic file (type pdf)
<use external_figs/frate2017/lumivschi2.pdf>
 [14] [15]) (sections/02_datasets [16]
File: apparatus_figs/hps_2015_2016_svt_baseline.png Graphic file (type bmp)
<apparatus_figs/hps_2015_2016_svt_baseline.png>
File: apparatus_figs/hps_2019_2021_svt_upgrade.png Graphic file (type bmp)
<apparatus_figs/hps_2019_2021_svt_upgrade.png>
 [17] [18]
File: dataset_summary_figs/invariant_mass_distributions_2015_2016_2021_normaliz
ed.png Graphic file (type bmp)
<dataset_summary_figs/invariant_mass_distributions_2015_2016_2021_normalized.pn
g>
 [19]
File: dataset_summary_figs/invariant_mass_distributions_2015_2016_2021_log.png 
Graphic file (type bmp)
<dataset_summary_figs/invariant_mass_distributions_2015_2016_2021_log.png>
)
(sections/03_event_selection [20] (tables/event_selection_table [21] [22])
File: preselection_plots/signal_overlay_loose_loose_vtx_mass.pdf Graphic file (
type pdf)
<use preselection_plots/signal_overlay_loose_loose_vtx_mass.pdf>
File: preselection_plots/signal_overlay_loose_loose_vtx_chi2.pdf Graphic file (
type pdf)
<use preselection_plots/signal_overlay_loose_loose_vtx_chi2.pdf>
File: preselection_plots/signal_overlay_loose_loose_ele_p.pdf Graphic file (typ
e pdf)
<use preselection_plots/signal_overlay_loose_loose_ele_p.pdf>
File: preselection_plots/signal_overlay_loose_loose_ele_pz.pdf Graphic file (ty
pe pdf)
<use preselection_plots/signal_overlay_loose_loose_ele_pz.pdf>
File: preselection_plots/signal_overlay_loose_loose_ele_d0.pdf Graphic file (ty
pe pdf)
<use preselection_plots/signal_overlay_loose_loose_ele_d0.pdf>
File: preselection_plots/signal_overlay_loose_loose_ele_z0.pdf Graphic file (ty
pe pdf)
<use preselection_plots/signal_overlay_loose_loose_ele_z0.pdf>
File: preselection_plots/signal_overlay_loose_loose_pos_p.pdf Graphic file (typ
e pdf)
<use preselection_plots/signal_overlay_loose_loose_pos_p.pdf>
File: preselection_plots/signal_overlay_loose_loose_pos_pz.pdf Graphic file (ty
pe pdf)
<use preselection_plots/signal_overlay_loose_loose_pos_pz.pdf>
File: preselection_plots/signal_overlay_loose_loose_pos_d0.pdf Graphic file (ty
pe pdf)
<use preselection_plots/signal_overlay_loose_loose_pos_d0.pdf>
File: preselection_plots/signal_overlay_loose_loose_pos_z0.pdf Graphic file (ty
pe pdf)
<use preselection_plots/signal_overlay_loose_loose_pos_z0.pdf>
File: preselection_plots/xy_scatter_xy_mass_vs_ele_p_data_loose.pdf Graphic fil
e (type pdf)
<use preselection_plots/xy_scatter_xy_mass_vs_ele_p_data_loose.pdf>
File: preselection_plots/xy_scatter_xy_mass_vs_ele_p_signal_loose.pdf Graphic f
ile (type pdf)
<use preselection_plots/xy_scatter_xy_mass_vs_ele_p_signal_loose.pdf>
File: preselection_plots/xy_scatter_xy_mass_vs_pos_p_data_loose.pdf Graphic fil
e (type pdf)
<use preselection_plots/xy_scatter_xy_mass_vs_pos_p_data_loose.pdf>
File: preselection_plots/xy_scatter_xy_mass_vs_pos_p_signal_loose.pdf Graphic f
ile (type pdf)
<use preselection_plots/xy_scatter_xy_mass_vs_pos_p_signal_loose.pdf>
File: preselection_plots/xy_scatter_xy_mass_vs_ele_chi2_data_loose.pdf Graphic 
file (type pdf)
<use preselection_plots/xy_scatter_xy_mass_vs_ele_chi2_data_loose.pdf>
File: preselection_plots/xy_scatter_xy_mass_vs_ele_chi2_signal_loose.pdf Graphi
c file (type pdf)
<use preselection_plots/xy_scatter_xy_mass_vs_ele_chi2_signal_loose.pdf>
File: preselection_plots/xy_scatter_xy_mass_vs_pos_chi2_data_loose.pdf Graphic 
file (type pdf)
<use preselection_plots/xy_scatter_xy_mass_vs_pos_chi2_data_loose.pdf>
File: preselection_plots/xy_scatter_xy_mass_vs_pos_chi2_signal_loose.pdf Graphi
c file (type pdf)
<use preselection_plots/xy_scatter_xy_mass_vs_pos_chi2_signal_loose.pdf>
File: preselection_plots/xy_scatter_xy_mass_vs_vtx_chi2_data_loose.pdf Graphic 
file (type pdf)
<use preselection_plots/xy_scatter_xy_mass_vs_vtx_chi2_data_loose.pdf>
File: preselection_plots/xy_scatter_xy_mass_vs_vtx_chi2_signal_loose.pdf Graphi
c file (type pdf)
<use preselection_plots/xy_scatter_xy_mass_vs_vtx_chi2_signal_loose.pdf>

[23]
File: resolution_figs/hps2015_mass_resolution_internal_fig24.png Graphic file (
type bmp)
<resolution_figs/hps2015_mass_resolution_internal_fig24.png>
 [24] [25] [26] [27] [28] [29]
File: resolution_figs/hps2016_mass_resolution_internal_fig29.png Graphic file (
type bmp)
<resolution_figs/hps2016_mass_resolution_internal_fig29.png>
 [30]
File: resolution_figs/hps2021_mass_resolution_target_constrained_nohitreq.png G
raphic file (type bmp)
<resolution_figs/hps2021_mass_resolution_target_constrained_nohitreq.png>
File: resolution_figs/hps2021_data_mc_smearing_scale.png Graphic file (type bmp
)
<resolution_figs/hps2021_data_mc_smearing_scale.png>
 [31]
File: resolution_figs/hps_mass_resolution_three_panel.png Graphic file (type bm
p)
<resolution_figs/hps_mass_resolution_three_panel.png>
 [32] [33]
File: normalization_figs/hps2015_radiative_fraction_review.png Graphic file (ty
pe bmp)
<normalization_figs/hps2015_radiative_fraction_review.png>
 [34]
File: normalization_figs/hps2016_radiative_fraction_internal_fig30.png Graphic 
file (type bmp)
<normalization_figs/hps2016_radiative_fraction_internal_fig30.png>
 [35]
File: normalization_figs/hps2021_radiative_fraction_note_fig92.png Graphic file
 (type bmp)
<normalization_figs/hps2021_radiative_fraction_note_fig92.png>
File: normalization_figs/hps2021_radiative_fraction_note_fig93.png Graphic file
 (type bmp)
<normalization_figs/hps2021_radiative_fraction_note_fig93.png>
 [36] [37]
File: normalization_figs/hps2021_radiative_xsec_note_fig16.png Graphic file (ty
pe bmp)
<normalization_figs/hps2021_radiative_xsec_note_fig16.png>
File: normalization_figs/hps2021_radiative_xsec_uncertainty_note_fig161.png Gra
phic file (type bmp)
<normalization_figs/hps2021_radiative_xsec_uncertainty_note_fig161.png>
File: normalization_figs/hps2021_systematics_note_table58.png Graphic file (typ
e bmp)
<normalization_figs/hps2021_systematics_note_table58.png>
)
(sections/04_methodology [38] [39] [40] [41] [42]
File: methodology_figs/gpr_hyperparameter_roles.pdf Graphic file (type pdf)
<use methodology_figs/gpr_hyperparameter_roles.pdf>
 [43] [44]
File: methodology_figs/gpr_mass_hypothesis_optimization.pdf Graphic file (type 
pdf)
<use methodology_figs/gpr_mass_hypothesis_optimization.pdf>
 [45] [46] [47]
File: methodology_figs/gpr_training_three_step_rail.png Graphic file (type bmp)

<methodology_figs/gpr_training_three_step_rail.png>
File: methodology_figs/blinded_mass_window_reworked.png Graphic file (type bmp)

<methodology_figs/blinded_mass_window_reworked.png>

[48] [49] [50] [51] [52] [53]
File: methodology_figs/pvalue_tail_schematic.png Graphic file (type bmp)
<methodology_figs/pvalue_tail_schematic.png>
File: methodology_figs/pvalue_tail_examples.png Graphic file (type bmp)
<methodology_figs/pvalue_tail_examples.png>
 [54] [55] [56]
File: final_limit_projection_figs/90cls/dimuon/dimuon_factor_vs_mass.png Graphi
c file (type bmp)
<final_limit_projection_figs/90cls/dimuon/dimuon_factor_vs_mass.png>
) (sections/05_toys_validation
[57]
File: guard_band_figs/hps_gpr_bump_hunt_flowchart.png Graphic file (type bmp)
<guard_band_figs/hps_gpr_bump_hunt_flowchart.png>
 [58] [59]
File: guard_band_figs/guard_band_5sigma_fake_data_gp_band_no_guard_2p25_extende
d2sigma.png Graphic file (type bmp)
<guard_band_figs/guard_band_5sigma_fake_data_gp_band_no_guard_2p25_extended2sig
ma.png>
 [60]
File: toy_generation_figs/funcform_publication_overview.png Graphic file (type 
bmp)
<toy_generation_figs/funcform_publication_overview.png>
 [61] [62] [63] [64] [65]
File: toy_generation_figs/v4p9p1_2021_background_validation_20260817/figure64_s
purious_signal_consolidated_full100_90cl.pdf Graphic file (type pdf)
<use toy_generation_figs/v4p9p1_2021_background_validation_20260817/figure64_sp
urious_signal_consolidated_full100_90cl.pdf>
File: toy_generation_figs/v4p9p1_2021_background_validation_20260817/figure65_o
nepctx10_65mev_table17_vs_historical_90cl.pdf Graphic file (type pdf)
<use toy_generation_figs/v4p9p1_2021_background_validation_20260817/figure65_on
epctx10_65mev_table17_vs_historical_90cl.pdf>
File: toy_generation_figs/v4p9p1_2021_background_validation_20260817/pull_means
_widths_consolidated_2x4_full100_90cl.pdf Graphic file (type pdf)
<use toy_generation_figs/v4p9p1_2021_background_validation_20260817/pull_means_
widths_consolidated_2x4_full100_90cl.pdf>
 [66] [67] [68] [69] [70])
(sections/06_results [71]
File: final_limit_projection_figs/v4p1_20260804_2016_lsupper/lml_and_length_sca
le_boundary_occupancy.pdf Graphic file (type pdf)
<use final_limit_projection_figs/v4p1_20260804_2016_lsupper/lml_and_length_scal
e_boundary_occupancy.pdf>
 [72] [73]
File: final_limit_projection_figs/v4p2_20260805_combined300/combined_observed_b
ands300_minimal_visible.pdf Graphic file (type pdf)
<use final_limit_projection_figs/v4p2_20260805_combined300/combined_observed_ba
nds300_minimal_visible.pdf>
 [74]
File: final_limit_projection_figs/v4p2_20260805_combined300/individual_observed
_limits_minimal_visible.pdf Graphic file (type pdf)
<use final_limit_projection_figs/v4p2_20260805_combined300/individual_observed_
limits_minimal_visible.pdf>
 [75]
File: final_limit_projection_figs/v4p2_20260805_combined300/standalone_observed
_bands100_minimal_visible.pdf Graphic file (type pdf)
<use final_limit_projection_figs/v4p2_20260805_combined300/standalone_observed_
bands100_minimal_visible.pdf>
 [76]
File: final_limit_projection_figs/v4p2_20260805_combined300/pairwise_observed_b
ands100_minimal_visible.pdf Graphic file (type pdf)
<use final_limit_projection_figs/v4p2_20260805_combined300/pairwise_observed_ba
nds100_minimal_visible.pdf>
 [77]
File: final_limit_projection_figs/v4p2_20260805_combined300/combined_limit_tail
_pvalues300.pdf Graphic file (type pdf)
<use final_limit_projection_figs/v4p2_20260805_combined300/combined_limit_tail_
pvalues300.pdf>
 [78]
File: final_limit_projection_figs/v4p2_20260805_combined300/combined_local_p0_s
idak_reference.pdf Graphic file (type pdf)
<use final_limit_projection_figs/v4p2_20260805_combined300/combined_local_p0_si
dak_reference.pdf>
 [79]
File: final_limit_projection_figs/v4p2_20260805_combined300/individual_local_p0
.pdf Graphic file (type pdf)
<use final_limit_projection_figs/v4p2_20260805_combined300/individual_local_p0.
pdf>
 [80]
File: final_limit_projection_figs/v4p2_20260805_combined300/observed_extraction
_m065_wide.pdf Graphic file (type pdf)
<use final_limit_projection_figs/v4p2_20260805_combined300/observed_extraction_
m065_wide.pdf>
 [81]
File: final_limit_projection_figs/v4p2_followups_20260806/figure62_profiled_res
iduals_physical68.pdf Graphic file (type pdf)
<use final_limit_projection_figs/v4p2_followups_20260806/figure62_profiled_resi
duals_physical68.pdf>

[82] [83]
File: final_limit_projection_figs/v4p2_followups_20260806/v4p2_babar_observed_e
quivalent_projection_eps2.pdf Graphic file (type pdf)
<use final_limit_projection_figs/v4p2_followups_20260806/v4p2_babar_observed_eq
uivalent_projection_eps2.pdf>
 [84]) (sections/06a_v4p9p5_support_edge_optimization
File: v4p9p5_support_figs/source_threshold_and_support_edges.pdf Graphic file (
type pdf)
<use v4p9p5_support_figs/source_threshold_and_support_edges.pdf>
 [85] [86]
File: v4p9p5_support_figs/confirmation_full100_pull_means.pdf Graphic file (typ
e pdf)
<use v4p9p5_support_figs/confirmation_full100_pull_means.pdf>
File: v4p9p5_support_figs/observed_aligned_yield_eps2_pvalue.pdf Graphic file (
type pdf)
<use v4p9p5_support_figs/observed_aligned_yield_eps2_pvalue.pdf>

[87] [88] [89]) (sections/07_conclusions [90])
(sections/appendix_v4p9_threshold_qualification [91] [92]
File: toy_generation_figs/v4p9_2021_threshold_support_qualification_20260817/op
timizer_and_length_diagnostics.pdf Graphic file (type pdf)
<use toy_generation_figs/v4p9_2021_threshold_support_qualification_20260817/opt
imizer_and_length_diagnostics.pdf>
File: toy_generation_figs/v4p9_2021_threshold_support_qualification_20260817/to
y_sampling_qa.pdf Graphic file (type pdf)
<use toy_generation_figs/v4p9_2021_threshold_support_qualification_20260817/toy
_sampling_qa.pdf>
 [93])
(sections/appendix_v4p8_validation_archive [94]
File: guard_band_figs/hps_gpr_bump_hunt_flowchart.png Graphic file (type bmp)
<guard_band_figs/hps_gpr_bump_hunt_flowchart.png>
 [95] [96]
Underfull \hbox (badness 3471) in paragraph at lines 114--117
[]\T1/lmr/m/n/10.95 The background-only proxy $\OT1/lmr/m/n/10.95 1\OML/lmm/m/i
t/10.95 :\OT1/lmr/m/n/10.95 64 \OML/lmm/m/it/10.95 ^^[[]=A[]$
 []

File: guard_band_figs/guard_band_5sigma_fake_data_gp_band_no_guard_2p25_extende
d2sigma.png Graphic file (type bmp)
<guard_band_figs/guard_band_5sigma_fake_data_gp_band_no_guard_2p25_extended2sig
ma.png>
[97] [98]
File: guard_band_figs/expected95_reach_z0.png Graphic file (type bmp)
<guard_band_figs/expected95_reach_z0.png>
File: guard_band_figs/uncertainty_vs_reach_z0.png Graphic file (type bmp)
<guard_band_figs/uncertainty_vs_reach_z0.png>
 [99]
File: guard_band_figs/f_train_frac_vs_mass.png Graphic file (type bmp)
<guard_band_figs/f_train_frac_vs_mass.png>
File: guard_band_figs/reference_components_z0.png Graphic file (type bmp)
<guard_band_figs/reference_components_z0.png>
 [100]
File: guard_band_figs/eps2_recovery_vs_mass.png Graphic file (type bmp)
<guard_band_figs/eps2_recovery_vs_mass.png>
File: guard_band_figs/delta_z_vs_mass.png Graphic file (type bmp)
<guard_band_figs/delta_z_vs_mass.png>
File: guard_band_figs/pull_mean_vs_mass.png Graphic file (type bmp)
<guard_band_figs/pull_mean_vs_mass.png>
File: guard_band_figs/pull_width_vs_mass.png Graphic file (type bmp)
<guard_band_figs/pull_width_vs_mass.png>
 [101]
File: guard_band_figs/eps2_recovery_box_z2.png Graphic file (type bmp)
<guard_band_figs/eps2_recovery_box_z2.png>
File: guard_band_figs/eps2_recovery_box_z5.png Graphic file (type bmp)
<guard_band_figs/eps2_recovery_box_z5.png>
 [102]
File: guard_band_figs/refmatched_blind_geometries_eps2_95_reach.png Graphic fil
e (type bmp)
<guard_band_figs/refmatched_blind_geometries_eps2_95_reach.png>


LaTeX Warning: `!h' float specifier changed to `!ht'.

File: guard_band_figs/refmatched_blind_geometries_background_only_closure.png G
raphic file (type bmp)
<guard_band_figs/refmatched_blind_geometries_background_only_closure.png>

LaTeX Warning: `!h' float specifier changed to `!ht'.

File: guard_band_figs/refmatched_blind_geometry_pull_summary_z0135.png Graphic 
file (type bmp)
<guard_band_figs/refmatched_blind_geometry_pull_summary_z0135.png>

LaTeX Warning: `!h' float specifier changed to `!ht'.

File: guard_band_figs/refmatched_blind_geometries_injected_amplitude_recovery.p
ng Graphic file (type bmp)
<guard_band_figs/refmatched_blind_geometries_injected_amplitude_recovery.png>

LaTeX Warning: `!h' float specifier changed to `!ht'.

File: guard_band_figs/refmatched_blind_geometries_z_calibration_residual.png Gr
aphic file (type bmp)
<guard_band_figs/refmatched_blind_geometries_z_calibration_residual.png>

LaTeX Warning: `!h' float specifier changed to `!ht'.

[103] [104] [105] [106] [107] [108] [109

]
File: toy_generation_figs/funcform_publication_overview.png Graphic file (type 
bmp)
<toy_generation_figs/funcform_publication_overview.png>
 [110] [111]
File: toy_generation_figs/v3_20260709_lslb_closure/fig40_style_2015_lslb_closur
e_suite_100toy.png Graphic file (type bmp)
<toy_generation_figs/v3_20260709_lslb_closure/fig40_style_2015_lslb_closure_sui
te_100toy.png>
File: toy_generation_figs/v3_20260709_lslb_closure/fig40_style_2016_lslb_closur
e_suite_25toy.png Graphic file (type bmp)
<toy_generation_figs/v3_20260709_lslb_closure/fig40_style_2016_lslb_closure_sui
te_25toy.png>
File: toy_generation_figs/v3_20260709_lslb_closure/fig40_style_2021_search50_pr
oject30_refmatched_lslb_closure_suite_25toy.png Graphic file (type bmp)
<toy_generation_figs/v3_20260709_lslb_closure/fig40_style_2021_search50_project
30_refmatched_lslb_closure_suite_25toy.png>
 [112] [113] [114]
[115] [116]
File: toy_generation_figs/v4p6_2021_exposure_refmatched_100toy_20260812/functio
nal_form_exposure_mass_distributions_full100.pdf Graphic file (type pdf)
<use toy_generation_figs/v4p6_2021_exposure_refmatched_100toy_20260812/function
al_form_exposure_mass_distributions_full100.pdf>
 [117] [118]
File: toy_generation_figs/v4p6_2021_exposure_refmatched_100toy_20260812/optimiz
er_gate_diagnostics_full100.pdf Graphic file (type pdf)
<use toy_generation_figs/v4p6_2021_exposure_refmatched_100toy_20260812/optimize
r_gate_diagnostics_full100.pdf>
File: toy_generation_figs/v4p6_2021_exposure_refmatched_100toy_20260812/spuriou
s_signal_zero_sigma_full100.pdf Graphic file (type pdf)
<use toy_generation_figs/v4p6_2021_exposure_refmatched_100toy_20260812/spurious
_signal_zero_sigma_full100.pdf>
File: toy_generation_figs/v4p6_2021_exposure_refmatched_100toy_20260812/onepct_
x10_65mev_bias_confirmation.pdf Graphic file (type pdf)
<use toy_generation_figs/v4p6_2021_exposure_refmatched_100toy_20260812/onepct_x
10_65mev_bias_confirmation.pdf>
File: toy_generation_figs/v4p6_2021_exposure_refmatched_100toy_20260812/refmatc
hed_closure_full100_2021_1pct_x10.pdf Graphic file (type pdf)
<use toy_generation_figs/v4p6_2021_exposure_refmatched_100toy_20260812/refmatch
ed_closure_full100_2021_1pct_x10.pdf>
File: toy_generation_figs/v4p6_2021_exposure_refmatched_100toy_20260812/refmatc
hed_closure_full100_2021_10pct.pdf Graphic file (type pdf)
<use toy_generation_figs/v4p6_2021_exposure_refmatched_100toy_20260812/refmatch
ed_closure_full100_2021_10pct.pdf>
File: toy_generation_figs/v4p6_2021_exposure_refmatched_100toy_20260812/refmatc
hed_closure_full100_2021_1pct_x100.pdf Graphic file (type pdf)
<use toy_generation_figs/v4p6_2021_exposure_refmatched_100toy_20260812/refmatch
ed_closure_full100_2021_1pct_x100.pdf>
File: toy_generation_figs/v4p6_2021_exposure_refmatched_100toy_20260812/refmatc
hed_closure_full100_2021_10pct_x10.pdf Graphic file (type pdf)
<use toy_generation_figs/v4p6_2021_exposure_refmatched_100toy_20260812/refmatch
ed_closure_full100_2021_10pct_x10.pdf>
 [119] [120] [121] [122] [123] [124] [125] [126]
File: toy_generation_figs/v4p6_2021_exposure_refmatched_100toy_20260812/eps2_co
ordinate_distributions_full100.pdf Graphic file (type pdf)
<use toy_generation_figs/v4p6_2021_exposure_refmatched_100toy_20260812/eps2_coo
rdinate_distributions_full100.pdf>
File: toy_generation_figs/v4p6_2021_exposure_refmatched_100toy_20260812/direct_
pairwise_eps2_comparisons_full100.pdf Graphic file (type pdf)
<use toy_generation_figs/v4p6_2021_exposure_refmatched_100toy_20260812/direct_p
airwise_eps2_comparisons_full100.pdf>

[127

] [128] [129] [130

]
File: toy_generation_figs/v4p7_2021_near_threshold_background_modeling_20260812
/near_threshold_old_new_fit_residuals.pdf Graphic file (type pdf)
<use toy_generation_figs/v4p7_2021_near_threshold_background_modeling_20260812/
near_threshold_old_new_fit_residuals.pdf>
File: toy_generation_figs/v4p7_2021_near_threshold_background_modeling_20260812
/near_threshold_degree_selection.pdf Graphic file (type pdf)
<use toy_generation_figs/v4p7_2021_near_threshold_background_modeling_20260812/
near_threshold_degree_selection.pdf>
File: toy_generation_figs/v4p7_2021_near_threshold_background_modeling_20260812
/near_threshold_leave_window_out.pdf Graphic file (type pdf)
<use toy_generation_figs/v4p7_2021_near_threshold_background_modeling_20260812/
near_threshold_leave_window_out.pdf>
 [131] [132]
File: toy_generation_figs/v4p7_2021_near_threshold_background_modeling_20260812
/near_threshold_optimizer_gate_repair.pdf Graphic file (type pdf)
<use toy_generation_figs/v4p7_2021_near_threshold_background_modeling_20260812/
near_threshold_optimizer_gate_repair.pdf>
 [133]
Underfull \hbox (badness 2012) in paragraph at lines 1523--1523
[]\T1/lmr/m/n/10.95 Table 20: |Background-only near-threshold clo-sure. ``Old a
n-a-lytic'' uses the em-bed-ded
 []

File: toy_generation_figs/v4p7_2021_near_threshold_background_modeling_20260812
/near_threshold_zero_signal_closure.pdf Graphic file (type pdf)
<use toy_generation_figs/v4p7_2021_near_threshold_background_modeling_20260812/
near_threshold_zero_signal_closure.pdf>
File: toy_generation_figs/v4p7_2021_near_threshold_background_modeling_20260812
/near_threshold_injection_pull_summary.pdf Graphic file (type pdf)
<use toy_generation_figs/v4p7_2021_near_threshold_background_modeling_20260812/
near_threshold_injection_pull_summary.pdf>
File: toy_generation_figs/v4p7_2021_near_threshold_background_modeling_20260812
/near_threshold_amplitude_recovery.pdf Graphic file (type pdf)
<use toy_generation_figs/v4p7_2021_near_threshold_background_modeling_20260812/
near_threshold_amplitude_recovery.pdf>
[134] [135] [136] [137] [138] (sections/subsection_v4p8p3_residual_truths
File: toy_generation_figs/v4p8p3_2021_residual_truths_20260814/v4p8p3_source_qu
alification_and_residuals.pdf Graphic file (type pdf)
<use toy_generation_figs/v4p8p3_2021_residual_truths_20260814/v4p8p3_source_qua
lification_and_residuals.pdf>

[139

] [140]
File: toy_generation_figs/v4p8p3_2021_residual_truths_20260814/v4p8p3_signal_in
fluence_audit.pdf Graphic file (type pdf)
<use toy_generation_figs/v4p8p3_2021_residual_truths_20260814/v4p8p3_signal_inf
luence_audit.pdf>
File: toy_generation_figs/v4p8p3_2021_residual_truths_20260814/v4p8p3_five_lane
_toy_sampling_20.pdf Graphic file (type pdf)
<use toy_generation_figs/v4p8p3_2021_residual_truths_20260814/v4p8p3_five_lane_
toy_sampling_20.pdf>
 [141] [142] [143]
File: toy_generation_figs/v4p8p3_2021_residual_truths_20260814/v4p8p3_length_ce
iling_pilot.pdf Graphic file (type pdf)
<use toy_generation_figs/v4p8p3_2021_residual_truths_20260814/v4p8p3_length_cei
ling_pilot.pdf>
File: toy_generation_figs/v4p8p3_2021_residual_truths_20260814/v4p8p3_length_ce
iling_remediation.pdf Graphic file (type pdf)
<use toy_generation_figs/v4p8p3_2021_residual_truths_20260814/v4p8p3_length_cei
ling_remediation.pdf>
 [144] [145] [146]
File: toy_generation_figs/v4p8p3_2021_residual_truths_20260814/v4p8p3_zero_sign
al_conditional_closure_20toy.pdf Graphic file (type pdf)
<use toy_generation_figs/v4p8p3_2021_residual_truths_20260814/v4p8p3_zero_signa
l_conditional_closure_20toy.pdf>
File: toy_generation_figs/v4p8p3_2021_residual_truths_20260814/v4p8p3_injected_
recovery_20toy.pdf Graphic file (type pdf)
<use toy_generation_figs/v4p8p3_2021_residual_truths_20260814/v4p8p3_injected_r
ecovery_20toy.pdf>
 [147] [148] [149]) [150]
File: fit_example_figs/2015/m030MeV_blind_fit.png Graphic file (type bmp)
<fit_example_figs/2015/m030MeV_blind_fit.png>
File: fit_example_figs/2016/m058MeV_blind_fit.png Graphic file (type bmp)
<fit_example_figs/2016/m058MeV_blind_fit.png>


LaTeX Warning: `!h' float specifier changed to `!ht'.

[151] [152]
File: injection_extraction_figs/refmatched_train2p25_pull_hists_2015/pull_hist_
2015_m075MeV_Z0.png Graphic file (type bmp)
<injection_extraction_figs/refmatched_train2p25_pull_hists_2015/pull_hist_2015_
m075MeV_Z0.png>
File: injection_extraction_figs/refmatched_train2p25_pull_hists_2015/pull_hist_
2015_m075MeV_Z2.png Graphic file (type bmp)
<injection_extraction_figs/refmatched_train2p25_pull_hists_2015/pull_hist_2015_
m075MeV_Z2.png>
File: injection_extraction_figs/refmatched_train2p25_pull_hists_2015/pull_hist_
2015_m075MeV_Z5.png Graphic file (type bmp)
<injection_extraction_figs/refmatched_train2p25_pull_hists_2015/pull_hist_2015_
m075MeV_Z5.png>
 [153] [154]) (sections/appendix_prior_validation_results
File: toy_generation_figs/closure_validation_suite_2015_fShiftSigPowTail.png Gr
aphic file (type bmp)
<toy_generation_figs/closure_validation_suite_2015_fShiftSigPowTail.png>
File: toy_generation_figs/closure_validation_suite_2016_fShiftSigPowTail.png Gr
aphic file (type bmp)
<toy_generation_figs/closure_validation_suite_2016_fShiftSigPowTail.png>
File: toy_generation_figs/closure_validation_suite_2021_fSigPowExpQ.png Graphic
 file (type bmp)
<toy_generation_figs/closure_validation_suite_2021_fSigPowExpQ.png>
 [155]
[156] [157] [158]
File: injection_extraction_figs/refmatched_train2p25_pull_vs_mass_2015.png Grap
hic file (type bmp)
<injection_extraction_figs/refmatched_train2p25_pull_vs_mass_2015.png>
File: injection_extraction_figs/refmatched_train2p25_z_calibration_residual_201
5.png Graphic file (type bmp)
<injection_extraction_figs/refmatched_train2p25_z_calibration_residual_2015.png
>
File: injection_extraction_figs/refmatched_train2p25_pull_vs_mass_2016.png Grap
hic file (type bmp)
<injection_extraction_figs/refmatched_train2p25_pull_vs_mass_2016.png>
File: injection_extraction_figs/refmatched_train2p25_z_calibration_residual_201
6.png Graphic file (type bmp)
<injection_extraction_figs/refmatched_train2p25_z_calibration_residual_2016.png
>
File: injection_extraction_figs/refmatched_train2p25_pull_vs_mass_2021.png Grap
hic file (type bmp)
<injection_extraction_figs/refmatched_train2p25_pull_vs_mass_2021.png>
File: injection_extraction_figs/refmatched_train2p25_z_calibration_residual_202
1.png Graphic file (type bmp)
<injection_extraction_figs/refmatched_train2p25_z_calibration_residual_2021.png
>
 [159] [160] [161] [162]
File: final_limit_projection_figs/individual_datasets/2015_eps2_coupling_bands_
observed_expected.png Graphic file (type bmp)
<final_limit_projection_figs/individual_datasets/2015_eps2_coupling_bands_obser
ved_expected.png>
File: final_limit_projection_figs/individual_datasets/2016_eps2_coupling_bands_
observed_expected.png Graphic file (type bmp)
<final_limit_projection_figs/individual_datasets/2016_eps2_coupling_bands_obser
ved_expected.png>
File: final_limit_projection_figs/individual_datasets/2021_eps2_coupling_bands_
observed_expected.png Graphic file (type bmp)
<final_limit_projection_figs/individual_datasets/2021_eps2_coupling_bands_obser
ved_expected.png>
File: final_limit_projection_figs/combined/combined_corrected2_bands_with_corre
ct_observed_eps2.png Graphic file (type bmp)
<final_limit_projection_figs/combined/combined_corrected2_bands_with_correct_ob
served_eps2.png>
File: final_limit_projection_figs/combined/observed_eps2_overlay_individual_and
_correct_combined.png Graphic file (type bmp)
<final_limit_projection_figs/combined/observed_eps2_overlay_individual_and_corr
ect_combined.png>
File: final_limit_projection_figs/90cls/projections/projected_full_unblinded_re
ach_90cls_eps2.png Graphic file (type bmp)
<final_limit_projection_figs/90cls/projections/projected_full_unblinded_reach_9
0cls_eps2.png>
File: final_limit_projection_figs/90cls/babar_90_comparison/babar90_vs_projecte
d_full_data_100pct.png Graphic file (type bmp)
<final_limit_projection_figs/90cls/babar_90_comparison/babar90_vs_projected_ful
l_data_100pct.png>
 [163] [164] [165] [166] [167]
[168]
File: final_limit_projection_figs/90cls/diagnostics/combined_expected_band_spik
e_diagnostics_90cls.png Graphic file (type bmp)
<final_limit_projection_figs/90cls/diagnostics/combined_expected_band_spike_dia
gnostics_90cls.png>
File: final_limit_projection_figs/90cls/diagnostics/combined_toy_limit_tail_are
as_90cls.png Graphic file (type bmp)
<final_limit_projection_figs/90cls/diagnostics/combined_toy_limit_tail_areas_90
cls.png>
File: final_limit_projection_figs/individual_datasets/2015_local_p0_with_global
_p_overlay.png Graphic file (type bmp)
<final_limit_projection_figs/individual_datasets/2015_local_p0_with_global_p_ov
erlay.png>
File: final_limit_projection_figs/individual_datasets/2016_local_p0_with_global
_p_overlay.png Graphic file (type bmp)
<final_limit_projection_figs/individual_datasets/2016_local_p0_with_global_p_ov
erlay.png>
File: final_limit_projection_figs/individual_datasets/2021_local_p0_with_global
_p_overlay.png Graphic file (type bmp)
<final_limit_projection_figs/individual_datasets/2021_local_p0_with_global_p_ov
erlay.png>
File: final_limit_projection_figs/diagnostics/combined_local_p0_with_global_p_o
verlay.png Graphic file (type bmp)
<final_limit_projection_figs/diagnostics/combined_local_p0_with_global_p_overla
y.png>
File: final_limit_projection_figs/diagnostics/combined_local_Z_with_global_Z_ov
erlay.png Graphic file (type bmp)
<final_limit_projection_figs/diagnostics/combined_local_Z_with_global_Z_overlay
.png>
File: final_limit_projection_figs/90cls/scaled_21/scaled_21_bandfixed_dimuon_vs
_unscaled_overlay_ratio.png Graphic file (type bmp)
<final_limit_projection_figs/90cls/scaled_21/scaled_21_bandfixed_dimuon_vs_unsc
aled_overlay_ratio.png>
 [169] [170] [171] [172] [173] [174]
File: combined_search_figs/combined_search_power_scenarios.png Graphic file (ty
pe bmp)
<combined_search_figs/combined_search_power_scenarios.png>
File: combined_search_figs/combined_search_power_constituent_pvalues_5sigma.png
 Graphic file (type bmp)
<combined_search_figs/combined_search_power_constituent_pvalues_5sigma.png>
 [175

] [176] [177]
File: extract_display_combined_m040MeV_z5p0_polished.png Graphic file (type bmp
)
<extract_display_combined_m040MeV_z5p0_polished.png>
 [178


]
File: extract_display_combined_m080MeV_z5p0_polished.png Graphic file (type bmp
)
<extract_display_combined_m080MeV_z5p0_polished.png>
 [179


]
File: extract_display_combined_m120MeV_z5p0_polished.png Graphic file (type bmp
)
<extract_display_combined_m120MeV_z5p0_polished.png>

[180


]
File: extract_display_combined_m040MeV_z3p0_refit.png Graphic file (type bmp)
<extract_display_combined_m040MeV_z3p0_refit.png>
 [181


]) (sections/appendix_kernel_studies
LaTeX Font Info:    Trying to load font information for OT1+lmss on input line 
33.
 (ot1lmss.fd
File: ot1lmss.fd 2015/05/01 v1.6.1 Font defs for Latin Modern
)
Package microtype Info: Loading generic protrusion settings for font family
(microtype)             `lmss' (encoding: OT1).
(microtype)             For optimal results, create family-specific settings.
(microtype)             See the microtype manual for details.
 [182


]
File: appendix_figs/2016_10pct_whitenoisefit.png Graphic file (type bmp)
<appendix_figs/2016_10pct_whitenoisefit.png>
File: appendix_figs/piecewise_diagram.png Graphic file (type bmp)
<appendix_figs/piecewise_diagram.png>
File: appendix_figs/signal_yield_2016_10.png Graphic file (type bmp)
<appendix_figs/signal_yield_2016_10.png>
File: guard_band_figs/guard_band_signal_leakage_cartoon.png Graphic file (type 
bmp)
<guard_band_figs/guard_band_signal_leakage_cartoon.png>
)
(sections/appendix_2015_method_comparison [183] [184] [185] [186]
File: final_limit_projection_figs/individual_datasets/hps2015_95cl_observed_vs_
internal_note.png Graphic file (type bmp)
<final_limit_projection_figs/individual_datasets/hps2015_95cl_observed_vs_inter
nal_note.png>
 [187]
[188]) [189] [190] [191] (sections/appendix_v4p2_followups)
(sections/appendix_signal_candidate_catalogue [192

] [193

] [194

]
File: final_limit_projection_figs/v4p2_candidate_catalogue_20260807/candidate_i
npainting_deltaZ_matrix.pdf Graphic file (type pdf)
<use final_limit_projection_figs/v4p2_candidate_catalogue_20260807/candidate_in
painting_deltaZ_matrix.pdf>
 [195

] [196]
File: final_limit_projection_figs/v4p2_candidate_catalogue_20260807/reciprocal_
65_80_propagation.pdf Graphic file (type pdf)
<use final_limit_projection_figs/v4p2_candidate_catalogue_20260807/reciprocal_6
5_80_propagation.pdf>

[197]
File: final_limit_projection_figs/v4p2_candidate_catalogue_20260807/m065_standa
lone_z_positional_overlay.pdf Graphic file (type pdf)
<use final_limit_projection_figs/v4p2_candidate_catalogue_20260807/m065_standal
one_z_positional_overlay.pdf>
File: final_limit_projection_figs/v4p2_candidate_catalogue_20260807/m065_standa
rdized_residual_positional_overlay.pdf Graphic file (type pdf)
<use final_limit_projection_figs/v4p2_candidate_catalogue_20260807/m065_standar
dized_residual_positional_overlay.pdf>
 [198]
File: final_limit_projection_figs/v4p2_candidate_catalogue_20260807/candidate65
_window_sideband_simp_low_mass_y0.pdf Graphic file (type pdf)
<use final_limit_projection_figs/v4p2_candidate_catalogue_20260807/candidate65_
window_sideband_simp_low_mass_y0.pdf>
 [199]
File: final_limit_projection_figs/v4p2_candidate_catalogue_20260807/candidate65
_window_sideband_tm_high_mass_y0.pdf Graphic file (type pdf)
<use final_limit_projection_figs/v4p2_candidate_catalogue_20260807/candidate65_
window_sideband_tm_high_mass_y0.pdf>
 [200]
File: final_limit_projection_figs/v4p2_candidate_catalogue_20260807/candidate65
_topology_residual.pdf Graphic file (type pdf)
<use final_limit_projection_figs/v4p2_candidate_catalogue_20260807/candidate65_
topology_residual.pdf>
File: final_limit_projection_figs/v4p2_candidate_catalogue_20260807/candidate65
_sideband_choice_stress.pdf Graphic file (type pdf)
<use final_limit_projection_figs/v4p2_candidate_catalogue_20260807/candidate65_
sideband_choice_stress.pdf>
 [201] (sections/appendix_v4p3_exact_v16_diagnostics
[202] [203]
File: final_limit_projection_figs/v4p3_2021_10pct_exact_v16_diagnostics_2026081
0/partition_composition_gpr.pdf Graphic file (type pdf)
<use final_limit_projection_figs/v4p3_2021_10pct_exact_v16_diagnostics_20260810
/partition_composition_gpr.pdf>
 [204]
File: final_limit_projection_figs/v4p3_2021_10pct_exact_v16_diagnostics_2026081
0/central_sideband_controls.pdf Graphic file (type pdf)
<use final_limit_projection_figs/v4p3_2021_10pct_exact_v16_diagnostics_20260810
/central_sideband_controls.pdf>
File: final_limit_projection_figs/v4p3_2021_10pct_exact_v16_diagnostics_2026081
0/conditional_residual_atlas.pdf Graphic file (type pdf)
<use final_limit_projection_figs/v4p3_2021_10pct_exact_v16_diagnostics_20260810
/conditional_residual_atlas.pdf>
 [205]
File: final_limit_projection_figs/v4p3_2021_10pct_exact_v16_diagnostics_2026081
0/effect_size_robustness_summary.pdf Graphic file (type pdf)
<use final_limit_projection_figs/v4p3_2021_10pct_exact_v16_diagnostics_20260810
/effect_size_robustness_summary.pdf>
 [206])
(sections/appendix_v4p3_candidate_region_comparisons [207] [208]
File: final_limit_projection_figs/v4p3_candidate_region_variable_comparisons_20
260811/candidate_region_psum.pdf Graphic file (type pdf)
<use final_limit_projection_figs/v4p3_candidate_region_variable_comparisons_202
60811/candidate_region_psum.pdf>
File: final_limit_projection_figs/v4p3_candidate_region_variable_comparisons_20
260811/candidate_region_vtx_proj_sig.pdf Graphic file (type pdf)
<use final_limit_projection_figs/v4p3_candidate_region_variable_comparisons_202
60811/candidate_region_vtx_proj_sig.pdf>
 [209]
File: final_limit_projection_figs/v4p3_candidate_region_variable_comparisons_20
260811/candidate_region_min_y0.pdf Graphic file (type pdf)
<use final_limit_projection_figs/v4p3_candidate_region_variable_comparisons_202
60811/candidate_region_min_y0.pdf>
 [210]
File: final_limit_projection_figs/v4p3_candidate_region_variable_comparisons_20
260811/candidate_region_electron_n3d_hits.pdf Graphic file (type pdf)
<use final_limit_projection_figs/v4p3_candidate_region_variable_comparisons_202
60811/candidate_region_electron_n3d_hits.pdf>

[211]
File: final_limit_projection_figs/v4p3_candidate_region_variable_comparisons_20
260811/candidate_region_topology.pdf Graphic file (type pdf)
<use final_limit_projection_figs/v4p3_candidate_region_variable_comparisons_202
60811/candidate_region_topology.pdf>
 [212]
File: final_limit_projection_figs/v4p3_candidate_region_variable_comparisons_20
260811/candidate_region_trigger.pdf Graphic file (type pdf)
<use final_limit_projection_figs/v4p3_candidate_region_variable_comparisons_202
60811/candidate_region_trigger.pdf>
File: final_limit_projection_figs/v4p3_candidate_region_variable_comparisons_20
260811/candidate_region_tv_summary.pdf Graphic file (type pdf)
<use final_limit_projection_figs/v4p3_candidate_region_variable_comparisons_202
60811/candidate_region_tv_summary.pdf>
 [213])) (sections/appendix_v4p5_ten_toy_source_exposure [214]
File: toy_generation_figs/v4p1_ls_exposure_pilot/fig_v4p1_ls_observed_dataset_c
omparison.pdf Graphic file (type pdf)
<use toy_generation_figs/v4p1_ls_exposure_pilot/fig_v4p1_ls_observed_dataset_co
mparison.pdf>

[215

]
File: toy_generation_figs/v4p1_ls_exposure_pilot/fig_v4p1_ensemble_ls_all_toys_
gengamma_f20.pdf Graphic file (type pdf)
<use toy_generation_figs/v4p1_ls_exposure_pilot/fig_v4p1_ensemble_ls_all_toys_g
engamma_f20.pdf>
 [216]
File: toy_generation_figs/v4p1_ls_exposure_pilot/fig_v4p1_factor20_native10_vs_
1pct_x10_toy_medians.pdf Graphic file (type pdf)
<use toy_generation_figs/v4p1_ls_exposure_pilot/fig_v4p1_factor20_native10_vs_1
pct_x10_toy_medians.pdf>
 [217]
File: toy_generation_figs/v4p1_ls_exposure_pilot/fig_v4p1_ensemble_bound_lml_di
agnostics_gengamma.pdf Graphic file (type pdf)
<use toy_generation_figs/v4p1_ls_exposure_pilot/fig_v4p1_ensemble_bound_lml_dia
gnostics_gengamma.pdf>
 [218]
File: toy_generation_figs/v4p1_ls_exposure_pilot/fig_v4p1_ensemble_fixed_amplit
ude_response_gengamma.pdf Graphic file (type pdf)
<use toy_generation_figs/v4p1_ls_exposure_pilot/fig_v4p1_ensemble_fixed_amplitu
de_response_gengamma.pdf>
 [219] [220] [221]
File: toy_generation_figs/v4p5_2021_exposure_refmatched_20260811/functional_for
m_exposure_mass_distributions.pdf Graphic file (type pdf)
<use toy_generation_figs/v4p5_2021_exposure_refmatched_20260811/functional_form
_exposure_mass_distributions.pdf>
File: toy_generation_figs/v4p5_2021_exposure_refmatched_20260811/spurious_signa
l_zero_sigma.pdf Graphic file (type pdf)
<use toy_generation_figs/v4p5_2021_exposure_refmatched_20260811/spurious_signal
_zero_sigma.pdf>
File: toy_generation_figs/v4p5_2021_exposure_refmatched_20260811/refmatched_clo
sure_2021_1pct_x10.pdf Graphic file (type pdf)
<use toy_generation_figs/v4p5_2021_exposure_refmatched_20260811/refmatched_clos
ure_2021_1pct_x10.pdf>
File: toy_generation_figs/v4p5_2021_exposure_refmatched_20260811/refmatched_clo
sure_2021_10pct.pdf Graphic file (type pdf)
<use toy_generation_figs/v4p5_2021_exposure_refmatched_20260811/refmatched_clos
ure_2021_10pct.pdf>
File: toy_generation_figs/v4p5_2021_exposure_refmatched_20260811/refmatched_clo
sure_2021_1pct_x100.pdf Graphic file (type pdf)
<use toy_generation_figs/v4p5_2021_exposure_refmatched_20260811/refmatched_clos
ure_2021_1pct_x100.pdf>
File: toy_generation_figs/v4p5_2021_exposure_refmatched_20260811/refmatched_clo
sure_2021_10pct_x10.pdf Graphic file (type pdf)
<use toy_generation_figs/v4p5_2021_exposure_refmatched_20260811/refmatched_clos
ure_2021_10pct_x10.pdf>
File: toy_generation_figs/v4p5_2021_exposure_refmatched_20260811/eps2_coordinat
e_distributions_nonzero.pdf Graphic file (type pdf)
<use toy_generation_figs/v4p5_2021_exposure_refmatched_20260811/eps2_coordinate
_distributions_nonzero.pdf>
File: toy_generation_figs/v4p5_2021_exposure_refmatched_20260811/direct_pairwis
e_eps2_comparisons.pdf Graphic file (type pdf)
<use toy_generation_figs/v4p5_2021_exposure_refmatched_20260811/direct_pairwise
_eps2_comparisons.pdf>
 [222] [223] [224] [225] [226]
[227] [228] [229] [230]) (main.bbl [231

] [232]) [233] (main.aux)
Package rerunfilecheck Info: File `main.out' has not changed.
(rerunfilecheck)             Checksum: 8C9EFC67FE384B50926A690B00805E07;38661.
 )
Output written on main.xdv (233 pages, 989476 bytes).
