completed 1 0 0.17
completed 2 0 0.22
completed 2 1 0.28
completed 4 0 0.32
completed 4 2 0.35
   scope  mass_MeV  factor  offset_base_bins  signed_r  epsilon2_hat    max_score   min_lambda
combined        76       1                 0  0.165569  2.257327e-07 6.608047e-13 1.488685e+03
    2015        76       1                 0 -0.333963 -5.284253e-06 2.674083e-12 1.488735e+03
    2016        76       1                 0 -2.459891 -6.238375e-06 1.531816e-08 2.314349e+05
    2021        76       1                 0  1.808141  2.939097e-06 6.744964e-09 1.122670e+06
factor                 1       2               4        
offset_base_bins       0       0       1       0       2
mass_MeV                                                
72               -3.4903 -3.4725 -3.5695 -3.8447 -3.1319
73               -3.0047 -3.1892 -2.9607 -3.8493 -3.0398
74               -1.4524 -1.8252 -1.1671 -2.4437 -1.7036
75               -0.6659 -1.1299 -0.2403 -1.2884 -1.2758
76                0.1656 -0.2162  0.5304 -0.1367 -0.6950
77                0.8833  0.7478  0.9253  0.8473  0.1102
78                1.5294  1.5562  1.4059  1.8705  1.0894
79                1.8652  2.2710  1.5896  2.4339  1.7471
80                1.6570  2.0189  1.3332  2.1186  1.9631
