Frozen input hashes verified.
Observed peaks [{'scope': '2016', 'mass_MeV': 91, 'q0': 11.99520906788378, 'signed_root': 3.4634100346167185, 'p0_asymptotic': 0.00026668746185419957}, {'scope': '2021', 'mass_MeV': 67, 'q0': 7.4861162719855825, 'signed_root': 2.736076803012953, 'p0_asymptotic': 0.003108825621615668}, {'scope': 'combined', 'mass_MeV': 67, 'q0': 7.9931819471872245, 'signed_root': 2.827221594991667, 'p0_asymptotic': 0.0023476911877156957}]
Complete mass jobs 5 /201; seconds 0.8
Complete mass jobs 10 /201; seconds 0.8
Complete mass jobs 15 /201; seconds 0.8
Complete mass jobs 20 /201; seconds 0.8
Complete mass jobs 25 /201; seconds 0.8
Complete mass jobs 30 /201; seconds 0.8
Complete mass jobs 35 /201; seconds 0.8
Complete mass jobs 40 /201; seconds 0.9
Complete mass jobs 45 /201; seconds 0.9
Complete mass jobs 50 /201; seconds 0.9
Complete mass jobs 55 /201; seconds 0.9
Complete mass jobs 60 /201; seconds 0.9
Complete mass jobs 65 /201; seconds 0.9
Complete mass jobs 70 /201; seconds 0.9
Complete mass jobs 75 /201; seconds 0.9
Complete mass jobs 80 /201; seconds 0.9
Complete mass jobs 85 /201; seconds 0.9
Complete mass jobs 90 /201; seconds 0.9
Complete mass jobs 95 /201; seconds 0.9
Complete mass jobs 100 /201; seconds 0.9
Complete mass jobs 105 /201; seconds 0.9
Complete mass jobs 110 /201; seconds 0.9
Complete mass jobs 115 /201; seconds 0.9
Complete mass jobs 120 /201; seconds 0.9
Complete mass jobs 125 /201; seconds 0.9
Complete mass jobs 130 /201; seconds 0.9
Complete mass jobs 135 /201; seconds 0.9
Complete mass jobs 140 /201; seconds 0.9
Complete mass jobs 145 /201; seconds 0.9
Complete mass jobs 150 /201; seconds 0.9
Complete mass jobs 155 /201; seconds 0.9
Complete mass jobs 160 /201; seconds 0.9
Complete mass jobs 165 /201; seconds 0.9
Complete mass jobs 170 /201; seconds 0.9
Complete mass jobs 175 /201; seconds 0.9
Complete mass jobs 180 /201; seconds 0.9
Complete mass jobs 185 /201; seconds 0.9
Complete mass jobs 190 /201; seconds 0.9
Complete mass jobs 195 /201; seconds 0.9
Complete mass jobs 200 /201; seconds 0.9
{
  "primary": [
    {
      "scope": "2016",
      "mass_low_MeV": 40,
      "mass_high_MeV": 175,
      "mass_points": 136,
      "peak_mass_MeV": 91,
      "observed_q0": 11.99520906788378,
      "observed_Z_asymptotic": 3.4634100346167185,
      "observed_p_asymptotic": 0.00026668746185419957,
      "local_exceedances": 1,
      "local_toys": 1024,
      "local_p_rank": 0.001951219512195122,
      "local_p_fraction": 0.0009765625,
      "local_p95_low": 2.4724116213658914e-05,
      "local_p95_high": 0.00542892773706297,
      "local_Z_excess": 2.8859421324699417,
      "local_Z95_low": 2.5472405633081086,
      "local_Z95_high": 4.058219725462835,
      "local_zero_exceedances": false,
      "local_Z_convention": "max(0,normal.isf(p)); report p even when Z clips to0",
      "global_exceedances": 67,
      "global_toys": 1024,
      "global_p_rank": 0.06634146341463415,
      "global_p_fraction": 0.0654296875,
      "global_p95_low": 0.05106335881073736,
      "global_p95_high": 0.08235200578328043,
      "global_Z_excess": 1.5036056836540577,
      "global_Z95_low": 1.389423489641269,
      "global_Z95_high": 1.6346296049525684,
      "global_zero_exceedances": false,
      "global_Z_convention": "max(0,normal.isf(p)); report p even when Z clips to0",
      "null_mean_root_at_peak": 0.6478303655703346,
      "null_sd_root_at_peak": 0.9572372429062044
    },
    {
      "scope": "2021",
      "mass_low_MeV": 60,
      "mass_high_MeV": 240,
      "mass_points": 181,
      "peak_mass_MeV": 67,
      "observed_q0": 7.4861162719855825,
      "observed_Z_asymptotic": 2.736076803012953,
      "observed_p_asymptotic": 0.003108825621615668,
      "local_exceedances": 2,
      "local_toys": 1024,
      "local_p_rank": 0.002926829268292683,
      "local_p_fraction": 0.001953125,
      "local_p95_low": 0.00023662008095334304,
      "local_p95_high": 0.007037382926178632,
      "local_Z_excess": 2.7558681655595207,
      "local_Z95_low": 2.455349539494433,
      "local_Z95_high": 3.4954629426187713,
      "local_zero_exceedances": false,
      "local_Z_convention": "max(0,normal.isf(p)); report p even when Z clips to0",
      "global_exceedances": 239,
      "global_toys": 1024,
      "global_p_rank": 0.23414634146341465,
      "global_p_fraction": 0.2333984375,
      "global_p95_low": 0.20779884124985804,
      "global_p95_high": 0.26054022778696806,
      "global_Z_excess": 0.7252597670767784,
      "global_Z95_low": 0.6416808039100212,
      "global_Z95_high": 0.814082513862538,
      "global_zero_exceedances": false,
      "global_Z_convention": "max(0,normal.isf(p)); report p even when Z clips to0",
      "null_mean_root_at_peak": 0.09315848660375681,
      "null_sd_root_at_peak": 1.027340423175776
    },
    {
      "scope": "combined",
      "mass_low_MeV": 60,
      "mass_high_MeV": 240,
      "mass_points": 181,
      "peak_mass_MeV": 67,
      "observed_q0": 7.9931819471872245,
      "observed_Z_asymptotic": 2.827221594991667,
      "observed_p_asymptotic": 0.0023476911877156957,
      "local_exceedances": 1,
      "local_toys": 1024,
      "local_p_rank": 0.001951219512195122,
      "local_p_fraction": 0.0009765625,
      "local_p95_low": 2.4724116213658914e-05,
      "local_p95_high": 0.00542892773706297,
      "local_Z_excess": 2.8859421324699417,
      "local_Z95_low": 2.5472405633081086,
      "local_Z95_high": 4.058219725462835,
      "local_zero_exceedances": false,
      "local_Z_convention": "max(0,normal.isf(p)); report p even when Z clips to0",
      "global_exceedances": 202,
      "global_toys": 1024,
      "global_p_rank": 0.1980487804878049,
      "global_p_fraction": 0.197265625,
      "global_p95_low": 0.1733024668652489,
      "global_p95_high": 0.22298261874701258,
      "global_Z_excess": 0.8486114007864618,
      "global_Z95_low": 0.7621587914299486,
      "global_Z95_high": 0.9411950094513308,
      "global_zero_exceedances": false,
      "global_Z_convention": "max(0,normal.isf(p)); report p even when Z clips to0",
      "null_mean_root_at_peak": -0.030766857161300853,
      "null_sd_root_at_peak": 0.9682191396017946
    }
  ],
  "family": {
    "exceedances": 102,
    "toys": 1024,
    "p_rank": 0.10048780487804879,
    "p_fraction": 0.099609375,
    "p95_low": 0.08195008255586786,
    "p95_high": 0.11960742372037736,
    "Z_excess": 1.2787769594073535,
    "Z95_low": 1.1769515436085192,
    "Z95_high": 1.3920734235761822,
    "zero_exceedances": false,
    "Z_convention": "max(0,normal.isf(p)); report p even when Z clips to0",
    "scope": "displayed_search_family",
    "observed_q0": 11.99520906788378,
    "winning_scope": "2016",
    "winning_mass_MeV": 91,
    "search_family": [
      "2016",
      "2021",
      "combined"
    ],
    "calibrates_prior_window_choices": false
  }
}
{
  "passed": true,
  "checks": 8484,
  "complete_toys": 1024,
  "scope_mass_coordinates": 498,
  "unique_profile_pairs": 443392,
  "maximum_score": 1.999883619298315e-07,
  "minimum_expected_count": 120.09630625781094,
  "all_toy_draw_hashes_regenerated": true,
  "paired_scans_verified": true,
  "targeted_toy_profile_replays": 60,
  "replay_masses_MeV": [
    40,
    60,
    67,
    91,
    100,
    175,
    176,
    240
  ],
  "null_sources_reconstructed": [
    {
      "year": "2015",
      "all_bins_used": true,
      "anchor_MeV": 76,
      "max_relative_reconstruction_error": 0.0
    },
    {
      "year": "2016",
      "all_bins_used": true,
      "anchor_MeV": 76,
      "max_relative_reconstruction_error": 0.0
    },
    {
      "year": "2021",
      "all_bins_used": true,
      "anchor_MeV": 76,
      "max_relative_reconstruction_error": 0.0
    }
  ],
  "unchanged_2021_max_root_difference": 4.1380004967266765e-10,
  "previous_reports_preserved": 13,
  "global_summary_sha256": "e0b0a52d0adc041343ab820e555d5226c46a5e0ccb879127a0428d586f612057"
}
note: using only cached resource files
note: Running TeX ...
note: Rerunning TeX because "report.aux" changed ...
note: Running xdvipdfmx ...
note: Writing `/private/tmp/v643_portable_check_20260925/pdf/report.pdf` (109.78 KiB)
note: Writing `/private/tmp/v643_portable_check_20260925/pdf/report.log` (18.76 KiB)
note: Skipped writing 2 intermediate files (use --keep-intermediates to keep them)
