Local check batches 5 / 30
Local check batches 10 / 30
Local check batches 15 / 30
Local check batches 20 / 30
Local check batches 25 / 30
Local check batches 30 / 30
[
  {
    "scope": "2016",
    "mass_MeV": 69,
    "method": "mc",
    "null_toys": 1000,
    "tail_count": 5,
    "p_rank": 0.005994005994005994,
    "cp95_low": 0.00162541951756276,
    "cp95_high": 0.011629470559812147,
    "observed_q0": 5.189818257487615,
    "observed_Z": 2.2781172615753595,
    "p0_asymptotic": 0.011359796036538056,
    "background_mean_psi": -51.47155005448936,
    "background_sd_psi": 267.99291211067697,
    "mean_signed_root": -0.18832114566444896,
    "sd_signed_root": 0.9811913955733705
  },
  {
    "scope": "2016",
    "mass_MeV": 91,
    "method": "mc",
    "null_toys": 1000,
    "tail_count": 3,
    "p_rank": 0.003996003996003996,
    "cp95_low": 0.0006190999316495711,
    "cp95_high": 0.008742023238478303,
    "observed_q0": 12.568285004898,
    "observed_Z": 3.545177711328164,
    "p0_asymptotic": 0.00019617423279176752,
    "background_mean_psi": 199.0520135763541,
    "background_sd_psi": 293.7486491778566,
    "mean_signed_root": 0.6563870213818527,
    "sd_signed_root": 0.9685496534194735
  },
  {
    "scope": "combined",
    "mass_MeV": 68,
    "method": "all_gaussian",
    "null_toys": 1000,
    "tail_count": 0,
    "p_rank": 0.000999000999000999,
    "cp95_low": 0.0,
    "cp95_high": 0.003682083896865671,
    "observed_q0": 7.450034268064428,
    "observed_Z": 2.7294750902077176,
    "p0_asymptotic": 0.003171762068365233,
    "background_mean_psi": -39.95983318609748,
    "background_sd_psi": 153.2054614647766,
    "mean_signed_root": -0.2522239936392226,
    "sd_signed_root": 0.9674848648887155
  },
  {
    "scope": "combined",
    "mass_MeV": 68,
    "method": "mc2016_2021",
    "null_toys": 1000,
    "tail_count": 0,
    "p_rank": 0.000999000999000999,
    "cp95_low": 0.0,
    "cp95_high": 0.003682083896865671,
    "observed_q0": 7.897611645526923,
    "observed_Z": 2.810268963200306,
    "p0_asymptotic": 0.002475005703404914,
    "background_mean_psi": -47.839093442972406,
    "background_sd_psi": 222.9124636688987,
    "mean_signed_root": -0.2112932967728564,
    "sd_signed_root": 0.9850709280121144
  },
  {
    "scope": "combined",
    "mass_MeV": 68,
    "method": "mc2021",
    "null_toys": 1000,
    "tail_count": 0,
    "p_rank": 0.000999000999000999,
    "cp95_low": 0.0,
    "cp95_high": 0.003682083896865671,
    "observed_q0": 8.46948748216434,
    "observed_Z": 2.910238389232803,
    "p0_asymptotic": 0.0018057658686949367,
    "background_mean_psi": -48.59064603368012,
    "background_sd_psi": 212.64722365808677,
    "mean_signed_root": -0.22493989252204086,
    "sd_signed_root": 0.9849649247326543
  }
]
