Rank-limit batches 5 / 30
Rank-limit batches 10 / 30
Rank-limit batches 15 / 30
Rank-limit batches 20 / 30
Rank-limit batches 25 / 30
Rank-limit batches 30 / 30
[
  {
    "scope": "2016",
    "mass_MeV": 69,
    "method": "gaussian",
    "s0_psi": 254.5896380465361,
    "accepted_z_json": "[0.0, 0.5, 1.0, 2.0, 3.0]",
    "p_rank_json": "[0.9900497512437811, 0.9651741293532339, 0.9203980099502488, 0.6766169154228856, 0.3034825870646766, 0.06965174129353234, 0.014925373134328358, 0.004975124378109453, 0.004975124378109453, 0.004975124378109453, 0.004975124378109453, 0.004975124378109453]",
    "empty": false,
    "holes": false,
    "upper_grid_censored": false,
    "largest_accepted_psi": 763.7689141396083,
    "next_grid_psi": 1018.3585521861444,
    "largest_accepted_epsilon2": 7.637689141396084e-06,
    "next_grid_epsilon2": 1.0183585521861443e-05,
    "largest_accepted_full_yield_2016": 20617.1207970394,
    "next_grid_full_yield_2016": 27489.49439605253
  },
  {
    "scope": "2016",
    "mass_MeV": 69,
    "method": "gaussian_mc_window",
    "s0_psi": 254.5896380465361,
    "accepted_z_json": "[0.0, 0.5, 1.0, 2.0, 3.0]",
    "p_rank_json": "[0.9950248756218906, 0.9651741293532339, 0.9203980099502488, 0.6766169154228856, 0.30845771144278605, 0.06467661691542288, 0.014925373134328358, 0.004975124378109453, 0.004975124378109453, 0.004975124378109453, 0.004975124378109453, 0.004975124378109453]",
    "empty": false,
    "holes": false,
    "upper_grid_censored": false,
    "largest_accepted_psi": 763.7689141396083,
    "next_grid_psi": 1018.3585521861444,
    "largest_accepted_epsilon2": 7.637689141396084e-06,
    "next_grid_epsilon2": 1.0183585521861443e-05,
    "largest_accepted_full_yield_2016": 20617.1207970394,
    "next_grid_full_yield_2016": 27489.49439605253
  },
  {
    "scope": "2016",
    "mass_MeV": 69,
    "method": "mc",
    "s0_psi": 254.5896380465361,
    "accepted_z_json": "[0.0, 0.5, 1.0, 2.0, 3.0]",
    "p_rank_json": "[1.0, 0.9651741293532339, 0.9303482587064676, 0.6965174129353234, 0.30845771144278605, 0.07462686567164178, 0.01990049751243781, 0.004975124378109453, 0.004975124378109453, 0.004975124378109453, 0.004975124378109453, 0.004975124378109453]",
    "empty": false,
    "holes": false,
    "upper_grid_censored": false,
    "largest_accepted_psi": 763.7689141396083,
    "next_grid_psi": 1018.3585521861444,
    "largest_accepted_epsilon2": 7.637689141396084e-06,
    "next_grid_epsilon2": 1.0183585521861443e-05,
    "largest_accepted_full_yield_2016": 20617.1207970394,
    "next_grid_full_yield_2016": 27489.49439605253
  },
  {
    "scope": "2016",
    "mass_MeV": 91,
    "method": "gaussian",
    "s0_psi": 284.6278593472467,
    "accepted_z_json": "[0.0, 0.5, 1.0, 2.0, 3.0, 4.0]",
    "p_rank_json": "[0.9950248756218906, 0.9800995024875622, 0.9651741293532339, 0.8109452736318408, 0.4975124378109453, 0.17412935323383086, 0.03482587064676617, 0.009950248756218905, 0.004975124378109453, 0.004975124378109453, 0.004975124378109453, 0.004975124378109453]",
    "empty": false,
    "holes": false,
    "upper_grid_censored": false,
    "largest_accepted_psi": 1138.511437388987,
    "next_grid_psi": 1423.1392967362335,
    "largest_accepted_epsilon2": 1.1385114373889869e-05,
    "next_grid_epsilon2": 1.4231392967362335e-05,
    "largest_accepted_full_yield_2016": 21404.568488768884,
    "next_grid_full_yield_2016": 26755.7106109611
  },
  {
    "scope": "2016",
    "mass_MeV": 91,
    "method": "gaussian_mc_window",
    "s0_psi": 284.6278593472467,
    "accepted_z_json": "[0.0, 0.5, 1.0, 2.0, 3.0, 4.0]",
    "p_rank_json": "[0.9950248756218906, 0.9900497512437811, 0.9701492537313433, 0.8258706467661692, 0.5124378109452736, 0.18407960199004975, 0.03482587064676617, 0.009950248756218905, 0.004975124378109453, 0.004975124378109453, 0.004975124378109453, 0.004975124378109453]",
    "empty": false,
    "holes": false,
    "upper_grid_censored": false,
    "largest_accepted_psi": 1138.511437388987,
    "next_grid_psi": 1423.1392967362335,
    "largest_accepted_epsilon2": 1.1385114373889869e-05,
    "next_grid_epsilon2": 1.4231392967362335e-05,
    "largest_accepted_full_yield_2016": 21404.568488768884,
    "next_grid_full_yield_2016": 26755.7106109611
  },
  {
    "scope": "2016",
    "mass_MeV": 91,
    "method": "mc",
    "s0_psi": 284.6278593472467,
    "accepted_z_json": "[0.0, 0.5, 1.0, 2.0, 3.0, 4.0]",
    "p_rank_json": "[0.9950248756218906, 0.9900497512437811, 0.9701492537313433, 0.8407960199004975, 0.5373134328358209, 0.1791044776119403, 0.029850746268656716, 0.009950248756218905, 0.004975124378109453, 0.004975124378109453, 0.004975124378109453, 0.004975124378109453]",
    "empty": false,
    "holes": false,
    "upper_grid_censored": false,
    "largest_accepted_psi": 1138.511437388987,
    "next_grid_psi": 1423.1392967362335,
    "largest_accepted_epsilon2": 1.1385114373889869e-05,
    "next_grid_epsilon2": 1.4231392967362335e-05,
    "largest_accepted_full_yield_2016": 21404.568488768884,
    "next_grid_full_yield_2016": 26755.7106109611
  },
  {
    "scope": "combined",
    "mass_MeV": 68,
    "method": "all_gaussian",
    "s0_psi": 158.3494634432782,
    "accepted_z_json": "[0.0, 0.5, 1.0, 2.0, 3.0, 4.0, 5.0, 6.0]",
    "p_rank_json": "[1.0, 1.0, 0.9950248756218906, 0.945273631840796, 0.8606965174129353, 0.6467661691542289, 0.3880597014925373, 0.16417910447761194, 0.014925373134328358, 0.004975124378109453, 0.004975124378109453, 0.004975124378109453]",
    "empty": false,
    "holes": false,
    "upper_grid_censored": false,
    "largest_accepted_psi": 950.0967806596693,
    "next_grid_psi": 1266.7957075462257,
    "largest_accepted_epsilon2": 9.500967806596693e-06,
    "next_grid_epsilon2": 1.2667957075462257e-05,
    "largest_accepted_full_yield_2016": null,
    "next_grid_full_yield_2016": null
  },
  {
    "scope": "combined",
    "mass_MeV": 68,
    "method": "mc2016_2021",
    "s0_psi": 158.3494634432782,
    "accepted_z_json": "[0.0, 0.5, 1.0, 2.0, 3.0, 4.0, 5.0]",
    "p_rank_json": "[1.0, 1.0, 0.9900497512437811, 0.945273631840796, 0.8109452736318408, 0.6019900497512438, 0.31840796019900497, 0.08955223880597014, 0.009950248756218905, 0.004975124378109453, 0.004975124378109453, 0.004975124378109453]",
    "empty": false,
    "holes": false,
    "upper_grid_censored": false,
    "largest_accepted_psi": 791.747317216391,
    "next_grid_psi": 950.0967806596693,
    "largest_accepted_epsilon2": 7.91747317216391e-06,
    "next_grid_epsilon2": 9.500967806596693e-06,
    "largest_accepted_full_yield_2016": null,
    "next_grid_full_yield_2016": null
  },
  {
    "scope": "combined",
    "mass_MeV": 68,
    "method": "mc2021",
    "s0_psi": 158.3494634432782,
    "accepted_z_json": "[0.0, 0.5, 1.0, 2.0, 3.0, 4.0, 5.0, 6.0]",
    "p_rank_json": "[1.0, 1.0, 0.9950248756218906, 0.9601990049751243, 0.8557213930348259, 0.6318407960199005, 0.3582089552238806, 0.14925373134328357, 0.009950248756218905, 0.004975124378109453, 0.004975124378109453, 0.004975124378109453]",
    "empty": false,
    "holes": false,
    "upper_grid_censored": false,
    "largest_accepted_psi": 950.0967806596693,
    "next_grid_psi": 1266.7957075462257,
    "largest_accepted_epsilon2": 9.500967806596693e-06,
    "next_grid_epsilon2": 1.2667957075462257e-05,
    "largest_accepted_full_yield_2016": null,
    "next_grid_full_yield_2016": null
  }
]
