Observed minima [{'scope': '2016', 'half_width_u': np.float64(2.0), 'mass_MeV': 91, 'p0': 0.0003212881141725249, 'Z': 3.4129759067074565}, {'scope': '2016', 'half_width_u': np.float64(3.5), 'mass_MeV': 91, 'p0': 0.00019617423279176752, 'Z': 3.545177711328164}, {'scope': 'combined', 'half_width_u': np.float64(2.0), 'mass_MeV': 68, 'p0': 0.0025394773802569267, 'Z': 2.8019830146815994}, {'scope': 'combined', 'half_width_u': np.float64(3.5), 'mass_MeV': 68, 'p0': 0.002475005703404914, 'Z': 2.810268963200306}]
Toy batches 10 / 30
Toy batches 20 / 30
Toy batches 30 / 30
{
  "passed": true,
  "minima": [
    {
      "scope": "2016",
      "half_width_u": 2.0,
      "mass_MeV": 91,
      "p0": 0.0003212881141725249,
      "Z": 3.4129759067074565
    },
    {
      "scope": "2016",
      "half_width_u": 3.5,
      "mass_MeV": 91,
      "p0": 0.00019617423279176752,
      "Z": 3.545177711328164
    },
    {
      "scope": "combined",
      "half_width_u": 2.0,
      "mass_MeV": 68,
      "p0": 0.0025394773802569267,
      "Z": 2.8019830146815994
    },
    {
      "scope": "combined",
      "half_width_u": 3.5,
      "mass_MeV": 68,
      "p0": 0.002475005703404914,
      "Z": 2.810268963200306
    }
  ],
  "ratio_summary": [
    {
      "scope": "2016",
      "ratio_min": 0.7937234769564393,
      "ratio_median": 0.9035802627059274,
      "ratio_max": 1.0005072357293332,
      "min_at": 41,
      "max_at": 82
    },
    {
      "scope": "combined",
      "ratio_min": 0.8217232320860651,
      "ratio_median": 0.9864118123374421,
      "ratio_max": 1.0448612601145102,
      "min_at": 65,
      "max_at": 112
    }
  ],
  "observed_rows": 634,
  "fresh_observed_rows": 252,
  "fresh_toy_rows": 6000,
  "reused_toy_rows": 2000,
  "toy_rows": 8000,
  "numerical_score_max": 1.9996086786377987e-07,
  "minimum_expected_count": 1902.2458465393588,
  "paired_counts_verified": true,
  "full_signal_partitions_verified": true,
  "runtime_seconds": 24.9010525
}
