Observed minima [{'scope': '2016', 'half_width_u': np.float64(2.0), 'mass_MeV': 91, 'p0': 0.0003212881141725249, 'Z': 3.4129759067074565}, {'scope': '2016', 'half_width_u': np.float64(3.5), 'mass_MeV': 91, 'p0': 0.00019617423279176752, 'Z': 3.545177711328164}, {'scope': 'combined', 'half_width_u': np.float64(2.0), 'mass_MeV': 68, 'p0': 0.0025394773802569267, 'Z': 2.8019830146815994}, {'scope': 'combined', 'half_width_u': np.float64(3.5), 'mass_MeV': 68, 'p0': 0.002475005703404914, 'Z': 2.810268963200306}]
Toy batches 10 / 30
Toy batches 20 / 30
Toy batches 30 / 30
{
  "passed": true,
  "minima": [
    {
      "scope": "2016",
      "half_width_u": 2.0,
      "mass_MeV": 91,
      "p0": 0.0003212881141725249,
      "Z": 3.4129759067074565
    },
    {
      "scope": "2016",
      "half_width_u": 3.5,
      "mass_MeV": 91,
      "p0": 0.00019617423279176752,
      "Z": 3.545177711328164
    },
    {
      "scope": "combined",
      "half_width_u": 2.0,
      "mass_MeV": 68,
      "p0": 0.0025394773802569267,
      "Z": 2.8019830146815994
    },
    {
      "scope": "combined",
      "half_width_u": 3.5,
      "mass_MeV": 68,
      "p0": 0.002475005703404914,
      "Z": 2.810268963200306
    }
  ],
  "ratio_summary": [
    {
      "scope": "2016",
      "ratio_min": 0.7937234769564393,
      "ratio_median": 0.9035802627059274,
      "ratio_max": 1.0005072357293332,
      "min_at": 41,
      "max_at": 82
    },
    {
      "scope": "combined",
      "ratio_min": 0.8217232320860651,
      "ratio_median": 0.9864118123374421,
      "ratio_max": 1.0448612601145102,
      "min_at": 65,
      "max_at": 112
    }
  ],
  "observed_rows": 634,
  "fresh_observed_rows": 252,
  "fresh_toy_rows": 6000,
  "reused_toy_rows": 2000,
  "toy_rows": 8000,
  "numerical_score_max": 1.9996086786377987e-07,
  "minimum_expected_count": 1902.2458465393588,
  "paired_counts_verified": true,
  "full_signal_partitions_verified": true,
  "runtime_seconds": 24.878517541
}
{
  "passed": true,
  "checks": 25264,
  "parent_numerical_and_source_hashes_unchanged": true,
  "all_inputs_verified": true,
  "observed_replay_masses": [
    40,
    60,
    69,
    91,
    100,
    160,
    175
  ],
  "targeted_toy_fit_replays": 6,
  "all_toy_draws_regenerated": true,
  "independent_GP_prediction_matches": true,
  "all_categories_and_masks_verified": true,
  "observed_csv_sha256": "adfafc14352e34ec9ae3f6eb5c91492f19682ce8771a3899c794f580054beb2a",
  "toy_rows_sha256": "806fea0db86917b09d7b042cf7fff3e4bb4cc77f6bfed58a985ac715c32dfa52"
}
Matplotlib is building the font cache; this may take a moment.
Wrote four appendix figures and four source pages.
note: using only cached resource files
note: Running TeX ...
note: Rerunning TeX because "report.aux" changed ...
note: Running xdvipdfmx ...
note: Writing `/private/tmp/v642_window_portable_rebuild/pdf/report.pdf` (805.28 KiB)
note: Writing `/private/tmp/v642_window_portable_rebuild/pdf/report.log` (21.08 KiB)
note: Skipped writing 2 intermediate files (use --keep-intermediates to keep them)
