2015 HPS-EngRun2015-Nominal-v6-0-fieldmap 36
1 z 86.33 113.243 abs y 1.389 44.687
2 z 186.323 213.345 abs y 1.717 46.227
3 z 286.4 313.443 abs y 0.195 47.746
4 z 484.415 513.778 abs y 2.478 50.814
5 z 683.268 714.185 abs y 5.549 53.867
6 z 884.988 914.309 abs y 8.506 56.836
2016 HPS-PhysicsRun2016-Pass2 36
1 z 86.394 113.195 abs y 1.534 44.676
2 z 186.382 213.297 abs y 1.767 46.177
3 z 286.412 313.015 abs y 0.252 47.681
4 z 484.99 514.598 abs y 2.528 50.755
5 z 684.912 714.548 abs y 5.571 53.814
6 z 884.988 914.309 abs y 8.539 56.774
2021 HPS_Run2021Pass2FEE 40
1 z 37.922 61.973 abs y 0.626 16.324
2 z 87.906 111.958 abs y 0.306 16.643
3 z 186.802 212.983 abs y 1.692 46.269
4 z 286.755 312.939 abs y 0.287 47.679
5 z 485.126 514.431 abs y 2.555 50.797
6 z 685.033 714.338 abs y 5.481 53.785
7 z 884.94 914.245 abs y 8.321 56.712
