Starting 2015
2015 mass 5.0 elapsed 0.1
2015 mass 105.0 elapsed 0.1
2015 mass 205.0 elapsed 0.3
Starting 2016
2016 mass 5.0 elapsed 3.9
2016 mass 105.0 elapsed 3.9
2016 mass 205.0 elapsed 3.9
2016 mass 305.0 elapsed 3.9
2016 mass 405.0 elapsed 4.1
2016 mass 505.0 elapsed 8.3
Starting 2021
2021 mass 5.0 elapsed 12.0
2021 mass 105.0 elapsed 12.0
2021 mass 205.0 elapsed 12.0
2021 mass 305.0 elapsed 12.0
2021 mass 405.0 elapsed 12.0
2021 mass 505.0 elapsed 12.0
2021 mass 605.0 elapsed 12.0
2021 mass 705.0 elapsed 12.2
2021 mass 805.0 elapsed 16.8
2021 mass 905.0 elapsed 20.9
{
  "summaries": [
    {
      "year": "2015",
      "beam_GeV": 1.056,
      "sampled_peak_MeV": 40.0,
      "sampled_peak_fraction": 0.2608726772266201,
      "positive_sampled_masses_MeV": [
        20.0,
        195.0
      ],
      "scan_last_point_zero": true,
      "B_at_vertex_T": [
        0.0,
        -0.19750981676800003,
        0.0
      ],
      "B_at_table_origin_T": [
        0.0,
        -0.24024479999999998,
        0.0
      ]
    },
    {
      "year": "2016",
      "beam_GeV": 2.3,
      "sampled_peak_MeV": 90.0,
      "sampled_peak_fraction": 0.2594677253598653,
      "positive_sampled_masses_MeV": [
        40.0,
        425.0
      ],
      "scan_last_point_zero": true,
      "B_at_vertex_T": [
        0.0,
        -0.430612,
        0.0
      ],
      "B_at_table_origin_T": [
        0.0,
        -0.5234000000000001,
        0.0
      ]
    },
    {
      "year": "2021",
      "beam_GeV": 3.74,
      "sampled_peak_MeV": 195.0,
      "sampled_peak_fraction": 0.4011258160680056,
      "positive_sampled_masses_MeV": [
        60.0,
        715.0
      ],
      "scan_last_point_zero": true,
      "B_at_vertex_T": [
        0.0,
        -0.705516,
        0.0
      ],
      "B_at_table_origin_T": [
        0.0,
        -0.8595999999999999,
        0.0
      ]
    }
  ],
  "seconds": 24.450016833000003,
  "max_quad_delta": 0.0023706742298932604
}
