note: using only cached resource files
note: Running TeX ...
warning: sections/01_introduction:66: Underfull \hbox (badness 1527) in paragraph at lines 66--66
note: Running BibTeX on main.aux ...
note: Rerunning TeX because bibtex was run ...
warning: sections/01_introduction:66: Underfull \hbox (badness 1527) in paragraph at lines 66--66
note: Rerunning TeX because "main.apc" changed ...
warning: sections/01_introduction:66: Underfull \hbox (badness 1527) in paragraph at lines 66--66
warning: internal consistency problem when checking if main.bbl changed
note: Rerunning TeX because "main.bbl" changed ...
warning: sections/01_introduction:66: Underfull \hbox (badness 1527) in paragraph at lines 66--66
warning: internal consistency problem when checking if main.bbl changed
note: Rerunning TeX because "main.bbl" changed ...
warning: sections/01_introduction:66: Underfull \hbox (badness 1527) in paragraph at lines 66--66
warning: internal consistency problem when checking if main.bbl changed
note: Rerunning TeX because "main.bbl" changed ...
warning: sections/01_introduction:66: Underfull \hbox (badness 1527) in paragraph at lines 66--66
warning: internal consistency problem when checking if main.bbl changed
note: Rerunning TeX because "main.bbl" changed ...
warning: sections/01_introduction:66: Underfull \hbox (badness 1527) in paragraph at lines 66--66
warning: internal consistency problem when checking if main.bbl changed
warning: TeX rerun seems needed, but stopping at 6 passes
warning: warnings were issued by the TeX engine; use --print and/or --keep-logs for details.
note: Running xdvipdfmx ...
note: Writing `../qa/build/main.toc` (16.12 KiB)
note: Writing `../qa/build/main.aux` (225.41 KiB)
note: Writing `../qa/build/main.log` (49.92 KiB)
note: Writing `../qa/build/main.pdf` (13.41 MiB)
note: Writing `../qa/build/main.blg` (202 B)
note: Writing `../qa/build/main.bbl` (9.52 KiB)
note: Writing `../qa/build/main.out` (16.36 KiB)
note: Writing `../qa/build/main.apc` (7.88 KiB)
