20 elapsed 0.0 s -0.00023190383593252317 None
30 elapsed 0.1 s -1.5429632642449675e-05 None
40 elapsed 0.2 s 0.0006539592378838055 None
50 elapsed 0.4 s -0.001199582766166385 None
60 elapsed 0.7 s 0.0008776311717328955 None
70 elapsed 0.9 s -0.0016236856091690344 None
75 elapsed 1.1 s -0.0026917683036938866 0.9995971650558465
76 elapsed 1.1 s 0.0005687713114344017 1.0000009790601003
80 elapsed 1.3 s 0.00015184182123872958 0.9999997039553982
90 elapsed 1.7 s 0.0006636419412613392 1.0000762113939488
100 elapsed 2.2 s 0.0 0.8767355833320961
110 elapsed 2.6 s 3.294894247773961e-05 0.9999995601406652
120 elapsed 2.9 s 3.542255617206003e-05 0.7826356647898549
130 elapsed 3.3 s -0.00018239993645763342 0.9625572143456927
140 elapsed 3.8 s 0.0002601423536832126 1.0000015248042555
150 elapsed 4.4 s 0.0007664345032110109 0.9816052861867524
160 elapsed 4.9 s 0.00046096653267024834 0.9972430102968116
170 elapsed 5.4 s 4.97293790442388e-05 0.8875863033674439
180 elapsed 5.8 s -0.0002867871876996997 1.0000127981125428
190 elapsed 6.0 s -0.00047569100813227294 1.0000009035239132
200 elapsed 6.3 s 0.00016081536172807276 1.0000033810631341
210 elapsed 6.5 s -3.2454994214337063e-07 0.9999989243613462
220 elapsed 6.7 s 0.00013931235876163406 1.0000023040939898
230 elapsed 7.0 s 5.90367200947739e-06 0.7866464062101272
240 elapsed 7.3 s -0.00020611812067383717 0.9718688901812568
250 elapsed 7.5 s -0.000435776617366046 0.9999997025665684
