\BOOKMARK [1][-]{section.1}{\376\377\000I\000n\000t\000r\000o\000d\000u\000c\000t\000i\000o\000n}{}% 1
\BOOKMARK [1][-]{section.2}{\376\377\000H\000P\000S\000\040\000a\000p\000p\000a\000r\000a\000t\000u\000s\000\040\000a\000n\000d\000\040\000d\000a\000t\000a\000\040\000s\000e\000t\000s}{}% 2
\BOOKMARK [1][-]{section.3}{\376\377\000E\000v\000e\000n\000t\000\040\000s\000e\000l\000e\000c\000t\000i\000o\000n\000,\000\040\000m\000a\000s\000s\000\040\000r\000e\000s\000o\000l\000u\000t\000i\000o\000n\000,\000\040\000a\000n\000d\000\040\000r\000a\000d\000i\000a\000t\000i\000v\000e\000\040\000f\000r\000a\000c\000t\000i\000o\000n}{}% 3
\BOOKMARK [1][-]{section.4}{\376\377\000M\000e\000t\000h\000o\000d\000o\000l\000o\000g\000y}{}% 4
\BOOKMARK [1][-]{section.5}{\376\377\000B\000a\000c\000k\000g\000r\000o\000u\000n\000d\000-\000m\000o\000d\000e\000l\000\040\000v\000a\000l\000i\000d\000a\000t\000i\000o\000n\000\040\000w\000i\000t\000h\000\040\000f\000u\000l\000l\000-\000r\000e\000f\000i\000t\000\040\000p\000s\000e\000u\000d\000o\000e\000x\000p\000e\000r\000i\000m\000e\000n\000t\000s}{}% 5
\BOOKMARK [1][-]{section.6}{\376\377\000R\000e\000s\000u\000l\000t\000s\000\040\000f\000o\000r\000\040\000t\000h\000e\000\040\000r\000e\000l\000e\000a\000s\000e\000d\000\040\000d\000a\000t\000a}{}% 6
\BOOKMARK [1][-]{section.7}{\376\377\000S\000t\000a\000t\000u\000s\000\040\000f\000o\000r\000\040\000t\000h\000e\000\040\000f\000u\000l\000l\000-\000d\000a\000t\000a\000\040\000u\000n\000b\000l\000i\000n\000d\000i\000n\000g\000\040\000r\000e\000v\000i\000e\000w}{}% 7
\BOOKMARK [1][-]{appendix.A}{\376\377\000C\000h\000a\000n\000g\000e\000\040\000l\000o\000g\000\040\000a\000n\000d\000\040\000s\000t\000u\000d\000y\000\040\000h\000i\000s\000t\000o\000r\000y}{}% 8
\BOOKMARK [1][-]{appendix.B}{\376\377\000A\000l\000t\000e\000r\000n\000a\000t\000i\000v\000e\000\040\000b\000a\000c\000k\000g\000r\000o\000u\000n\000d\000\040\000m\000o\000d\000e\000l\000i\000n\000g\000\040\000t\000h\000r\000o\000u\000g\000h\000\040\000c\000a\000l\000i\000b\000r\000a\000t\000i\000o\000n}{}% 9
\BOOKMARK [2][-]{subsection.B.1}{\376\377\000W\000h\000i\000c\000h\000\040\000b\000a\000c\000k\000g\000r\000o\000u\000n\000d\000\040\000s\000h\000a\000p\000e\000s\000\040\000a\000r\000e\000\040\000b\000e\000i\000n\000g\000\040\000t\000e\000s\000t\000e\000d\000?}{appendix.B}% 10
\BOOKMARK [2][-]{subsection.B.2}{\376\377\000W\000h\000a\000t\000\040\000i\000s\000\040\000r\000e\000p\000e\000a\000t\000e\000d\000,\000\040\000a\000n\000d\000\040\000w\000h\000a\000t\000\040\000r\000e\000m\000a\000i\000n\000s\000\040\000f\000i\000x\000e\000d\000?}{appendix.B}% 11
\BOOKMARK [2][-]{subsection.B.3}{\376\377\000F\000r\000o\000m\000\040\000l\000i\000k\000e\000l\000i\000h\000o\000o\000d\000\040\000r\000a\000t\000i\000o\000s\000\040\000t\000o\000\040\000a\000\040\000c\000a\000l\000i\000b\000r\000a\000t\000e\000d\000\040\000l\000i\000m\000i\000t}{appendix.B}% 12
\BOOKMARK [2][-]{subsection.B.4}{\376\377\000W\000h\000y\000\040\000s\000o\000m\000e\000\040\000o\000b\000s\000e\000r\000v\000e\000d\000\040\000l\000i\000m\000i\000t\000s\000\040\000a\000n\000d\000\040\000p\000r\000o\000b\000a\000b\000i\000l\000i\000t\000i\000e\000s\000\040\000c\000h\000a\000n\000g\000e\000\040\000s\000t\000r\000o\000n\000g\000l\000y}{appendix.B}% 13
\BOOKMARK [2][-]{subsection.B.5}{\376\377\000I\000n\000t\000e\000r\000p\000o\000l\000a\000t\000i\000o\000n\000\040\000o\000f\000f\000s\000e\000t\000s\000\040\000a\000n\000d\000\040\000a\000\040\000u\000s\000e\000f\000u\000l\000\040\000d\000i\000a\000g\000n\000o\000s\000t\000i\000c}{appendix.B}% 14
\BOOKMARK [2][-]{subsection.B.6}{\376\377\000I\000n\000d\000e\000p\000e\000n\000d\000e\000n\000t\000\040\000v\000a\000l\000i\000d\000a\000t\000i\000o\000n\000\040\000i\000n\000\040\000p\000l\000a\000i\000n\000\040\000l\000a\000n\000g\000u\000a\000g\000e}{appendix.B}% 15
\BOOKMARK [2][-]{subsection.B.7}{\376\377\000T\000h\000e\000\040\000t\000a\000r\000g\000e\000t\000e\000d\000\040\0007\0001\000\040\000M\000e\000V\000\040\000f\000o\000l\000l\000o\000w\000-\000u\000p\000\040\000a\000n\000d\000\040\000r\000e\000m\000a\000i\000n\000i\000n\000g\000\040\000q\000u\000a\000l\000i\000f\000i\000c\000a\000t\000i\000o\000n}{appendix.B}% 16
\BOOKMARK [1][-]{appendix.C}{\376\377\000C\000a\000n\000d\000i\000d\000a\000t\000e\000\040\000r\000e\000m\000o\000v\000a\000l\000\040\000a\000n\000d\000\040\000t\000r\000a\000d\000i\000t\000i\000o\000n\000a\000l\000\040\000b\000a\000c\000k\000g\000r\000o\000u\000n\000d\000\040\000f\000i\000t\000s}{}% 17
\BOOKMARK [2][-]{subsection.C.1}{\376\377\000W\000h\000a\000t\000\040\000w\000a\000s\000\040\000r\000e\000m\000o\000v\000e\000d\000\040\000a\000n\000d\000\040\000h\000o\000w\000\040\000i\000t\000\040\000w\000a\000s\000\040\000r\000e\000p\000l\000a\000c\000e\000d}{appendix.C}% 18
\BOOKMARK [2][-]{subsection.C.2}{\376\377\000W\000h\000a\000t\000\040\000c\000h\000a\000n\000g\000e\000s\000\040\000l\000o\000c\000a\000l\000l\000y\000,\000\040\000a\000n\000d\000\040\000w\000h\000a\000t\000\040\000p\000e\000r\000s\000i\000s\000t\000s\000\040\000f\000a\000r\000t\000h\000e\000r\000\040\000a\000w\000a\000y}{appendix.C}% 19
\BOOKMARK [2][-]{subsection.C.3}{\376\377\000D\000e\000p\000e\000n\000d\000e\000n\000c\000e\000\040\000o\000n\000\040\000t\000h\000e\000\040\000r\000e\000p\000l\000a\000c\000e\000m\000e\000n\000t\000\040\000m\000o\000d\000e\000l}{appendix.C}% 20
\BOOKMARK [2][-]{subsection.C.4}{\376\377\000T\000r\000a\000d\000i\000t\000i\000o\000n\000a\000l\000\040\000l\000o\000c\000a\000l\000\040\000f\000i\000t\000s\000\040\000o\000n\000\040\000t\000h\000e\000\040\000o\000r\000i\000g\000i\000n\000a\000l\000\040\000d\000a\000t\000a}{appendix.C}% 21
\BOOKMARK [2][-]{subsection.C.5}{\376\377\000H\000o\000w\000\040\000t\000o\000\040\000i\000n\000t\000e\000r\000p\000r\000e\000t\000\040\000t\000h\000e\000\040\000s\000t\000r\000o\000n\000g\000e\000s\000t\000-\000l\000o\000o\000k\000i\000n\000g\000\040\000c\000o\000n\000v\000e\000n\000t\000i\000o\000n\000a\000l\000\040\000o\000u\000t\000c\000o\000m\000e\000s}{appendix.C}% 22
\BOOKMARK [2][-]{subsection.C.6}{\376\377\000W\000h\000a\000t\000\040\000t\000h\000i\000s\000\040\000i\000m\000p\000l\000i\000e\000s\000\040\000f\000o\000r\000\040\000p\000r\000e\000s\000e\000n\000t\000a\000t\000i\000o\000n\000\040\000a\000n\000d\000\040\000t\000h\000e\000\040\000n\000e\000x\000t\000\040\000d\000a\000t\000a\000\040\000s\000t\000e\000p}{appendix.C}% 23
\BOOKMARK [2][-]{subsection.C.7}{\376\377\000R\000e\000p\000r\000o\000d\000u\000c\000i\000b\000i\000l\000i\000t\000y\000\040\000a\000n\000d\000\040\000n\000u\000m\000e\000r\000i\000c\000a\000l\000\040\000c\000h\000e\000c\000k\000s}{appendix.C}% 24
\BOOKMARK [1][-]{appendix.D}{\376\377\000J\000o\000i\000n\000t\000\040\000s\000c\000a\000n\000\040\000o\000f\000\040\000d\000e\000f\000i\000c\000i\000t\000s}{}% 25
\BOOKMARK [1][-]{appendix.E}{\376\377\000H\000i\000s\000t\000o\000r\000i\000c\000a\000l\000\040\000v\000a\000l\000i\000d\000a\000t\000i\000o\000n\000\040\000s\000t\000u\000d\000i\000e\000s\000\040\000a\000n\000d\000\040\000t\000h\000e\000i\000r\000\040\000r\000o\000l\000e\000\040\000i\000n\000\040\000v\0005}{}% 26
\BOOKMARK [2][-]{subsection.E.1}{\376\377\000K\000e\000r\000n\000e\000l\000,\000\040\000w\000i\000n\000d\000o\000w\000\040\000a\000n\000d\000\040\000n\000o\000r\000m\000a\000l\000i\000z\000a\000t\000i\000o\000n\000\040\000d\000e\000v\000e\000l\000o\000p\000m\000e\000n\000t\000:\000\040\000J\000u\000n\000e\040\023\000A\000u\000g\000u\000s\000t\000\040\0002\0000\0002\0006}{appendix.E}% 27
\BOOKMARK [2][-]{subsection.E.2}{\376\377\000S\000o\000u\000r\000c\000e\000,\000\040\000e\000x\000p\000o\000s\000u\000r\000e\000\040\000a\000n\000d\000\040\000t\000h\000r\000e\000s\000h\000o\000l\000d\000\040\000t\000e\000s\000t\000s\000:\000\040\000A\000u\000g\000u\000s\000t\000\040\0002\0000\0002\0006}{appendix.E}% 28
\BOOKMARK [2][-]{subsection.E.3}{\376\377\000T\000h\000e\000\040\0002\0000\0001\0006\000\040\000s\000u\000p\000p\000o\000r\000t\000\040\000a\000n\000d\000\040\000n\000u\000m\000e\000r\000i\000c\000a\000l\000-\000s\000t\000a\000t\000e\000\040\000s\000e\000q\000u\000e\000n\000c\000e\000:\000\040\000S\000e\000p\000t\000e\000m\000b\000e\000r\000\040\0002\0000\0002\0006}{appendix.E}% 29
\BOOKMARK [1][-]{appendix.F}{\376\377\000E\000x\000p\000l\000o\000r\000a\000t\000o\000r\000y\000\040\0002\0000\0001\0005\000\040\000s\000e\000a\000r\000c\000h\000\040\000o\000n\000\040\000t\000h\000e\000\040\0001\0005\040\023\0002\0000\000\040\000M\000e\000V\000\040\000r\000i\000s\000i\000n\000g\000\040\000e\000d\000g\000e}{}% 30
\BOOKMARK [2][-]{subsection.F.1}{\376\377\000W\000h\000y\000\040\000a\000\040\000s\000e\000p\000a\000r\000a\000t\000e\000\040\000s\000u\000p\000p\000o\000r\000t\000\040\000i\000s\000\040\000u\000s\000e\000f\000u\000l}{appendix.F}% 31
\BOOKMARK [2][-]{subsection.F.2}{\376\377\000L\000o\000c\000a\000l\000\040\000p\000r\000o\000b\000a\000b\000i\000l\000i\000t\000i\000e\000s\000\040\000a\000n\000d\000\040\000d\000e\000p\000e\000n\000d\000e\000n\000c\000e\000\040\000o\000n\000\040\000t\000h\000e\000\040\000b\000a\000c\000k\000g\000r\000o\000u\000n\000d}{appendix.F}% 32
\BOOKMARK [2][-]{subsection.F.3}{\376\377\000S\000i\000g\000n\000a\000l\000\040\000e\000x\000t\000r\000a\000c\000t\000i\000o\000n\000\040\000a\000t\000\040\000f\000i\000x\000e\000d\000\040\000l\000o\000w\000-\000m\000a\000s\000s\000\040\000a\000n\000c\000h\000o\000r\000s}{appendix.F}% 33
\BOOKMARK [2][-]{subsection.F.4}{\376\377\000T\000h\000e\000\040\000l\000e\000a\000d\000i\000n\000g\000\040\000f\000l\000u\000c\000t\000u\000a\000t\000i\000o\000n\000\040\000a\000n\000d\000\040\000t\000h\000e\000\040\000u\000p\000p\000e\000r\000\040\000e\000d\000g\000e\000\040\000o\000f\000\040\000t\000h\000e\000\040\000r\000e\000q\000u\000e\000s\000t\000e\000d\000\040\000i\000n\000t\000e\000r\000v\000a\000l}{appendix.F}% 34
\BOOKMARK [2][-]{subsection.F.5}{\376\377\000S\000m\000a\000l\000l\000\040\000c\000o\000n\000d\000i\000t\000i\000o\000n\000a\000l\000\040\000t\000o\000y\000\040\000c\000h\000e\000c\000k\000s\000\040\000a\000n\000d\000\040\000w\000h\000a\000t\000\040\000r\000e\000m\000a\000i\000n\000s\000\040\000t\000o\000\040\000e\000s\000t\000a\000b\000l\000i\000s\000h}{appendix.F}% 35
