{
  "calibration_spectra": 94464,
  "counts": {
    "gp": {
      "ntoys_per_proposal": 256,
      "proposal_count": 33
    },
    "stress": {
      "ntoys_per_proposal": 512,
      "proposal_count": 168
    }
  },
  "estimate_seconds": 145.4588827549465,
  "event": "planned_before_draws",
  "mass_MeV": 42,
  "max_memory_gib": 4.0,
  "memory_estimates": {
    "eigenfeature_rtol_1e-15": {
      "conservative_rank": 12,
      "estimated_peak_bytes": 4023250816,
      "estimated_peak_gib": 3.746944308280945,
      "full_bins": 720,
      "interpretation": "Explicit array bound with factor/padding copies, Hessian workspaces, mixture matrices and both retained banks; not measured host memory",
      "per_truth": {
        "gp": {
          "persistent_bytes": 95023104,
          "spectra": 8448,
          "transient_bytes": 247357440
        },
        "stress": {
          "persistent_bytes": 967507968,
          "spectra": 86016,
          "transient_bytes": 2890137600
        }
      },
      "window_bins": 34
    },
    "exact_cached_cholesky": {
      "conservative_rank": 34,
      "estimated_peak_bytes": 12560461696,
      "estimated_peak_gib": 11.69784152507782,
      "full_bins": 720,
      "interpretation": "Explicit array bound with factor/padding copies, Hessian workspaces, mixture matrices and both retained banks; not measured host memory",
      "per_truth": {
        "gp": {
          "persistent_bytes": 154497024,
          "spectra": 8448,
          "transient_bytes": 1020518400
        },
        "stress": {
          "persistent_bytes": 1573060608,
          "spectra": 86016,
          "transient_bytes": 10762321920
        }
      },
      "window_bins": 34
    }
  },
  "scope_key": "individual_2016_full"
}

