one_120 background_asimov rows 198 sec 4.2 total_min 0.1
one_120 matched_asimov rows 198 sec 1.2 total_min 0.1
one_120 yield_asimov rows 198 sec 1.2 total_min 0.1
one_120 toy_00 rows 198 sec 1.3 total_min 0.1
one_120 toy_01 rows 198 sec 1.2 total_min 0.1
one_120 toy_02 rows 198 sec 1.2 total_min 0.2
one_120 toy_03 rows 198 sec 1.1 total_min 0.2
one_120 toy_04 rows 198 sec 1.1 total_min 0.2
one_120 toy_05 rows 198 sec 1.1 total_min 0.2
one_120 toy_06 rows 198 sec 1.2 total_min 0.2
one_120 toy_07 rows 198 sec 1.1 total_min 0.3
one_120 toy_08 rows 198 sec 1.1 total_min 0.3
one_120 toy_09 rows 198 sec 1.2 total_min 0.3
one_120 toy_10 rows 198 sec 1.3 total_min 0.3
one_120 toy_11 rows 198 sec 1.2 total_min 0.3
one_120 toy_12 rows 198 sec 1.3 total_min 0.4
one_120 toy_13 rows 198 sec 1.2 total_min 0.4
one_120 toy_14 rows 198 sec 1.2 total_min 0.4
one_120 toy_15 rows 198 sec 1.1 total_min 0.4
one_120 toy_16 rows 198 sec 1.1 total_min 0.4
one_120 toy_17 rows 198 sec 1.2 total_min 0.5
one_120 toy_18 rows 198 sec 1.2 total_min 0.5
one_120 toy_19 rows 198 sec 1.1 total_min 0.5
one_160 background_asimov rows 198 sec 1.2 total_min 0.5
one_160 matched_asimov rows 198 sec 1.1 total_min 0.5
one_160 yield_asimov rows 198 sec 1.2 total_min 0.6
one_160 toy_00 rows 198 sec 1.2 total_min 0.6
one_160 toy_01 rows 198 sec 1.2 total_min 0.6
one_160 toy_02 rows 198 sec 1.2 total_min 0.6
one_160 toy_03 rows 198 sec 1.3 total_min 0.6
one_160 toy_04 rows 198 sec 1.2 total_min 0.7
one_160 toy_05 rows 198 sec 1.1 total_min 0.7
one_160 toy_06 rows 198 sec 1.2 total_min 0.7
one_160 toy_07 rows 198 sec 1.2 total_min 0.7
one_160 toy_08 rows 198 sec 1.1 total_min 0.7
one_160 toy_09 rows 198 sec 1.1 total_min 0.8
one_160 toy_10 rows 198 sec 1.2 total_min 0.8
one_160 toy_11 rows 198 sec 1.2 total_min 0.8
one_160 toy_12 rows 198 sec 1.2 total_min 0.8
one_160 toy_13 rows 198 sec 1.2 total_min 0.8
one_160 toy_14 rows 198 sec 1.1 total_min 0.9
one_160 toy_15 rows 198 sec 1.2 total_min 0.9
one_160 toy_16 rows 198 sec 1.1 total_min 0.9
one_160 toy_17 rows 198 sec 1.2 total_min 0.9
one_160 toy_18 rows 198 sec 1.2 total_min 0.9
one_160 toy_19 rows 198 sec 1.2 total_min 1.0
one_210 background_asimov rows 198 sec 1.2 total_min 1.0
one_210 matched_asimov rows 198 sec 1.1 total_min 1.0
one_210 yield_asimov rows 198 sec 1.2 total_min 1.0
one_210 toy_00 rows 198 sec 1.1 total_min 1.0
one_210 toy_01 rows 198 sec 1.1 total_min 1.1
one_210 toy_02 rows 198 sec 1.1 total_min 1.1
one_210 toy_03 rows 198 sec 1.2 total_min 1.1
one_210 toy_04 rows 198 sec 1.2 total_min 1.1
one_210 toy_05 rows 198 sec 1.1 total_min 1.1
one_210 toy_06 rows 198 sec 1.2 total_min 1.1
one_210 toy_07 rows 198 sec 1.1 total_min 1.2
one_210 toy_08 rows 198 sec 1.2 total_min 1.2
one_210 toy_09 rows 198 sec 1.3 total_min 1.2
one_210 toy_10 rows 198 sec 1.1 total_min 1.2
one_210 toy_11 rows 198 sec 1.3 total_min 1.2
one_210 toy_12 rows 198 sec 1.2 total_min 1.3
one_210 toy_13 rows 198 sec 1.2 total_min 1.3
one_210 toy_14 rows 198 sec 1.3 total_min 1.3
one_210 toy_15 rows 198 sec 1.2 total_min 1.3
one_210 toy_16 rows 198 sec 1.3 total_min 1.4
one_210 toy_17 rows 198 sec 1.1 total_min 1.4
one_210 toy_18 rows 198 sec 1.2 total_min 1.4
one_210 toy_19 rows 198 sec 1.3 total_min 1.4
one_65 background_asimov rows 198 sec 1.2 total_min 1.4
one_65 matched_asimov rows 198 sec 1.3 total_min 1.5
one_65 yield_asimov rows 198 sec 1.2 total_min 1.5
one_65 toy_00 rows 198 sec 1.3 total_min 1.5
one_65 toy_01 rows 198 sec 1.4 total_min 1.5
one_65 toy_02 rows 198 sec 1.3 total_min 1.5
one_65 toy_03 rows 198 sec 1.5 total_min 1.6
one_65 toy_04 rows 198 sec 1.4 total_min 1.6
one_65 toy_05 rows 198 sec 1.2 total_min 1.6
one_65 toy_06 rows 198 sec 1.3 total_min 1.6
one_65 toy_07 rows 198 sec 1.4 total_min 1.7
one_65 toy_08 rows 198 sec 1.4 total_min 1.7
one_65 toy_09 rows 198 sec 1.4 total_min 1.7
one_65 toy_10 rows 198 sec 1.4 total_min 1.7
one_65 toy_11 rows 198 sec 1.3 total_min 1.7
one_65 toy_12 rows 198 sec 1.4 total_min 1.8
one_65 toy_13 rows 198 sec 1.2 total_min 1.8
one_65 toy_14 rows 198 sec 1.4 total_min 1.8
one_65 toy_15 rows 198 sec 1.4 total_min 1.8
one_65 toy_16 rows 198 sec 1.4 total_min 1.9
one_65 toy_17 rows 198 sec 1.3 total_min 1.9
one_65 toy_18 rows 198 sec 1.5 total_min 1.9
one_65 toy_19 rows 198 sec 1.2 total_min 1.9
one_75 background_asimov rows 198 sec 1.3 total_min 1.9
one_75 matched_asimov rows 198 sec 1.2 total_min 2.0
one_75 yield_asimov rows 198 sec 1.1 total_min 2.0
one_75 toy_00 rows 198 sec 1.2 total_min 2.0
one_75 toy_01 rows 198 sec 1.2 total_min 2.0
one_75 toy_02 rows 198 sec 1.2 total_min 2.0
one_75 toy_03 rows 198 sec 1.2 total_min 2.1
one_75 toy_04 rows 198 sec 1.2 total_min 2.1
one_75 toy_05 rows 198 sec 1.4 total_min 2.1
one_75 toy_06 rows 198 sec 1.3 total_min 2.1
one_75 toy_07 rows 198 sec 1.3 total_min 2.1
one_75 toy_08 rows 198 sec 1.2 total_min 2.2
one_75 toy_09 rows 198 sec 1.1 total_min 2.2
one_75 toy_10 rows 198 sec 1.2 total_min 2.2
one_75 toy_11 rows 198 sec 1.3 total_min 2.2
one_75 toy_12 rows 198 sec 1.2 total_min 2.2
one_75 toy_13 rows 198 sec 1.2 total_min 2.3
one_75 toy_14 rows 198 sec 1.3 total_min 2.3
one_75 toy_15 rows 198 sec 1.2 total_min 2.3
one_75 toy_16 rows 198 sec 1.2 total_min 2.3
one_75 toy_17 rows 198 sec 1.1 total_min 2.3
one_75 toy_18 rows 198 sec 1.3 total_min 2.4
one_75 toy_19 rows 198 sec 1.2 total_min 2.4
one_92 background_asimov rows 198 sec 1.2 total_min 2.4
one_92 matched_asimov rows 198 sec 1.2 total_min 2.4
one_92 yield_asimov rows 198 sec 1.3 total_min 2.4
one_92 toy_00 rows 198 sec 1.2 total_min 2.5
one_92 toy_01 rows 198 sec 1.1 total_min 2.5
one_92 toy_02 rows 198 sec 1.2 total_min 2.5
one_92 toy_03 rows 198 sec 1.2 total_min 2.5
one_92 toy_04 rows 198 sec 1.2 total_min 2.5
one_92 toy_05 rows 198 sec 1.2 total_min 2.6
one_92 toy_06 rows 198 sec 1.2 total_min 2.6
one_92 toy_07 rows 198 sec 1.1 total_min 2.6
one_92 toy_08 rows 198 sec 1.1 total_min 2.6
one_92 toy_09 rows 198 sec 1.2 total_min 2.6
one_92 toy_10 rows 198 sec 1.2 total_min 2.7
one_92 toy_11 rows 198 sec 1.1 total_min 2.7
one_92 toy_12 rows 198 sec 1.2 total_min 2.7
one_92 toy_13 rows 198 sec 1.3 total_min 2.7
one_92 toy_14 rows 198 sec 1.2 total_min 2.7
one_92 toy_15 rows 198 sec 1.1 total_min 2.8
one_92 toy_16 rows 198 sec 1.1 total_min 2.8
one_92 toy_17 rows 198 sec 1.2 total_min 2.8
one_92 toy_18 rows 198 sec 1.1 total_min 2.8
one_92 toy_19 rows 198 sec 1.2 total_min 2.8
one_extra145 background_asimov rows 198 sec 1.3 total_min 2.9
one_extra145 matched_asimov rows 198 sec 1.2 total_min 2.9
one_extra145 yield_asimov rows 198 sec 1.3 total_min 2.9
one_extra145 toy_00 rows 198 sec 1.2 total_min 2.9
one_extra145 toy_01 rows 198 sec 1.1 total_min 2.9
one_extra145 toy_02 rows 198 sec 1.1 total_min 3.0
one_extra145 toy_03 rows 198 sec 1.2 total_min 3.0
one_extra145 toy_04 rows 198 sec 1.3 total_min 3.0
one_extra145 toy_05 rows 198 sec 1.1 total_min 3.0
one_extra145 toy_06 rows 198 sec 1.2 total_min 3.0
one_extra145 toy_07 rows 198 sec 1.2 total_min 3.1
one_extra145 toy_08 rows 198 sec 1.2 total_min 3.1
one_extra145 toy_09 rows 198 sec 1.3 total_min 3.1
one_extra145 toy_10 rows 198 sec 1.1 total_min 3.1
one_extra145 toy_11 rows 198 sec 1.2 total_min 3.1
one_extra145 toy_12 rows 198 sec 1.2 total_min 3.2
one_extra145 toy_13 rows 198 sec 1.3 total_min 3.2
one_extra145 toy_14 rows 198 sec 1.3 total_min 3.2
one_extra145 toy_15 rows 198 sec 1.2 total_min 3.2
one_extra145 toy_16 rows 198 sec 1.2 total_min 3.2
one_extra145 toy_17 rows 198 sec 1.3 total_min 3.3
one_extra145 toy_18 rows 198 sec 1.2 total_min 3.3
one_extra145 toy_19 rows 198 sec 1.2 total_min 3.3
one_extra244 background_asimov rows 198 sec 1.3 total_min 3.3
one_extra244 matched_asimov rows 198 sec 1.2 total_min 3.4
one_extra244 yield_asimov rows 198 sec 1.2 total_min 3.4
one_extra244 toy_00 rows 198 sec 1.2 total_min 3.4
one_extra244 toy_01 rows 198 sec 1.2 total_min 3.4
one_extra244 toy_02 rows 198 sec 1.4 total_min 3.4
one_extra244 toy_03 rows 198 sec 1.2 total_min 3.5
one_extra244 toy_04 rows 198 sec 1.2 total_min 3.5
one_extra244 toy_05 rows 198 sec 1.4 total_min 3.5
one_extra244 toy_06 rows 198 sec 1.3 total_min 3.5
one_extra244 toy_07 rows 198 sec 1.4 total_min 3.5
one_extra244 toy_08 rows 198 sec 1.2 total_min 3.6
one_extra244 toy_09 rows 198 sec 1.2 total_min 3.6
one_extra244 toy_10 rows 198 sec 1.2 total_min 3.6
one_extra244 toy_11 rows 198 sec 1.5 total_min 3.6
one_extra244 toy_12 rows 198 sec 1.3 total_min 3.6
one_extra244 toy_13 rows 198 sec 1.2 total_min 3.7
one_extra244 toy_14 rows 198 sec 1.3 total_min 3.7
one_extra244 toy_15 rows 198 sec 1.2 total_min 3.7
one_extra244 toy_16 rows 198 sec 1.4 total_min 3.7
one_extra244 toy_17 rows 198 sec 1.3 total_min 3.8
one_extra244 toy_18 rows 198 sec 1.5 total_min 3.8
one_extra244 toy_19 rows 198 sec 1.2 total_min 3.8
one_extra84 background_asimov rows 198 sec 1.3 total_min 3.8
one_extra84 matched_asimov rows 198 sec 1.2 total_min 3.8
one_extra84 yield_asimov rows 198 sec 1.4 total_min 3.9
one_extra84 toy_00 rows 198 sec 1.2 total_min 3.9
one_extra84 toy_01 rows 198 sec 1.3 total_min 3.9
one_extra84 toy_02 rows 198 sec 1.4 total_min 3.9
one_extra84 toy_03 rows 198 sec 1.1 total_min 4.0
one_extra84 toy_04 rows 198 sec 1.1 total_min 4.0
one_extra84 toy_05 rows 198 sec 1.3 total_min 4.0
one_extra84 toy_06 rows 198 sec 1.3 total_min 4.0
one_extra84 toy_07 rows 198 sec 1.3 total_min 4.0
one_extra84 toy_08 rows 198 sec 1.2 total_min 4.1
one_extra84 toy_09 rows 198 sec 1.2 total_min 4.1
one_extra84 toy_10 rows 198 sec 1.1 total_min 4.1
one_extra84 toy_11 rows 198 sec 1.2 total_min 4.1
one_extra84 toy_12 rows 198 sec 1.9 total_min 4.1
one_extra84 toy_13 rows 198 sec 1.3 total_min 4.2
one_extra84 toy_14 rows 198 sec 1.3 total_min 4.2
one_extra84 toy_15 rows 198 sec 1.2 total_min 4.2
one_extra84 toy_16 rows 198 sec 1.2 total_min 4.2
one_extra84 toy_17 rows 198 sec 1.2 total_min 4.3
one_extra84 toy_18 rows 198 sec 1.2 total_min 4.3
one_extra84 toy_19 rows 198 sec 1.2 total_min 4.3
ten_120 background_asimov rows 201 sec 4.2 total_min 4.4
ten_120 matched_asimov rows 201 sec 1.2 total_min 4.4
ten_120 yield_asimov rows 201 sec 1.2 total_min 4.4
ten_120 toy_00 rows 201 sec 1.1 total_min 4.4
ten_120 toy_01 rows 201 sec 1.1 total_min 4.4
ten_120 toy_02 rows 201 sec 1.1 total_min 4.5
ten_120 toy_03 rows 201 sec 1.2 total_min 4.5
ten_120 toy_04 rows 201 sec 1.1 total_min 4.5
ten_120 toy_05 rows 201 sec 1.1 total_min 4.5
ten_120 toy_06 rows 201 sec 1.1 total_min 4.5
ten_120 toy_07 rows 201 sec 1.1 total_min 4.5
ten_120 toy_08 rows 201 sec 1.1 total_min 4.6
ten_120 toy_09 rows 201 sec 1.2 total_min 4.6
ten_120 toy_10 rows 201 sec 1.1 total_min 4.6
ten_120 toy_11 rows 201 sec 1.1 total_min 4.6
ten_120 toy_12 rows 201 sec 1.6 total_min 4.7
ten_120 toy_13 rows 201 sec 1.1 total_min 4.7
ten_120 toy_14 rows 201 sec 1.1 total_min 4.7
ten_120 toy_15 rows 201 sec 1.1 total_min 4.7
ten_120 toy_16 rows 201 sec 1.1 total_min 4.7
ten_120 toy_17 rows 201 sec 1.1 total_min 4.7
ten_120 toy_18 rows 201 sec 1.1 total_min 4.8
ten_120 toy_19 rows 201 sec 1.1 total_min 4.8
ten_160 background_asimov rows 201 sec 1.2 total_min 4.8
ten_160 matched_asimov rows 201 sec 1.1 total_min 4.8
ten_160 yield_asimov rows 201 sec 1.1 total_min 4.8
ten_160 toy_00 rows 201 sec 1.1 total_min 4.9
ten_160 toy_01 rows 201 sec 1.1 total_min 4.9
ten_160 toy_02 rows 201 sec 1.1 total_min 4.9
ten_160 toy_03 rows 201 sec 1.2 total_min 4.9
ten_160 toy_04 rows 201 sec 1.1 total_min 4.9
ten_160 toy_05 rows 201 sec 1.1 total_min 5.0
ten_160 toy_06 rows 201 sec 1.1 total_min 5.0
ten_160 toy_07 rows 201 sec 1.1 total_min 5.0
ten_160 toy_08 rows 201 sec 1.1 total_min 5.0
ten_160 toy_09 rows 201 sec 1.1 total_min 5.0
ten_160 toy_10 rows 201 sec 1.1 total_min 5.0
ten_160 toy_11 rows 201 sec 1.1 total_min 5.1
ten_160 toy_12 rows 201 sec 1.1 total_min 5.1
ten_160 toy_13 rows 201 sec 1.1 total_min 5.1
ten_160 toy_14 rows 201 sec 1.1 total_min 5.1
ten_160 toy_15 rows 201 sec 1.2 total_min 5.1
ten_160 toy_16 rows 201 sec 1.2 total_min 5.2
ten_160 toy_17 rows 201 sec 1.2 total_min 5.2
ten_160 toy_18 rows 201 sec 1.2 total_min 5.2
ten_160 toy_19 rows 201 sec 1.1 total_min 5.2
ten_210 background_asimov rows 201 sec 1.2 total_min 5.2
ten_210 matched_asimov rows 201 sec 1.1 total_min 5.3
ten_210 yield_asimov rows 201 sec 1.1 total_min 5.3
ten_210 toy_00 rows 201 sec 1.1 total_min 5.3
ten_210 toy_01 rows 201 sec 1.1 total_min 5.3
ten_210 toy_02 rows 201 sec 1.1 total_min 5.3
ten_210 toy_03 rows 201 sec 1.1 total_min 5.3
ten_210 toy_04 rows 201 sec 1.1 total_min 5.4
ten_210 toy_05 rows 201 sec 1.2 total_min 5.4
ten_210 toy_06 rows 201 sec 1.1 total_min 5.4
ten_210 toy_07 rows 201 sec 1.1 total_min 5.4
ten_210 toy_08 rows 201 sec 1.2 total_min 5.4
ten_210 toy_09 rows 201 sec 1.2 total_min 5.5
ten_210 toy_10 rows 201 sec 1.2 total_min 5.5
ten_210 toy_11 rows 201 sec 1.2 total_min 5.5
ten_210 toy_12 rows 201 sec 1.2 total_min 5.5
ten_210 toy_13 rows 201 sec 1.2 total_min 5.5
ten_210 toy_14 rows 201 sec 1.2 total_min 5.6
ten_210 toy_15 rows 201 sec 1.2 total_min 5.6
ten_210 toy_16 rows 201 sec 1.2 total_min 5.6
ten_210 toy_17 rows 201 sec 1.1 total_min 5.6
ten_210 toy_18 rows 201 sec 1.1 total_min 5.6
ten_210 toy_19 rows 201 sec 1.1 total_min 5.7
ten_65 background_asimov rows 201 sec 1.2 total_min 5.7
ten_65 matched_asimov rows 201 sec 1.1 total_min 5.7
ten_65 yield_asimov rows 201 sec 1.1 total_min 5.7
ten_65 toy_00 rows 201 sec 1.1 total_min 5.7
ten_65 toy_01 rows 201 sec 1.1 total_min 5.8
ten_65 toy_02 rows 201 sec 1.1 total_min 5.8
ten_65 toy_03 rows 201 sec 1.1 total_min 5.8
ten_65 toy_04 rows 201 sec 1.1 total_min 5.8
ten_65 toy_05 rows 201 sec 1.1 total_min 5.8
ten_65 toy_06 rows 201 sec 1.1 total_min 5.8
ten_65 toy_07 rows 201 sec 1.2 total_min 5.9
ten_65 toy_08 rows 201 sec 1.1 total_min 5.9
ten_65 toy_09 rows 201 sec 1.2 total_min 5.9
ten_65 toy_10 rows 201 sec 1.1 total_min 5.9
ten_65 toy_11 rows 201 sec 1.1 total_min 5.9
ten_65 toy_12 rows 201 sec 1.1 total_min 6.0
ten_65 toy_13 rows 201 sec 1.1 total_min 6.0
ten_65 toy_14 rows 201 sec 1.1 total_min 6.0
ten_65 toy_15 rows 201 sec 1.2 total_min 6.0
ten_65 toy_16 rows 201 sec 1.1 total_min 6.0
ten_65 toy_17 rows 201 sec 1.1 total_min 6.1
ten_65 toy_18 rows 201 sec 1.1 total_min 6.1
ten_65 toy_19 rows 201 sec 1.1 total_min 6.1
ten_75 background_asimov rows 201 sec 1.2 total_min 6.1
ten_75 matched_asimov rows 201 sec 1.1 total_min 6.1
ten_75 yield_asimov rows 201 sec 1.1 total_min 6.1
ten_75 toy_00 rows 201 sec 1.1 total_min 6.2
ten_75 toy_01 rows 201 sec 1.1 total_min 6.2
ten_75 toy_02 rows 201 sec 1.1 total_min 6.2
ten_75 toy_03 rows 201 sec 1.1 total_min 6.2
ten_75 toy_04 rows 201 sec 1.1 total_min 6.2
ten_75 toy_05 rows 201 sec 1.2 total_min 6.3
ten_75 toy_06 rows 201 sec 1.2 total_min 6.3
ten_75 toy_07 rows 201 sec 1.2 total_min 6.3
ten_75 toy_08 rows 201 sec 1.1 total_min 6.3
ten_75 toy_09 rows 201 sec 1.1 total_min 6.3
ten_75 toy_10 rows 201 sec 1.1 total_min 6.4
ten_75 toy_11 rows 201 sec 1.1 total_min 6.4
ten_75 toy_12 rows 201 sec 1.1 total_min 6.4
ten_75 toy_13 rows 201 sec 1.1 total_min 6.4
ten_75 toy_14 rows 201 sec 1.1 total_min 6.4
ten_75 toy_15 rows 201 sec 1.1 total_min 6.4
ten_75 toy_16 rows 201 sec 1.1 total_min 6.5
ten_75 toy_17 rows 201 sec 1.2 total_min 6.5
ten_75 toy_18 rows 201 sec 1.2 total_min 6.5
ten_75 toy_19 rows 201 sec 1.1 total_min 6.5
ten_92 background_asimov rows 201 sec 1.2 total_min 6.5
ten_92 matched_asimov rows 201 sec 1.1 total_min 6.6
ten_92 yield_asimov rows 201 sec 1.1 total_min 6.6
ten_92 toy_00 rows 201 sec 1.1 total_min 6.6
ten_92 toy_01 rows 201 sec 1.1 total_min 6.6
ten_92 toy_02 rows 201 sec 1.2 total_min 6.6
ten_92 toy_03 rows 201 sec 1.2 total_min 6.7
ten_92 toy_04 rows 201 sec 1.1 total_min 6.7
ten_92 toy_05 rows 201 sec 1.1 total_min 6.7
ten_92 toy_06 rows 201 sec 1.2 total_min 6.7
ten_92 toy_07 rows 201 sec 1.2 total_min 6.7
ten_92 toy_08 rows 201 sec 1.2 total_min 6.8
ten_92 toy_09 rows 201 sec 1.2 total_min 6.8
ten_92 toy_10 rows 201 sec 1.2 total_min 6.8
ten_92 toy_11 rows 201 sec 1.1 total_min 6.8
ten_92 toy_12 rows 201 sec 1.1 total_min 6.8
ten_92 toy_13 rows 201 sec 1.1 total_min 6.8
ten_92 toy_14 rows 201 sec 1.1 total_min 6.9
ten_92 toy_15 rows 201 sec 1.1 total_min 6.9
ten_92 toy_16 rows 201 sec 1.1 total_min 6.9
ten_92 toy_17 rows 201 sec 1.2 total_min 6.9
ten_92 toy_18 rows 201 sec 1.2 total_min 6.9
ten_92 toy_19 rows 201 sec 1.2 total_min 7.0
