observed scan 60 complete
observed scan 80 complete
observed scan 100 complete
observed scan 120 complete
observed scan 140 complete
observed scan 160 complete
observed scan 180 complete
observed scan 200 complete
observed scan 220 complete
observed scan 240 complete
SELECTED [{"region": "excess_1", "mass_MeV": 67, "q0": 7.486116271984334, "signed_r": 2.736076803012725, "fit_low_MeV": 59.12500000000001, "fit_high_MeV": 70.375}, {"region": "excess_2", "mass_MeV": 79, "q0": 6.333496781358272, "signed_r": 2.5166439520437276, "fit_low_MeV": 70.375, "fit_high_MeV": 82.25}, {"region": "excess_3", "mass_MeV": 185, "q0": 2.983348806563044, "signed_r": 1.7272373335946174, "fit_low_MeV": 168.5, "fit_high_MeV": 191.0}, {"region": "deficit", "mass_MeV": 226, "q0": 0.0, "signed_r": -1.42604242573506, "fit_low_MeV": 204.125, "fit_high_MeV": 235.375}]
selected toys null 67 complete
selected toys null 79 complete
selected toys null 185 complete
selected toys null 226 complete
selected toys calibration 67 complete
selected toys calibration 79 complete
selected toys calibration 185 complete
selected toys calibration 226 complete
{
  "passed": true,
  "observed_scan_fits": 543,
  "selected_toy_fits": 40800,
  "null_toys_per_mass_policy": 1000,
  "signal_calibration_toys_per_strength": 200,
  "all_anchor_templates_equal_direct_MC": true,
  "selected_regions": [
    {
      "region": "excess_1",
      "mass_MeV": 67,
      "q0": 7.486116271984334,
      "signed_r": 2.736076803012725,
      "fit_low_MeV": 59.12500000000001,
      "fit_high_MeV": 70.375
    },
    {
      "region": "excess_2",
      "mass_MeV": 79,
      "q0": 6.333496781358272,
      "signed_r": 2.5166439520437276,
      "fit_low_MeV": 70.375,
      "fit_high_MeV": 82.25
    },
    {
      "region": "excess_3",
      "mass_MeV": 185,
      "q0": 2.983348806563044,
      "signed_r": 1.7272373335946174,
      "fit_low_MeV": 168.5,
      "fit_high_MeV": 191.0
    },
    {
      "region": "deficit",
      "mass_MeV": 226,
      "q0": 0.0,
      "signed_r": -1.42604242573506,
      "fit_low_MeV": 204.125,
      "fit_high_MeV": 235.375
    }
  ],
  "protocol_sha256": "115f4919445b6be9b6032dd40081f82db94f467abbc3468c17a0239598ac830c",
  "runtime_seconds": 103.192494041,
  "scope": "Observed fixed-mass asymptotic profile scan; conditional fixed-mass selected-region toy diagnostics; no global p-value or physical coupling exclusion."
}
