{
  "calibration_spectra": 45312,
  "counts": {
    "gp": {
      "ntoys_per_proposal": 256,
      "proposal_count": 33
    },
    "stress": {
      "ntoys_per_proposal": 512,
      "proposal_count": 72
    }
  },
  "estimate_seconds": 39.6282098489379,
  "event": "planned_before_draws",
  "mass_MeV": 109,
  "max_memory_gib": 4.0,
  "memory_estimates": {
    "eigenfeature_rtol_1e-15": {
      "chunk_size": 128,
      "chunk_workspace_bytes": 3422208,
      "conservative_rank": 12,
      "estimated_peak_bytes": 893323280,
      "estimated_peak_gib": 0.831972137093544,
      "full_bins": 422,
      "generation_workspace_bytes": 1728512,
      "interpretation": "Both banks, bounded q caches, chunk fit/density copies, retained validation models and 512 MiB runtime reserve; source-derived, not measured RSS",
      "per_truth": {
        "gp": {
          "chunk_workspace_bytes": 3262464,
          "persistent_bytes": 64069632,
          "qcache_bound_bytes": 8650752,
          "qcache_limit": 128,
          "spectra": 8448
        },
        "stress": {
          "chunk_workspace_bytes": 3422208,
          "persistent_bytes": 279576576,
          "qcache_bound_bytes": 37748736,
          "qcache_limit": 128,
          "spectra": 36864
        }
      },
      "persistent_bytes": 343646208,
      "proposal_bytes": 1063440,
      "runtime_reserve_bytes": 536870912,
      "validation_retained_bytes": 6592000,
      "window_bins": 20
    },
    "exact_cached_cholesky": {
      "chunk_size": 128,
      "chunk_workspace_bytes": 6305792,
      "conservative_rank": 20,
      "estimated_peak_bytes": 973270032,
      "estimated_peak_gib": 0.9064283519983292,
      "full_bins": 422,
      "generation_workspace_bytes": 1728512,
      "interpretation": "Both banks, bounded q caches, chunk fit/density copies, retained validation models and 512 MiB runtime reserve; source-derived, not measured RSS",
      "per_truth": {
        "gp": {
          "chunk_workspace_bytes": 6146048,
          "persistent_bytes": 78127104,
          "qcache_bound_bytes": 8650752,
          "qcache_limit": 128,
          "spectra": 8448
        },
        "stress": {
          "chunk_workspace_bytes": 6305792,
          "persistent_bytes": 340918272,
          "qcache_bound_bytes": 37748736,
          "qcache_limit": 128,
          "spectra": 36864
        }
      },
      "persistent_bytes": 419045376,
      "proposal_bytes": 1063440,
      "runtime_reserve_bytes": 536870912,
      "validation_retained_bytes": 8256000,
      "window_bins": 20
    }
  },
  "scope_key": "individual_2021_10pct"
}

{
  "chunked_equivalence_passed": true,
  "elapsed_seconds": 28.970383042,
  "event": "point_completed",
  "mass_MeV": 109,
  "scope_key": "individual_2021_10pct"
}

{
  "calibration_spectra": 45312,
  "counts": {
    "gp": {
      "ntoys_per_proposal": 512,
      "proposal_count": 72
    },
    "stress": {
      "ntoys_per_proposal": 256,
      "proposal_count": 33
    }
  },
  "estimate_seconds": 41.66750571877383,
  "event": "planned_before_draws",
  "mass_MeV": 106,
  "max_memory_gib": 4.0,
  "memory_estimates": {
    "eigenfeature_rtol_1e-15": {
      "chunk_size": 128,
      "chunk_workspace_bytes": 3422208,
      "conservative_rank": 12,
      "estimated_peak_bytes": 893323280,
      "estimated_peak_gib": 0.831972137093544,
      "full_bins": 422,
      "generation_workspace_bytes": 1728512,
      "interpretation": "Both banks, bounded q caches, chunk fit/density copies, retained validation models and 512 MiB runtime reserve; source-derived, not measured RSS",
      "per_truth": {
        "gp": {
          "chunk_workspace_bytes": 3422208,
          "persistent_bytes": 279576576,
          "qcache_bound_bytes": 37748736,
          "qcache_limit": 128,
          "spectra": 36864
        },
        "stress": {
          "chunk_workspace_bytes": 3262464,
          "persistent_bytes": 64069632,
          "qcache_bound_bytes": 8650752,
          "qcache_limit": 128,
          "spectra": 8448
        }
      },
      "persistent_bytes": 343646208,
      "proposal_bytes": 1063440,
      "runtime_reserve_bytes": 536870912,
      "validation_retained_bytes": 6592000,
      "window_bins": 20
    },
    "exact_cached_cholesky": {
      "chunk_size": 128,
      "chunk_workspace_bytes": 6305792,
      "conservative_rank": 20,
      "estimated_peak_bytes": 973270032,
      "estimated_peak_gib": 0.9064283519983292,
      "full_bins": 422,
      "generation_workspace_bytes": 1728512,
      "interpretation": "Both banks, bounded q caches, chunk fit/density copies, retained validation models and 512 MiB runtime reserve; source-derived, not measured RSS",
      "per_truth": {
        "gp": {
          "chunk_workspace_bytes": 6305792,
          "persistent_bytes": 340918272,
          "qcache_bound_bytes": 37748736,
          "qcache_limit": 128,
          "spectra": 36864
        },
        "stress": {
          "chunk_workspace_bytes": 6146048,
          "persistent_bytes": 78127104,
          "qcache_bound_bytes": 8650752,
          "qcache_limit": 128,
          "spectra": 8448
        }
      },
      "persistent_bytes": 419045376,
      "proposal_bytes": 1063440,
      "runtime_reserve_bytes": 536870912,
      "validation_retained_bytes": 8256000,
      "window_bins": 20
    }
  },
  "scope_key": "individual_2021_10pct"
}

{
  "chunked_equivalence_passed": true,
  "elapsed_seconds": 27.843374958000002,
  "event": "point_completed",
  "mass_MeV": 106,
  "scope_key": "individual_2021_10pct"
}

{
  "calibration_spectra": 73728,
  "counts": {
    "gp": {
      "ntoys_per_proposal": 512,
      "proposal_count": 72
    },
    "stress": {
      "ntoys_per_proposal": 512,
      "proposal_count": 72
    }
  },
  "estimate_seconds": 92.98338786406059,
  "event": "planned_before_draws",
  "mass_MeV": 212,
  "max_memory_gib": 4.0,
  "memory_estimates": {
    "eigenfeature_rtol_1e-15": {
      "chunk_size": 128,
      "chunk_workspace_bytes": 4667392,
      "conservative_rank": 12,
      "estimated_peak_bytes": 1292208896,
      "estimated_peak_gib": 1.2034633159637451,
      "full_bins": 422,
      "generation_workspace_bytes": 1728512,
      "interpretation": "Both banks, bounded q caches, chunk fit/density copies, retained validation models and 512 MiB runtime reserve; source-derived, not measured RSS",
      "per_truth": {
        "gp": {
          "chunk_workspace_bytes": 4667392,
          "persistent_bytes": 369229824,
          "qcache_bound_bytes": 37748736,
          "qcache_limit": 128,
          "spectra": 36864
        },
        "stress": {
          "chunk_workspace_bytes": 4667392,
          "persistent_bytes": 369229824,
          "qcache_bound_bytes": 37748736,
          "qcache_limit": 128,
          "spectra": 36864
        }
      },
      "persistent_bytes": 738459648,
      "proposal_bytes": 1458432,
      "runtime_reserve_bytes": 536870912,
      "validation_retained_bytes": 9024000,
      "window_bins": 39
    },
    "exact_cached_cholesky": {
      "chunk_size": 128,
      "chunk_workspace_bytes": 20703232,
      "conservative_rank": 39,
      "estimated_peak_bytes": 2034600896,
      "estimated_peak_gib": 1.8948697447776794,
      "full_bins": 422,
      "generation_workspace_bytes": 1728512,
      "interpretation": "Both banks, bounded q caches, chunk fit/density copies, retained validation models and 512 MiB runtime reserve; source-derived, not measured RSS",
      "per_truth": {
        "gp": {
          "chunk_workspace_bytes": 20703232,
          "persistent_bytes": 727547904,
          "qcache_bound_bytes": 37748736,
          "qcache_limit": 128,
          "spectra": 36864
        },
        "stress": {
          "chunk_workspace_bytes": 20703232,
          "persistent_bytes": 727547904,
          "qcache_bound_bytes": 37748736,
          "qcache_limit": 128,
          "spectra": 36864
        }
      },
      "persistent_bytes": 1455095808,
      "proposal_bytes": 1458432,
      "runtime_reserve_bytes": 536870912,
      "validation_retained_bytes": 18744000,
      "window_bins": 39
    }
  },
  "scope_key": "individual_2021_10pct"
}

{
  "chunked_equivalence_passed": true,
  "elapsed_seconds": 69.33885149999999,
  "event": "point_completed",
  "mass_MeV": 212,
  "scope_key": "individual_2021_10pct"
}

{
  "calibration_spectra": 45312,
  "counts": {
    "gp": {
      "ntoys_per_proposal": 256,
      "proposal_count": 33
    },
    "stress": {
      "ntoys_per_proposal": 512,
      "proposal_count": 72
    }
  },
  "estimate_seconds": 52.022954939047686,
  "event": "planned_before_draws",
  "mass_MeV": 187,
  "max_memory_gib": 4.0,
  "memory_estimates": {
    "eigenfeature_rtol_1e-15": {
      "chunk_size": 128,
      "chunk_workspace_bytes": 4274176,
      "conservative_rank": 12,
      "estimated_peak_bytes": 971238416,
      "estimated_peak_gib": 0.9045362621545792,
      "full_bins": 422,
      "generation_workspace_bytes": 1728512,
      "interpretation": "Both banks, bounded q caches, chunk fit/density copies, retained validation models and 512 MiB runtime reserve; source-derived, not measured RSS",
      "per_truth": {
        "gp": {
          "chunk_workspace_bytes": 4114432,
          "persistent_bytes": 78127104,
          "qcache_bound_bytes": 8650752,
          "qcache_limit": 128,
          "spectra": 8448
        },
        "stress": {
          "chunk_workspace_bytes": 4274176,
          "persistent_bytes": 340918272,
          "qcache_bound_bytes": 37748736,
          "qcache_limit": 128,
          "spectra": 36864
        }
      },
      "persistent_bytes": 419045376,
      "proposal_bytes": 1063440,
      "runtime_reserve_bytes": 536870912,
      "validation_retained_bytes": 8256000,
      "window_bins": 33
    },
    "exact_cached_cholesky": {
      "chunk_size": 128,
      "chunk_workspace_bytes": 15198208,
      "conservative_rank": 33,
      "estimated_peak_bytes": 1285598672,
      "estimated_peak_gib": 1.19730706512928,
      "full_bins": 422,
      "generation_workspace_bytes": 1728512,
      "interpretation": "Both banks, bounded q caches, chunk fit/density copies, retained validation models and 512 MiB runtime reserve; source-derived, not measured RSS",
      "per_truth": {
        "gp": {
          "chunk_workspace_bytes": 15038464,
          "persistent_bytes": 133478400,
          "qcache_bound_bytes": 8650752,
          "qcache_limit": 128,
          "spectra": 8448
        },
        "stress": {
          "chunk_workspace_bytes": 15198208,
          "persistent_bytes": 582451200,
          "qcache_bound_bytes": 37748736,
          "qcache_limit": 128,
          "spectra": 36864
        }
      },
      "persistent_bytes": 715929600,
      "proposal_bytes": 1063440,
      "runtime_reserve_bytes": 536870912,
      "validation_retained_bytes": 14808000,
      "window_bins": 33
    }
  },
  "scope_key": "individual_2021_10pct"
}

{
  "chunked_equivalence_passed": true,
  "elapsed_seconds": 39.130682084,
  "event": "point_completed",
  "mass_MeV": 187,
  "scope_key": "individual_2021_10pct"
}

{
  "calibration_spectra": 45312,
  "counts": {
    "gp": {
      "ntoys_per_proposal": 512,
      "proposal_count": 72
    },
    "stress": {
      "ntoys_per_proposal": 256,
      "proposal_count": 33
    }
  },
  "estimate_seconds": 39.436157452478746,
  "event": "planned_before_draws",
  "mass_MeV": 128,
  "max_memory_gib": 4.0,
  "memory_estimates": {
    "eigenfeature_rtol_1e-15": {
      "chunk_size": 128,
      "chunk_workspace_bytes": 3553280,
      "conservative_rank": 12,
      "estimated_peak_bytes": 905310224,
      "estimated_peak_gib": 0.8431358486413956,
      "full_bins": 422,
      "generation_workspace_bytes": 1728512,
      "interpretation": "Both banks, bounded q caches, chunk fit/density copies, retained validation models and 512 MiB runtime reserve; source-derived, not measured RSS",
      "per_truth": {
        "gp": {
          "chunk_workspace_bytes": 3553280,
          "persistent_bytes": 289013760,
          "qcache_bound_bytes": 37748736,
          "qcache_limit": 128,
          "spectra": 36864
        },
        "stress": {
          "chunk_workspace_bytes": 3393536,
          "persistent_bytes": 66232320,
          "qcache_bound_bytes": 8650752,
          "qcache_limit": 128,
          "spectra": 8448
        }
      },
      "persistent_bytes": 355246080,
      "proposal_bytes": 1063440,
      "runtime_reserve_bytes": 536870912,
      "validation_retained_bytes": 6848000,
      "window_bins": 22
    },
    "exact_cached_cholesky": {
      "chunk_size": 128,
      "chunk_workspace_bytes": 7403520,
      "conservative_rank": 22,
      "estimated_peak_bytes": 1012899344,
      "estimated_peak_gib": 0.9433360248804092,
      "full_bins": 422,
      "generation_workspace_bytes": 1728512,
      "interpretation": "Both banks, bounded q caches, chunk fit/density copies, retained validation models and 512 MiB runtime reserve; source-derived, not measured RSS",
      "per_truth": {
        "gp": {
          "chunk_workspace_bytes": 7403520,
          "persistent_bytes": 371589120,
          "qcache_bound_bytes": 37748736,
          "qcache_limit": 128,
          "spectra": 36864
        },
        "stress": {
          "chunk_workspace_bytes": 7243776,
          "persistent_bytes": 85155840,
          "qcache_bound_bytes": 8650752,
          "qcache_limit": 128,
          "spectra": 8448
        }
      },
      "persistent_bytes": 456744960,
      "proposal_bytes": 1063440,
      "runtime_reserve_bytes": 536870912,
      "validation_retained_bytes": 9088000,
      "window_bins": 22
    }
  },
  "scope_key": "individual_2021_10pct"
}

{
  "chunked_equivalence_passed": true,
  "elapsed_seconds": 28.877299417000017,
  "event": "point_completed",
  "mass_MeV": 128,
  "scope_key": "individual_2021_10pct"
}

{
  "calibration_spectra": 45312,
  "counts": {
    "gp": {
      "ntoys_per_proposal": 256,
      "proposal_count": 33
    },
    "stress": {
      "ntoys_per_proposal": 512,
      "proposal_count": 72
    }
  },
  "estimate_seconds": 43.22327444214953,
  "event": "planned_before_draws",
  "mass_MeV": 147,
  "max_memory_gib": 4.0,
  "memory_estimates": {
    "eigenfeature_rtol_1e-15": {
      "chunk_size": 128,
      "chunk_workspace_bytes": 3749888,
      "conservative_rank": 12,
      "estimated_peak_bytes": 923290640,
      "estimated_peak_gib": 0.8598814159631729,
      "full_bins": 422,
      "generation_workspace_bytes": 1728512,
      "interpretation": "Both banks, bounded q caches, chunk fit/density copies, retained validation models and 512 MiB runtime reserve; source-derived, not measured RSS",
      "per_truth": {
        "gp": {
          "chunk_workspace_bytes": 3590144,
          "persistent_bytes": 69476352,
          "qcache_bound_bytes": 8650752,
          "qcache_limit": 128,
          "spectra": 8448
        },
        "stress": {
          "chunk_workspace_bytes": 3749888,
          "persistent_bytes": 303169536,
          "qcache_bound_bytes": 37748736,
          "qcache_limit": 128,
          "spectra": 36864
        }
      },
      "persistent_bytes": 372645888,
      "proposal_bytes": 1063440,
      "runtime_reserve_bytes": 536870912,
      "validation_retained_bytes": 7232000,
      "window_bins": 25
    },
    "exact_cached_cholesky": {
      "chunk_size": 128,
      "chunk_workspace_bytes": 9234432,
      "conservative_rank": 25,
      "estimated_peak_bytes": 1078085072,
      "estimated_peak_gib": 1.0040449649095535,
      "full_bins": 422,
      "generation_workspace_bytes": 1728512,
      "interpretation": "Both banks, bounded q caches, chunk fit/density copies, retained validation models and 512 MiB runtime reserve; source-derived, not measured RSS",
      "per_truth": {
        "gp": {
          "chunk_workspace_bytes": 9074688,
          "persistent_bytes": 96712704,
          "qcache_bound_bytes": 8650752,
          "qcache_limit": 128,
          "spectra": 8448
        },
        "stress": {
          "chunk_workspace_bytes": 9234432,
          "persistent_bytes": 422019072,
          "qcache_bound_bytes": 37748736,
          "qcache_limit": 128,
          "spectra": 36864
        }
      },
      "persistent_bytes": 518731776,
      "proposal_bytes": 1063440,
      "runtime_reserve_bytes": 536870912,
      "validation_retained_bytes": 10456000,
      "window_bins": 25
    }
  },
  "scope_key": "individual_2021_10pct"
}

{
  "chunked_equivalence_passed": true,
  "elapsed_seconds": 30.566649667000007,
  "event": "point_completed",
  "mass_MeV": 147,
  "scope_key": "individual_2021_10pct"
}

{
  "calibration_spectra": 43776,
  "counts": {
    "gp": {
      "ntoys_per_proposal": 256,
      "proposal_count": 33
    },
    "stress": {
      "ntoys_per_proposal": 512,
      "proposal_count": 69
    }
  },
  "estimate_seconds": 59.032318200547564,
  "event": "planned_before_draws",
  "mass_MeV": 219,
  "max_memory_gib": 4.0,
  "memory_estimates": {
    "eigenfeature_rtol_1e-15": {
      "chunk_size": 128,
      "chunk_workspace_bytes": 4786176,
      "conservative_rank": 12,
      "estimated_peak_bytes": 1003365728,
      "estimated_peak_gib": 0.9344571530818939,
      "full_bins": 422,
      "generation_workspace_bytes": 1728512,
      "interpretation": "Both banks, bounded q caches, chunk fit/density copies, retained validation models and 512 MiB runtime reserve; source-derived, not measured RSS",
      "per_truth": {
        "gp": {
          "chunk_workspace_bytes": 4638720,
          "persistent_bytes": 86777856,
          "qcache_bound_bytes": 8650752,
          "qcache_limit": 128,
          "spectra": 8448
        },
        "stress": {
          "chunk_workspace_bytes": 4786176,
          "persistent_bytes": 362889216,
          "qcache_bound_bytes": 36175872,
          "qcache_limit": 128,
          "spectra": 35328
        }
      },
      "persistent_bytes": 449667072,
      "proposal_bytes": 1033056,
      "runtime_reserve_bytes": 536870912,
      "validation_retained_bytes": 9280000,
      "window_bins": 41
    },
    "exact_cached_cholesky": {
      "chunk_size": 128,
      "chunk_workspace_bytes": 22722560,
      "conservative_rank": 41,
      "estimated_peak_bytes": 1509539616,
      "estimated_peak_gib": 1.4058683216571808,
      "full_bins": 422,
      "generation_workspace_bytes": 1728512,
      "interpretation": "Both banks, bounded q caches, chunk fit/density copies, retained validation models and 512 MiB runtime reserve; source-derived, not measured RSS",
      "per_truth": {
        "gp": {
          "chunk_workspace_bytes": 22575104,
          "persistent_bytes": 178894848,
          "qcache_bound_bytes": 8650752,
          "qcache_limit": 128,
          "spectra": 8448
        },
        "stress": {
          "chunk_workspace_bytes": 22722560,
          "persistent_bytes": 748105728,
          "qcache_bound_bytes": 36175872,
          "qcache_limit": 128,
          "spectra": 35328
        }
      },
      "persistent_bytes": 927000576,
      "proposal_bytes": 1033056,
      "runtime_reserve_bytes": 536870912,
      "validation_retained_bytes": 20184000,
      "window_bins": 41
    }
  },
  "scope_key": "individual_2021_10pct"
}

{
  "chunked_equivalence_passed": true,
  "elapsed_seconds": 50.55211700000001,
  "event": "point_completed",
  "mass_MeV": 219,
  "scope_key": "individual_2021_10pct"
}

{
  "calibration_spectra": 43776,
  "counts": {
    "gp": {
      "ntoys_per_proposal": 512,
      "proposal_count": 69
    },
    "stress": {
      "ntoys_per_proposal": 256,
      "proposal_count": 33
    }
  },
  "estimate_seconds": 46.78717802285881,
  "event": "planned_before_draws",
  "mass_MeV": 173,
  "max_memory_gib": 4.0,
  "memory_estimates": {
    "eigenfeature_rtol_1e-15": {
      "chunk_size": 128,
      "chunk_workspace_bytes": 4065280,
      "conservative_rank": 12,
      "estimated_peak_bytes": 939600224,
      "estimated_peak_gib": 0.8750708997249603,
      "full_bins": 422,
      "generation_workspace_bytes": 1728512,
      "interpretation": "Both banks, bounded q caches, chunk fit/density copies, retained validation models and 512 MiB runtime reserve; source-derived, not measured RSS",
      "per_truth": {
        "gp": {
          "chunk_workspace_bytes": 4065280,
          "persistent_bytes": 313147392,
          "qcache_bound_bytes": 36175872,
          "qcache_limit": 128,
          "spectra": 35328
        },
        "stress": {
          "chunk_workspace_bytes": 3917824,
          "persistent_bytes": 74883072,
          "qcache_bound_bytes": 8650752,
          "qcache_limit": 128,
          "spectra": 8448
        }
      },
      "persistent_bytes": 388030464,
      "proposal_bytes": 1033056,
      "runtime_reserve_bytes": 536870912,
      "validation_retained_bytes": 7872000,
      "window_bins": 30
    },
    "exact_cached_cholesky": {
      "chunk_size": 128,
      "chunk_workspace_bytes": 12765184,
      "conservative_rank": 30,
      "estimated_peak_bytes": 1180418912,
      "estimated_peak_gib": 1.099350780248642,
      "full_bins": 422,
      "generation_workspace_bytes": 1728512,
      "interpretation": "Both banks, bounded q caches, chunk fit/density copies, retained validation models and 512 MiB runtime reserve; source-derived, not measured RSS",
      "per_truth": {
        "gp": {
          "chunk_workspace_bytes": 12765184,
          "persistent_bytes": 496287744,
          "qcache_bound_bytes": 36175872,
          "qcache_limit": 128,
          "spectra": 35328
        },
        "stress": {
          "chunk_workspace_bytes": 12617728,
          "persistent_bytes": 118677504,
          "qcache_bound_bytes": 8650752,
          "qcache_limit": 128,
          "spectra": 8448
        }
      },
      "persistent_bytes": 614965248,
      "proposal_bytes": 1033056,
      "runtime_reserve_bytes": 536870912,
      "validation_retained_bytes": 13056000,
      "window_bins": 30
    }
  },
  "scope_key": "individual_2021_10pct"
}

{
  "chunked_equivalence_passed": true,
  "elapsed_seconds": 34.65811770800002,
  "event": "point_completed",
  "mass_MeV": 173,
  "scope_key": "individual_2021_10pct"
}

{
  "calibration_spectra": 43776,
  "counts": {
    "gp": {
      "ntoys_per_proposal": 256,
      "proposal_count": 33
    },
    "stress": {
      "ntoys_per_proposal": 512,
      "proposal_count": 69
    }
  },
  "estimate_seconds": 47.37458969414663,
  "event": "planned_before_draws",
  "mass_MeV": 168,
  "max_memory_gib": 4.0,
  "memory_estimates": {
    "eigenfeature_rtol_1e-15": {
      "chunk_size": 128,
      "chunk_workspace_bytes": 3999744,
      "conservative_rank": 12,
      "estimated_peak_bytes": 933803360,
      "estimated_peak_gib": 0.8696721494197845,
      "full_bins": 422,
      "generation_workspace_bytes": 1728512,
      "interpretation": "Both banks, bounded q caches, chunk fit/density copies, retained validation models and 512 MiB runtime reserve; source-derived, not measured RSS",
      "per_truth": {
        "gp": {
          "chunk_workspace_bytes": 3852288,
          "persistent_bytes": 73801728,
          "qcache_bound_bytes": 8650752,
          "qcache_limit": 128,
          "spectra": 8448
        },
        "stress": {
          "chunk_workspace_bytes": 3999744,
          "persistent_bytes": 308625408,
          "qcache_bound_bytes": 36175872,
          "qcache_limit": 128,
          "spectra": 35328
        }
      },
      "persistent_bytes": 382427136,
      "proposal_bytes": 1033056,
      "runtime_reserve_bytes": 536870912,
      "validation_retained_bytes": 7744000,
      "window_bins": 29
    },
    "exact_cached_cholesky": {
      "chunk_size": 128,
      "chunk_workspace_bytes": 12007424,
      "conservative_rank": 29,
      "estimated_peak_bytes": 1154944800,
      "estimated_peak_gib": 1.075626164674759,
      "full_bins": 422,
      "generation_workspace_bytes": 1728512,
      "interpretation": "Both banks, bounded q caches, chunk fit/density copies, retained validation models and 512 MiB runtime reserve; source-derived, not measured RSS",
      "per_truth": {
        "gp": {
          "chunk_workspace_bytes": 11859968,
          "persistent_bytes": 114014208,
          "qcache_bound_bytes": 8650752,
          "qcache_limit": 128,
          "spectra": 8448
        },
        "stress": {
          "chunk_workspace_bytes": 12007424,
          "persistent_bytes": 476786688,
          "qcache_bound_bytes": 36175872,
          "qcache_limit": 128,
          "spectra": 35328
        }
      },
      "persistent_bytes": 590800896,
      "proposal_bytes": 1033056,
      "runtime_reserve_bytes": 536870912,
      "validation_retained_bytes": 12504000,
      "window_bins": 29
    }
  },
  "scope_key": "individual_2021_10pct"
}

{
  "chunked_equivalence_passed": true,
  "elapsed_seconds": 33.04878316600002,
  "event": "point_completed",
  "mass_MeV": 168,
  "scope_key": "individual_2021_10pct"
}

{
  "calibration_spectra": 46848,
  "counts": {
    "gp": {
      "ntoys_per_proposal": 512,
      "proposal_count": 75
    },
    "stress": {
      "ntoys_per_proposal": 256,
      "proposal_count": 33
    }
  },
  "estimate_seconds": 74.21641609194147,
  "event": "planned_before_draws",
  "mass_MeV": 244,
  "max_memory_gib": 4.0,
  "memory_estimates": {
    "eigenfeature_rtol_1e-15": {
      "chunk_size": 128,
      "chunk_workspace_bytes": 5269504,
      "conservative_rank": 12,
      "estimated_peak_bytes": 1078337216,
      "estimated_peak_gib": 1.0042797923088074,
      "full_bins": 422,
      "generation_workspace_bytes": 1728512,
      "interpretation": "Both banks, bounded q caches, chunk fit/density copies, retained validation models and 512 MiB runtime reserve; source-derived, not measured RSS",
      "per_truth": {
        "gp": {
          "chunk_workspace_bytes": 5269504,
          "persistent_bytes": 428851200,
          "qcache_bound_bytes": 39321600,
          "qcache_limit": 128,
          "spectra": 38400
        },
        "stress": {
          "chunk_workspace_bytes": 5097472,
          "persistent_bytes": 94347264,
          "qcache_bound_bytes": 8650752,
          "qcache_limit": 128,
          "spectra": 8448
        }
      },
      "persistent_bytes": 523198464,
      "proposal_bytes": 1093824,
      "runtime_reserve_bytes": 536870912,
      "validation_retained_bytes": 10176000,
      "window_bins": 48
    },
    "exact_cached_cholesky": {
      "chunk_size": 128,
      "chunk_workspace_bytes": 30631936,
      "conservative_rank": 48,
      "estimated_peak_bytes": 1847831744,
      "estimated_peak_gib": 1.7209274172782898,
      "full_bins": 422,
      "generation_workspace_bytes": 1728512,
      "interpretation": "Both banks, bounded q caches, chunk fit/density copies, retained validation models and 512 MiB runtime reserve; source-derived, not measured RSS",
      "per_truth": {
        "gp": {
          "chunk_workspace_bytes": 30631936,
          "persistent_bytes": 1026048000,
          "qcache_bound_bytes": 39321600,
          "qcache_limit": 128,
          "spectra": 38400
        },
        "stress": {
          "chunk_workspace_bytes": 30459904,
          "persistent_bytes": 225730560,
          "qcache_bound_bytes": 8650752,
          "qcache_limit": 128,
          "spectra": 8448
        }
      },
      "persistent_bytes": 1251778560,
      "proposal_bytes": 1093824,
      "runtime_reserve_bytes": 536870912,
      "validation_retained_bytes": 25728000,
      "window_bins": 48
    }
  },
  "scope_key": "individual_2021_10pct"
}

{
  "chunked_equivalence_passed": true,
  "elapsed_seconds": 58.452182042000004,
  "event": "point_completed",
  "mass_MeV": 244,
  "scope_key": "individual_2021_10pct"
}

{
  "calibration_spectra": 45312,
  "counts": {
    "gp": {
      "ntoys_per_proposal": 256,
      "proposal_count": 33
    },
    "stress": {
      "ntoys_per_proposal": 512,
      "proposal_count": 72
    }
  },
  "estimate_seconds": 42.96934187682801,
  "event": "planned_before_draws",
  "mass_MeV": 164,
  "max_memory_gib": 4.0,
  "memory_estimates": {
    "eigenfeature_rtol_1e-15": {
      "chunk_size": 128,
      "chunk_workspace_bytes": 3946496,
      "conservative_rank": 12,
      "estimated_peak_bytes": 941271056,
      "estimated_peak_gib": 0.8766269832849503,
      "full_bins": 422,
      "generation_workspace_bytes": 1728512,
      "interpretation": "Both banks, bounded q caches, chunk fit/density copies, retained validation models and 512 MiB runtime reserve; source-derived, not measured RSS",
      "per_truth": {
        "gp": {
          "chunk_workspace_bytes": 3786752,
          "persistent_bytes": 72720384,
          "qcache_bound_bytes": 8650752,
          "qcache_limit": 128,
          "spectra": 8448
        },
        "stress": {
          "chunk_workspace_bytes": 3946496,
          "persistent_bytes": 317325312,
          "qcache_bound_bytes": 37748736,
          "qcache_limit": 128,
          "spectra": 36864
        }
      },
      "persistent_bytes": 390045696,
      "proposal_bytes": 1063440,
      "runtime_reserve_bytes": 536870912,
      "validation_retained_bytes": 7616000,
      "window_bins": 28
    },
    "exact_cached_cholesky": {
      "chunk_size": 128,
      "chunk_workspace_bytes": 11286528,
      "conservative_rank": 28,
      "estimated_peak_bytes": 1150160912,
      "estimated_peak_gib": 1.0711708217859268,
      "full_bins": 422,
      "generation_workspace_bytes": 1728512,
      "interpretation": "Both banks, bounded q caches, chunk fit/density copies, retained validation models and 512 MiB runtime reserve; source-derived, not measured RSS",
      "per_truth": {
        "gp": {
          "chunk_workspace_bytes": 11126784,
          "persistent_bytes": 109486080,
          "qcache_bound_bytes": 8650752,
          "qcache_limit": 128,
          "spectra": 8448
        },
        "stress": {
          "chunk_workspace_bytes": 11286528,
          "persistent_bytes": 477757440,
          "qcache_bound_bytes": 37748736,
          "qcache_limit": 128,
          "spectra": 36864
        }
      },
      "persistent_bytes": 587243520,
      "proposal_bytes": 1063440,
      "runtime_reserve_bytes": 536870912,
      "validation_retained_bytes": 11968000,
      "window_bins": 28
    }
  },
  "scope_key": "individual_2021_10pct"
}

{
  "chunked_equivalence_passed": true,
  "elapsed_seconds": 32.81750929200001,
  "event": "point_completed",
  "mass_MeV": 164,
  "scope_key": "individual_2021_10pct"
}

{
  "calibration_spectra": 45312,
  "counts": {
    "gp": {
      "ntoys_per_proposal": 256,
      "proposal_count": 33
    },
    "stress": {
      "ntoys_per_proposal": 512,
      "proposal_count": 72
    }
  },
  "estimate_seconds": 41.46617504521447,
  "event": "planned_before_draws",
  "mass_MeV": 162,
  "max_memory_gib": 4.0,
  "memory_estimates": {
    "eigenfeature_rtol_1e-15": {
      "chunk_size": 128,
      "chunk_workspace_bytes": 3946496,
      "conservative_rank": 12,
      "estimated_peak_bytes": 941271056,
      "estimated_peak_gib": 0.8766269832849503,
      "full_bins": 422,
      "generation_workspace_bytes": 1728512,
      "interpretation": "Both banks, bounded q caches, chunk fit/density copies, retained validation models and 512 MiB runtime reserve; source-derived, not measured RSS",
      "per_truth": {
        "gp": {
          "chunk_workspace_bytes": 3786752,
          "persistent_bytes": 72720384,
          "qcache_bound_bytes": 8650752,
          "qcache_limit": 128,
          "spectra": 8448
        },
        "stress": {
          "chunk_workspace_bytes": 3946496,
          "persistent_bytes": 317325312,
          "qcache_bound_bytes": 37748736,
          "qcache_limit": 128,
          "spectra": 36864
        }
      },
      "persistent_bytes": 390045696,
      "proposal_bytes": 1063440,
      "runtime_reserve_bytes": 536870912,
      "validation_retained_bytes": 7616000,
      "window_bins": 28
    },
    "exact_cached_cholesky": {
      "chunk_size": 128,
      "chunk_workspace_bytes": 11286528,
      "conservative_rank": 28,
      "estimated_peak_bytes": 1150160912,
      "estimated_peak_gib": 1.0711708217859268,
      "full_bins": 422,
      "generation_workspace_bytes": 1728512,
      "interpretation": "Both banks, bounded q caches, chunk fit/density copies, retained validation models and 512 MiB runtime reserve; source-derived, not measured RSS",
      "per_truth": {
        "gp": {
          "chunk_workspace_bytes": 11126784,
          "persistent_bytes": 109486080,
          "qcache_bound_bytes": 8650752,
          "qcache_limit": 128,
          "spectra": 8448
        },
        "stress": {
          "chunk_workspace_bytes": 11286528,
          "persistent_bytes": 477757440,
          "qcache_bound_bytes": 37748736,
          "qcache_limit": 128,
          "spectra": 36864
        }
      },
      "persistent_bytes": 587243520,
      "proposal_bytes": 1063440,
      "runtime_reserve_bytes": 536870912,
      "validation_retained_bytes": 11968000,
      "window_bins": 28
    }
  },
  "scope_key": "individual_2021_10pct"
}

{
  "chunked_equivalence_passed": true,
  "elapsed_seconds": 31.922226833000025,
  "event": "point_completed",
  "mass_MeV": 162,
  "scope_key": "individual_2021_10pct"
}

