slide11 ready
slide13 ready 2.15 s
slide14 toys 64 elapsed 0.36
slide14 toys 128 elapsed 0.72
slide14 toys 192 elapsed 1.08
slide14 toys 256 elapsed 1.45
{
  "slide14": {
    "anchor_metrics": [
      {
        "anchor_MeV": 65,
        "N_side_bins": 305,
        "poisson_deviance": 271.1739453883347,
        "D_per_side_bin": 0.8890949029125728,
        "cumulative_shape_distance": 2.8892544310432644e-05
      },
      {
        "anchor_MeV": 78,
        "N_side_bins": 304,
        "poisson_deviance": 259.0756313741367,
        "D_per_side_bin": 0.8522224716254497,
        "cumulative_shape_distance": 2.5557417661692394e-05
      },
      {
        "anchor_MeV": 120,
        "N_side_bins": 299,
        "poisson_deviance": 273.56562180461333,
        "D_per_side_bin": 0.9149351899819844,
        "cumulative_shape_distance": 3.431848508173019e-05
      }
    ],
    "primary_anchor_MeV": 78,
    "anchor_is_postselected": true,
    "N_toys": 256,
    "D_conditional_tail": {
      "exceedances": 237,
      "N": 256,
      "p_k_over_N": 0.92578125,
      "p_addone": 0.9260700389105059,
      "cp95": [
        0.8865230711884693,
        0.9547262489463787
      ],
      "null_mean": 0.9626489333483005,
      "null_median": 0.9552108355075903,
      "null_central90": [
        0.8446786631248379,
        1.1041195664748125
      ]
    },
    "KS_shape_conditional_tail": {
      "exceedances": 186,
      "N": 256,
      "p_addone": 0.7276264591439688,
      "cp95": [
        0.6675878980360042,
        0.7802066065679478
      ],
      "meaning": "Binned cumulative count-shape distance on the disconnected sideband set, with both totals normalized separately; this is not a distribution-free KS p-value."
    },
    "runtime_s": 1.448359334
  },
  "slide13": {
    "2015": {
      "bins": 324,
      "hypotheses_used": 82,
      "search_MeV": [
        19,
        100
      ],
      "max_abs_standardized_residual": 3.8964285790826,
      "fraction_outside_two": 0.09876543209876543,
      "every_query_bin_was_withheld": true,
      "kernel_policy": "archived nearest integer state;2015 freezes90MeV endpoint above90"
    },
    "2016": {
      "bins": 564,
      "hypotheses_used": 142,
      "search_MeV": [
        39,
        180
      ],
      "max_abs_standardized_residual": 3.4256223118798643,
      "fraction_outside_two": 0.08687943262411348,
      "every_query_bin_was_withheld": true,
      "kernel_policy": "archived nearest integer state;2015 freezes90MeV endpoint above90"
    },
    "2021": {
      "bins": 320,
      "hypotheses_used": 200,
      "search_MeV": [
        50,
        250
      ],
      "max_abs_standardized_residual": 3.6298102912448496,
      "fraction_outside_two": 0.05,
      "every_query_bin_was_withheld": true,
      "kernel_policy": "archived nearest integer state;2015 freezes90MeV endpoint above90"
    }
  }
}
