{"cohort": "pilot", "source": "nominal", "mass": 42, "start": 0, "cached": true, "rows": 20}
{"cohort": "pilot", "source": "nominal", "mass": 42, "start": 10, "cached": true, "rows": 20}
{"cohort": "pilot", "source": "nominal", "mass": 42, "start": 20, "cached": true, "rows": 20}
{"cohort": "pilot", "source": "nominal", "mass": 42, "start": 30, "cached": true, "rows": 20}
{"cohort": "pilot", "source": "nominal", "mass": 42, "start": 40, "cached": true, "rows": 20}
{"cohort": "pilot", "source": "nominal", "mass": 42, "start": 50, "cached": true, "rows": 20}
{"cohort": "pilot", "source": "nominal", "mass": 42, "start": 60, "cached": true, "rows": 20}
{"cohort": "pilot", "source": "nominal", "mass": 42, "start": 70, "cached": true, "rows": 20}
{"cohort": "pilot", "source": "nominal", "mass": 42, "start": 80, "cached": true, "rows": 20}
{"cohort": "pilot", "source": "nominal", "mass": 42, "start": 90, "cached": true, "rows": 20}
{"cohort": "pilot", "source": "nominal", "mass": 44, "start": 0, "cached": true, "rows": 20}
{"cohort": "pilot", "source": "nominal", "mass": 44, "start": 10, "cached": true, "rows": 20}
{"cohort": "pilot", "source": "nominal", "mass": 44, "start": 20, "cached": true, "rows": 20}
{"cohort": "pilot", "source": "nominal", "mass": 44, "start": 30, "cached": true, "rows": 20}
{"cohort": "pilot", "source": "nominal", "mass": 44, "start": 40, "cached": true, "rows": 20}
{"cohort": "pilot", "source": "nominal", "mass": 44, "start": 50, "cached": true, "rows": 20}
{"cohort": "pilot", "source": "nominal", "mass": 44, "start": 60, "cached": true, "rows": 20}
{"cohort": "pilot", "source": "nominal", "mass": 44, "start": 70, "cached": true, "rows": 20}
{"cohort": "pilot", "source": "nominal", "mass": 44, "start": 80, "cached": true, "rows": 20}
{"cohort": "pilot", "source": "nominal", "mass": 44, "start": 90, "cached": true, "rows": 20}
{"cohort": "pilot", "source": "nominal", "mass": 60, "start": 0, "cached": true, "rows": 20}
{"cohort": "pilot", "source": "nominal", "mass": 60, "start": 10, "cached": true, "rows": 20}
{"cohort": "pilot", "source": "nominal", "mass": 60, "start": 20, "cached": true, "rows": 20}
{"cohort": "pilot", "source": "nominal", "mass": 60, "start": 30, "cached": true, "rows": 20}
{"cohort": "pilot", "source": "nominal", "mass": 60, "start": 40, "cached": true, "rows": 20}
{"cohort": "pilot", "source": "nominal", "mass": 60, "start": 50, "cached": true, "rows": 20}
{"cohort": "pilot", "source": "nominal", "mass": 60, "start": 60, "cached": true, "rows": 20}
{"cohort": "pilot", "source": "nominal", "mass": 60, "start": 70, "cached": true, "rows": 20}
{"cohort": "pilot", "source": "nominal", "mass": 60, "start": 80, "cached": true, "rows": 20}
{"cohort": "pilot", "source": "nominal", "mass": 60, "start": 90, "cached": true, "rows": 20}
{"cohort": "pilot", "source": "nominal", "mass": 66, "start": 0, "cached": true, "rows": 20}
{"cohort": "pilot", "source": "nominal", "mass": 66, "start": 10, "cached": true, "rows": 20}
{"cohort": "pilot", "source": "nominal", "mass": 66, "start": 20, "cached": true, "rows": 20}
{"cohort": "pilot", "source": "nominal", "mass": 66, "start": 30, "cached": true, "rows": 20}
{"cohort": "pilot", "source": "nominal", "mass": 66, "start": 40, "cached": true, "rows": 20}
{"cohort": "pilot", "source": "nominal", "mass": 66, "start": 50, "cached": true, "rows": 20}
{"cohort": "pilot", "source": "nominal", "mass": 66, "start": 60, "cached": true, "rows": 20}
{"cohort": "pilot", "source": "nominal", "mass": 66, "start": 70, "cached": true, "rows": 20}
{"cohort": "pilot", "source": "nominal", "mass": 66, "start": 80, "cached": true, "rows": 20}
{"cohort": "pilot", "source": "nominal", "mass": 76, "start": 0, "cached": true, "rows": 20}
{"cohort": "pilot", "source": "nominal", "mass": 66, "start": 90, "cached": true, "rows": 20}
{"cohort": "pilot", "source": "nominal", "mass": 76, "start": 10, "cached": true, "rows": 20}
{"cohort": "pilot", "source": "nominal", "mass": 76, "start": 20, "cached": true, "rows": 20}
{"cohort": "pilot", "source": "nominal", "mass": 76, "start": 30, "cached": true, "rows": 20}
{"cohort": "pilot", "source": "nominal", "mass": 76, "start": 40, "cached": true, "rows": 20}
{"cohort": "pilot", "source": "nominal", "mass": 76, "start": 50, "cached": true, "rows": 20}
{"cohort": "pilot", "source": "nominal", "mass": 76, "start": 60, "cached": true, "rows": 20}
{"cohort": "pilot", "source": "nominal", "mass": 76, "start": 70, "cached": true, "rows": 20}
{"cohort": "pilot", "source": "nominal", "mass": 76, "start": 80, "cached": true, "rows": 20}
{"cohort": "pilot", "source": "nominal", "mass": 76, "start": 90, "cached": true, "rows": 20}
{"cohort": "pilot", "source": "nominal", "mass": 90, "start": 0, "cached": true, "rows": 20}
{"cohort": "pilot", "source": "nominal", "mass": 90, "start": 10, "cached": true, "rows": 20}
{"cohort": "pilot", "source": "nominal", "mass": 90, "start": 20, "cached": true, "rows": 20}
{"cohort": "pilot", "source": "nominal", "mass": 90, "start": 30, "cached": true, "rows": 20}
{"cohort": "pilot", "source": "nominal", "mass": 90, "start": 40, "cached": true, "rows": 20}
{"cohort": "pilot", "source": "nominal", "mass": 90, "start": 50, "cached": true, "rows": 20}
{"cohort": "pilot", "source": "nominal", "mass": 90, "start": 60, "cached": true, "rows": 20}
{"cohort": "pilot", "source": "nominal", "mass": 90, "start": 70, "cached": true, "rows": 20}
{"cohort": "pilot", "source": "nominal", "mass": 90, "start": 80, "cached": true, "rows": 20}
{"cohort": "pilot", "source": "nominal", "mass": 90, "start": 90, "cached": true, "rows": 20}
{"cohort": "pilot", "source": "nominal", "mass": 92, "start": 0, "cached": true, "rows": 20}
{"cohort": "pilot", "source": "nominal", "mass": 92, "start": 10, "cached": true, "rows": 20}
{"cohort": "pilot", "source": "nominal", "mass": 92, "start": 20, "cached": true, "rows": 20}
{"cohort": "pilot", "source": "nominal", "mass": 92, "start": 30, "cached": true, "rows": 20}
{"cohort": "pilot", "source": "nominal", "mass": 92, "start": 50, "cached": true, "rows": 20}
{"cohort": "pilot", "source": "nominal", "mass": 92, "start": 40, "cached": true, "rows": 20}
{"cohort": "pilot", "source": "nominal", "mass": 92, "start": 60, "cached": true, "rows": 20}
{"cohort": "pilot", "source": "nominal", "mass": 92, "start": 70, "cached": true, "rows": 20}
{"cohort": "pilot", "source": "nominal", "mass": 92, "start": 80, "cached": true, "rows": 20}
{"cohort": "pilot", "source": "nominal", "mass": 92, "start": 90, "cached": true, "rows": 20}
{"cohort": "pilot", "source": "nominal", "mass": 117, "start": 0, "cached": true, "rows": 20}
{"cohort": "pilot", "source": "nominal", "mass": 117, "start": 10, "cached": true, "rows": 20}
{"cohort": "pilot", "source": "nominal", "mass": 117, "start": 20, "cached": true, "rows": 20}
{"cohort": "pilot", "source": "nominal", "mass": 117, "start": 30, "cached": true, "rows": 20}
{"cohort": "pilot", "source": "nominal", "mass": 117, "start": 40, "cached": true, "rows": 20}
{"cohort": "pilot", "source": "nominal", "mass": 117, "start": 50, "cached": true, "rows": 20}
{"cohort": "pilot", "source": "nominal", "mass": 117, "start": 60, "cached": true, "rows": 20}
{"cohort": "pilot", "source": "nominal", "mass": 117, "start": 70, "cached": true, "rows": 20}
{"cohort": "pilot", "source": "nominal", "mass": 117, "start": 80, "cached": true, "rows": 20}
{"cohort": "pilot", "source": "nominal", "mass": 117, "start": 90, "cached": true, "rows": 20}
{"cohort": "pilot", "source": "nominal", "mass": 160, "start": 0, "cached": true, "rows": 20}
{"cohort": "pilot", "source": "nominal", "mass": 160, "start": 10, "cached": true, "rows": 20}
{"cohort": "pilot", "source": "nominal", "mass": 160, "start": 20, "cached": true, "rows": 20}
{"cohort": "pilot", "source": "nominal", "mass": 160, "start": 30, "cached": true, "rows": 20}
{"cohort": "pilot", "source": "nominal", "mass": 160, "start": 40, "cached": true, "rows": 20}
{"cohort": "pilot", "source": "nominal", "mass": 160, "start": 50, "cached": true, "rows": 20}
{"cohort": "pilot", "source": "nominal", "mass": 160, "start": 60, "cached": true, "rows": 20}
{"cohort": "pilot", "source": "nominal", "mass": 160, "start": 70, "cached": true, "rows": 20}
{"cohort": "pilot", "source": "nominal", "mass": 160, "start": 80, "cached": true, "rows": 20}
{"cohort": "pilot", "source": "nominal", "mass": 160, "start": 90, "cached": true, "rows": 20}
{"cohort": "pilot", "source": "nominal", "mass": 178, "start": 0, "cached": true, "rows": 20}
{"cohort": "pilot", "source": "nominal", "mass": 178, "start": 10, "cached": true, "rows": 20}
{"cohort": "pilot", "source": "nominal", "mass": 178, "start": 20, "cached": true, "rows": 20}
{"cohort": "pilot", "source": "nominal", "mass": 178, "start": 30, "cached": true, "rows": 20}
{"cohort": "pilot", "source": "nominal", "mass": 178, "start": 40, "cached": true, "rows": 20}
{"cohort": "pilot", "source": "nominal", "mass": 178, "start": 50, "cached": true, "rows": 20}
{"cohort": "pilot", "source": "nominal", "mass": 178, "start": 60, "cached": true, "rows": 20}
{"cohort": "pilot", "source": "nominal", "mass": 178, "start": 70, "cached": true, "rows": 20}
{"cohort": "pilot", "source": "nominal", "mass": 178, "start": 80, "cached": true, "rows": 20}
{"cohort": "pilot", "source": "nominal", "mass": 178, "start": 90, "cached": true, "rows": 20}
{"cohort": "calibration", "source": "nominal", "mass": 42, "start": 0, "cached": true, "rows": 180}
{"cohort": "calibration", "source": "nominal", "mass": 42, "start": 10, "cached": true, "rows": 180}
{"cohort": "calibration", "source": "nominal", "mass": 42, "start": 20, "cached": true, "rows": 180}
{"cohort": "calibration", "source": "nominal", "mass": 42, "start": 30, "cached": true, "rows": 180}
{"cohort": "calibration", "source": "nominal", "mass": 42, "start": 40, "cached": true, "rows": 180}
{"cohort": "calibration", "source": "nominal", "mass": 42, "start": 50, "cached": true, "rows": 180}
{"cohort": "calibration", "source": "nominal", "mass": 42, "start": 60, "cached": true, "rows": 180}
{"cohort": "calibration", "source": "nominal", "mass": 42, "start": 70, "cached": true, "rows": 180}
{"cohort": "calibration", "source": "nominal", "mass": 42, "start": 80, "cached": true, "rows": 180}
{"cohort": "calibration", "source": "nominal", "mass": 42, "start": 90, "cached": true, "rows": 180}
{"cohort": "calibration", "source": "nominal", "mass": 44, "start": 0, "cached": true, "rows": 180}
{"cohort": "calibration", "source": "nominal", "mass": 44, "start": 10, "cached": true, "rows": 180}
{"cohort": "calibration", "source": "nominal", "mass": 44, "start": 20, "cached": true, "rows": 180}
{"cohort": "calibration", "source": "nominal", "mass": 44, "start": 30, "cached": true, "rows": 180}
{"cohort": "calibration", "source": "nominal", "mass": 44, "start": 40, "cached": true, "rows": 180}
{"cohort": "calibration", "source": "nominal", "mass": 44, "start": 50, "cached": true, "rows": 180}
{"cohort": "calibration", "source": "nominal", "mass": 44, "start": 60, "cached": true, "rows": 180}
{"cohort": "calibration", "source": "nominal", "mass": 44, "start": 70, "cached": true, "rows": 180}
{"cohort": "calibration", "source": "nominal", "mass": 44, "start": 80, "cached": true, "rows": 180}
{"cohort": "calibration", "source": "nominal", "mass": 44, "start": 90, "cached": true, "rows": 180}
{"cohort": "calibration", "source": "nominal", "mass": 60, "start": 0, "cached": true, "rows": 180}
{"cohort": "calibration", "source": "nominal", "mass": 60, "start": 10, "cached": true, "rows": 180}
{"cohort": "calibration", "source": "nominal", "mass": 60, "start": 20, "cached": true, "rows": 180}
{"cohort": "calibration", "source": "nominal", "mass": 60, "start": 30, "cached": true, "rows": 180}
{"cohort": "calibration", "source": "nominal", "mass": 60, "start": 40, "cached": true, "rows": 180}
{"cohort": "calibration", "source": "nominal", "mass": 60, "start": 50, "cached": true, "rows": 180}
{"cohort": "calibration", "source": "nominal", "mass": 60, "start": 60, "cached": true, "rows": 180}
{"cohort": "calibration", "source": "nominal", "mass": 60, "start": 70, "cached": true, "rows": 180}
{"cohort": "calibration", "source": "nominal", "mass": 60, "start": 80, "cached": true, "rows": 180}
{"cohort": "calibration", "source": "nominal", "mass": 60, "start": 90, "cached": true, "rows": 180}
{"cohort": "calibration", "source": "nominal", "mass": 66, "start": 0, "cached": true, "rows": 180}
{"cohort": "calibration", "source": "nominal", "mass": 66, "start": 10, "cached": true, "rows": 180}
{"cohort": "calibration", "source": "nominal", "mass": 66, "start": 20, "cached": true, "rows": 180}
{"cohort": "calibration", "source": "nominal", "mass": 66, "start": 30, "cached": true, "rows": 180}
{"cohort": "calibration", "source": "nominal", "mass": 66, "start": 40, "cached": true, "rows": 180}
{"cohort": "calibration", "source": "nominal", "mass": 66, "start": 50, "cached": true, "rows": 180}
{"cohort": "calibration", "source": "nominal", "mass": 66, "start": 60, "cached": true, "rows": 180}
{"cohort": "calibration", "source": "nominal", "mass": 66, "start": 70, "cached": true, "rows": 180}
{"cohort": "calibration", "source": "nominal", "mass": 66, "start": 80, "cached": true, "rows": 180}
{"cohort": "calibration", "source": "nominal", "mass": 66, "start": 90, "cached": true, "rows": 180}
{"cohort": "calibration", "source": "nominal", "mass": 76, "start": 0, "cached": true, "rows": 180}
{"cohort": "calibration", "source": "nominal", "mass": 76, "start": 10, "cached": true, "rows": 180}
{"cohort": "calibration", "source": "nominal", "mass": 76, "start": 20, "cached": true, "rows": 180}
{"cohort": "calibration", "source": "nominal", "mass": 76, "start": 30, "cached": true, "rows": 180}
{"cohort": "calibration", "source": "nominal", "mass": 76, "start": 40, "cached": true, "rows": 180}
{"cohort": "calibration", "source": "nominal", "mass": 76, "start": 50, "cached": true, "rows": 180}
{"cohort": "calibration", "source": "nominal", "mass": 76, "start": 60, "cached": true, "rows": 180}
{"cohort": "calibration", "source": "nominal", "mass": 76, "start": 70, "cached": true, "rows": 180}
{"cohort": "calibration", "source": "nominal", "mass": 76, "start": 80, "cached": true, "rows": 180}
{"cohort": "calibration", "source": "nominal", "mass": 76, "start": 90, "cached": true, "rows": 180}
{"cohort": "calibration", "source": "nominal", "mass": 90, "start": 0, "cached": true, "rows": 180}
{"cohort": "calibration", "source": "nominal", "mass": 90, "start": 10, "cached": true, "rows": 180}
{"cohort": "calibration", "source": "nominal", "mass": 90, "start": 20, "cached": true, "rows": 180}
{"cohort": "calibration", "source": "nominal", "mass": 90, "start": 30, "cached": true, "rows": 180}
{"cohort": "calibration", "source": "nominal", "mass": 90, "start": 40, "cached": true, "rows": 180}
{"cohort": "calibration", "source": "nominal", "mass": 90, "start": 50, "cached": true, "rows": 180}
{"cohort": "calibration", "source": "nominal", "mass": 90, "start": 60, "cached": true, "rows": 180}
{"cohort": "calibration", "source": "nominal", "mass": 90, "start": 80, "cached": true, "rows": 180}
{"cohort": "calibration", "source": "nominal", "mass": 90, "start": 70, "cached": true, "rows": 180}
{"cohort": "calibration", "source": "nominal", "mass": 90, "start": 90, "cached": true, "rows": 180}
{"cohort": "calibration", "source": "nominal", "mass": 92, "start": 0, "cached": true, "rows": 180}
{"cohort": "calibration", "source": "nominal", "mass": 92, "start": 10, "cached": true, "rows": 180}
{"cohort": "calibration", "source": "nominal", "mass": 92, "start": 20, "cached": true, "rows": 180}
{"cohort": "calibration", "source": "nominal", "mass": 92, "start": 30, "cached": true, "rows": 180}
{"cohort": "calibration", "source": "nominal", "mass": 92, "start": 40, "cached": true, "rows": 180}
{"cohort": "calibration", "source": "nominal", "mass": 92, "start": 50, "cached": true, "rows": 180}
{"cohort": "calibration", "source": "nominal", "mass": 92, "start": 60, "cached": true, "rows": 180}
{"cohort": "calibration", "source": "nominal", "mass": 92, "start": 70, "cached": true, "rows": 180}
{"cohort": "calibration", "source": "nominal", "mass": 92, "start": 80, "cached": true, "rows": 180}
{"cohort": "calibration", "source": "nominal", "mass": 92, "start": 90, "cached": true, "rows": 180}
{"cohort": "calibration", "source": "nominal", "mass": 117, "start": 0, "cached": true, "rows": 180}
{"cohort": "calibration", "source": "nominal", "mass": 117, "start": 10, "cached": true, "rows": 180}
{"cohort": "calibration", "source": "nominal", "mass": 117, "start": 20, "cached": true, "rows": 180}
{"cohort": "calibration", "source": "nominal", "mass": 117, "start": 30, "cached": true, "rows": 180}
{"cohort": "calibration", "source": "nominal", "mass": 117, "start": 40, "cached": true, "rows": 180}
{"cohort": "calibration", "source": "nominal", "mass": 117, "start": 50, "cached": true, "rows": 180}
{"cohort": "calibration", "source": "nominal", "mass": 117, "start": 60, "cached": true, "rows": 180}
{"cohort": "calibration", "source": "nominal", "mass": 117, "start": 70, "cached": true, "rows": 180}
{"cohort": "calibration", "source": "nominal", "mass": 117, "start": 80, "cached": true, "rows": 180}
{"cohort": "calibration", "source": "nominal", "mass": 117, "start": 90, "cached": true, "rows": 180}
{"cohort": "calibration", "source": "nominal", "mass": 160, "start": 0, "cached": true, "rows": 180}
{"cohort": "calibration", "source": "nominal", "mass": 160, "start": 10, "cached": true, "rows": 180}
{"cohort": "calibration", "source": "nominal", "mass": 160, "start": 20, "cached": true, "rows": 180}
{"cohort": "calibration", "source": "nominal", "mass": 160, "start": 30, "cached": true, "rows": 180}
{"cohort": "calibration", "source": "nominal", "mass": 160, "start": 40, "cached": true, "rows": 180}
{"cohort": "calibration", "source": "nominal", "mass": 160, "start": 50, "cached": true, "rows": 180}
{"cohort": "calibration", "source": "nominal", "mass": 160, "start": 70, "cached": true, "rows": 180}
{"cohort": "calibration", "source": "nominal", "mass": 160, "start": 60, "cached": true, "rows": 180}
{"cohort": "calibration", "source": "nominal", "mass": 160, "start": 80, "cached": true, "rows": 180}
{"cohort": "calibration", "source": "nominal", "mass": 160, "start": 90, "cached": true, "rows": 180}
{"cohort": "calibration", "source": "nominal", "mass": 178, "start": 10, "cached": true, "rows": 180}
{"cohort": "calibration", "source": "nominal", "mass": 178, "start": 0, "cached": true, "rows": 180}
{"cohort": "calibration", "source": "nominal", "mass": 178, "start": 20, "cached": true, "rows": 180}
{"cohort": "calibration", "source": "nominal", "mass": 178, "start": 40, "cached": true, "rows": 180}
{"cohort": "calibration", "source": "nominal", "mass": 178, "start": 30, "cached": true, "rows": 180}
{"cohort": "calibration", "source": "nominal", "mass": 178, "start": 50, "cached": true, "rows": 180}
{"cohort": "calibration", "source": "nominal", "mass": 178, "start": 60, "cached": true, "rows": 180}
{"cohort": "calibration", "source": "nominal", "mass": 178, "start": 70, "cached": true, "rows": 180}
{"cohort": "calibration", "source": "nominal", "mass": 178, "start": 80, "cached": true, "rows": 180}
{"cohort": "calibration", "source": "nominal", "mass": 178, "start": 90, "cached": true, "rows": 180}
{"cohort": "calibration", "source": "stress", "mass": 42, "start": 0, "cached": true, "rows": 180}
{"cohort": "calibration", "source": "stress", "mass": 42, "start": 10, "cached": true, "rows": 180}
{"cohort": "calibration", "source": "stress", "mass": 42, "start": 20, "cached": true, "rows": 180}
{"cohort": "calibration", "source": "stress", "mass": 42, "start": 30, "cached": true, "rows": 180}
{"cohort": "calibration", "source": "stress", "mass": 42, "start": 40, "cached": true, "rows": 180}
{"cohort": "calibration", "source": "stress", "mass": 42, "start": 50, "cached": true, "rows": 180}
{"cohort": "calibration", "source": "stress", "mass": 42, "start": 60, "cached": true, "rows": 180}
{"cohort": "calibration", "source": "stress", "mass": 42, "start": 70, "cached": true, "rows": 180}
{"cohort": "calibration", "source": "stress", "mass": 42, "start": 80, "cached": true, "rows": 180}
{"cohort": "calibration", "source": "stress", "mass": 42, "start": 90, "cached": true, "rows": 180}
{"cohort": "calibration", "source": "stress", "mass": 44, "start": 0, "cached": true, "rows": 180}
{"cohort": "calibration", "source": "stress", "mass": 44, "start": 10, "cached": true, "rows": 180}
{"cohort": "calibration", "source": "stress", "mass": 44, "start": 20, "cached": true, "rows": 180}
{"cohort": "calibration", "source": "stress", "mass": 44, "start": 40, "cached": true, "rows": 180}
{"cohort": "calibration", "source": "stress", "mass": 44, "start": 50, "cached": true, "rows": 180}
{"cohort": "calibration", "source": "stress", "mass": 44, "start": 30, "cached": true, "rows": 180}
{"cohort": "calibration", "source": "stress", "mass": 44, "start": 60, "cached": true, "rows": 180}
{"cohort": "calibration", "source": "stress", "mass": 44, "start": 70, "cached": true, "rows": 180}
{"cohort": "calibration", "source": "stress", "mass": 44, "start": 90, "cached": true, "rows": 180}
{"cohort": "calibration", "source": "stress", "mass": 44, "start": 80, "cached": true, "rows": 180}
{"cohort": "calibration", "source": "stress", "mass": 60, "start": 0, "cached": true, "rows": 180}
{"cohort": "calibration", "source": "stress", "mass": 60, "start": 10, "cached": true, "rows": 180}
{"cohort": "calibration", "source": "stress", "mass": 60, "start": 20, "cached": true, "rows": 180}
{"cohort": "calibration", "source": "stress", "mass": 60, "start": 30, "cached": true, "rows": 180}
{"cohort": "calibration", "source": "stress", "mass": 60, "start": 40, "cached": true, "rows": 180}
{"cohort": "calibration", "source": "stress", "mass": 60, "start": 50, "cached": true, "rows": 180}
{"cohort": "calibration", "source": "stress", "mass": 60, "start": 60, "cached": true, "rows": 180}
{"cohort": "calibration", "source": "stress", "mass": 60, "start": 70, "cached": true, "rows": 180}
{"cohort": "calibration", "source": "stress", "mass": 60, "start": 80, "cached": true, "rows": 180}
{"cohort": "calibration", "source": "stress", "mass": 60, "start": 90, "cached": true, "rows": 180}
{"cohort": "calibration", "source": "stress", "mass": 66, "start": 0, "cached": true, "rows": 180}
{"cohort": "calibration", "source": "stress", "mass": 66, "start": 10, "cached": true, "rows": 180}
{"cohort": "calibration", "source": "stress", "mass": 66, "start": 20, "cached": true, "rows": 180}
{"cohort": "calibration", "source": "stress", "mass": 66, "start": 30, "cached": true, "rows": 180}
{"cohort": "calibration", "source": "stress", "mass": 66, "start": 40, "cached": true, "rows": 180}
{"cohort": "calibration", "source": "stress", "mass": 66, "start": 50, "cached": true, "rows": 180}
{"cohort": "calibration", "source": "stress", "mass": 66, "start": 60, "cached": true, "rows": 180}
{"cohort": "calibration", "source": "stress", "mass": 66, "start": 70, "cached": true, "rows": 180}
{"cohort": "calibration", "source": "stress", "mass": 66, "start": 80, "cached": true, "rows": 180}
{"cohort": "calibration", "source": "stress", "mass": 66, "start": 90, "cached": true, "rows": 180}
{"cohort": "calibration", "source": "stress", "mass": 76, "start": 0, "cached": true, "rows": 180}
{"cohort": "calibration", "source": "stress", "mass": 76, "start": 10, "cached": true, "rows": 180}
{"cohort": "calibration", "source": "stress", "mass": 76, "start": 20, "cached": true, "rows": 180}
{"cohort": "calibration", "source": "stress", "mass": 76, "start": 30, "cached": true, "rows": 180}
{"cohort": "calibration", "source": "stress", "mass": 76, "start": 40, "cached": true, "rows": 180}
{"cohort": "calibration", "source": "stress", "mass": 76, "start": 50, "cached": true, "rows": 180}
{"cohort": "calibration", "source": "stress", "mass": 76, "start": 60, "cached": true, "rows": 180}
{"cohort": "calibration", "source": "stress", "mass": 76, "start": 70, "cached": true, "rows": 180}
{"cohort": "calibration", "source": "stress", "mass": 76, "start": 80, "cached": true, "rows": 180}
{"cohort": "calibration", "source": "stress", "mass": 76, "start": 90, "cached": true, "rows": 180}
{"cohort": "calibration", "source": "stress", "mass": 90, "start": 0, "cached": true, "rows": 180}
{"cohort": "calibration", "source": "stress", "mass": 90, "start": 10, "cached": true, "rows": 180}
{"cohort": "calibration", "source": "stress", "mass": 90, "start": 20, "cached": true, "rows": 180}
{"cohort": "calibration", "source": "stress", "mass": 90, "start": 30, "cached": true, "rows": 180}
{"cohort": "calibration", "source": "stress", "mass": 90, "start": 40, "cached": true, "rows": 180}
{"cohort": "calibration", "source": "stress", "mass": 90, "start": 50, "cached": true, "rows": 180}
{"cohort": "calibration", "source": "stress", "mass": 90, "start": 60, "cached": true, "rows": 180}
{"cohort": "calibration", "source": "stress", "mass": 90, "start": 70, "cached": true, "rows": 180}
{"cohort": "calibration", "source": "stress", "mass": 90, "start": 80, "cached": true, "rows": 180}
{"cohort": "calibration", "source": "stress", "mass": 90, "start": 90, "cached": true, "rows": 180}
{"cohort": "calibration", "source": "stress", "mass": 92, "start": 0, "cached": true, "rows": 180}
{"cohort": "calibration", "source": "stress", "mass": 92, "start": 10, "cached": true, "rows": 180}
{"cohort": "calibration", "source": "stress", "mass": 92, "start": 20, "cached": true, "rows": 180}
{"cohort": "calibration", "source": "stress", "mass": 92, "start": 30, "cached": true, "rows": 180}
{"cohort": "calibration", "source": "stress", "mass": 92, "start": 40, "cached": true, "rows": 180}
{"cohort": "calibration", "source": "stress", "mass": 92, "start": 50, "cached": true, "rows": 180}
{"cohort": "calibration", "source": "stress", "mass": 92, "start": 70, "cached": true, "rows": 180}
{"cohort": "calibration", "source": "stress", "mass": 92, "start": 60, "cached": true, "rows": 180}
{"cohort": "calibration", "source": "stress", "mass": 92, "start": 80, "cached": true, "rows": 180}
{"cohort": "calibration", "source": "stress", "mass": 92, "start": 90, "cached": true, "rows": 180}
{"cohort": "calibration", "source": "stress", "mass": 117, "start": 0, "cached": true, "rows": 180}
{"cohort": "calibration", "source": "stress", "mass": 117, "start": 10, "cached": true, "rows": 180}
{"cohort": "calibration", "source": "stress", "mass": 117, "start": 20, "cached": true, "rows": 180}
{"cohort": "calibration", "source": "stress", "mass": 117, "start": 30, "cached": true, "rows": 180}
{"cohort": "calibration", "source": "stress", "mass": 117, "start": 40, "cached": true, "rows": 180}
{"cohort": "calibration", "source": "stress", "mass": 117, "start": 50, "cached": true, "rows": 180}
{"cohort": "calibration", "source": "stress", "mass": 117, "start": 60, "cached": true, "rows": 180}
{"cohort": "calibration", "source": "stress", "mass": 117, "start": 70, "cached": true, "rows": 180}
{"cohort": "calibration", "source": "stress", "mass": 117, "start": 80, "cached": true, "rows": 180}
{"cohort": "calibration", "source": "stress", "mass": 117, "start": 90, "cached": true, "rows": 180}
{"cohort": "calibration", "source": "stress", "mass": 160, "start": 0, "cached": true, "rows": 180}
{"cohort": "calibration", "source": "stress", "mass": 160, "start": 10, "cached": true, "rows": 180}
{"cohort": "calibration", "source": "stress", "mass": 160, "start": 30, "cached": true, "rows": 180}
{"cohort": "calibration", "source": "stress", "mass": 160, "start": 20, "cached": true, "rows": 180}
{"cohort": "calibration", "source": "stress", "mass": 160, "start": 40, "cached": true, "rows": 180}
{"cohort": "calibration", "source": "stress", "mass": 160, "start": 50, "cached": true, "rows": 180}
{"cohort": "calibration", "source": "stress", "mass": 160, "start": 60, "cached": true, "rows": 180}
{"cohort": "calibration", "source": "stress", "mass": 160, "start": 70, "cached": true, "rows": 180}
{"cohort": "calibration", "source": "stress", "mass": 160, "start": 80, "cached": true, "rows": 180}
{"cohort": "calibration", "source": "stress", "mass": 160, "start": 90, "cached": true, "rows": 180}
{"cohort": "calibration", "source": "stress", "mass": 178, "start": 0, "cached": true, "rows": 180}
{"cohort": "calibration", "source": "stress", "mass": 178, "start": 10, "cached": true, "rows": 180}
{"cohort": "calibration", "source": "stress", "mass": 178, "start": 20, "cached": true, "rows": 180}
{"cohort": "calibration", "source": "stress", "mass": 178, "start": 30, "cached": true, "rows": 180}
{"cohort": "calibration", "source": "stress", "mass": 178, "start": 40, "cached": true, "rows": 180}
{"cohort": "calibration", "source": "stress", "mass": 178, "start": 50, "cached": true, "rows": 180}
{"cohort": "calibration", "source": "stress", "mass": 178, "start": 60, "cached": true, "rows": 180}
{"cohort": "calibration", "source": "stress", "mass": 178, "start": 70, "cached": true, "rows": 180}
{"cohort": "calibration", "source": "stress", "mass": 178, "start": 80, "cached": true, "rows": 180}
{"cohort": "calibration", "source": "stress", "mass": 178, "start": 90, "cached": true, "rows": 180}
{"cohort": "evaluation", "source": "nominal", "mass": 42, "start": 0, "cached": true, "rows": 80}
{"cohort": "evaluation", "source": "nominal", "mass": 42, "start": 10, "cached": true, "rows": 80}
{"cohort": "evaluation", "source": "nominal", "mass": 42, "start": 30, "cached": true, "rows": 80}
{"cohort": "evaluation", "source": "nominal", "mass": 42, "start": 20, "cached": true, "rows": 80}
{"cohort": "evaluation", "source": "nominal", "mass": 42, "start": 40, "cached": true, "rows": 80}
{"cohort": "evaluation", "source": "nominal", "mass": 42, "start": 50, "cached": true, "rows": 80}
{"cohort": "evaluation", "source": "nominal", "mass": 42, "start": 60, "cached": true, "rows": 80}
{"cohort": "evaluation", "source": "nominal", "mass": 42, "start": 70, "cached": true, "rows": 80}
{"cohort": "evaluation", "source": "nominal", "mass": 42, "start": 80, "cached": true, "rows": 80}
{"cohort": "evaluation", "source": "nominal", "mass": 42, "start": 90, "cached": true, "rows": 80}
{"cohort": "evaluation", "source": "nominal", "mass": 44, "start": 0, "cached": true, "rows": 80}
{"cohort": "evaluation", "source": "nominal", "mass": 44, "start": 10, "cached": true, "rows": 80}
{"cohort": "evaluation", "source": "nominal", "mass": 44, "start": 20, "cached": true, "rows": 80}
{"cohort": "evaluation", "source": "nominal", "mass": 44, "start": 30, "cached": true, "rows": 80}
{"cohort": "evaluation", "source": "nominal", "mass": 44, "start": 40, "cached": true, "rows": 80}
{"cohort": "evaluation", "source": "nominal", "mass": 44, "start": 50, "cached": true, "rows": 80}
{"cohort": "evaluation", "source": "nominal", "mass": 44, "start": 60, "cached": true, "rows": 80}
{"cohort": "evaluation", "source": "nominal", "mass": 44, "start": 70, "cached": true, "rows": 80}
{"cohort": "evaluation", "source": "nominal", "mass": 44, "start": 80, "cached": true, "rows": 80}
{"cohort": "evaluation", "source": "nominal", "mass": 44, "start": 90, "cached": true, "rows": 80}
{"cohort": "evaluation", "source": "nominal", "mass": 60, "start": 0, "cached": true, "rows": 80}
{"cohort": "evaluation", "source": "nominal", "mass": 60, "start": 10, "cached": true, "rows": 80}
{"cohort": "evaluation", "source": "nominal", "mass": 60, "start": 20, "cached": true, "rows": 80}
{"cohort": "evaluation", "source": "nominal", "mass": 60, "start": 30, "cached": true, "rows": 80}
{"cohort": "evaluation", "source": "nominal", "mass": 60, "start": 40, "cached": true, "rows": 80}
{"cohort": "evaluation", "source": "nominal", "mass": 60, "start": 50, "cached": true, "rows": 80}
{"cohort": "evaluation", "source": "nominal", "mass": 60, "start": 60, "cached": true, "rows": 80}
{"cohort": "evaluation", "source": "nominal", "mass": 60, "start": 70, "cached": true, "rows": 80}
{"cohort": "evaluation", "source": "nominal", "mass": 60, "start": 80, "cached": true, "rows": 80}
{"cohort": "evaluation", "source": "nominal", "mass": 60, "start": 90, "cached": true, "rows": 80}
{"cohort": "evaluation", "source": "nominal", "mass": 66, "start": 10, "cached": true, "rows": 80}
{"cohort": "evaluation", "source": "nominal", "mass": 66, "start": 0, "cached": true, "rows": 80}
{"cohort": "evaluation", "source": "nominal", "mass": 66, "start": 20, "cached": true, "rows": 80}
{"cohort": "evaluation", "source": "nominal", "mass": 66, "start": 30, "cached": true, "rows": 80}
{"cohort": "evaluation", "source": "nominal", "mass": 66, "start": 40, "cached": true, "rows": 80}
{"cohort": "evaluation", "source": "nominal", "mass": 66, "start": 50, "cached": true, "rows": 80}
{"cohort": "evaluation", "source": "nominal", "mass": 66, "start": 60, "cached": true, "rows": 80}
{"cohort": "evaluation", "source": "nominal", "mass": 66, "start": 70, "cached": true, "rows": 80}
{"cohort": "evaluation", "source": "nominal", "mass": 66, "start": 80, "cached": true, "rows": 80}
{"cohort": "evaluation", "source": "nominal", "mass": 66, "start": 90, "cached": true, "rows": 80}
{"cohort": "evaluation", "source": "nominal", "mass": 76, "start": 0, "cached": true, "rows": 80}
{"cohort": "evaluation", "source": "nominal", "mass": 76, "start": 10, "cached": true, "rows": 80}
{"cohort": "evaluation", "source": "nominal", "mass": 76, "start": 20, "cached": true, "rows": 80}
{"cohort": "evaluation", "source": "nominal", "mass": 76, "start": 30, "cached": true, "rows": 80}
{"cohort": "evaluation", "source": "nominal", "mass": 76, "start": 50, "cached": true, "rows": 80}
{"cohort": "evaluation", "source": "nominal", "mass": 76, "start": 40, "cached": true, "rows": 80}
{"cohort": "evaluation", "source": "nominal", "mass": 76, "start": 60, "cached": true, "rows": 80}
{"cohort": "evaluation", "source": "nominal", "mass": 76, "start": 70, "cached": true, "rows": 80}
{"cohort": "evaluation", "source": "nominal", "mass": 76, "start": 80, "cached": true, "rows": 80}
{"cohort": "evaluation", "source": "nominal", "mass": 76, "start": 90, "cached": true, "rows": 80}
{"cohort": "evaluation", "source": "nominal", "mass": 90, "start": 0, "cached": true, "rows": 80}
{"cohort": "evaluation", "source": "nominal", "mass": 90, "start": 10, "cached": true, "rows": 80}
{"cohort": "evaluation", "source": "nominal", "mass": 90, "start": 20, "cached": true, "rows": 80}
{"cohort": "evaluation", "source": "nominal", "mass": 90, "start": 30, "cached": true, "rows": 80}
{"cohort": "evaluation", "source": "nominal", "mass": 90, "start": 40, "cached": true, "rows": 80}
{"cohort": "evaluation", "source": "nominal", "mass": 90, "start": 50, "cached": true, "rows": 80}
{"cohort": "evaluation", "source": "nominal", "mass": 90, "start": 60, "cached": true, "rows": 80}
{"cohort": "evaluation", "source": "nominal", "mass": 90, "start": 70, "cached": true, "rows": 80}
{"cohort": "evaluation", "source": "nominal", "mass": 90, "start": 80, "cached": true, "rows": 80}
{"cohort": "evaluation", "source": "nominal", "mass": 90, "start": 90, "cached": true, "rows": 80}
{"cohort": "evaluation", "source": "nominal", "mass": 92, "start": 0, "cached": true, "rows": 80}
{"cohort": "evaluation", "source": "nominal", "mass": 92, "start": 10, "cached": true, "rows": 80}
{"cohort": "evaluation", "source": "nominal", "mass": 92, "start": 30, "cached": true, "rows": 80}
{"cohort": "evaluation", "source": "nominal", "mass": 92, "start": 20, "cached": true, "rows": 80}
{"cohort": "evaluation", "source": "nominal", "mass": 92, "start": 40, "cached": true, "rows": 80}
{"cohort": "evaluation", "source": "nominal", "mass": 92, "start": 50, "cached": true, "rows": 80}
{"cohort": "evaluation", "source": "nominal", "mass": 92, "start": 60, "cached": true, "rows": 80}
{"cohort": "evaluation", "source": "nominal", "mass": 92, "start": 70, "cached": true, "rows": 80}
{"cohort": "evaluation", "source": "nominal", "mass": 92, "start": 90, "cached": true, "rows": 80}
{"cohort": "evaluation", "source": "nominal", "mass": 92, "start": 80, "cached": true, "rows": 80}
{"cohort": "evaluation", "source": "nominal", "mass": 117, "start": 0, "cached": true, "rows": 80}
{"cohort": "evaluation", "source": "nominal", "mass": 117, "start": 10, "cached": true, "rows": 80}
{"cohort": "evaluation", "source": "nominal", "mass": 117, "start": 20, "cached": true, "rows": 80}
{"cohort": "evaluation", "source": "nominal", "mass": 117, "start": 30, "cached": true, "rows": 80}
{"cohort": "evaluation", "source": "nominal", "mass": 117, "start": 40, "cached": true, "rows": 80}
{"cohort": "evaluation", "source": "nominal", "mass": 117, "start": 50, "cached": true, "rows": 80}
{"cohort": "evaluation", "source": "nominal", "mass": 117, "start": 60, "cached": true, "rows": 80}
{"cohort": "evaluation", "source": "nominal", "mass": 117, "start": 70, "cached": true, "rows": 80}
{"cohort": "evaluation", "source": "nominal", "mass": 117, "start": 80, "cached": true, "rows": 80}
{"cohort": "evaluation", "source": "nominal", "mass": 117, "start": 90, "cached": true, "rows": 80}
{"cohort": "evaluation", "source": "nominal", "mass": 160, "start": 0, "cached": true, "rows": 80}
{"cohort": "evaluation", "source": "nominal", "mass": 160, "start": 10, "cached": true, "rows": 80}
{"cohort": "evaluation", "source": "nominal", "mass": 160, "start": 20, "cached": true, "rows": 80}
{"cohort": "evaluation", "source": "nominal", "mass": 160, "start": 30, "cached": true, "rows": 80}
{"cohort": "evaluation", "source": "nominal", "mass": 160, "start": 40, "cached": true, "rows": 80}
{"cohort": "evaluation", "source": "nominal", "mass": 160, "start": 50, "cached": true, "rows": 80}
{"cohort": "evaluation", "source": "nominal", "mass": 160, "start": 60, "cached": true, "rows": 80}
{"cohort": "evaluation", "source": "nominal", "mass": 160, "start": 70, "cached": true, "rows": 80}
{"cohort": "evaluation", "source": "nominal", "mass": 160, "start": 80, "cached": true, "rows": 80}
{"cohort": "evaluation", "source": "nominal", "mass": 178, "start": 0, "cached": true, "rows": 80}
{"cohort": "evaluation", "source": "nominal", "mass": 160, "start": 90, "cached": true, "rows": 80}
{"cohort": "evaluation", "source": "nominal", "mass": 178, "start": 10, "cached": true, "rows": 80}
{"cohort": "evaluation", "source": "nominal", "mass": 178, "start": 20, "cached": true, "rows": 80}
{"cohort": "evaluation", "source": "nominal", "mass": 178, "start": 30, "cached": true, "rows": 80}
{"cohort": "evaluation", "source": "nominal", "mass": 178, "start": 40, "cached": true, "rows": 80}
{"cohort": "evaluation", "source": "nominal", "mass": 178, "start": 50, "cached": true, "rows": 80}
{"cohort": "evaluation", "source": "nominal", "mass": 178, "start": 60, "cached": true, "rows": 80}
{"cohort": "evaluation", "source": "nominal", "mass": 178, "start": 70, "cached": true, "rows": 80}
{"cohort": "evaluation", "source": "nominal", "mass": 178, "start": 80, "cached": true, "rows": 80}
{"cohort": "evaluation", "source": "nominal", "mass": 178, "start": 90, "cached": true, "rows": 80}
{"cohort": "evaluation", "source": "stress", "mass": 42, "start": 0, "cached": true, "rows": 80}
{"cohort": "evaluation", "source": "stress", "mass": 42, "start": 10, "cached": true, "rows": 80}
{"cohort": "evaluation", "source": "stress", "mass": 42, "start": 20, "cached": true, "rows": 80}
{"cohort": "evaluation", "source": "stress", "mass": 42, "start": 30, "cached": true, "rows": 80}
{"cohort": "evaluation", "source": "stress", "mass": 42, "start": 40, "cached": true, "rows": 80}
{"cohort": "evaluation", "source": "stress", "mass": 42, "start": 50, "cached": true, "rows": 80}
{"cohort": "evaluation", "source": "stress", "mass": 42, "start": 60, "cached": true, "rows": 80}
{"cohort": "evaluation", "source": "stress", "mass": 42, "start": 70, "cached": true, "rows": 80}
{"cohort": "evaluation", "source": "stress", "mass": 42, "start": 80, "cached": true, "rows": 80}
{"cohort": "evaluation", "source": "stress", "mass": 42, "start": 90, "cached": true, "rows": 80}
{"cohort": "evaluation", "source": "stress", "mass": 44, "start": 0, "cached": true, "rows": 80}
{"cohort": "evaluation", "source": "stress", "mass": 44, "start": 10, "cached": true, "rows": 80}
{"cohort": "evaluation", "source": "stress", "mass": 44, "start": 20, "cached": true, "rows": 80}
{"cohort": "evaluation", "source": "stress", "mass": 44, "start": 30, "cached": true, "rows": 80}
{"cohort": "evaluation", "source": "stress", "mass": 44, "start": 40, "cached": true, "rows": 80}
{"cohort": "evaluation", "source": "stress", "mass": 44, "start": 50, "cached": true, "rows": 80}
{"cohort": "evaluation", "source": "stress", "mass": 44, "start": 60, "cached": true, "rows": 80}
{"cohort": "evaluation", "source": "stress", "mass": 44, "start": 70, "cached": true, "rows": 80}
{"cohort": "evaluation", "source": "stress", "mass": 44, "start": 80, "cached": true, "rows": 80}
{"cohort": "evaluation", "source": "stress", "mass": 44, "start": 90, "cached": true, "rows": 80}
{"cohort": "evaluation", "source": "stress", "mass": 60, "start": 0, "cached": true, "rows": 80}
{"cohort": "evaluation", "source": "stress", "mass": 60, "start": 10, "cached": true, "rows": 80}
{"cohort": "evaluation", "source": "stress", "mass": 60, "start": 20, "cached": true, "rows": 80}
{"cohort": "evaluation", "source": "stress", "mass": 60, "start": 30, "cached": true, "rows": 80}
{"cohort": "evaluation", "source": "stress", "mass": 60, "start": 40, "cached": true, "rows": 80}
{"cohort": "evaluation", "source": "stress", "mass": 60, "start": 50, "cached": true, "rows": 80}
{"cohort": "evaluation", "source": "stress", "mass": 60, "start": 60, "cached": true, "rows": 80}
{"cohort": "evaluation", "source": "stress", "mass": 60, "start": 70, "cached": true, "rows": 80}
{"cohort": "evaluation", "source": "stress", "mass": 60, "start": 80, "cached": true, "rows": 80}
{"cohort": "evaluation", "source": "stress", "mass": 60, "start": 90, "cached": true, "rows": 80}
{"cohort": "evaluation", "source": "stress", "mass": 66, "start": 0, "cached": true, "rows": 80}
{"cohort": "evaluation", "source": "stress", "mass": 66, "start": 10, "cached": true, "rows": 80}
{"cohort": "evaluation", "source": "stress", "mass": 66, "start": 20, "cached": true, "rows": 80}
{"cohort": "evaluation", "source": "stress", "mass": 66, "start": 30, "cached": true, "rows": 80}
{"cohort": "evaluation", "source": "stress", "mass": 66, "start": 50, "cached": true, "rows": 80}
{"cohort": "evaluation", "source": "stress", "mass": 66, "start": 40, "cached": true, "rows": 80}
{"cohort": "evaluation", "source": "stress", "mass": 66, "start": 60, "cached": true, "rows": 80}
{"cohort": "evaluation", "source": "stress", "mass": 66, "start": 90, "cached": true, "rows": 80}
{"cohort": "evaluation", "source": "stress", "mass": 66, "start": 70, "cached": true, "rows": 80}
{"cohort": "evaluation", "source": "stress", "mass": 66, "start": 80, "cached": true, "rows": 80}
{"cohort": "evaluation", "source": "stress", "mass": 76, "start": 0, "cached": true, "rows": 80}
{"cohort": "evaluation", "source": "stress", "mass": 76, "start": 20, "cached": true, "rows": 80}
{"cohort": "evaluation", "source": "stress", "mass": 76, "start": 10, "cached": true, "rows": 80}
{"cohort": "evaluation", "source": "stress", "mass": 76, "start": 30, "cached": true, "rows": 80}
{"cohort": "evaluation", "source": "stress", "mass": 76, "start": 40, "cached": true, "rows": 80}
{"cohort": "evaluation", "source": "stress", "mass": 76, "start": 60, "cached": true, "rows": 80}
{"cohort": "evaluation", "source": "stress", "mass": 76, "start": 50, "cached": true, "rows": 80}
{"cohort": "evaluation", "source": "stress", "mass": 76, "start": 70, "cached": true, "rows": 80}
{"cohort": "evaluation", "source": "stress", "mass": 76, "start": 80, "cached": true, "rows": 80}
{"cohort": "evaluation", "source": "stress", "mass": 76, "start": 90, "cached": true, "rows": 80}
{"cohort": "evaluation", "source": "stress", "mass": 90, "start": 10, "cached": true, "rows": 80}
{"cohort": "evaluation", "source": "stress", "mass": 90, "start": 0, "cached": true, "rows": 80}
{"cohort": "evaluation", "source": "stress", "mass": 90, "start": 30, "cached": true, "rows": 80}
{"cohort": "evaluation", "source": "stress", "mass": 90, "start": 20, "cached": true, "rows": 80}
{"cohort": "evaluation", "source": "stress", "mass": 90, "start": 40, "cached": true, "rows": 80}
{"cohort": "evaluation", "source": "stress", "mass": 90, "start": 50, "cached": true, "rows": 80}
{"cohort": "evaluation", "source": "stress", "mass": 90, "start": 60, "cached": true, "rows": 80}
{"cohort": "evaluation", "source": "stress", "mass": 90, "start": 80, "cached": true, "rows": 80}
{"cohort": "evaluation", "source": "stress", "mass": 90, "start": 70, "cached": true, "rows": 80}
{"cohort": "evaluation", "source": "stress", "mass": 90, "start": 90, "cached": true, "rows": 80}
{"cohort": "evaluation", "source": "stress", "mass": 92, "start": 0, "cached": true, "rows": 80}
{"cohort": "evaluation", "source": "stress", "mass": 92, "start": 10, "cached": true, "rows": 80}
{"cohort": "evaluation", "source": "stress", "mass": 92, "start": 20, "cached": true, "rows": 80}
{"cohort": "evaluation", "source": "stress", "mass": 92, "start": 30, "cached": true, "rows": 80}
{"cohort": "evaluation", "source": "stress", "mass": 92, "start": 40, "cached": true, "rows": 80}
{"cohort": "evaluation", "source": "stress", "mass": 92, "start": 50, "cached": true, "rows": 80}
{"cohort": "evaluation", "source": "stress", "mass": 92, "start": 60, "cached": true, "rows": 80}
{"cohort": "evaluation", "source": "stress", "mass": 92, "start": 70, "cached": true, "rows": 80}
{"cohort": "evaluation", "source": "stress", "mass": 92, "start": 80, "cached": true, "rows": 80}
{"cohort": "evaluation", "source": "stress", "mass": 92, "start": 90, "cached": true, "rows": 80}
{"cohort": "evaluation", "source": "stress", "mass": 117, "start": 0, "cached": true, "rows": 80}
{"cohort": "evaluation", "source": "stress", "mass": 117, "start": 10, "cached": true, "rows": 80}
{"cohort": "evaluation", "source": "stress", "mass": 117, "start": 20, "cached": true, "rows": 80}
{"cohort": "evaluation", "source": "stress", "mass": 117, "start": 30, "cached": true, "rows": 80}
{"cohort": "evaluation", "source": "stress", "mass": 117, "start": 40, "cached": true, "rows": 80}
{"cohort": "evaluation", "source": "stress", "mass": 117, "start": 60, "cached": true, "rows": 80}
{"cohort": "evaluation", "source": "stress", "mass": 117, "start": 50, "cached": true, "rows": 80}
{"cohort": "evaluation", "source": "stress", "mass": 117, "start": 70, "cached": true, "rows": 80}
{"cohort": "evaluation", "source": "stress", "mass": 117, "start": 80, "cached": true, "rows": 80}
{"cohort": "evaluation", "source": "stress", "mass": 160, "start": 0, "cached": true, "rows": 80}
{"cohort": "evaluation", "source": "stress", "mass": 160, "start": 10, "cached": true, "rows": 80}
{"cohort": "evaluation", "source": "stress", "mass": 117, "start": 90, "cached": true, "rows": 80}
{"cohort": "evaluation", "source": "stress", "mass": 160, "start": 20, "cached": true, "rows": 80}
{"cohort": "evaluation", "source": "stress", "mass": 160, "start": 30, "cached": true, "rows": 80}
{"cohort": "evaluation", "source": "stress", "mass": 160, "start": 40, "cached": true, "rows": 80}
{"cohort": "evaluation", "source": "stress", "mass": 160, "start": 50, "cached": true, "rows": 80}
{"cohort": "evaluation", "source": "stress", "mass": 160, "start": 60, "cached": true, "rows": 80}
{"cohort": "evaluation", "source": "stress", "mass": 160, "start": 70, "cached": true, "rows": 80}
{"cohort": "evaluation", "source": "stress", "mass": 160, "start": 80, "cached": true, "rows": 80}
{"cohort": "evaluation", "source": "stress", "mass": 160, "start": 90, "cached": true, "rows": 80}
{"cohort": "evaluation", "source": "stress", "mass": 178, "start": 0, "cached": true, "rows": 80}
{"cohort": "evaluation", "source": "stress", "mass": 178, "start": 10, "cached": true, "rows": 80}
{"cohort": "evaluation", "source": "stress", "mass": 178, "start": 20, "cached": true, "rows": 80}
{"cohort": "evaluation", "source": "stress", "mass": 178, "start": 30, "cached": true, "rows": 80}
{"cohort": "evaluation", "source": "stress", "mass": 178, "start": 40, "cached": true, "rows": 80}
{"cohort": "evaluation", "source": "stress", "mass": 178, "start": 50, "cached": true, "rows": 80}
{"cohort": "evaluation", "source": "stress", "mass": 178, "start": 60, "cached": true, "rows": 80}
{"cohort": "evaluation", "source": "stress", "mass": 178, "start": 70, "cached": true, "rows": 80}
{"cohort": "evaluation", "source": "stress", "mass": 178, "start": 80, "cached": true, "rows": 80}
{"cohort": "evaluation", "source": "stress", "mass": 178, "start": 90, "cached": true, "rows": 80}
{"stage": "numerical_complete", "rows": 16000}
