{"cohort": "pilot", "source": "nominal", "mass": 42, "start": 30, "cached": false, "rows": 20, "seconds": 0.138}
{"cohort": "pilot", "source": "nominal", "mass": 42, "start": 20, "cached": false, "rows": 20, "seconds": 0.138}
{"cohort": "pilot", "source": "nominal", "mass": 42, "start": 10, "cached": false, "rows": 20, "seconds": 0.138}
{"cohort": "pilot", "source": "nominal", "mass": 42, "start": 0, "cached": false, "rows": 20, "seconds": 0.139}
{"cohort": "pilot", "source": "nominal", "mass": 42, "start": 60, "cached": false, "rows": 20, "seconds": 0.131}
{"cohort": "pilot", "source": "nominal", "mass": 42, "start": 70, "cached": false, "rows": 20, "seconds": 0.132}
{"cohort": "pilot", "source": "nominal", "mass": 42, "start": 50, "cached": false, "rows": 20, "seconds": 0.133}
{"cohort": "pilot", "source": "nominal", "mass": 42, "start": 40, "cached": false, "rows": 20, "seconds": 0.133}
{"cohort": "pilot", "source": "nominal", "mass": 42, "start": 80, "cached": false, "rows": 20, "seconds": 0.133}
{"cohort": "pilot", "source": "nominal", "mass": 44, "start": 0, "cached": false, "rows": 20, "seconds": 0.132}
{"cohort": "pilot", "source": "nominal", "mass": 44, "start": 10, "cached": false, "rows": 20, "seconds": 0.132}
{"cohort": "pilot", "source": "nominal", "mass": 42, "start": 90, "cached": false, "rows": 20, "seconds": 0.132}
{"cohort": "pilot", "source": "nominal", "mass": 44, "start": 50, "cached": false, "rows": 20, "seconds": 0.131}
{"cohort": "pilot", "source": "nominal", "mass": 44, "start": 40, "cached": false, "rows": 20, "seconds": 0.132}
{"cohort": "pilot", "source": "nominal", "mass": 44, "start": 30, "cached": false, "rows": 20, "seconds": 0.132}
{"cohort": "pilot", "source": "nominal", "mass": 44, "start": 20, "cached": false, "rows": 20, "seconds": 0.132}
{"cohort": "pilot", "source": "nominal", "mass": 44, "start": 70, "cached": false, "rows": 20, "seconds": 0.135}
{"cohort": "pilot", "source": "nominal", "mass": 44, "start": 80, "cached": false, "rows": 20, "seconds": 0.136}
{"cohort": "pilot", "source": "nominal", "mass": 44, "start": 90, "cached": false, "rows": 20, "seconds": 0.136}
{"cohort": "pilot", "source": "nominal", "mass": 44, "start": 60, "cached": false, "rows": 20, "seconds": 0.137}
{"cohort": "pilot", "source": "nominal", "mass": 60, "start": 0, "cached": false, "rows": 20, "seconds": 0.165}
{"cohort": "pilot", "source": "nominal", "mass": 60, "start": 20, "cached": false, "rows": 20, "seconds": 0.165}
{"cohort": "pilot", "source": "nominal", "mass": 60, "start": 10, "cached": false, "rows": 20, "seconds": 0.169}
{"cohort": "pilot", "source": "nominal", "mass": 60, "start": 30, "cached": false, "rows": 20, "seconds": 0.171}
{"cohort": "pilot", "source": "nominal", "mass": 60, "start": 40, "cached": false, "rows": 20, "seconds": 0.138}
{"cohort": "pilot", "source": "nominal", "mass": 60, "start": 50, "cached": false, "rows": 20, "seconds": 0.135}
{"cohort": "pilot", "source": "nominal", "mass": 60, "start": 60, "cached": false, "rows": 20, "seconds": 0.137}
{"cohort": "pilot", "source": "nominal", "mass": 60, "start": 70, "cached": false, "rows": 20, "seconds": 0.135}
{"cohort": "pilot", "source": "nominal", "mass": 60, "start": 80, "cached": false, "rows": 20, "seconds": 0.132}
{"cohort": "pilot", "source": "nominal", "mass": 60, "start": 90, "cached": false, "rows": 20, "seconds": 0.131}
{"cohort": "pilot", "source": "nominal", "mass": 66, "start": 0, "cached": false, "rows": 20, "seconds": 0.136}
{"cohort": "pilot", "source": "nominal", "mass": 66, "start": 10, "cached": false, "rows": 20, "seconds": 0.136}
{"cohort": "pilot", "source": "nominal", "mass": 66, "start": 20, "cached": false, "rows": 20, "seconds": 0.132}
{"cohort": "pilot", "source": "nominal", "mass": 66, "start": 30, "cached": false, "rows": 20, "seconds": 0.132}
{"cohort": "pilot", "source": "nominal", "mass": 66, "start": 40, "cached": false, "rows": 20, "seconds": 0.133}
{"cohort": "pilot", "source": "nominal", "mass": 66, "start": 50, "cached": false, "rows": 20, "seconds": 0.135}
{"cohort": "pilot", "source": "nominal", "mass": 66, "start": 70, "cached": false, "rows": 20, "seconds": 0.132}
{"cohort": "pilot", "source": "nominal", "mass": 66, "start": 60, "cached": false, "rows": 20, "seconds": 0.133}
{"cohort": "pilot", "source": "nominal", "mass": 66, "start": 80, "cached": false, "rows": 20, "seconds": 0.133}
{"cohort": "pilot", "source": "nominal", "mass": 66, "start": 90, "cached": false, "rows": 20, "seconds": 0.131}
{"cohort": "pilot", "source": "nominal", "mass": 76, "start": 0, "cached": false, "rows": 20, "seconds": 0.129}
{"cohort": "pilot", "source": "nominal", "mass": 76, "start": 10, "cached": false, "rows": 20, "seconds": 0.129}
{"cohort": "pilot", "source": "nominal", "mass": 76, "start": 20, "cached": false, "rows": 20, "seconds": 0.13}
{"cohort": "pilot", "source": "nominal", "mass": 76, "start": 30, "cached": false, "rows": 20, "seconds": 0.13}
{"cohort": "pilot", "source": "nominal", "mass": 76, "start": 40, "cached": false, "rows": 20, "seconds": 0.137}
{"cohort": "pilot", "source": "nominal", "mass": 76, "start": 50, "cached": false, "rows": 20, "seconds": 0.138}
{"cohort": "pilot", "source": "nominal", "mass": 76, "start": 70, "cached": false, "rows": 20, "seconds": 0.129}
{"cohort": "pilot", "source": "nominal", "mass": 76, "start": 60, "cached": false, "rows": 20, "seconds": 0.131}
{"cohort": "pilot", "source": "nominal", "mass": 76, "start": 80, "cached": false, "rows": 20, "seconds": 0.13}
{"cohort": "pilot", "source": "nominal", "mass": 76, "start": 90, "cached": false, "rows": 20, "seconds": 0.13}
{"cohort": "pilot", "source": "nominal", "mass": 90, "start": 0, "cached": false, "rows": 20, "seconds": 0.139}
{"cohort": "pilot", "source": "nominal", "mass": 90, "start": 10, "cached": false, "rows": 20, "seconds": 0.14}
{"cohort": "pilot", "source": "nominal", "mass": 90, "start": 30, "cached": false, "rows": 20, "seconds": 0.149}
{"cohort": "pilot", "source": "nominal", "mass": 90, "start": 20, "cached": false, "rows": 20, "seconds": 0.15}
{"cohort": "pilot", "source": "nominal", "mass": 90, "start": 40, "cached": false, "rows": 20, "seconds": 0.148}
{"cohort": "pilot", "source": "nominal", "mass": 90, "start": 50, "cached": false, "rows": 20, "seconds": 0.146}
{"cohort": "pilot", "source": "nominal", "mass": 90, "start": 60, "cached": false, "rows": 20, "seconds": 0.148}
{"cohort": "pilot", "source": "nominal", "mass": 90, "start": 70, "cached": false, "rows": 20, "seconds": 0.148}
{"cohort": "pilot", "source": "nominal", "mass": 90, "start": 90, "cached": false, "rows": 20, "seconds": 0.143}
{"cohort": "pilot", "source": "nominal", "mass": 90, "start": 80, "cached": false, "rows": 20, "seconds": 0.146}
{"cohort": "pilot", "source": "nominal", "mass": 92, "start": 10, "cached": false, "rows": 20, "seconds": 0.142}
{"cohort": "pilot", "source": "nominal", "mass": 92, "start": 0, "cached": false, "rows": 20, "seconds": 0.142}
{"cohort": "pilot", "source": "nominal", "mass": 92, "start": 30, "cached": false, "rows": 20, "seconds": 0.141}
{"cohort": "pilot", "source": "nominal", "mass": 92, "start": 20, "cached": false, "rows": 20, "seconds": 0.143}
{"cohort": "pilot", "source": "nominal", "mass": 92, "start": 50, "cached": false, "rows": 20, "seconds": 0.14}
{"cohort": "pilot", "source": "nominal", "mass": 92, "start": 40, "cached": false, "rows": 20, "seconds": 0.14}
{"cohort": "pilot", "source": "nominal", "mass": 92, "start": 70, "cached": false, "rows": 20, "seconds": 0.137}
{"cohort": "pilot", "source": "nominal", "mass": 92, "start": 60, "cached": false, "rows": 20, "seconds": 0.139}
{"cohort": "pilot", "source": "nominal", "mass": 92, "start": 80, "cached": false, "rows": 20, "seconds": 0.139}
{"cohort": "pilot", "source": "nominal", "mass": 92, "start": 90, "cached": false, "rows": 20, "seconds": 0.139}
{"cohort": "pilot", "source": "nominal", "mass": 117, "start": 0, "cached": false, "rows": 20, "seconds": 0.151}
{"cohort": "pilot", "source": "nominal", "mass": 117, "start": 10, "cached": false, "rows": 20, "seconds": 0.149}
{"cohort": "pilot", "source": "nominal", "mass": 117, "start": 20, "cached": false, "rows": 20, "seconds": 0.147}
{"cohort": "pilot", "source": "nominal", "mass": 117, "start": 30, "cached": false, "rows": 20, "seconds": 0.15}
{"cohort": "pilot", "source": "nominal", "mass": 117, "start": 40, "cached": false, "rows": 20, "seconds": 0.147}
{"cohort": "pilot", "source": "nominal", "mass": 117, "start": 50, "cached": false, "rows": 20, "seconds": 0.147}
{"cohort": "pilot", "source": "nominal", "mass": 117, "start": 60, "cached": false, "rows": 20, "seconds": 0.151}
{"cohort": "pilot", "source": "nominal", "mass": 117, "start": 70, "cached": false, "rows": 20, "seconds": 0.153}
{"cohort": "pilot", "source": "nominal", "mass": 117, "start": 90, "cached": false, "rows": 20, "seconds": 0.148}
{"cohort": "pilot", "source": "nominal", "mass": 117, "start": 80, "cached": false, "rows": 20, "seconds": 0.149}
{"cohort": "pilot", "source": "nominal", "mass": 160, "start": 0, "cached": false, "rows": 20, "seconds": 0.173}
{"cohort": "pilot", "source": "nominal", "mass": 160, "start": 10, "cached": false, "rows": 20, "seconds": 0.17}
{"cohort": "pilot", "source": "nominal", "mass": 160, "start": 20, "cached": false, "rows": 20, "seconds": 0.165}
{"cohort": "pilot", "source": "nominal", "mass": 160, "start": 30, "cached": false, "rows": 20, "seconds": 0.17}
{"cohort": "pilot", "source": "nominal", "mass": 160, "start": 60, "cached": false, "rows": 20, "seconds": 0.181}
{"cohort": "pilot", "source": "nominal", "mass": 160, "start": 40, "cached": false, "rows": 20, "seconds": 0.185}
{"cohort": "pilot", "source": "nominal", "mass": 160, "start": 50, "cached": false, "rows": 20, "seconds": 0.187}
{"cohort": "pilot", "source": "nominal", "mass": 160, "start": 70, "cached": false, "rows": 20, "seconds": 0.185}
{"cohort": "pilot", "source": "nominal", "mass": 160, "start": 90, "cached": false, "rows": 20, "seconds": 0.225}
{"cohort": "pilot", "source": "nominal", "mass": 178, "start": 0, "cached": false, "rows": 20, "seconds": 0.222}
{"cohort": "pilot", "source": "nominal", "mass": 160, "start": 80, "cached": false, "rows": 20, "seconds": 0.227}
{"cohort": "pilot", "source": "nominal", "mass": 178, "start": 10, "cached": false, "rows": 20, "seconds": 0.221}
{"cohort": "pilot", "source": "nominal", "mass": 178, "start": 50, "cached": false, "rows": 20, "seconds": 0.163}
{"cohort": "pilot", "source": "nominal", "mass": 178, "start": 20, "cached": false, "rows": 20, "seconds": 0.168}
{"cohort": "pilot", "source": "nominal", "mass": 178, "start": 30, "cached": false, "rows": 20, "seconds": 0.168}
{"cohort": "pilot", "source": "nominal", "mass": 178, "start": 40, "cached": false, "rows": 20, "seconds": 0.168}
{"cohort": "pilot", "source": "nominal", "mass": 178, "start": 60, "cached": false, "rows": 20, "seconds": 0.162}
{"cohort": "pilot", "source": "nominal", "mass": 178, "start": 70, "cached": false, "rows": 20, "seconds": 0.162}
{"cohort": "pilot", "source": "nominal", "mass": 178, "start": 80, "cached": false, "rows": 20, "seconds": 0.162}
{"cohort": "pilot", "source": "nominal", "mass": 178, "start": 90, "cached": false, "rows": 20, "seconds": 0.162}
{"stage": "pilot_frozen", "sha256": "eb63ddb0cd885a9f4414a3e2617bc61b4fa1cc09833efd1a7d98c78358926cda", "masses": {"42": {"0.1": {"s0": 1574.4054400426874, "sd_sigma": 4.51045373468925, "se_sigma": 0.451045373468925}, "1.0": {"s0": 5237.80810004152, "sd_sigma": 4.442916972820586, "se_sigma": 0.44429169728205864}}, "44": {"0.1": {"s0": 1645.3880390170264, "sd_sigma": 2.908212348870705, "se_sigma": 0.2908212348870705}, "1.0": {"s0": 5692.108512448542, "sd_sigma": 3.8377416625924203, "se_sigma": 0.38377416625924204}}, "60": {"0.1": {"s0": 2102.7912282889943, "sd_sigma": 1.867036661020846, "se_sigma": 0.1867036661020846}, "1.0": {"s0": 7076.307199981878, "sd_sigma": 2.2311247208028653, "se_sigma": 0.22311247208028653}}, "66": {"0.1": {"s0": 2071.121674000131, "sd_sigma": 1.7583910701407315, "se_sigma": 0.17583910701407315}, "1.0": {"s0": 6842.158078476416, "sd_sigma": 2.003125975037153, "se_sigma": 0.2003125975037153}}, "76": {"0.1": {"s0": 1971.04686046813, "sd_sigma": 1.5105578687367023, "se_sigma": 0.15105578687367022}, "1.0": {"s0": 6525.040100560566, "sd_sigma": 1.9678848998008345, "se_sigma": 0.19678848998008344}}, "90": {"0.1": {"s0": 1630.1510352184414, "sd_sigma": 1.2042920707140656, "se_sigma": 0.12042920707140656}, "1.0": {"s0": 5402.336834908399, "sd_sigma": 1.4346834063964795, "se_sigma": 0.14346834063964795}}, "92": {"0.1": {"s0": 1609.8624842959866, "sd_sigma": 1.2289585998167127, "se_sigma": 0.12289585998167127}, "1.0": {"s0": 5352.501895628874, "sd_sigma": 1.4101732067244643, "se_sigma": 0.14101732067244643}}, "117": {"0.1": {"s0": 991.4260642914447, "sd_sigma": 1.3358194769258431, "se_sigma": 0.1335819476925843}, "1.0": {"s0": 3295.060823904036, "sd_sigma": 1.6463909976485518, "se_sigma": 0.1646390997648552}}, "160": {"0.1": {"s0": 401.6609007335179, "sd_sigma": 1.953089486466269, "se_sigma": 0.1953089486466269}, "1.0": {"s0": 1395.9992529295776, "sd_sigma": 2.485371976720294, "se_sigma": 0.24853719767202942}}, "178": {"0.1": {"s0": 325.54529180311073, "sd_sigma": 2.893066546074781, "se_sigma": 0.2893066546074781}, "1.0": {"s0": 1071.7854858768533, "sd_sigma": 3.271041550808263, "se_sigma": 0.3271041550808263}}}}
{"cohort": "calibration", "source": "nominal", "mass": 42, "start": 20, "cached": false, "rows": 180, "seconds": 1.181}
{"cohort": "calibration", "source": "nominal", "mass": 42, "start": 30, "cached": false, "rows": 180, "seconds": 1.182}
{"cohort": "calibration", "source": "nominal", "mass": 42, "start": 0, "cached": false, "rows": 180, "seconds": 1.185}
{"cohort": "calibration", "source": "nominal", "mass": 42, "start": 10, "cached": false, "rows": 180, "seconds": 1.183}
{"cohort": "calibration", "source": "nominal", "mass": 42, "start": 50, "cached": false, "rows": 180, "seconds": 1.284}
{"cohort": "calibration", "source": "nominal", "mass": 42, "start": 40, "cached": false, "rows": 180, "seconds": 1.286}
{"cohort": "calibration", "source": "nominal", "mass": 42, "start": 60, "cached": false, "rows": 180, "seconds": 1.285}
{"cohort": "calibration", "source": "nominal", "mass": 42, "start": 70, "cached": false, "rows": 180, "seconds": 1.291}
{"cohort": "calibration", "source": "nominal", "mass": 42, "start": 90, "cached": false, "rows": 180, "seconds": 1.242}
{"cohort": "calibration", "source": "nominal", "mass": 42, "start": 80, "cached": false, "rows": 180, "seconds": 1.25}
{"cohort": "calibration", "source": "nominal", "mass": 44, "start": 0, "cached": false, "rows": 180, "seconds": 1.251}
{"cohort": "calibration", "source": "nominal", "mass": 44, "start": 10, "cached": false, "rows": 180, "seconds": 1.249}
{"cohort": "calibration", "source": "nominal", "mass": 44, "start": 20, "cached": false, "rows": 180, "seconds": 1.29}
{"cohort": "calibration", "source": "nominal", "mass": 44, "start": 30, "cached": false, "rows": 180, "seconds": 1.288}
{"cohort": "calibration", "source": "nominal", "mass": 44, "start": 40, "cached": false, "rows": 180, "seconds": 1.287}
{"cohort": "calibration", "source": "nominal", "mass": 44, "start": 50, "cached": false, "rows": 180, "seconds": 1.288}
{"cohort": "calibration", "source": "nominal", "mass": 44, "start": 70, "cached": false, "rows": 180, "seconds": 1.275}
{"cohort": "calibration", "source": "nominal", "mass": 44, "start": 60, "cached": false, "rows": 180, "seconds": 1.282}
{"cohort": "calibration", "source": "nominal", "mass": 44, "start": 80, "cached": false, "rows": 180, "seconds": 1.282}
{"cohort": "calibration", "source": "nominal", "mass": 44, "start": 90, "cached": false, "rows": 180, "seconds": 1.279}
{"cohort": "calibration", "source": "nominal", "mass": 60, "start": 0, "cached": false, "rows": 180, "seconds": 1.262}
{"cohort": "calibration", "source": "nominal", "mass": 60, "start": 10, "cached": false, "rows": 180, "seconds": 1.262}
{"cohort": "calibration", "source": "nominal", "mass": 60, "start": 20, "cached": false, "rows": 180, "seconds": 1.262}
{"cohort": "calibration", "source": "nominal", "mass": 60, "start": 30, "cached": false, "rows": 180, "seconds": 1.263}
{"cohort": "calibration", "source": "nominal", "mass": 60, "start": 50, "cached": false, "rows": 180, "seconds": 1.274}
{"cohort": "calibration", "source": "nominal", "mass": 60, "start": 40, "cached": false, "rows": 180, "seconds": 1.275}
{"cohort": "calibration", "source": "nominal", "mass": 60, "start": 60, "cached": false, "rows": 180, "seconds": 1.273}
{"cohort": "calibration", "source": "nominal", "mass": 60, "start": 70, "cached": false, "rows": 180, "seconds": 1.274}
{"cohort": "calibration", "source": "nominal", "mass": 60, "start": 90, "cached": false, "rows": 180, "seconds": 1.269}
{"cohort": "calibration", "source": "nominal", "mass": 60, "start": 80, "cached": false, "rows": 180, "seconds": 1.276}
{"cohort": "calibration", "source": "nominal", "mass": 66, "start": 0, "cached": false, "rows": 180, "seconds": 1.29}
{"cohort": "calibration", "source": "nominal", "mass": 66, "start": 10, "cached": false, "rows": 180, "seconds": 1.29}
{"cohort": "calibration", "source": "nominal", "mass": 66, "start": 20, "cached": false, "rows": 180, "seconds": 1.196}
{"cohort": "calibration", "source": "nominal", "mass": 66, "start": 30, "cached": false, "rows": 180, "seconds": 1.197}
{"cohort": "calibration", "source": "nominal", "mass": 66, "start": 40, "cached": false, "rows": 180, "seconds": 1.196}
{"cohort": "calibration", "source": "nominal", "mass": 66, "start": 50, "cached": false, "rows": 180, "seconds": 1.196}
{"cohort": "calibration", "source": "nominal", "mass": 66, "start": 60, "cached": false, "rows": 180, "seconds": 1.235}
{"cohort": "calibration", "source": "nominal", "mass": 66, "start": 70, "cached": false, "rows": 180, "seconds": 1.235}
{"cohort": "calibration", "source": "nominal", "mass": 66, "start": 80, "cached": false, "rows": 180, "seconds": 1.235}
{"cohort": "calibration", "source": "nominal", "mass": 66, "start": 90, "cached": false, "rows": 180, "seconds": 1.236}
{"cohort": "calibration", "source": "nominal", "mass": 76, "start": 0, "cached": false, "rows": 180, "seconds": 1.287}
{"cohort": "calibration", "source": "nominal", "mass": 76, "start": 10, "cached": false, "rows": 180, "seconds": 1.284}
{"cohort": "calibration", "source": "nominal", "mass": 76, "start": 20, "cached": false, "rows": 180, "seconds": 1.264}
{"cohort": "calibration", "source": "nominal", "mass": 76, "start": 30, "cached": false, "rows": 180, "seconds": 1.283}
{"cohort": "calibration", "source": "nominal", "mass": 76, "start": 50, "cached": false, "rows": 180, "seconds": 1.178}
{"cohort": "calibration", "source": "nominal", "mass": 76, "start": 60, "cached": false, "rows": 180, "seconds": 1.18}
{"cohort": "calibration", "source": "nominal", "mass": 76, "start": 40, "cached": false, "rows": 180, "seconds": 1.189}
{"cohort": "calibration", "source": "nominal", "mass": 76, "start": 70, "cached": false, "rows": 180, "seconds": 1.184}
{"cohort": "calibration", "source": "nominal", "mass": 76, "start": 80, "cached": false, "rows": 180, "seconds": 1.245}
{"cohort": "calibration", "source": "nominal", "mass": 76, "start": 90, "cached": false, "rows": 180, "seconds": 1.303}
{"cohort": "calibration", "source": "nominal", "mass": 90, "start": 10, "cached": false, "rows": 180, "seconds": 1.274}
{"cohort": "calibration", "source": "nominal", "mass": 90, "start": 0, "cached": false, "rows": 180, "seconds": 1.335}
{"cohort": "calibration", "source": "nominal", "mass": 90, "start": 20, "cached": false, "rows": 180, "seconds": 1.239}
{"cohort": "calibration", "source": "nominal", "mass": 90, "start": 40, "cached": false, "rows": 180, "seconds": 1.221}
{"cohort": "calibration", "source": "nominal", "mass": 90, "start": 30, "cached": false, "rows": 180, "seconds": 1.259}
{"cohort": "calibration", "source": "nominal", "mass": 90, "start": 50, "cached": false, "rows": 180, "seconds": 1.247}
{"cohort": "calibration", "source": "nominal", "mass": 90, "start": 60, "cached": false, "rows": 180, "seconds": 1.22}
{"cohort": "calibration", "source": "nominal", "mass": 90, "start": 70, "cached": false, "rows": 180, "seconds": 1.204}
{"cohort": "calibration", "source": "nominal", "mass": 90, "start": 80, "cached": false, "rows": 180, "seconds": 1.22}
{"cohort": "calibration", "source": "nominal", "mass": 90, "start": 90, "cached": false, "rows": 180, "seconds": 1.229}
{"cohort": "calibration", "source": "nominal", "mass": 92, "start": 0, "cached": false, "rows": 180, "seconds": 1.322}
{"cohort": "calibration", "source": "nominal", "mass": 92, "start": 10, "cached": false, "rows": 180, "seconds": 1.298}
{"cohort": "calibration", "source": "nominal", "mass": 92, "start": 20, "cached": false, "rows": 180, "seconds": 1.312}
{"cohort": "calibration", "source": "nominal", "mass": 92, "start": 30, "cached": false, "rows": 180, "seconds": 1.306}
{"cohort": "calibration", "source": "nominal", "mass": 92, "start": 50, "cached": false, "rows": 180, "seconds": 1.209}
{"cohort": "calibration", "source": "nominal", "mass": 92, "start": 40, "cached": false, "rows": 180, "seconds": 1.218}
{"cohort": "calibration", "source": "nominal", "mass": 92, "start": 60, "cached": false, "rows": 180, "seconds": 1.214}
{"cohort": "calibration", "source": "nominal", "mass": 92, "start": 70, "cached": false, "rows": 180, "seconds": 1.211}
{"cohort": "calibration", "source": "nominal", "mass": 92, "start": 80, "cached": false, "rows": 180, "seconds": 1.193}
{"cohort": "calibration", "source": "nominal", "mass": 92, "start": 90, "cached": false, "rows": 180, "seconds": 1.231}
{"cohort": "calibration", "source": "nominal", "mass": 117, "start": 0, "cached": false, "rows": 180, "seconds": 1.312}
{"cohort": "calibration", "source": "nominal", "mass": 117, "start": 10, "cached": false, "rows": 180, "seconds": 1.314}
{"cohort": "calibration", "source": "nominal", "mass": 117, "start": 20, "cached": false, "rows": 180, "seconds": 1.29}
{"cohort": "calibration", "source": "nominal", "mass": 117, "start": 30, "cached": false, "rows": 180, "seconds": 1.318}
{"cohort": "calibration", "source": "nominal", "mass": 117, "start": 40, "cached": false, "rows": 180, "seconds": 1.31}
{"cohort": "calibration", "source": "nominal", "mass": 117, "start": 50, "cached": false, "rows": 180, "seconds": 1.295}
{"cohort": "calibration", "source": "nominal", "mass": 117, "start": 60, "cached": false, "rows": 180, "seconds": 1.299}
{"cohort": "calibration", "source": "nominal", "mass": 117, "start": 70, "cached": false, "rows": 180, "seconds": 1.322}
{"cohort": "calibration", "source": "nominal", "mass": 117, "start": 80, "cached": false, "rows": 180, "seconds": 1.305}
{"cohort": "calibration", "source": "nominal", "mass": 117, "start": 90, "cached": false, "rows": 180, "seconds": 1.303}
{"cohort": "calibration", "source": "nominal", "mass": 160, "start": 0, "cached": false, "rows": 180, "seconds": 1.379}
{"cohort": "calibration", "source": "nominal", "mass": 160, "start": 10, "cached": false, "rows": 180, "seconds": 1.388}
{"cohort": "calibration", "source": "nominal", "mass": 160, "start": 20, "cached": false, "rows": 180, "seconds": 1.39}
{"cohort": "calibration", "source": "nominal", "mass": 160, "start": 30, "cached": false, "rows": 180, "seconds": 1.386}
{"cohort": "calibration", "source": "nominal", "mass": 160, "start": 40, "cached": false, "rows": 180, "seconds": 1.379}
{"cohort": "calibration", "source": "nominal", "mass": 160, "start": 50, "cached": false, "rows": 180, "seconds": 1.415}
{"cohort": "calibration", "source": "nominal", "mass": 160, "start": 60, "cached": false, "rows": 180, "seconds": 1.405}
{"cohort": "calibration", "source": "nominal", "mass": 160, "start": 70, "cached": false, "rows": 180, "seconds": 1.399}
{"cohort": "calibration", "source": "nominal", "mass": 160, "start": 80, "cached": false, "rows": 180, "seconds": 1.405}
{"cohort": "calibration", "source": "nominal", "mass": 160, "start": 90, "cached": false, "rows": 180, "seconds": 1.425}
{"cohort": "calibration", "source": "nominal", "mass": 178, "start": 0, "cached": false, "rows": 180, "seconds": 1.416}
{"cohort": "calibration", "source": "nominal", "mass": 178, "start": 10, "cached": false, "rows": 180, "seconds": 1.422}
{"cohort": "calibration", "source": "nominal", "mass": 178, "start": 20, "cached": false, "rows": 180, "seconds": 1.441}
{"cohort": "calibration", "source": "nominal", "mass": 178, "start": 30, "cached": false, "rows": 180, "seconds": 1.469}
{"cohort": "calibration", "source": "nominal", "mass": 178, "start": 40, "cached": false, "rows": 180, "seconds": 1.461}
{"cohort": "calibration", "source": "nominal", "mass": 178, "start": 50, "cached": false, "rows": 180, "seconds": 1.466}
{"cohort": "calibration", "source": "nominal", "mass": 178, "start": 60, "cached": false, "rows": 180, "seconds": 1.411}
{"cohort": "calibration", "source": "nominal", "mass": 178, "start": 70, "cached": false, "rows": 180, "seconds": 1.427}
{"cohort": "calibration", "source": "nominal", "mass": 178, "start": 80, "cached": false, "rows": 180, "seconds": 1.428}
{"cohort": "calibration", "source": "nominal", "mass": 178, "start": 90, "cached": false, "rows": 180, "seconds": 1.422}
{"cohort": "calibration", "source": "stress", "mass": 42, "start": 0, "cached": false, "rows": 180, "seconds": 1.163}
{"cohort": "calibration", "source": "stress", "mass": 42, "start": 10, "cached": false, "rows": 180, "seconds": 1.147}
{"cohort": "calibration", "source": "stress", "mass": 42, "start": 20, "cached": false, "rows": 180, "seconds": 1.146}
{"cohort": "calibration", "source": "stress", "mass": 42, "start": 30, "cached": false, "rows": 180, "seconds": 1.148}
{"cohort": "calibration", "source": "stress", "mass": 42, "start": 40, "cached": false, "rows": 180, "seconds": 1.219}
{"cohort": "calibration", "source": "stress", "mass": 42, "start": 50, "cached": false, "rows": 180, "seconds": 1.217}
{"cohort": "calibration", "source": "stress", "mass": 42, "start": 60, "cached": false, "rows": 180, "seconds": 1.221}
{"cohort": "calibration", "source": "stress", "mass": 42, "start": 70, "cached": false, "rows": 180, "seconds": 1.222}
{"cohort": "calibration", "source": "stress", "mass": 42, "start": 80, "cached": false, "rows": 180, "seconds": 1.156}
{"cohort": "calibration", "source": "stress", "mass": 42, "start": 90, "cached": false, "rows": 180, "seconds": 1.166}
{"cohort": "calibration", "source": "stress", "mass": 44, "start": 0, "cached": false, "rows": 180, "seconds": 1.165}
{"cohort": "calibration", "source": "stress", "mass": 44, "start": 10, "cached": false, "rows": 180, "seconds": 1.158}
{"cohort": "calibration", "source": "stress", "mass": 44, "start": 20, "cached": false, "rows": 180, "seconds": 1.162}
{"cohort": "calibration", "source": "stress", "mass": 44, "start": 30, "cached": false, "rows": 180, "seconds": 1.168}
{"cohort": "calibration", "source": "stress", "mass": 44, "start": 40, "cached": false, "rows": 180, "seconds": 1.149}
{"cohort": "calibration", "source": "stress", "mass": 44, "start": 50, "cached": false, "rows": 180, "seconds": 1.151}
{"cohort": "calibration", "source": "stress", "mass": 44, "start": 60, "cached": false, "rows": 180, "seconds": 1.163}
{"cohort": "calibration", "source": "stress", "mass": 44, "start": 70, "cached": false, "rows": 180, "seconds": 1.168}
{"cohort": "calibration", "source": "stress", "mass": 44, "start": 90, "cached": false, "rows": 180, "seconds": 1.165}
{"cohort": "calibration", "source": "stress", "mass": 44, "start": 80, "cached": false, "rows": 180, "seconds": 1.168}
{"cohort": "calibration", "source": "stress", "mass": 60, "start": 0, "cached": false, "rows": 180, "seconds": 1.164}
{"cohort": "calibration", "source": "stress", "mass": 60, "start": 10, "cached": false, "rows": 180, "seconds": 1.166}
{"cohort": "calibration", "source": "stress", "mass": 60, "start": 30, "cached": false, "rows": 180, "seconds": 1.161}
{"cohort": "calibration", "source": "stress", "mass": 60, "start": 20, "cached": false, "rows": 180, "seconds": 1.164}
{"cohort": "calibration", "source": "stress", "mass": 60, "start": 40, "cached": false, "rows": 180, "seconds": 1.136}
{"cohort": "calibration", "source": "stress", "mass": 60, "start": 50, "cached": false, "rows": 180, "seconds": 1.14}
{"cohort": "calibration", "source": "stress", "mass": 60, "start": 70, "cached": false, "rows": 180, "seconds": 1.139}
{"cohort": "calibration", "source": "stress", "mass": 60, "start": 60, "cached": false, "rows": 180, "seconds": 1.143}
{"cohort": "calibration", "source": "stress", "mass": 60, "start": 80, "cached": false, "rows": 180, "seconds": 1.147}
{"cohort": "calibration", "source": "stress", "mass": 60, "start": 90, "cached": false, "rows": 180, "seconds": 1.185}
{"cohort": "calibration", "source": "stress", "mass": 66, "start": 0, "cached": false, "rows": 180, "seconds": 1.231}
{"cohort": "calibration", "source": "stress", "mass": 66, "start": 10, "cached": false, "rows": 180, "seconds": 1.233}
{"cohort": "calibration", "source": "stress", "mass": 66, "start": 20, "cached": false, "rows": 180, "seconds": 1.229}
{"cohort": "calibration", "source": "stress", "mass": 66, "start": 30, "cached": false, "rows": 180, "seconds": 1.185}
{"cohort": "calibration", "source": "stress", "mass": 66, "start": 40, "cached": false, "rows": 180, "seconds": 1.181}
{"cohort": "calibration", "source": "stress", "mass": 66, "start": 50, "cached": false, "rows": 180, "seconds": 1.183}
{"cohort": "calibration", "source": "stress", "mass": 66, "start": 60, "cached": false, "rows": 180, "seconds": 1.171}
{"cohort": "calibration", "source": "stress", "mass": 66, "start": 70, "cached": false, "rows": 180, "seconds": 1.174}
{"cohort": "calibration", "source": "stress", "mass": 66, "start": 80, "cached": false, "rows": 180, "seconds": 1.175}
{"cohort": "calibration", "source": "stress", "mass": 66, "start": 90, "cached": false, "rows": 180, "seconds": 1.182}
{"cohort": "calibration", "source": "stress", "mass": 76, "start": 0, "cached": false, "rows": 180, "seconds": 1.156}
{"cohort": "calibration", "source": "stress", "mass": 76, "start": 10, "cached": false, "rows": 180, "seconds": 1.152}
{"cohort": "calibration", "source": "stress", "mass": 76, "start": 20, "cached": false, "rows": 180, "seconds": 1.15}
{"cohort": "calibration", "source": "stress", "mass": 76, "start": 30, "cached": false, "rows": 180, "seconds": 1.15}
{"cohort": "calibration", "source": "stress", "mass": 76, "start": 40, "cached": false, "rows": 180, "seconds": 1.145}
{"cohort": "calibration", "source": "stress", "mass": 76, "start": 50, "cached": false, "rows": 180, "seconds": 1.148}
{"cohort": "calibration", "source": "stress", "mass": 76, "start": 60, "cached": false, "rows": 180, "seconds": 1.149}
{"cohort": "calibration", "source": "stress", "mass": 76, "start": 70, "cached": false, "rows": 180, "seconds": 1.148}
{"cohort": "calibration", "source": "stress", "mass": 76, "start": 80, "cached": false, "rows": 180, "seconds": 1.144}
{"cohort": "calibration", "source": "stress", "mass": 76, "start": 90, "cached": false, "rows": 180, "seconds": 1.141}
{"cohort": "calibration", "source": "stress", "mass": 90, "start": 0, "cached": false, "rows": 180, "seconds": 1.221}
{"cohort": "calibration", "source": "stress", "mass": 90, "start": 10, "cached": false, "rows": 180, "seconds": 1.242}
{"cohort": "calibration", "source": "stress", "mass": 90, "start": 20, "cached": false, "rows": 180, "seconds": 1.221}
{"cohort": "calibration", "source": "stress", "mass": 90, "start": 30, "cached": false, "rows": 180, "seconds": 1.246}
{"cohort": "calibration", "source": "stress", "mass": 90, "start": 40, "cached": false, "rows": 180, "seconds": 1.227}
{"cohort": "calibration", "source": "stress", "mass": 90, "start": 50, "cached": false, "rows": 180, "seconds": 1.228}
{"cohort": "calibration", "source": "stress", "mass": 90, "start": 60, "cached": false, "rows": 180, "seconds": 1.233}
{"cohort": "calibration", "source": "stress", "mass": 90, "start": 70, "cached": false, "rows": 180, "seconds": 1.234}
{"cohort": "calibration", "source": "stress", "mass": 90, "start": 80, "cached": false, "rows": 180, "seconds": 1.223}
{"cohort": "calibration", "source": "stress", "mass": 90, "start": 90, "cached": false, "rows": 180, "seconds": 1.251}
{"cohort": "calibration", "source": "stress", "mass": 92, "start": 0, "cached": false, "rows": 180, "seconds": 1.217}
{"cohort": "calibration", "source": "stress", "mass": 92, "start": 10, "cached": false, "rows": 180, "seconds": 1.233}
{"cohort": "calibration", "source": "stress", "mass": 92, "start": 20, "cached": false, "rows": 180, "seconds": 1.23}
{"cohort": "calibration", "source": "stress", "mass": 92, "start": 30, "cached": false, "rows": 180, "seconds": 1.228}
{"cohort": "calibration", "source": "stress", "mass": 92, "start": 40, "cached": false, "rows": 180, "seconds": 1.226}
{"cohort": "calibration", "source": "stress", "mass": 92, "start": 50, "cached": false, "rows": 180, "seconds": 1.245}
{"cohort": "calibration", "source": "stress", "mass": 92, "start": 60, "cached": false, "rows": 180, "seconds": 1.228}
{"cohort": "calibration", "source": "stress", "mass": 92, "start": 70, "cached": false, "rows": 180, "seconds": 1.231}
{"cohort": "calibration", "source": "stress", "mass": 92, "start": 80, "cached": false, "rows": 180, "seconds": 1.228}
{"cohort": "calibration", "source": "stress", "mass": 92, "start": 90, "cached": false, "rows": 180, "seconds": 1.24}
{"cohort": "calibration", "source": "stress", "mass": 117, "start": 0, "cached": false, "rows": 180, "seconds": 1.324}
{"cohort": "calibration", "source": "stress", "mass": 117, "start": 10, "cached": false, "rows": 180, "seconds": 1.344}
{"cohort": "calibration", "source": "stress", "mass": 117, "start": 20, "cached": false, "rows": 180, "seconds": 1.344}
{"cohort": "calibration", "source": "stress", "mass": 117, "start": 30, "cached": false, "rows": 180, "seconds": 1.349}
{"cohort": "calibration", "source": "stress", "mass": 117, "start": 40, "cached": false, "rows": 180, "seconds": 1.361}
{"cohort": "calibration", "source": "stress", "mass": 117, "start": 50, "cached": false, "rows": 180, "seconds": 1.352}
{"cohort": "calibration", "source": "stress", "mass": 117, "start": 60, "cached": false, "rows": 180, "seconds": 1.34}
{"cohort": "calibration", "source": "stress", "mass": 117, "start": 70, "cached": false, "rows": 180, "seconds": 1.362}
{"cohort": "calibration", "source": "stress", "mass": 117, "start": 80, "cached": false, "rows": 180, "seconds": 1.33}
{"cohort": "calibration", "source": "stress", "mass": 117, "start": 90, "cached": false, "rows": 180, "seconds": 1.354}
{"cohort": "calibration", "source": "stress", "mass": 160, "start": 0, "cached": false, "rows": 180, "seconds": 1.406}
{"cohort": "calibration", "source": "stress", "mass": 160, "start": 10, "cached": false, "rows": 180, "seconds": 1.426}
{"cohort": "calibration", "source": "stress", "mass": 160, "start": 20, "cached": false, "rows": 180, "seconds": 1.414}
{"cohort": "calibration", "source": "stress", "mass": 160, "start": 30, "cached": false, "rows": 180, "seconds": 1.415}
{"cohort": "calibration", "source": "stress", "mass": 160, "start": 40, "cached": false, "rows": 180, "seconds": 1.401}
{"cohort": "calibration", "source": "stress", "mass": 160, "start": 50, "cached": false, "rows": 180, "seconds": 1.41}
{"cohort": "calibration", "source": "stress", "mass": 160, "start": 60, "cached": false, "rows": 180, "seconds": 1.404}
{"cohort": "calibration", "source": "stress", "mass": 160, "start": 70, "cached": false, "rows": 180, "seconds": 1.414}
{"cohort": "calibration", "source": "stress", "mass": 160, "start": 80, "cached": false, "rows": 180, "seconds": 1.392}
{"cohort": "calibration", "source": "stress", "mass": 160, "start": 90, "cached": false, "rows": 180, "seconds": 1.411}
{"cohort": "calibration", "source": "stress", "mass": 178, "start": 0, "cached": false, "rows": 180, "seconds": 1.397}
{"cohort": "calibration", "source": "stress", "mass": 178, "start": 10, "cached": false, "rows": 180, "seconds": 1.4}
{"cohort": "calibration", "source": "stress", "mass": 178, "start": 20, "cached": false, "rows": 180, "seconds": 1.396}
{"cohort": "calibration", "source": "stress", "mass": 178, "start": 30, "cached": false, "rows": 180, "seconds": 1.406}
{"cohort": "calibration", "source": "stress", "mass": 178, "start": 40, "cached": false, "rows": 180, "seconds": 1.384}
{"cohort": "calibration", "source": "stress", "mass": 178, "start": 50, "cached": false, "rows": 180, "seconds": 1.39}
{"cohort": "calibration", "source": "stress", "mass": 178, "start": 60, "cached": false, "rows": 180, "seconds": 1.444}
{"cohort": "calibration", "source": "stress", "mass": 178, "start": 70, "cached": false, "rows": 180, "seconds": 1.431}
{"cohort": "calibration", "source": "stress", "mass": 178, "start": 80, "cached": false, "rows": 180, "seconds": 1.413}
{"cohort": "calibration", "source": "stress", "mass": 178, "start": 90, "cached": false, "rows": 180, "seconds": 1.425}
{"stage": "calibration_frozen", "sha256": "231d853a1826132e805e92813c7d7b0e2e9b79d856f34a2f1741284796c071f8"}
{"cohort": "evaluation", "source": "nominal", "mass": 42, "start": 0, "cached": false, "rows": 80, "seconds": 0.711}
{"cohort": "evaluation", "source": "nominal", "mass": 42, "start": 20, "cached": false, "rows": 80, "seconds": 0.771}
{"cohort": "evaluation", "source": "nominal", "mass": 42, "start": 30, "cached": false, "rows": 80, "seconds": 0.771}
{"cohort": "evaluation", "source": "nominal", "mass": 42, "start": 10, "cached": false, "rows": 80, "seconds": 0.773}
{"cohort": "evaluation", "source": "nominal", "mass": 42, "start": 40, "cached": false, "rows": 80, "seconds": 0.741}
{"cohort": "evaluation", "source": "nominal", "mass": 42, "start": 70, "cached": false, "rows": 80, "seconds": 0.796}
{"cohort": "evaluation", "source": "nominal", "mass": 42, "start": 50, "cached": false, "rows": 80, "seconds": 0.805}
{"cohort": "evaluation", "source": "nominal", "mass": 42, "start": 60, "cached": false, "rows": 80, "seconds": 0.815}
{"cohort": "evaluation", "source": "nominal", "mass": 42, "start": 80, "cached": false, "rows": 80, "seconds": 0.79}
{"cohort": "evaluation", "source": "nominal", "mass": 42, "start": 90, "cached": false, "rows": 80, "seconds": 0.749}
{"cohort": "evaluation", "source": "nominal", "mass": 44, "start": 0, "cached": false, "rows": 80, "seconds": 0.797}
{"cohort": "evaluation", "source": "nominal", "mass": 44, "start": 10, "cached": false, "rows": 80, "seconds": 0.796}
{"cohort": "evaluation", "source": "nominal", "mass": 44, "start": 30, "cached": false, "rows": 80, "seconds": 0.706}
{"cohort": "evaluation", "source": "nominal", "mass": 44, "start": 20, "cached": false, "rows": 80, "seconds": 0.784}
{"cohort": "evaluation", "source": "nominal", "mass": 44, "start": 40, "cached": false, "rows": 80, "seconds": 0.78}
{"cohort": "evaluation", "source": "nominal", "mass": 44, "start": 50, "cached": false, "rows": 80, "seconds": 0.772}
{"cohort": "evaluation", "source": "nominal", "mass": 44, "start": 60, "cached": false, "rows": 80, "seconds": 0.723}
{"cohort": "evaluation", "source": "nominal", "mass": 44, "start": 70, "cached": false, "rows": 80, "seconds": 0.78}
{"cohort": "evaluation", "source": "nominal", "mass": 44, "start": 80, "cached": false, "rows": 80, "seconds": 0.775}
{"cohort": "evaluation", "source": "nominal", "mass": 44, "start": 90, "cached": false, "rows": 80, "seconds": 0.776}
{"cohort": "evaluation", "source": "nominal", "mass": 60, "start": 0, "cached": false, "rows": 80, "seconds": 0.7}
{"cohort": "evaluation", "source": "nominal", "mass": 60, "start": 10, "cached": false, "rows": 80, "seconds": 0.773}
{"cohort": "evaluation", "source": "nominal", "mass": 60, "start": 30, "cached": false, "rows": 80, "seconds": 0.767}
{"cohort": "evaluation", "source": "nominal", "mass": 60, "start": 20, "cached": false, "rows": 80, "seconds": 0.771}
{"cohort": "evaluation", "source": "nominal", "mass": 60, "start": 40, "cached": false, "rows": 80, "seconds": 0.7}
{"cohort": "evaluation", "source": "nominal", "mass": 60, "start": 50, "cached": false, "rows": 80, "seconds": 0.774}
{"cohort": "evaluation", "source": "nominal", "mass": 60, "start": 60, "cached": false, "rows": 80, "seconds": 0.763}
{"cohort": "evaluation", "source": "nominal", "mass": 60, "start": 70, "cached": false, "rows": 80, "seconds": 0.764}
{"cohort": "evaluation", "source": "nominal", "mass": 60, "start": 80, "cached": false, "rows": 80, "seconds": 0.699}
{"cohort": "evaluation", "source": "nominal", "mass": 60, "start": 90, "cached": false, "rows": 80, "seconds": 0.765}
{"cohort": "evaluation", "source": "nominal", "mass": 66, "start": 10, "cached": false, "rows": 80, "seconds": 0.768}
{"cohort": "evaluation", "source": "nominal", "mass": 66, "start": 0, "cached": false, "rows": 80, "seconds": 0.771}
{"cohort": "evaluation", "source": "nominal", "mass": 66, "start": 20, "cached": false, "rows": 80, "seconds": 0.703}
{"cohort": "evaluation", "source": "nominal", "mass": 66, "start": 30, "cached": false, "rows": 80, "seconds": 0.779}
{"cohort": "evaluation", "source": "nominal", "mass": 66, "start": 40, "cached": false, "rows": 80, "seconds": 0.773}
{"cohort": "evaluation", "source": "nominal", "mass": 66, "start": 50, "cached": false, "rows": 80, "seconds": 0.774}
{"cohort": "evaluation", "source": "nominal", "mass": 66, "start": 60, "cached": false, "rows": 80, "seconds": 0.707}
{"cohort": "evaluation", "source": "nominal", "mass": 66, "start": 70, "cached": false, "rows": 80, "seconds": 0.786}
{"cohort": "evaluation", "source": "nominal", "mass": 66, "start": 80, "cached": false, "rows": 80, "seconds": 0.776}
{"cohort": "evaluation", "source": "nominal", "mass": 66, "start": 90, "cached": false, "rows": 80, "seconds": 0.777}
{"cohort": "evaluation", "source": "nominal", "mass": 76, "start": 0, "cached": false, "rows": 80, "seconds": 0.727}
{"cohort": "evaluation", "source": "nominal", "mass": 76, "start": 10, "cached": false, "rows": 80, "seconds": 0.79}
{"cohort": "evaluation", "source": "nominal", "mass": 76, "start": 20, "cached": false, "rows": 80, "seconds": 0.788}
{"cohort": "evaluation", "source": "nominal", "mass": 76, "start": 30, "cached": false, "rows": 80, "seconds": 0.788}
{"cohort": "evaluation", "source": "nominal", "mass": 76, "start": 40, "cached": false, "rows": 80, "seconds": 0.729}
{"cohort": "evaluation", "source": "nominal", "mass": 76, "start": 50, "cached": false, "rows": 80, "seconds": 0.799}
{"cohort": "evaluation", "source": "nominal", "mass": 76, "start": 60, "cached": false, "rows": 80, "seconds": 0.793}
{"cohort": "evaluation", "source": "nominal", "mass": 76, "start": 70, "cached": false, "rows": 80, "seconds": 0.797}
{"cohort": "evaluation", "source": "nominal", "mass": 76, "start": 80, "cached": false, "rows": 80, "seconds": 0.736}
{"cohort": "evaluation", "source": "nominal", "mass": 76, "start": 90, "cached": false, "rows": 80, "seconds": 0.853}
{"cohort": "evaluation", "source": "nominal", "mass": 90, "start": 0, "cached": false, "rows": 80, "seconds": 0.934}
{"cohort": "evaluation", "source": "nominal", "mass": 90, "start": 20, "cached": false, "rows": 80, "seconds": 0.853}
{"cohort": "evaluation", "source": "nominal", "mass": 90, "start": 10, "cached": false, "rows": 80, "seconds": 0.978}
{"cohort": "evaluation", "source": "nominal", "mass": 90, "start": 30, "cached": false, "rows": 80, "seconds": 0.898}
{"cohort": "evaluation", "source": "nominal", "mass": 90, "start": 50, "cached": false, "rows": 80, "seconds": 0.807}
{"cohort": "evaluation", "source": "nominal", "mass": 90, "start": 40, "cached": false, "rows": 80, "seconds": 0.86}
{"cohort": "evaluation", "source": "nominal", "mass": 90, "start": 60, "cached": false, "rows": 80, "seconds": 0.892}
{"cohort": "evaluation", "source": "nominal", "mass": 90, "start": 80, "cached": false, "rows": 80, "seconds": 0.778}
{"cohort": "evaluation", "source": "nominal", "mass": 90, "start": 70, "cached": false, "rows": 80, "seconds": 0.878}
{"cohort": "evaluation", "source": "nominal", "mass": 90, "start": 90, "cached": false, "rows": 80, "seconds": 0.87}
{"cohort": "evaluation", "source": "nominal", "mass": 92, "start": 0, "cached": false, "rows": 80, "seconds": 0.878}
{"cohort": "evaluation", "source": "nominal", "mass": 92, "start": 10, "cached": false, "rows": 80, "seconds": 0.791}
{"cohort": "evaluation", "source": "nominal", "mass": 92, "start": 20, "cached": false, "rows": 80, "seconds": 0.91}
{"cohort": "evaluation", "source": "nominal", "mass": 92, "start": 30, "cached": false, "rows": 80, "seconds": 0.883}
{"cohort": "evaluation", "source": "nominal", "mass": 92, "start": 40, "cached": false, "rows": 80, "seconds": 0.872}
{"cohort": "evaluation", "source": "nominal", "mass": 92, "start": 50, "cached": false, "rows": 80, "seconds": 0.774}
{"cohort": "evaluation", "source": "nominal", "mass": 92, "start": 60, "cached": false, "rows": 80, "seconds": 0.868}
{"cohort": "evaluation", "source": "nominal", "mass": 92, "start": 70, "cached": false, "rows": 80, "seconds": 0.882}
{"cohort": "evaluation", "source": "nominal", "mass": 92, "start": 80, "cached": false, "rows": 80, "seconds": 0.844}
{"cohort": "evaluation", "source": "nominal", "mass": 92, "start": 90, "cached": false, "rows": 80, "seconds": 0.766}
{"cohort": "evaluation", "source": "nominal", "mass": 117, "start": 0, "cached": false, "rows": 80, "seconds": 1.008}
{"cohort": "evaluation", "source": "nominal", "mass": 117, "start": 10, "cached": false, "rows": 80, "seconds": 1.018}
{"cohort": "evaluation", "source": "nominal", "mass": 117, "start": 20, "cached": false, "rows": 80, "seconds": 1.007}
{"cohort": "evaluation", "source": "nominal", "mass": 117, "start": 30, "cached": false, "rows": 80, "seconds": 0.926}
{"cohort": "evaluation", "source": "nominal", "mass": 117, "start": 40, "cached": false, "rows": 80, "seconds": 0.828}
{"cohort": "evaluation", "source": "nominal", "mass": 117, "start": 50, "cached": false, "rows": 80, "seconds": 0.959}
{"cohort": "evaluation", "source": "nominal", "mass": 117, "start": 60, "cached": false, "rows": 80, "seconds": 0.94}
{"cohort": "evaluation", "source": "nominal", "mass": 117, "start": 70, "cached": false, "rows": 80, "seconds": 0.921}
{"cohort": "evaluation", "source": "nominal", "mass": 117, "start": 80, "cached": false, "rows": 80, "seconds": 0.854}
{"cohort": "evaluation", "source": "nominal", "mass": 117, "start": 90, "cached": false, "rows": 80, "seconds": 0.953}
{"cohort": "evaluation", "source": "nominal", "mass": 160, "start": 0, "cached": false, "rows": 80, "seconds": 1.089}
{"cohort": "evaluation", "source": "nominal", "mass": 160, "start": 10, "cached": false, "rows": 80, "seconds": 1.091}
{"cohort": "evaluation", "source": "nominal", "mass": 160, "start": 20, "cached": false, "rows": 80, "seconds": 1.022}
{"cohort": "evaluation", "source": "nominal", "mass": 160, "start": 30, "cached": false, "rows": 80, "seconds": 1.139}
{"cohort": "evaluation", "source": "nominal", "mass": 160, "start": 40, "cached": false, "rows": 80, "seconds": 1.111}
{"cohort": "evaluation", "source": "nominal", "mass": 160, "start": 50, "cached": false, "rows": 80, "seconds": 0.99}
{"cohort": "evaluation", "source": "nominal", "mass": 160, "start": 60, "cached": false, "rows": 80, "seconds": 1.104}
{"cohort": "evaluation", "source": "nominal", "mass": 160, "start": 70, "cached": false, "rows": 80, "seconds": 1.099}
{"cohort": "evaluation", "source": "nominal", "mass": 160, "start": 80, "cached": false, "rows": 80, "seconds": 1.095}
{"cohort": "evaluation", "source": "nominal", "mass": 160, "start": 90, "cached": false, "rows": 80, "seconds": 0.975}
{"cohort": "evaluation", "source": "nominal", "mass": 178, "start": 0, "cached": false, "rows": 80, "seconds": 1.052}
{"cohort": "evaluation", "source": "nominal", "mass": 178, "start": 10, "cached": false, "rows": 80, "seconds": 1.049}
{"cohort": "evaluation", "source": "nominal", "mass": 178, "start": 30, "cached": false, "rows": 80, "seconds": 0.929}
{"cohort": "evaluation", "source": "nominal", "mass": 178, "start": 20, "cached": false, "rows": 80, "seconds": 1.021}
{"cohort": "evaluation", "source": "nominal", "mass": 178, "start": 40, "cached": false, "rows": 80, "seconds": 1.048}
{"cohort": "evaluation", "source": "nominal", "mass": 178, "start": 60, "cached": false, "rows": 80, "seconds": 0.951}
{"cohort": "evaluation", "source": "nominal", "mass": 178, "start": 50, "cached": false, "rows": 80, "seconds": 1.047}
{"cohort": "evaluation", "source": "nominal", "mass": 178, "start": 70, "cached": false, "rows": 80, "seconds": 1.037}
{"cohort": "evaluation", "source": "nominal", "mass": 178, "start": 80, "cached": false, "rows": 80, "seconds": 0.959}
{"cohort": "evaluation", "source": "stress", "mass": 42, "start": 0, "cached": false, "rows": 80, "seconds": 0.853}
{"cohort": "evaluation", "source": "stress", "mass": 42, "start": 10, "cached": false, "rows": 80, "seconds": 0.846}
{"cohort": "evaluation", "source": "nominal", "mass": 178, "start": 90, "cached": false, "rows": 80, "seconds": 1.018}
{"cohort": "evaluation", "source": "stress", "mass": 42, "start": 20, "cached": false, "rows": 80, "seconds": 0.781}
{"cohort": "evaluation", "source": "stress", "mass": 42, "start": 30, "cached": false, "rows": 80, "seconds": 0.844}
{"cohort": "evaluation", "source": "stress", "mass": 42, "start": 40, "cached": false, "rows": 80, "seconds": 0.841}
{"cohort": "evaluation", "source": "stress", "mass": 42, "start": 50, "cached": false, "rows": 80, "seconds": 0.845}
{"cohort": "evaluation", "source": "stress", "mass": 42, "start": 60, "cached": false, "rows": 80, "seconds": 0.807}
{"cohort": "evaluation", "source": "stress", "mass": 42, "start": 70, "cached": false, "rows": 80, "seconds": 0.896}
{"cohort": "evaluation", "source": "stress", "mass": 42, "start": 90, "cached": false, "rows": 80, "seconds": 0.843}
{"cohort": "evaluation", "source": "stress", "mass": 42, "start": 80, "cached": false, "rows": 80, "seconds": 0.897}
{"cohort": "evaluation", "source": "stress", "mass": 44, "start": 0, "cached": false, "rows": 80, "seconds": 0.84}
{"cohort": "evaluation", "source": "stress", "mass": 44, "start": 10, "cached": false, "rows": 80, "seconds": 0.821}
{"cohort": "evaluation", "source": "stress", "mass": 44, "start": 20, "cached": false, "rows": 80, "seconds": 0.77}
{"cohort": "evaluation", "source": "stress", "mass": 44, "start": 30, "cached": false, "rows": 80, "seconds": 0.83}
{"cohort": "evaluation", "source": "stress", "mass": 44, "start": 40, "cached": false, "rows": 80, "seconds": 0.831}
{"cohort": "evaluation", "source": "stress", "mass": 44, "start": 60, "cached": false, "rows": 80, "seconds": 0.771}
{"cohort": "evaluation", "source": "stress", "mass": 44, "start": 50, "cached": false, "rows": 80, "seconds": 0.821}
{"cohort": "evaluation", "source": "stress", "mass": 44, "start": 70, "cached": false, "rows": 80, "seconds": 0.823}
{"cohort": "evaluation", "source": "stress", "mass": 44, "start": 80, "cached": false, "rows": 80, "seconds": 0.825}
{"cohort": "evaluation", "source": "stress", "mass": 44, "start": 90, "cached": false, "rows": 80, "seconds": 0.772}
{"cohort": "evaluation", "source": "stress", "mass": 60, "start": 0, "cached": false, "rows": 80, "seconds": 0.799}
{"cohort": "evaluation", "source": "stress", "mass": 60, "start": 10, "cached": false, "rows": 80, "seconds": 0.799}
{"cohort": "evaluation", "source": "stress", "mass": 60, "start": 20, "cached": false, "rows": 80, "seconds": 0.805}
{"cohort": "evaluation", "source": "stress", "mass": 60, "start": 30, "cached": false, "rows": 80, "seconds": 0.753}
{"cohort": "evaluation", "source": "stress", "mass": 60, "start": 40, "cached": false, "rows": 80, "seconds": 0.814}
{"cohort": "evaluation", "source": "stress", "mass": 60, "start": 50, "cached": false, "rows": 80, "seconds": 0.817}
{"cohort": "evaluation", "source": "stress", "mass": 60, "start": 60, "cached": false, "rows": 80, "seconds": 0.814}
{"cohort": "evaluation", "source": "stress", "mass": 60, "start": 70, "cached": false, "rows": 80, "seconds": 0.785}
{"cohort": "evaluation", "source": "stress", "mass": 60, "start": 80, "cached": false, "rows": 80, "seconds": 0.864}
{"cohort": "evaluation", "source": "stress", "mass": 60, "start": 90, "cached": false, "rows": 80, "seconds": 0.865}
{"cohort": "evaluation", "source": "stress", "mass": 66, "start": 0, "cached": false, "rows": 80, "seconds": 0.838}
{"cohort": "evaluation", "source": "stress", "mass": 66, "start": 10, "cached": false, "rows": 80, "seconds": 0.754}
{"cohort": "evaluation", "source": "stress", "mass": 66, "start": 20, "cached": false, "rows": 80, "seconds": 0.811}
{"cohort": "evaluation", "source": "stress", "mass": 66, "start": 30, "cached": false, "rows": 80, "seconds": 0.808}
{"cohort": "evaluation", "source": "stress", "mass": 66, "start": 40, "cached": false, "rows": 80, "seconds": 0.819}
{"cohort": "evaluation", "source": "stress", "mass": 66, "start": 50, "cached": false, "rows": 80, "seconds": 0.76}
{"cohort": "evaluation", "source": "stress", "mass": 66, "start": 60, "cached": false, "rows": 80, "seconds": 0.808}
{"cohort": "evaluation", "source": "stress", "mass": 66, "start": 70, "cached": false, "rows": 80, "seconds": 0.809}
{"cohort": "evaluation", "source": "stress", "mass": 66, "start": 80, "cached": false, "rows": 80, "seconds": 0.771}
{"cohort": "evaluation", "source": "stress", "mass": 66, "start": 90, "cached": false, "rows": 80, "seconds": 0.792}
{"cohort": "evaluation", "source": "stress", "mass": 76, "start": 0, "cached": false, "rows": 80, "seconds": 0.899}
{"cohort": "evaluation", "source": "stress", "mass": 76, "start": 10, "cached": false, "rows": 80, "seconds": 0.896}
{"cohort": "evaluation", "source": "stress", "mass": 76, "start": 20, "cached": false, "rows": 80, "seconds": 0.835}
{"cohort": "evaluation", "source": "stress", "mass": 76, "start": 30, "cached": false, "rows": 80, "seconds": 0.898}
{"cohort": "evaluation", "source": "stress", "mass": 76, "start": 40, "cached": false, "rows": 80, "seconds": 0.911}
{"cohort": "evaluation", "source": "stress", "mass": 76, "start": 50, "cached": false, "rows": 80, "seconds": 0.915}
{"cohort": "evaluation", "source": "stress", "mass": 76, "start": 60, "cached": false, "rows": 80, "seconds": 0.832}
{"cohort": "evaluation", "source": "stress", "mass": 76, "start": 70, "cached": false, "rows": 80, "seconds": 0.906}
{"cohort": "evaluation", "source": "stress", "mass": 76, "start": 80, "cached": false, "rows": 80, "seconds": 0.882}
{"cohort": "evaluation", "source": "stress", "mass": 90, "start": 0, "cached": false, "rows": 80, "seconds": 0.776}
{"cohort": "evaluation", "source": "stress", "mass": 76, "start": 90, "cached": false, "rows": 80, "seconds": 0.879}
{"cohort": "evaluation", "source": "stress", "mass": 90, "start": 10, "cached": false, "rows": 80, "seconds": 0.86}
{"cohort": "evaluation", "source": "stress", "mass": 90, "start": 20, "cached": false, "rows": 80, "seconds": 0.903}
{"cohort": "evaluation", "source": "stress", "mass": 90, "start": 40, "cached": false, "rows": 80, "seconds": 0.874}
{"cohort": "evaluation", "source": "stress", "mass": 90, "start": 30, "cached": false, "rows": 80, "seconds": 0.906}
{"cohort": "evaluation", "source": "stress", "mass": 90, "start": 50, "cached": false, "rows": 80, "seconds": 0.767}
{"cohort": "evaluation", "source": "stress", "mass": 90, "start": 60, "cached": false, "rows": 80, "seconds": 0.92}
{"cohort": "evaluation", "source": "stress", "mass": 90, "start": 70, "cached": false, "rows": 80, "seconds": 0.928}
{"cohort": "evaluation", "source": "stress", "mass": 90, "start": 80, "cached": false, "rows": 80, "seconds": 0.953}
{"cohort": "evaluation", "source": "stress", "mass": 90, "start": 90, "cached": false, "rows": 80, "seconds": 0.823}
{"cohort": "evaluation", "source": "stress", "mass": 92, "start": 0, "cached": false, "rows": 80, "seconds": 0.916}
{"cohort": "evaluation", "source": "stress", "mass": 92, "start": 10, "cached": false, "rows": 80, "seconds": 0.887}
{"cohort": "evaluation", "source": "stress", "mass": 92, "start": 30, "cached": false, "rows": 80, "seconds": 0.788}
{"cohort": "evaluation", "source": "stress", "mass": 92, "start": 20, "cached": false, "rows": 80, "seconds": 0.935}
{"cohort": "evaluation", "source": "stress", "mass": 92, "start": 60, "cached": false, "rows": 80, "seconds": 0.762}
{"cohort": "evaluation", "source": "stress", "mass": 92, "start": 40, "cached": false, "rows": 80, "seconds": 0.878}
{"cohort": "evaluation", "source": "stress", "mass": 92, "start": 50, "cached": false, "rows": 80, "seconds": 0.856}
{"cohort": "evaluation", "source": "stress", "mass": 92, "start": 70, "cached": false, "rows": 80, "seconds": 0.891}
{"cohort": "evaluation", "source": "stress", "mass": 92, "start": 80, "cached": false, "rows": 80, "seconds": 0.808}
{"cohort": "evaluation", "source": "stress", "mass": 92, "start": 90, "cached": false, "rows": 80, "seconds": 0.9}
{"cohort": "evaluation", "source": "stress", "mass": 117, "start": 0, "cached": false, "rows": 80, "seconds": 0.943}
{"cohort": "evaluation", "source": "stress", "mass": 117, "start": 10, "cached": false, "rows": 80, "seconds": 0.985}
{"cohort": "evaluation", "source": "stress", "mass": 117, "start": 20, "cached": false, "rows": 80, "seconds": 0.846}
{"cohort": "evaluation", "source": "stress", "mass": 117, "start": 30, "cached": false, "rows": 80, "seconds": 0.986}
{"cohort": "evaluation", "source": "stress", "mass": 117, "start": 40, "cached": false, "rows": 80, "seconds": 0.966}
{"cohort": "evaluation", "source": "stress", "mass": 117, "start": 50, "cached": false, "rows": 80, "seconds": 0.972}
{"cohort": "evaluation", "source": "stress", "mass": 117, "start": 60, "cached": false, "rows": 80, "seconds": 0.883}
{"cohort": "evaluation", "source": "stress", "mass": 117, "start": 80, "cached": false, "rows": 80, "seconds": 0.938}
{"cohort": "evaluation", "source": "stress", "mass": 117, "start": 70, "cached": false, "rows": 80, "seconds": 1.013}
{"cohort": "evaluation", "source": "stress", "mass": 117, "start": 90, "cached": false, "rows": 80, "seconds": 0.948}
{"cohort": "evaluation", "source": "stress", "mass": 160, "start": 0, "cached": false, "rows": 80, "seconds": 1.068}
{"cohort": "evaluation", "source": "stress", "mass": 160, "start": 10, "cached": false, "rows": 80, "seconds": 1.167}
{"cohort": "evaluation", "source": "stress", "mass": 160, "start": 20, "cached": false, "rows": 80, "seconds": 1.207}
{"cohort": "evaluation", "source": "stress", "mass": 160, "start": 30, "cached": false, "rows": 80, "seconds": 1.142}
{"cohort": "evaluation", "source": "stress", "mass": 160, "start": 40, "cached": false, "rows": 80, "seconds": 1.11}
{"cohort": "evaluation", "source": "stress", "mass": 160, "start": 50, "cached": false, "rows": 80, "seconds": 1.183}
{"cohort": "evaluation", "source": "stress", "mass": 160, "start": 60, "cached": false, "rows": 80, "seconds": 1.216}
{"cohort": "evaluation", "source": "stress", "mass": 160, "start": 70, "cached": false, "rows": 80, "seconds": 1.18}
{"cohort": "evaluation", "source": "stress", "mass": 160, "start": 80, "cached": false, "rows": 80, "seconds": 1.21}
{"cohort": "evaluation", "source": "stress", "mass": 178, "start": 10, "cached": false, "rows": 80, "seconds": 0.979}
{"cohort": "evaluation", "source": "stress", "mass": 160, "start": 90, "cached": false, "rows": 80, "seconds": 1.16}
{"cohort": "evaluation", "source": "stress", "mass": 178, "start": 0, "cached": false, "rows": 80, "seconds": 1.065}
{"cohort": "evaluation", "source": "stress", "mass": 178, "start": 20, "cached": false, "rows": 80, "seconds": 1.038}
{"cohort": "evaluation", "source": "stress", "mass": 178, "start": 30, "cached": false, "rows": 80, "seconds": 0.983}
{"cohort": "evaluation", "source": "stress", "mass": 178, "start": 40, "cached": false, "rows": 80, "seconds": 1.034}
{"cohort": "evaluation", "source": "stress", "mass": 178, "start": 50, "cached": false, "rows": 80, "seconds": 1.082}
{"cohort": "evaluation", "source": "stress", "mass": 178, "start": 60, "cached": false, "rows": 80, "seconds": 1.037}
{"cohort": "evaluation", "source": "stress", "mass": 178, "start": 70, "cached": false, "rows": 80, "seconds": 1.083}
{"cohort": "evaluation", "source": "stress", "mass": 178, "start": 80, "cached": false, "rows": 80, "seconds": 1.031}
{"cohort": "evaluation", "source": "stress", "mass": 178, "start": 90, "cached": false, "rows": 80, "seconds": 1.053}
{"stage": "numerical_complete", "rows": 16000}
