Analytic scan complete {"min_expectation": 0.9975658584464854, "max_expectation": 1.1847891186544006, "max_bias_term": 0.19568566612556848, "elapsed_s": 0.779320958}
Anchor 50: Elinear=1.1848, exact=1.1791, bias=0.1957, noise=0.9891, elapsed=1.1s
Anchor 55: Elinear=1.0468, exact=1.0497, bias=0.05888, noise=0.9879, elapsed=2.7s
Anchor 56: Elinear=1.0211, exact=1.0158, bias=0.03082, noise=0.9902, elapsed=3.0s
Anchor 60: Elinear=1.0063, exact=1.0292, bias=0.01467, noise=0.9916, elapsed=4.3s
Anchor 65: Elinear=1.0052, exact=1.0122, bias=0.01118, noise=0.9941, elapsed=5.8s
Anchor 71: Elinear=1.1057, exact=1.0951, bias=0.1119, noise=0.9938, elapsed=7.8s
Anchor 75: Elinear=1.0033, exact=0.9845, bias=0.0081, noise=0.9952, elapsed=9.1s
Anchor 78: Elinear=1.0262, exact=1.0217, bias=0.03045, noise=0.9958, elapsed=10.0s
Anchor 82: Elinear=1.0052, exact=0.9922, bias=0.009104, noise=0.9961, elapsed=11.3s
Anchor 90: Elinear=1.0036, exact=1.0169, bias=0.007339, noise=0.9963, elapsed=13.6s
Anchor 97: Elinear=0.9996, exact=1.0075, bias=0.002894, noise=0.9967, elapsed=15.7s
Anchor 100: Elinear=1.0040, exact=1.0236, bias=0.007082, noise=0.9969, elapsed=16.6s
Anchor 110: Elinear=0.9994, exact=0.9785, bias=0.002244, noise=0.9971, elapsed=19.8s
Anchor 120: Elinear=0.9984, exact=1.0075, bias=0.0008111, noise=0.9975, elapsed=23.1s
Anchor 130: Elinear=1.0003, exact=1.0102, bias=0.002496, noise=0.9978, elapsed=26.2s
Anchor 160: Elinear=0.9986, exact=0.9956, bias=0.0006125, noise=0.9980, elapsed=36.0s
Anchor 180: Elinear=0.9982, exact=0.9850, bias=0.0002812, noise=0.9980, elapsed=42.4s
Anchor 200: Elinear=0.9984, exact=1.0034, bias=0.0001698, noise=0.9982, elapsed=48.7s
Anchor 218: Elinear=0.9989, exact=0.9706, bias=0.0002969, noise=0.9986, elapsed=54.5s
Anchor 220: Elinear=0.9987, exact=0.9777, bias=0.0002068, noise=0.9985, elapsed=55.1s
Anchor 232: Elinear=0.9976, exact=0.9959, bias=0.0002626, noise=0.9973, elapsed=58.8s
Anchor 250: Elinear=0.9980, exact=0.9923, bias=0.0001051, noise=0.9979, elapsed=64.2s
{
  "version": "5.9.5",
  "complete": true,
  "analytic_masses": 201,
  "exact_control_masses": [
    50,
    51,
    52,
    53,
    54,
    55,
    56,
    57,
    58,
    59,
    60,
    61,
    62,
    63,
    64,
    65,
    66,
    67,
    68,
    69,
    70,
    71,
    72,
    73,
    74,
    75,
    76,
    77,
    78,
    79,
    80,
    81,
    82,
    83,
    84,
    85,
    86,
    87,
    88,
    89,
    90,
    91,
    92,
    93,
    94,
    95,
    96,
    97,
    98,
    99,
    100,
    101,
    102,
    103,
    104,
    105,
    106,
    107,
    108,
    109,
    110,
    111,
    112,
    113,
    114,
    115,
    116,
    117,
    118,
    119,
    120,
    121,
    122,
    123,
    124,
    125,
    126,
    127,
    128,
    129,
    130,
    131,
    132,
    133,
    134,
    135,
    136,
    137,
    138,
    139,
    140,
    141,
    142,
    143,
    144,
    145,
    146,
    147,
    148,
    149,
    150,
    151,
    152,
    153,
    154,
    155,
    156,
    157,
    158,
    159,
    160,
    161,
    162,
    163,
    164,
    165,
    166,
    167,
    168,
    169,
    170,
    171,
    172,
    173,
    174,
    175,
    176,
    177,
    178,
    179,
    180,
    181,
    182,
    183,
    184,
    185,
    186,
    187,
    188,
    189,
    190,
    191,
    192,
    193,
    194,
    195,
    196,
    197,
    198,
    199,
    200,
    201,
    202,
    203,
    204,
    205,
    206,
    207,
    208,
    209,
    210,
    211,
    212,
    213,
    214,
    215,
    216,
    217,
    218,
    219,
    220,
    221,
    222,
    223,
    224,
    225,
    226,
    227,
    228,
    229,
    230,
    231,
    232,
    233,
    234,
    235,
    236,
    237,
    238,
    239,
    240,
    241,
    242,
    243,
    244,
    245,
    246,
    247,
    248,
    249,
    250
  ],
  "paired_spectra": 256,
  "new_toys": 0,
  "new_optimization": 0,
  "new_signal_fits": 0,
  "GP_replays_exact_control": 51456,
  "source_equals_slide50_nominal_GP": true,
  "source_spectrum_equals_v505_all_arrays": true,
  "nominal_support_MeV": [
    36,
    300
  ],
  "actual_whole_bin_edges_MeV": [
    36.0,
    299.75
  ],
  "mass_grid_MeV": [
    50,
    250,
    1
  ],
  "exclusion_half_width_sigma": 2.25,
  "Nbin_is_effective_dof": false,
  "J_includes_alpha_and_lognormal_variance_correction": true,
  "max_jacobian_relative_error": 9.506895892180773e-07,
  "analytic_approximation": "First order sideband-estimator response; V frozen at source prediction. Toy adaptive-V replay is separately measured.",
  "counterfactual": "Subtract delta=B_window-b(B_training) from each paired residual; keep physical data/source unchanged. Diagnostic only.",
  "conditional_only": true,
  "source_estimation_uncertainty_propagated": false,
  "rare_tail_or_global_calibration": false,
  "elapsed_seconds": 64.935719792,
  "BLAS_threads": 1,
  "processes": 1
}
