{
  "calibration_spectra": 74496,
  "counts": {
    "gp": {
      "ntoys_per_proposal": 256,
      "proposal_count": 33
    },
    "stress": {
      "ntoys_per_proposal": 512,
      "proposal_count": 129
    }
  },
  "estimate_seconds": 454.185016320378,
  "event": "planned_before_draws",
  "mass_MeV": 56,
  "max_memory_gib": 6.0,
  "memory_estimates": {
    "eigenfeature_rtol_1e-15": {
      "chunk_size": 128,
      "chunk_workspace_bytes": 31102976,
      "conservative_rank": 36,
      "estimated_peak_bytes": 4382546400,
      "estimated_peak_gib": 4.081564396619797,
      "full_bins": 1626,
      "generation_workspace_bytes": 6660096,
      "interpretation": "Both banks, bounded q caches, chunk fit/density copies, retained validation models and 512 MiB runtime reserve; source-derived, not measured RSS",
      "per_truth": {
        "gp": {
          "chunk_workspace_bytes": 30709760,
          "persistent_bytes": 425508864,
          "qcache_bound_bytes": 8650752,
          "qcache_limit": 128,
          "spectra": 8448
        },
        "stress": {
          "chunk_workspace_bytes": 31102976,
          "persistent_bytes": 3326705664,
          "qcache_bound_bytes": 67633152,
          "qcache_limit": 128,
          "spectra": 66048
        }
      },
      "persistent_bytes": 3752214528,
      "proposal_bytes": 6321888,
      "runtime_reserve_bytes": 536870912,
      "validation_retained_bytes": 49376000,
      "window_bins": 108
    },
    "exact_cached_cholesky": {
      "chunk_size": 128,
      "chunk_workspace_bytes": 149067776,
      "conservative_rank": 108,
      "estimated_peak_bytes": 9457880544,
      "estimated_peak_gib": 8.808337658643723,
      "full_bins": 1626,
      "generation_workspace_bytes": 6660096,
      "interpretation": "Both banks, bounded q caches, chunk fit/density copies, retained validation models and 512 MiB runtime reserve; source-derived, not measured RSS",
      "per_truth": {
        "gp": {
          "chunk_workspace_bytes": 148674560,
          "persistent_bytes": 980238336,
          "qcache_bound_bytes": 8650752,
          "qcache_limit": 128,
          "spectra": 8448
        },
        "stress": {
          "chunk_workspace_bytes": 149067776,
          "persistent_bytes": 7663681536,
          "qcache_bound_bytes": 67633152,
          "qcache_limit": 128,
          "spectra": 66048
        }
      },
      "persistent_bytes": 8643919872,
      "proposal_bytes": 6321888,
      "runtime_reserve_bytes": 536870912,
      "validation_retained_bytes": 115040000,
      "window_bins": 108
    }
  },
  "scope_key": "all_2015_2016_2021"
}

{
  "chunked_equivalence_passed": true,
  "elapsed_seconds": 230.73207499999998,
  "event": "point_completed",
  "mass_MeV": 56,
  "scope_key": "all_2015_2016_2021"
}

{
  "calibration_spectra": 81408,
  "counts": {
    "gp": {
      "ntoys_per_proposal": 512,
      "proposal_count": 81
    },
    "stress": {
      "ntoys_per_proposal": 512,
      "proposal_count": 78
    }
  },
  "estimate_seconds": 521.3661836496788,
  "event": "planned_before_draws",
  "mass_MeV": 66,
  "max_memory_gib": 6.0,
  "memory_estimates": {
    "eigenfeature_rtol_1e-15": {
      "chunk_size": 128,
      "chunk_workspace_bytes": 33855488,
      "conservative_rank": 36,
      "estimated_peak_bytes": 5207995536,
      "estimated_peak_gib": 4.850323811173439,
      "full_bins": 1626,
      "generation_workspace_bytes": 6660096,
      "interpretation": "Both banks, bounded q caches, chunk fit/density copies, retained validation models and 512 MiB runtime reserve; source-derived, not measured RSS",
      "per_truth": {
        "gp": {
          "chunk_workspace_bytes": 33855488,
          "persistent_bytes": 2327740416,
          "qcache_bound_bytes": 42467328,
          "qcache_limit": 128,
          "spectra": 41472
        },
        "stress": {
          "chunk_workspace_bytes": 33843200,
          "persistent_bytes": 2241527808,
          "qcache_bound_bytes": 40894464,
          "qcache_limit": 128,
          "spectra": 39936
        }
      },
      "persistent_bytes": 4569268224,
      "proposal_bytes": 6204816,
      "runtime_reserve_bytes": 536870912,
      "validation_retained_bytes": 55136000,
      "window_bins": 126
    },
    "exact_cached_cholesky": {
      "chunk_size": 128,
      "chunk_workspace_bytes": 201218048,
      "conservative_rank": 126,
      "estimated_peak_bytes": 13207414416,
      "estimated_peak_gib": 12.300363197922707,
      "full_bins": 1626,
      "generation_workspace_bytes": 6660096,
      "interpretation": "Both banks, bounded q caches, chunk fit/density copies, retained validation models and 512 MiB runtime reserve; source-derived, not measured RSS",
      "per_truth": {
        "gp": {
          "chunk_workspace_bytes": 201218048,
          "persistent_bytes": 6269239296,
          "qcache_bound_bytes": 42467328,
          "qcache_limit": 128,
          "spectra": 41472
        },
        "stress": {
          "chunk_workspace_bytes": 201205760,
          "persistent_bytes": 6037045248,
          "qcache_bound_bytes": 40894464,
          "qcache_limit": 128,
          "spectra": 39936
        }
      },
      "persistent_bytes": 12306284544,
      "proposal_bytes": 6204816,
      "runtime_reserve_bytes": 536870912,
      "validation_retained_bytes": 150176000,
      "window_bins": 126
    }
  },
  "scope_key": "all_2015_2016_2021"
}

{
  "chunked_equivalence_passed": true,
  "elapsed_seconds": 235.22326833300002,
  "event": "point_completed",
  "mass_MeV": 66,
  "scope_key": "all_2015_2016_2021"
}

