{
  "calibration_spectra": 54528,
  "counts": {
    "gp": {
      "ntoys_per_proposal": 256,
      "proposal_count": 33
    },
    "stress": {
      "ntoys_per_proposal": 512,
      "proposal_count": 90
    }
  },
  "estimate_seconds": 111.31978940391635,
  "event": "planned_before_draws",
  "mass_MeV": 87,
  "max_memory_gib": 4.0,
  "memory_estimates": {
    "eigenfeature_rtol_1e-15": {
      "chunk_size": 128,
      "chunk_workspace_bytes": 6684672,
      "conservative_rank": 12,
      "estimated_peak_bytes": 1413874944,
      "estimated_peak_gib": 1.3167736530303955,
      "full_bins": 720,
      "generation_workspace_bytes": 2949120,
      "interpretation": "Both banks, bounded q caches, chunk fit/density copies, retained validation models and 512 MiB runtime reserve; source-derived, not measured RSS",
      "per_truth": {
        "gp": {
          "chunk_workspace_bytes": 6451200,
          "persistent_bytes": 131788800,
          "qcache_bound_bytes": 8650752,
          "qcache_limit": 128,
          "spectra": 8448
        },
        "stress": {
          "chunk_workspace_bytes": 6684672,
          "persistent_bytes": 718848000,
          "qcache_bound_bytes": 47185920,
          "qcache_limit": 128,
          "spectra": 46080
        }
      },
      "persistent_bytes": 850636800,
      "proposal_bytes": 2125440,
      "runtime_reserve_bytes": 536870912,
      "validation_retained_bytes": 14608000,
      "window_bins": 64
    },
    "exact_cached_cholesky": {
      "chunk_size": 128,
      "chunk_workspace_bytes": 53542912,
      "conservative_rank": 64,
      "estimated_peak_bytes": 3077708544,
      "estimated_peak_gib": 2.8663394451141357,
      "full_bins": 720,
      "generation_workspace_bytes": 2949120,
      "interpretation": "Both banks, bounded q caches, chunk fit/density copies, retained validation models and 512 MiB runtime reserve; source-derived, not measured RSS",
      "per_truth": {
        "gp": {
          "chunk_workspace_bytes": 53309440,
          "persistent_bytes": 377794560,
          "qcache_bound_bytes": 8650752,
          "qcache_limit": 128,
          "spectra": 8448
        },
        "stress": {
          "chunk_workspace_bytes": 53542912,
          "persistent_bytes": 2060697600,
          "qcache_bound_bytes": 47185920,
          "qcache_limit": 128,
          "spectra": 46080
        }
      },
      "persistent_bytes": 2438492160,
      "proposal_bytes": 2125440,
      "runtime_reserve_bytes": 536870912,
      "validation_retained_bytes": 43728000,
      "window_bins": 64
    }
  },
  "scope_key": "individual_2016_full"
}

{
  "chunked_equivalence_passed": true,
  "elapsed_seconds": 78.00910316699999,
  "event": "point_completed",
  "mass_MeV": 87,
  "scope_key": "individual_2016_full"
}

{
  "calibration_spectra": 54528,
  "counts": {
    "gp": {
      "ntoys_per_proposal": 256,
      "proposal_count": 33
    },
    "stress": {
      "ntoys_per_proposal": 512,
      "proposal_count": 90
    }
  },
  "estimate_seconds": 97.18984576756164,
  "event": "planned_before_draws",
  "mass_MeV": 51,
  "max_memory_gib": 4.0,
  "memory_estimates": {
    "eigenfeature_rtol_1e-15": {
      "chunk_size": 128,
      "chunk_workspace_bytes": 4980736,
      "conservative_rank": 12,
      "estimated_peak_bytes": 1227373824,
      "estimated_peak_gib": 1.1430809497833252,
      "full_bins": 720,
      "generation_workspace_bytes": 2949120,
      "interpretation": "Both banks, bounded q caches, chunk fit/density copies, retained validation models and 512 MiB runtime reserve; source-derived, not measured RSS",
      "per_truth": {
        "gp": {
          "chunk_workspace_bytes": 4747264,
          "persistent_bytes": 103673856,
          "qcache_bound_bytes": 8650752,
          "qcache_limit": 128,
          "spectra": 8448
        },
        "stress": {
          "chunk_workspace_bytes": 4980736,
          "persistent_bytes": 565493760,
          "qcache_bound_bytes": 47185920,
          "qcache_limit": 128,
          "spectra": 46080
        }
      },
      "persistent_bytes": 669167616,
      "proposal_bytes": 2125440,
      "runtime_reserve_bytes": 536870912,
      "validation_retained_bytes": 11280000,
      "window_bins": 38
    },
    "exact_cached_cholesky": {
      "chunk_size": 128,
      "chunk_workspace_bytes": 20103168,
      "conservative_rank": 38,
      "estimated_peak_bytes": 1750688512,
      "estimated_peak_gib": 1.630455732345581,
      "full_bins": 720,
      "generation_workspace_bytes": 2949120,
      "interpretation": "Both banks, bounded q caches, chunk fit/density copies, retained validation models and 512 MiB runtime reserve; source-derived, not measured RSS",
      "per_truth": {
        "gp": {
          "chunk_workspace_bytes": 19869696,
          "persistent_bytes": 180989952,
          "qcache_bound_bytes": 8650752,
          "qcache_limit": 128,
          "spectra": 8448
        },
        "stress": {
          "chunk_workspace_bytes": 20103168,
          "persistent_bytes": 987217920,
          "qcache_bound_bytes": 47185920,
          "qcache_limit": 128,
          "spectra": 46080
        }
      },
      "persistent_bytes": 1168207872,
      "proposal_bytes": 2125440,
      "runtime_reserve_bytes": 536870912,
      "validation_retained_bytes": 20432000,
      "window_bins": 38
    }
  },
  "scope_key": "individual_2016_full"
}

{
  "chunked_equivalence_passed": true,
  "elapsed_seconds": 68.29684424999999,
  "event": "point_completed",
  "mass_MeV": 51,
  "scope_key": "individual_2016_full"
}

{
  "calibration_spectra": 45312,
  "counts": {
    "gp": {
      "ntoys_per_proposal": 512,
      "proposal_count": 72
    },
    "stress": {
      "ntoys_per_proposal": 256,
      "proposal_count": 33
    }
  },
  "estimate_seconds": 132.43658982723926,
  "event": "planned_before_draws",
  "mass_MeV": 98,
  "max_memory_gib": 4.0,
  "memory_estimates": {
    "eigenfeature_rtol_1e-15": {
      "chunk_size": 128,
      "chunk_workspace_bytes": 7266304,
      "conservative_rank": 12,
      "estimated_peak_bytes": 1329655296,
      "estimated_peak_gib": 1.2383379936218262,
      "full_bins": 720,
      "generation_workspace_bytes": 2949120,
      "interpretation": "Both banks, bounded q caches, chunk fit/density copies, retained validation models and 512 MiB runtime reserve; source-derived, not measured RSS",
      "per_truth": {
        "gp": {
          "chunk_workspace_bytes": 7266304,
          "persistent_bytes": 622264320,
          "qcache_bound_bytes": 37748736,
          "qcache_limit": 128,
          "spectra": 36864
        },
        "stress": {
          "chunk_workspace_bytes": 7106560,
          "persistent_bytes": 142602240,
          "qcache_bound_bytes": 8650752,
          "qcache_limit": 128,
          "spectra": 8448
        }
      },
      "persistent_bytes": 764866560,
      "proposal_bytes": 1814400,
      "runtime_reserve_bytes": 536870912,
      "validation_retained_bytes": 15888000,
      "window_bins": 74
    },
    "exact_cached_cholesky": {
      "chunk_size": 128,
      "chunk_workspace_bytes": 70754304,
      "conservative_rank": 74,
      "estimated_peak_bytes": 3230803456,
      "estimated_peak_gib": 3.008920192718506,
      "full_bins": 720,
      "generation_workspace_bytes": 2949120,
      "interpretation": "Both banks, bounded q caches, chunk fit/density copies, retained validation models and 512 MiB runtime reserve; source-derived, not measured RSS",
      "per_truth": {
        "gp": {
          "chunk_workspace_bytes": 70754304,
          "persistent_bytes": 2085027840,
          "qcache_bound_bytes": 37748736,
          "qcache_limit": 128,
          "spectra": 36864
        },
        "stress": {
          "chunk_workspace_bytes": 70594560,
          "persistent_bytes": 477818880,
          "qcache_bound_bytes": 8650752,
          "qcache_limit": 128,
          "spectra": 8448
        }
      },
      "persistent_bytes": 2562846720,
      "proposal_bytes": 1814400,
      "runtime_reserve_bytes": 536870912,
      "validation_retained_bytes": 55568000,
      "window_bins": 74
    }
  },
  "scope_key": "individual_2016_full"
}

{
  "chunked_equivalence_passed": true,
  "elapsed_seconds": 89.14925225000002,
  "event": "point_completed",
  "mass_MeV": 98,
  "scope_key": "individual_2016_full"
}

{
  "calibration_spectra": 45312,
  "counts": {
    "gp": {
      "ntoys_per_proposal": 512,
      "proposal_count": 72
    },
    "stress": {
      "ntoys_per_proposal": 256,
      "proposal_count": 33
    }
  },
  "estimate_seconds": 97.27050706921253,
  "event": "planned_before_draws",
  "mass_MeV": 78,
  "max_memory_gib": 4.0,
  "memory_estimates": {
    "eigenfeature_rtol_1e-15": {
      "chunk_size": 128,
      "chunk_workspace_bytes": 6217728,
      "conservative_rank": 12,
      "estimated_peak_bytes": 1233759744,
      "estimated_peak_gib": 1.1490283012390137,
      "full_bins": 720,
      "generation_workspace_bytes": 2949120,
      "interpretation": "Both banks, bounded q caches, chunk fit/density copies, retained validation models and 512 MiB runtime reserve; source-derived, not measured RSS",
      "per_truth": {
        "gp": {
          "chunk_workspace_bytes": 6217728,
          "persistent_bytes": 546766848,
          "qcache_bound_bytes": 37748736,
          "qcache_limit": 128,
          "spectra": 36864
        },
        "stress": {
          "chunk_workspace_bytes": 6057984,
          "persistent_bytes": 125300736,
          "qcache_bound_bytes": 8650752,
          "qcache_limit": 128,
          "spectra": 8448
        }
      },
      "persistent_bytes": 672067584,
      "proposal_bytes": 1814400,
      "runtime_reserve_bytes": 536870912,
      "validation_retained_bytes": 13840000,
      "window_bins": 58
    },
    "exact_cached_cholesky": {
      "chunk_size": 128,
      "chunk_workspace_bytes": 44277760,
      "conservative_rank": 58,
      "estimated_peak_bytes": 2362560000,
      "estimated_peak_gib": 2.200305461883545,
      "full_bins": 720,
      "generation_workspace_bytes": 2949120,
      "interpretation": "Both banks, bounded q caches, chunk fit/density copies, retained validation models and 512 MiB runtime reserve; source-derived, not measured RSS",
      "per_truth": {
        "gp": {
          "chunk_workspace_bytes": 44277760,
          "persistent_bytes": 1414987776,
          "qcache_bound_bytes": 37748736,
          "qcache_limit": 128,
          "spectra": 36864
        },
        "stress": {
          "chunk_workspace_bytes": 44118016,
          "persistent_bytes": 324268032,
          "qcache_bound_bytes": 8650752,
          "qcache_limit": 128,
          "spectra": 8448
        }
      },
      "persistent_bytes": 1739255808,
      "proposal_bytes": 1814400,
      "runtime_reserve_bytes": 536870912,
      "validation_retained_bytes": 37392000,
      "window_bins": 58
    }
  },
  "scope_key": "individual_2016_full"
}

{
  "chunked_equivalence_passed": true,
  "elapsed_seconds": 69.02617541699999,
  "event": "point_completed",
  "mass_MeV": 78,
  "scope_key": "individual_2016_full"
}

{
  "calibration_spectra": 45312,
  "counts": {
    "gp": {
      "ntoys_per_proposal": 512,
      "proposal_count": 72
    },
    "stress": {
      "ntoys_per_proposal": 256,
      "proposal_count": 33
    }
  },
  "estimate_seconds": 342.214046044185,
  "event": "planned_before_draws",
  "mass_MeV": 172,
  "max_memory_gib": 4.0,
  "memory_estimates": {
    "eigenfeature_rtol_1e-15": {
      "chunk_size": 128,
      "chunk_workspace_bytes": 11198464,
      "conservative_rank": 12,
      "estimated_peak_bytes": 1689263616,
      "estimated_peak_gib": 1.573249340057373,
      "full_bins": 720,
      "generation_workspace_bytes": 2949120,
      "interpretation": "Both banks, bounded q caches, chunk fit/density copies, retained validation models and 512 MiB runtime reserve; source-derived, not measured RSS",
      "per_truth": {
        "gp": {
          "chunk_workspace_bytes": 11198464,
          "persistent_bytes": 905379840,
          "qcache_bound_bytes": 37748736,
          "qcache_limit": 128,
          "spectra": 36864
        },
        "stress": {
          "chunk_workspace_bytes": 11038720,
          "persistent_bytes": 207482880,
          "qcache_bound_bytes": 8650752,
          "qcache_limit": 128,
          "spectra": 8448
        }
      },
      "persistent_bytes": 1112862720,
      "proposal_bytes": 1814400,
      "runtime_reserve_bytes": 536870912,
      "validation_retained_bytes": 23568000,
      "window_bins": 134
    },
    "exact_cached_cholesky": {
      "chunk_size": 128,
      "chunk_workspace_bytes": 226074624,
      "conservative_rank": 134,
      "estimated_peak_bytes": 8232211456,
      "estimated_peak_gib": 7.666844367980957,
      "full_bins": 720,
      "generation_workspace_bytes": 2949120,
      "interpretation": "Both banks, bounded q caches, chunk fit/density copies, retained validation models and 512 MiB runtime reserve; source-derived, not measured RSS",
      "per_truth": {
        "gp": {
          "chunk_workspace_bytes": 226074624,
          "persistent_bytes": 5942476800,
          "qcache_bound_bytes": 37748736,
          "qcache_limit": 128,
          "spectra": 36864
        },
        "stress": {
          "chunk_workspace_bytes": 225914880,
          "persistent_bytes": 1361817600,
          "qcache_bound_bytes": 8650752,
          "qcache_limit": 128,
          "spectra": 8448
        }
      },
      "persistent_bytes": 7304294400,
      "proposal_bytes": 1814400,
      "runtime_reserve_bytes": 536870912,
      "validation_retained_bytes": 160208000,
      "window_bins": 134
    }
  },
  "scope_key": "individual_2016_full"
}

{
  "chunked_equivalence_passed": true,
  "elapsed_seconds": 217.05923445899998,
  "event": "point_completed",
  "mass_MeV": 172,
  "scope_key": "individual_2016_full"
}

{
  "calibration_spectra": 48384,
  "counts": {
    "gp": {
      "ntoys_per_proposal": 256,
      "proposal_count": 33
    },
    "stress": {
      "ntoys_per_proposal": 512,
      "proposal_count": 78
    }
  },
  "estimate_seconds": 349.4747931830298,
  "event": "planned_before_draws",
  "mass_MeV": 169,
  "max_memory_gib": 4.0,
  "memory_estimates": {
    "eigenfeature_rtol_1e-15": {
      "chunk_size": 128,
      "chunk_workspace_bytes": 11091968,
      "conservative_rank": 12,
      "estimated_peak_bytes": 1752066816,
      "estimated_peak_gib": 1.6317393779754639,
      "full_bins": 720,
      "generation_workspace_bytes": 2949120,
      "interpretation": "Both banks, bounded q caches, chunk fit/density copies, retained validation models and 512 MiB runtime reserve; source-derived, not measured RSS",
      "per_truth": {
        "gp": {
          "chunk_workspace_bytes": 10907648,
          "persistent_bytes": 205320192,
          "qcache_bound_bytes": 8650752,
          "qcache_limit": 128,
          "spectra": 8448
        },
        "stress": {
          "chunk_workspace_bytes": 11091968,
          "persistent_bytes": 970604544,
          "qcache_bound_bytes": 40894464,
          "qcache_limit": 128,
          "spectra": 39936
        }
      },
      "persistent_bytes": 1175924736,
      "proposal_bytes": 1918080,
      "runtime_reserve_bytes": 536870912,
      "validation_retained_bytes": 23312000,
      "window_bins": 132
    },
    "exact_cached_cholesky": {
      "chunk_size": 128,
      "chunk_workspace_bytes": 219496448,
      "conservative_rank": 132,
      "estimated_peak_bytes": 8502863616,
      "estimated_peak_gib": 7.9189088344573975,
      "full_bins": 720,
      "generation_workspace_bytes": 2949120,
      "interpretation": "Both banks, bounded q caches, chunk fit/density copies, retained validation models and 512 MiB runtime reserve; source-derived, not measured RSS",
      "per_truth": {
        "gp": {
          "chunk_workspace_bytes": 219312128,
          "persistent_bytes": 1324511232,
          "qcache_bound_bytes": 8650752,
          "qcache_limit": 128,
          "spectra": 8448
        },
        "stress": {
          "chunk_workspace_bytes": 219496448,
          "persistent_bytes": 6261325824,
          "qcache_bound_bytes": 40894464,
          "qcache_limit": 128,
          "spectra": 39936
        }
      },
      "persistent_bytes": 7585837056,
      "proposal_bytes": 1918080,
      "runtime_reserve_bytes": 536870912,
      "validation_retained_bytes": 155792000,
      "window_bins": 132
    }
  },
  "scope_key": "individual_2016_full"
}

{
  "chunked_equivalence_passed": true,
  "elapsed_seconds": 232.87001675,
  "event": "point_completed",
  "mass_MeV": 169,
  "scope_key": "individual_2016_full"
}

{
  "calibration_spectra": 48384,
  "counts": {
    "gp": {
      "ntoys_per_proposal": 256,
      "proposal_count": 33
    },
    "stress": {
      "ntoys_per_proposal": 512,
      "proposal_count": 78
    }
  },
  "estimate_seconds": 241.512893742271,
  "event": "planned_before_draws",
  "mass_MeV": 117,
  "max_memory_gib": 4.0,
  "memory_estimates": {
    "eigenfeature_rtol_1e-15": {
      "chunk_size": 128,
      "chunk_workspace_bytes": 8339456,
      "conservative_rank": 12,
      "estimated_peak_bytes": 1483825920,
      "estimated_peak_gib": 1.381920576095581,
      "full_bins": 720,
      "generation_workspace_bytes": 2949120,
      "interpretation": "Both banks, bounded q caches, chunk fit/density copies, retained validation models and 512 MiB runtime reserve; source-derived, not measured RSS",
      "per_truth": {
        "gp": {
          "chunk_workspace_bytes": 8155136,
          "persistent_bytes": 159903744,
          "qcache_bound_bytes": 8650752,
          "qcache_limit": 128,
          "spectra": 8448
        },
        "stress": {
          "chunk_workspace_bytes": 8339456,
          "persistent_bytes": 755908608,
          "qcache_bound_bytes": 40894464,
          "qcache_limit": 128,
          "spectra": 39936
        }
      },
      "persistent_bytes": 915812352,
      "proposal_bytes": 1918080,
      "runtime_reserve_bytes": 536870912,
      "validation_retained_bytes": 17936000,
      "window_bins": 90
    },
    "exact_cached_cholesky": {
      "chunk_size": 128,
      "chunk_workspace_bytes": 103546880,
      "conservative_rank": 90,
      "estimated_peak_bytes": 4537332480,
      "estimated_peak_gib": 4.225720167160034,
      "full_bins": 720,
      "generation_workspace_bytes": 2949120,
      "interpretation": "Both banks, bounded q caches, chunk fit/density copies, retained validation models and 512 MiB runtime reserve; source-derived, not measured RSS",
      "per_truth": {
        "gp": {
          "chunk_workspace_bytes": 103362560,
          "persistent_bytes": 665972736,
          "qcache_bound_bytes": 8650752,
          "qcache_limit": 128,
          "spectra": 8448
        },
        "stress": {
          "chunk_workspace_bytes": 103546880,
          "persistent_bytes": 3148234752,
          "qcache_bound_bytes": 40894464,
          "qcache_limit": 128,
          "spectra": 39936
        }
      },
      "persistent_bytes": 3814207488,
      "proposal_bytes": 1918080,
      "runtime_reserve_bytes": 536870912,
      "validation_retained_bytes": 77840000,
      "window_bins": 90
    }
  },
  "scope_key": "individual_2016_full"
}

{
  "chunked_equivalence_passed": true,
  "elapsed_seconds": 112.54833533400006,
  "event": "point_completed",
  "mass_MeV": 117,
  "scope_key": "individual_2016_full"
}

