{
  "dataset": "2021 10%",
  "centers_MeV": [
    50,
    55,
    60,
    65,
    70,
    75,
    78,
    80,
    85,
    90,
    95,
    100,
    105,
    110,
    115,
    120,
    125,
    130,
    135,
    140,
    145,
    150,
    155,
    160,
    165,
    170,
    175,
    180,
    185,
    190,
    195,
    200,
    205,
    210,
    215,
    220,
    225,
    230,
    235,
    240,
    245,
    250
  ],
  "n_centers": 42,
  "regular_spacing_MeV": 5,
  "supplemental_reference_center_MeV": 78,
  "N_toys": 256,
  "N_side_range": [
    275,
    312
  ],
  "observed_range": [
    0.839924181558577,
    0.9587688015232562
  ],
  "median_range": [
    0.9436204400503256,
    0.9572091854536562
  ],
  "lower_tail_range": [
    0.0703125,
    0.55859375
  ],
  "outside_pointwise90_centers": [],
  "minimum_observed_center_MeV": 190,
  "maximum_observed_center_MeV": 235,
  "center78": {
    "center_MeV": 78,
    "N_side_bins": 304,
    "sigma_MeV": 2.2634635,
    "blind_lower_MeV": 72.907207125,
    "blind_upper_MeV": 83.092792875,
    "N_training_bins": 406,
    "kernel_constant": 53.14361027548899,
    "kernel_length_scale": 0.2832626874596624,
    "observed_D_side": 259.0756313741367,
    "observed_D_per_bin": 0.8522224716254497,
    "toy_mean": 0.9626489333483005,
    "toy_q05": 0.8446786631248379,
    "toy_median": 0.9552108355075903,
    "toy_q95": 1.1041195664748125,
    "upper_exceedances": 237,
    "upper_tail_k_over_N": 0.92578125,
    "upper_tail_addone": 0.9260700389105059,
    "upper_cp95_low": 0.8865230711884693,
    "upper_cp95_high": 0.9547262489463787,
    "lower_exceedances": 19,
    "lower_tail_k_over_N": 0.07421875,
    "lower_tail_addone": 0.07782101167315175,
    "lower_cp95_low": 0.045273751053621344,
    "lower_cp95_high": 0.11347692881153072,
    "outside_pointwise_90": false
  },
  "total_replay_seconds": 55.836410130999965,
  "tail_intervals": "Clopper-Pearson 95%, finite toy-count uncertainty only",
  "inference_scope": "Pointwise conditional comparisons only; not simultaneous/global calibration."
}
