{
  "dataset": "2021",
  "dataset_label": "2021 10%",
  "scope": "finite 1 MeV grid; common archived stress truth; frozen kernels",
  "masses_MeV": [
    50,
    51,
    52,
    53,
    54,
    55,
    56,
    57,
    58,
    59,
    60,
    61,
    62,
    63,
    64,
    65,
    66,
    67,
    68,
    69,
    70,
    71,
    72,
    73,
    74,
    75,
    76,
    77,
    78,
    79,
    80,
    81,
    82,
    83,
    84,
    85,
    86,
    87,
    88,
    89,
    90,
    91,
    92,
    93,
    94,
    95,
    96,
    97,
    98,
    99,
    100,
    101,
    102,
    103,
    104,
    105,
    106,
    107,
    108,
    109,
    110,
    111,
    112,
    113,
    114,
    115,
    116,
    117,
    118,
    119,
    120,
    121,
    122,
    123,
    124,
    125,
    126,
    127,
    128,
    129,
    130,
    131,
    132,
    133,
    134,
    135,
    136,
    137,
    138,
    139,
    140,
    141,
    142,
    143,
    144,
    145,
    146,
    147,
    148,
    149,
    150,
    151,
    152,
    153,
    154,
    155,
    156,
    157,
    158,
    159,
    160,
    161,
    162,
    163,
    164,
    165,
    166,
    167,
    168,
    169,
    170,
    171,
    172,
    173,
    174,
    175,
    176,
    177,
    178,
    179,
    180,
    181,
    182,
    183,
    184,
    185,
    186,
    187,
    188,
    189,
    190,
    191,
    192,
    193,
    194,
    195,
    196,
    197,
    198,
    199,
    200,
    201,
    202,
    203,
    204,
    205,
    206,
    207,
    208,
    209,
    210,
    211,
    212,
    213,
    214,
    215,
    216,
    217,
    218,
    219,
    220,
    221,
    222,
    223,
    224,
    225,
    226,
    227,
    228,
    229,
    230,
    231,
    232,
    233,
    234,
    235,
    236,
    237,
    238,
    239,
    240,
    241,
    242,
    243,
    244,
    245,
    246,
    247,
    248,
    249,
    250
  ],
  "gp_samples": 200000,
  "methods": {
    "profiled": {
      "peak_mass_MeV": 92,
      "observed_raw_r": 1.221703142245884,
      "observed_standardized_r": 3.4521875785770346,
      "local_asymptotic_p": 0.11090995379355634,
      "local_common_truth_p": 0.0002780305061757964,
      "global_gp": {
        "k": 5038,
        "n": 200000,
        "p": 0.02519,
        "interval95": [
          0.024507624604289777,
          0.0258861840139315
        ],
        "upper95_one_sided": 0.025773962395266234
      },
      "global_direct": {
        "k": 26,
        "n": 1000,
        "p": 0.026,
        "interval95": [
          0.01705278634562942,
          0.037865122478921445
        ],
        "upper95_one_sided": 0.03589434150359929
      },
      "raw_ordering": {
        "peak_mass_MeV": 78,
        "raw_r": 2.8086449518656287,
        "global_gp": {
          "k": 156972,
          "n": 200000,
          "p": 0.78486,
          "interval95": [
            0.7830524774795458,
            0.7866592626805804
          ],
          "upper95_one_sided": 0.7863708082797611
        },
        "global_direct": {
          "k": 778,
          "n": 1000,
          "p": 0.778,
          "interval95": [
            0.7509430816188933,
            0.8034090737361164
          ],
          "upper95_one_sided": 0.799490180497645
        }
      },
      "asimov_offset_range": [
        -2.38542613690326,
        2.594383335729573
      ],
      "response_sd_range": [
        0.946527588174721,
        0.9875604329599464
      ],
      "valid_z_mean_range": [
        -0.0789359058903639,
        0.08664712961699915
      ],
      "valid_z_sd_range": [
        0.9574872963919344,
        1.0642098004302587
      ],
      "marginal_normality_holm_flags": 0,
      "correlation_rms_difference": 0.02976814123764092,
      "min_cov_eigenvalue": 0.00016764968838913158,
      "adjacent_corr_range": [
        0.7228525807499211,
        0.9841659187042224
      ],
      "coarse_2MeV_global_at_fine_peak": [
        {
          "k": 4004,
          "n": 200000,
          "p": 0.02002,
          "interval95": [
            0.019410597593744954,
            0.020643369316645472
          ],
          "upper95_one_sided": 0.020542846269873762
        },
        {
          "k": 4039,
          "n": 200000,
          "p": 0.020195,
          "interval95": [
            0.019582972929054563,
            0.02082098857121266
          ],
          "upper95_one_sided": 0.02072004469489434
        }
      ],
      "minimum_local_p_maximum_distribution_KS": {
        "statistic": 0.024930000000000008,
        "pvalue": 0.5578653843339292,
        "test": "two-sample, marginal over complete scan maxima; four comparisons across extension datasets/methods per ordering"
      },
      "maximum_raw_root_maximum_distribution_KS": {
        "statistic": 0.024275000000000047,
        "pvalue": 0.5920665481533951,
        "test": "two-sample, marginal over complete scan maxima; four comparisons across extension datasets/methods per ordering"
      },
      "gp_global_inside_direct_interval95": true
    },
    "fixed": {
      "peak_mass_MeV": 77,
      "observed_raw_r": 8.377565547109654,
      "observed_standardized_r": 4.637620590123886,
      "local_asymptotic_p": 2.7016837185244134e-17,
      "local_common_truth_p": 1.7622149331404797e-06,
      "global_gp": {
        "k": 41,
        "n": 200000,
        "p": 0.000205,
        "interval95": [
          0.00014711542986909094,
          0.0002780954820323582
        ],
        "upper95_one_sided": 0.0002659789894876697
      },
      "global_direct": {
        "k": 1,
        "n": 1000,
        "p": 0.001,
        "interval95": [
          2.531748749129404e-05,
          0.005558924279826672
        ],
        "upper95_one_sided": 0.004734993575499777
      },
      "raw_ordering": {
        "peak_mass_MeV": 77,
        "raw_r": 8.377565547109654,
        "global_gp": {
          "k": 176909,
          "n": 200000,
          "p": 0.884545,
          "interval95": [
            0.8831363712197905,
            0.8859424726088063
          ],
          "upper95_one_sided": 0.88571875983872
        },
        "global_direct": {
          "k": 877,
          "n": 1000,
          "p": 0.877,
          "interval95": [
            0.8550277613264317,
            0.8967230903585822
          ],
          "upper95_one_sided": 0.8937441386500182
        }
      },
      "asimov_offset_range": [
        -5.962520798843434,
        11.847882930533324
      ],
      "response_sd_range": [
        1.692190521346589,
        3.962286813181329
      ],
      "valid_z_mean_range": [
        -0.09254858762167628,
        0.0827896466084748
      ],
      "valid_z_sd_range": [
        0.9427249172098595,
        1.0567851645205222
      ],
      "marginal_normality_holm_flags": 0,
      "correlation_rms_difference": 0.028335589131108254,
      "min_cov_eigenvalue": 0.0035545346389685845,
      "adjacent_corr_range": [
        0.45209265124818976,
        0.9533560067550444
      ],
      "coarse_2MeV_global_at_fine_peak": [
        {
          "k": 25,
          "n": 200000,
          "p": 0.000125,
          "interval95": [
            8.089499104399185e-05,
            0.00018451916655096365
          ],
          "upper95_one_sided": 0.0001745760729118607
        },
        {
          "k": 31,
          "n": 200000,
          "p": 0.000155,
          "interval95": [
            0.00010531733302658456,
            0.00022000297596507228
          ],
          "upper95_one_sided": 0.00020918248399338208
        }
      ],
      "minimum_local_p_maximum_distribution_KS": {
        "statistic": 0.02792,
        "pvalue": 0.41243756123332187,
        "test": "two-sample, marginal over complete scan maxima; four comparisons across extension datasets/methods per ordering"
      },
      "maximum_raw_root_maximum_distribution_KS": {
        "statistic": 0.016475000000000017,
        "pvalue": 0.9458035016584005,
        "test": "two-sample, marginal over complete scan maxima; four comparisons across extension datasets/methods per ordering"
      },
      "gp_global_inside_direct_interval95": true
    }
  },
  "acceleration_audit_passed": true,
  "seconds": 5.6954875000000005,
  "input_sha256": {
    "global_fast/2021/asimov/scan_vectors.npz": "ca758e251ee55cb96f77647fbb7966e046cd6d57f9fbce9de6c2e9037eef54cc",
    "global_fast/2021/validation1000/scan_vectors.npz": "e152f26b7257505fd7f01f758379eff4bab51d0be58998a865acdc98a3f48844",
    "global_fast/2021/pilot10/summary.json": "a1f0575bf33c85ab3307dd1db673f9c0503020007af4138ad9dac9721fb01887",
    "global_fast/2021/acceleration_validation.json": "97fb22fe5d58e69bfe3b12038c2f17c19f90afb403c8f442f57fc671a8c0d539",
    "verify_acceleration.py": "cc8402ea5083d8c27a92a437152d27c03164026489026155ed7dd8962b4dd272",
    "analyze_global.py": "f12a4a3d083ea2701f93439e0e831b5c7b61c91ab14293531ee0afe3472b310a",
    "PROTOCOL.md": "0e195e17484711ed1136edee4b483299c6d110a7408ce85ceeb41276e44b40a4"
  },
  "parent_observed_sha256": "c6916a15307820f648fee76149055bf46405dcfcfe6c5f86f30d50b4a84f3fce",
  "ensemble_contracts_and_all_point_checks_verified": true
}
