note: using only cached resource files
note: Running TeX ...
warning: sections/01_introduction:66: Underfull \hbox (badness 1527) in paragraph at lines 66--66
note: Running BibTeX on main.aux ...
note: Rerunning TeX because bibtex was run ...
warning: sections/01_introduction:66: Underfull \hbox (badness 1527) in paragraph at lines 66--66
note: Rerunning TeX because "main.out" changed ...
warning: sections/01_introduction:66: Underfull \hbox (badness 1527) in paragraph at lines 66--66
warning: internal consistency problem when checking if main.bbl changed
note: Rerunning TeX because "main.bbl" changed ...
warning: sections/01_introduction:66: Underfull \hbox (badness 1527) in paragraph at lines 66--66
warning: internal consistency problem when checking if main.bbl changed
note: Rerunning TeX because "main.bbl" changed ...
warning: sections/01_introduction:66: Underfull \hbox (badness 1527) in paragraph at lines 66--66
warning: internal consistency problem when checking if main.bbl changed
note: Rerunning TeX because "main.bbl" changed ...
warning: sections/01_introduction:66: Underfull \hbox (badness 1527) in paragraph at lines 66--66
warning: internal consistency problem when checking if main.bbl changed
note: Rerunning TeX because "main.bbl" changed ...
warning: sections/01_introduction:66: Underfull \hbox (badness 1527) in paragraph at lines 66--66
warning: internal consistency problem when checking if main.bbl changed
warning: TeX rerun seems needed, but stopping at 6 passes
warning: warnings were issued by the TeX engine; use --print and/or --keep-logs for details.
note: Running xdvipdfmx ...
note: Writing `main.log` (49.92 KiB)
note: Writing `main.pdf` (13.41 MiB)
note: Writing `main.blg` (202 B)
note: Skipped writing 5 intermediate files (use --keep-intermediates to keep them)
