{
  "passed": true,
  "pages": 5,
  "pdf_sha256": "df4005b47319bcd7f9eb8ffba72a378e7b479fcafd7e1e689e3941e37b9b3d67",
  "semantic_peak_values_verified": true,
  "forbidden_term_absent": true,
  "no_overfull_boxes": true,
  "pages_checked": [
    {
      "page": 1,
      "characters": 2761,
      "all_text_inside_page": true
    },
    {
      "page": 2,
      "characters": 3412,
      "all_text_inside_page": true
    },
    {
      "page": 3,
      "characters": 2081,
      "all_text_inside_page": true
    },
    {
      "page": 4,
      "characters": 1561,
      "all_text_inside_page": true
    },
    {
      "page": 5,
      "characters": 3819,
      "all_text_inside_page": true
    }
  ],
  "rendered_pages": [
    "qa/rendered/page-1.png",
    "qa/rendered/page-2.png",
    "qa/rendered/page-3.png",
    "qa/rendered/page-4.png",
    "qa/rendered/page-5.png"
  ],
  "visual_review": "Pending manual inspection of the rendered pages"
}
